<html>
<body>
<pre>
<h1>礦ision Build Log</h1>
<h2>Tool Versions:</h2>
IDE-Version: μVision V5.28.0.0
Copyright (C) 2019 ARM Ltd and ARM Germany GmbH. All rights reserved.
License Information: yu ygh2048009576@outlook.com, 1, LIC=32B1Q-NS1H5-BSSYX-HJ42P-1LV28-RDCFK
 
Tool Versions:
Toolchain:       MDK-ARM Plus  Version: 5.28.0.0
Toolchain Path:  D:\workapp\keil_v5\ARM\ARMCC\Bin
C Compiler:      Armcc.exe V5.06 update 6 (build 750)
Assembler:       Armasm.exe V5.06 update 6 (build 750)
Linker/Locator:  ArmLink.exe V5.06 update 6 (build 750)
Library Manager: ArmAr.exe V5.06 update 6 (build 750)
Hex Converter:   FromElf.exe V5.06 update 6 (build 750)
CPU DLL:         SARMCM3.DLL V5.28.0.0
Dialog DLL:      DCM.DLL V1.17.3.0
Target DLL:      STLink\ST-LINKIII-KEIL_SWO.dll V3.0.6.0
Dialog DLL:      TCM.DLL V1.36.2.0
 
<h2>Project:</h2>
E:\毕设\工程文件\F4_w5500程序_例程\1.DHCP\Project\RVMDK（uv5）\BH-F407.uvprojx
Project File Date:  09/22/2025

<h2>Output:</h2>
*** Using Compiler 'V5.06 update 6 (build 750)', folder: 'D:\workapp\keil_v5\ARM\ARMCC\Bin'
Rebuild target 'W5500_dhcp'
assembling startup_stm32f40xx.s...
compiling stm32f4xx_cryp_tdes.c...
compiling misc.c...
compiling stm32f4xx_adc.c...
compiling stm32f4xx_crc.c...
compiling stm32f4xx_cryp.c...
compiling stm32f4xx_cryp_des.c...
compiling stm32f4xx_dcmi.c...
compiling stm32f4xx_dac.c...
compiling stm32f4xx_cryp_aes.c...
compiling stm32f4xx_can.c...
compiling stm32f4xx_cec.c...
compiling stm32f4xx_dbgmcu.c...
compiling system_stm32f4xx.c...
compiling stm32f4xx_dma.c...
compiling stm32f4xx_exti.c...
compiling stm32f4xx_flash.c...
compiling stm32f4xx_flash_ramfunc.c...
compiling stm32f4xx_fmpi2c.c...
compiling stm32f4xx_gpio.c...
compiling stm32f4xx_fsmc.c...
compiling stm32f4xx_hash.c...
compiling stm32f4xx_hash_md5.c...
compiling stm32f4xx_qspi.c...
compiling stm32f4xx_hash_sha1.c...
compiling stm32f4xx_iwdg.c...
compiling stm32f4xx_i2c.c...
compiling stm32f4xx_pwr.c...
compiling stm32f4xx_rcc.c...
compiling stm32f4xx_rng.c...
compiling stm32f4xx_sai.c...
compiling stm32f4xx_rtc.c...
compiling stm32f4xx_spi.c...
compiling stm32f4xx_spdifrx.c...
compiling stm32f4xx_sdio.c...
compiling stm32f4xx_syscfg.c...
compiling stm32f4xx_usart.c...
compiling stm32f4xx_wwdg.c...
compiling stm32f4xx_tim.c...
compiling stm32f4xx_it.c...
compiling main.c...
..\..\User\Ethernet\W5500\W5500_conf.h(60): warning:  #47-D: incompatible redefinition of macro "ON"  (declared at line 29 of "..\..\User\./led/bsp_led.h")
  #define ON	                 		1
..\..\User\Ethernet\W5500\W5500_conf.h(61): warning:  #47-D: incompatible redefinition of macro "OFF"  (declared at line 30 of "..\..\User\./led/bsp_led.h")
  #define OFF	                 		0
..\..\User\main.c: 2 warnings, 0 errors
compiling bsp_debug_usart.c...
compiling bsp_led.c...
compiling bsp_i2c_ee.c...
compiling bsp_TiMbase.c...
compiling bsp_i2c_gpio.c...
compiling socket.c...
compiling utility.c...
compiling w5500.c...
compiling w5500_conf.c...
compiling dhcp.c...
..\..\User\./led/bsp_led.h(29): warning:  #47-D: incompatible redefinition of macro "ON"  (declared at line 60 of "..\..\User\Ethernet\W5500\w5500_conf.h")
  #define ON  0
..\..\User\./led/bsp_led.h(30): warning:  #47-D: incompatible redefinition of macro "OFF"  (declared at line 61 of "..\..\User\Ethernet\W5500\w5500_conf.h")
  #define OFF 1
..\..\User\Ethernet\Internet\dhcp.c: 2 warnings, 0 errors
linking...
Program Size: Code=11936 RO-data=424 RW-data=136 ZI-data=2152  
FromELF: creating hex file...
"..\..\Output\Template.axf" - 0 Error(s), 4 Warning(s).

<h2>Software Packages used:</h2>

Package Vendor: Keil
                http://www.keil.com/pack/Keil.STM32F4xx_DFP.2.7.0.pack
                Keil.STM32F4xx_DFP.2.7.0
                STMicroelectronics STM32F4 Series Device Support, Drivers and Examples

<h2>Collection of Component include folders:</h2>
  .\RTE\_W5500_dhcp
  D:\package\keil_v5\Keil\STM32F4xx_DFP\2.7.0\Drivers\CMSIS\Device\ST\STM32F4xx\Include

<h2>Collection of Component Files used:</h2>
Build Time Elapsed:  00:00:04
</pre>
</body>
</html>
