Component: ARM Compiler 5.06 update 6 (build 750) Tool: armlink [4d35ed]

==============================================================================

Section Cross References

    main.o(.text) refers to os_cpu_a.o(.text) for OS_CPU_SR_Save
    main.o(.text) refers to os_task.o(.text) for OSTaskCreate
    main.o(.text) refers to delay.o(.text) for delay_init
    main.o(.text) refers to led.o(.text) for LED_Init
    main.o(.text) refers to wiz_platform.o(.text) for debug_usart_init
    main.o(.text) refers to os_core.o(.text) for OSInit
    main.o(.text) refers to task_tcp.o(.bss) for TCP_TASK_STK
    main.o(.text) refers to task_tcp.o(.text) for tcp_task
    main.o(.text) refers to main.o(.bss) for START_TASK_STK
    system_stm32f4xx.o(.text) refers to system_stm32f4xx.o(.data) for SystemCoreClock
    task_tcp.o(.text) refers to _printf_percent.o(.ARM.Collect$$_printf_percent$$00000000) for _printf_percent
    task_tcp.o(.text) refers to _printf_u.o(.ARM.Collect$$_printf_percent$$0000000A) for _printf_u
    task_tcp.o(.text) refers to _printf_dec.o(.text) for _printf_int_dec
    task_tcp.o(.text) refers to _printf_d.o(.ARM.Collect$$_printf_percent$$00000009) for _printf_d
    task_tcp.o(.text) refers to _printf_s.o(.ARM.Collect$$_printf_percent$$00000014) for _printf_s
    task_tcp.o(.text) refers to _printf_str.o(.text) for _printf_str
    task_tcp.o(.text) refers to noretval__2printf.o(.text) for __2printf
    task_tcp.o(.text) refers to wiz_platform.o(.text) for wizchip_reset
    task_tcp.o(.text) refers to delay.o(.text) for delay_ms
    task_tcp.o(.text) refers to wiz_interface.o(.text) for wizchip_initialize
    task_tcp.o(.text) refers to spi.o(.text) for SPI2_SetSpeed
    task_tcp.o(.text) refers to modtcpbsp.o(.text) for tcp_srv_single_init
    task_tcp.o(.text) refers to mb.o(.text) for eMBTCPInit
    task_tcp.o(.text) refers to porttcp.o(.text) for vMBPortTCPPool
    task_tcp.o(.text) refers to os_time.o(.text) for OSTimeGet
    task_tcp.o(.text) refers to w5500.o(.text) for WIZCHIP_READ
    task_tcp.o(.text) refers to task_tcp.o(.data) for default_net_info
    task_tcp.o(.text) refers to task_tcp.o(.bss) for ethernet_buf
    led.o(.text) refers to stm32f4xx_rcc.o(.text) for RCC_AHB1PeriphClockCmd
    led.o(.text) refers to stm32f4xx_gpio.o(.text) for GPIO_Init
    timer.o(.text) refers to stm32f4xx_rcc.o(.text) for RCC_APB1PeriphClockCmd
    timer.o(.text) refers to stm32f4xx_tim.o(.text) for TIM_TimeBaseInit
    timer.o(.text) refers to misc.o(.text) for NVIC_Init
    spi.o(.text) refers to stm32f4xx_spi.o(.text) for SPI_I2S_GetFlagStatus
    spi.o(.text) refers to stm32f4xx_rcc.o(.text) for RCC_AHB1PeriphClockCmd
    spi.o(.text) refers to stm32f4xx_gpio.o(.text) for GPIO_Init
    lcd.o(.text) refers to _printf_percent.o(.ARM.Collect$$_printf_percent$$00000000) for _printf_percent
    lcd.o(.text) refers to _printf_x.o(.ARM.Collect$$_printf_percent$$0000000C) for _printf_x
    lcd.o(.text) refers to _printf_hex_int.o(.text) for _printf_longlong_hex
    lcd.o(.text) refers to delay.o(.text) for delay_us
    lcd.o(.text) refers to lcd.o(.bss) for lcddev
    lcd.o(.text) refers to lcd.o(.data) for POINT_COLOR
    lcd.o(.text) refers to dflt_clz.o(x$fpl$dfltu) for __aeabi_ui2d
    lcd.o(.text) refers to dmul.o(x$fpl$dmul) for __aeabi_dmul
    lcd.o(.text) refers to dfixu.o(x$fpl$dfixu) for __aeabi_d2uiz
    lcd.o(.text) refers to stm32f4xx_rcc.o(.text) for RCC_AHB1PeriphClockCmd
    lcd.o(.text) refers to stm32f4xx_gpio.o(.text) for GPIO_Init
    lcd.o(.text) refers to stm32f4xx_fsmc.o(.text) for FSMC_NORSRAMInit
    lcd.o(.text) refers to noretval__2printf.o(.text) for __2printf
    lcd.o(.text) refers to lcd.o(.constdata) for asc2_1206
    delay.o(.text) refers to os_core.o(.text) for OSSchedLock
    delay.o(.text) refers to os_time.o(.text) for OSTimeDly
    delay.o(.text) refers to misc.o(.text) for SysTick_CLKSourceConfig
    delay.o(.text) refers to os_core.o(.data) for OSRunning
    delay.o(.text) refers to delay.o(.data) for fac_us
    usart.o(.rev16_text) refers (Special) to use_no_semi_2.o(.text) for __use_no_semihosting
    usart.o(.revsh_text) refers (Special) to use_no_semi_2.o(.text) for __use_no_semihosting
    usart.o(.text) refers (Special) to use_no_semi_2.o(.text) for __use_no_semihosting
    usart.o(.text) refers to stm32f4xx_rcc.o(.text) for RCC_AHB1PeriphClockCmd
    usart.o(.text) refers to stm32f4xx_gpio.o(.text) for GPIO_PinAFConfig
    usart.o(.text) refers to stm32f4xx_usart.o(.text) for USART_Init
    usart.o(.text) refers to misc.o(.text) for NVIC_Init
    usart.o(.text) refers to os_core.o(.text) for OSIntEnter
    usart.o(.text) refers to usart.o(.data) for USART_RX_STA
    usart.o(.text) refers to usart.o(.bss) for USART_RX_BUF
    usart.o(.bss) refers (Special) to use_no_semi_2.o(.text) for __use_no_semihosting
    usart.o(.data) refers (Special) to use_no_semi_2.o(.text) for __use_no_semihosting
[...]
    SVC_Handler                              0x08000317   Thumb Code     2  stm32f4xx_it.o(.text)
    DebugMon_Handler                         0x08000319   Thumb Code     2  stm32f4xx_it.o(.text)
    SystemInit                               0x080003f9   Thumb Code    88  system_stm32f4xx.o(.text)
    SystemCoreClockUpdate                    0x08000451   Thumb Code   174  system_stm32f4xx.o(.text)
    tcp_task                                 0x0800052d   Thumb Code   394  task_tcp.o(.text)
    led1_task                                0x080006b7   Thumb Code    34  task_tcp.o(.text)
    LED_Init                                 0x080008c1   Thumb Code    60  led.o(.text)
    TIM3_Int_Init                            0x08000901   Thumb Code    88  timer.o(.text)
    SPI1_ReadWriteByte                       0x0800095d   Thumb Code    50  spi.o(.text)
    SPI1_Init                                0x0800098f   Thumb Code   186  spi.o(.text)
    SPI1_SetSpeed                            0x08000a49   Thumb Code    36  spi.o(.text)
    SPI2_ReadWriteByte                       0x08000a6d   Thumb Code    50  spi.o(.text)
    SPI2_Init                                0x08000a9f   Thumb Code   198  spi.o(.text)
    SPI2_SetSpeed                            0x08000b65   Thumb Code    42  spi.o(.text)
    delay_osschedlock                        0x08000b9d   Thumb Code     8  delay.o(.text)
    delay_osschedunlock                      0x08000ba5   Thumb Code     8  delay.o(.text)
    delay_ostimedly                          0x08000bad   Thumb Code    12  delay.o(.text)
    SysTick_Handler                          0x08000bb9   Thumb Code    24  delay.o(.text)
    delay_init                               0x08000bd1   Thumb Code    76  delay.o(.text)
    delay_us                                 0x08000c1d   Thumb Code    84  delay.o(.text)
    delay_ms                                 0x08000c71   Thumb Code    66  delay.o(.text)
    _sys_exit                                0x08000cc5   Thumb Code     6  usart.o(.text)
    fputc                                    0x08000ccb   Thumb Code    22  usart.o(.text)
    uart_init                                0x08000ce1   Thumb Code   164  usart.o(.text)
    USART1_IRQHandler                        0x08000d85   Thumb Code   130  usart.o(.text)
    Reset_Handler                            0x08000e19   Thumb Code     8  startup_stm32f40_41xxx.o(.text)
    ADC_IRQHandler                           0x08000e33   Thumb Code     0  startup_stm32f40_41xxx.o(.text)
    CAN1_RX0_IRQHandler                      0x08000e33   Thumb Code     0  startup_stm32f40_41xxx.o(.text)
    CAN1_RX1_IRQHandler                      0x08000e33   Thumb Code     0  startup_stm32f40_41xxx.o(.text)
    CAN1_SCE_IRQHandler                      0x08000e33   Thumb Code     0  startup_stm32f40_41xxx.o(.text)
    CAN1_TX_IRQHandler                       0x08000e33   Thumb Code     0  startup_stm32f40_41xxx.o(.text)
    CAN2_RX0_IRQHandler                      0x08000e33   Thumb Code     0  startup_stm32f40_41xxx.o(.text)
    CAN2_RX1_IRQHandler                      0x08000e33   Thumb Code     0  startup_stm32f40_41xxx.o(.text)
    CAN2_SCE_IRQHandler                      0x08000e33   Thumb Code     0  startup_stm32f40_41xxx.o(.text)
    CAN2_TX_IRQHandler                       0x08000e33   Thumb Code     0  startup_stm32f40_41xxx.o(.text)
    CRYP_IRQHandler                          0x08000e33   Thumb Code     0  startup_stm32f40_41xxx.o(.text)
    DCMI_IRQHandler                          0x08000e33   Thumb Code     0  startup_stm32f40_41xxx.o(.text)
    DMA1_Stream0_IRQHandler                  0x08000e33   Thumb Code     0  startup_stm32f40_41xxx.o(.text)
    DMA1_Stream1_IRQHandler                  0x08000e33   Thumb Code     0  startup_stm32f40_41xxx.o(.text)
    DMA1_Stream2_IRQHandler                  0x08000e33   Thumb Code     0  startup_stm32f40_41xxx.o(.text)
    DMA1_Stream3_IRQHandler                  0x08000e33   Thumb Code     0  startup_stm32f40_41xxx.o(.text)
    DMA1_Stream4_IRQHandler                  0x08000e33   Thumb Code     0  startup_stm32f40_41xxx.o(.text)
    DMA1_Stream5_IRQHandler                  0x08000e33   Thumb Code     0  startup_stm32f40_41xxx.o(.text)
    DMA1_Stream6_IRQHandler                  0x08000e33   Thumb Code     0  startup_stm32f40_41xxx.o(.text)
    DMA1_Stream7_IRQHandler                  0x08000e33   Thumb Code     0  startup_stm32f40_41xxx.o(.text)
    DMA2_Stream0_IRQHandler                  0x08000e33   Thumb Code     0  startup_stm32f40_41xxx.o(.text)
    DMA2_Stream1_IRQHandler                  0x08000e33   Thumb Code     0  startup_stm32f40_41xxx.o(.text)
    DMA2_Stream2_IRQHandler                  0x08000e33   Thumb Code     0  startup_stm32f40_41xxx.o(.text)
    DMA2_Stream3_IRQHandler                  0x08000e33   Thumb Code     0  startup_stm32f40_41xxx.o(.text)
    DMA2_Stream4_IRQHandler                  0x08000e33   Thumb Code     0  startup_stm32f40_41xxx.o(.text)
    DMA2_Stream5_IRQHandler                  0x08000e33   Thumb Code     0  startup_stm32f40_41xxx.o(.text)
    DMA2_Stream6_IRQHandler                  0x08000e33   Thumb Code     0  startup_stm32f40_41xxx.o(.text)
    DMA2_Stream7_IRQHandler                  0x08000e33   Thumb Code     0  startup_stm32f40_41xxx.o(.text)
    ETH_IRQHandler                           0x08000e33   Thumb Code     0  startup_stm32f40_41xxx.o(.text)
    ETH_WKUP_IRQHandler                      0x08000e33   Thumb Code     0  startup_stm32f40_41xxx.o(.text)
    EXTI0_IRQHandler                         0x08000e33   Thumb Code     0  startup_stm32f40_41xxx.o(.text)
    EXTI15_10_IRQHandler                     0x08000e33   Thumb Code     0  startup_stm32f40_41xxx.o(.text)
    EXTI1_IRQHandler                         0x08000e33   Thumb Code     0  startup_stm32f40_41xxx.o(.text)
    EXTI2_IRQHandler                         0x08000e33   Thumb Code     0  startup_stm32f40_41xxx.o(.text)
    EXTI3_IRQHandler                         0x08000e33   Thumb Code     0  startup_stm32f40_41xxx.o(.text)
    EXTI4_IRQHandler                         0x08000e33   Thumb Code     0  startup_stm32f40_41xxx.o(.text)
    EXTI9_5_IRQHandler                       0x08000e33   Thumb Code     0  startup_stm32f40_41xxx.o(.text)
    FLASH_IRQHandler                         0x08000e33   Thumb Code     0  startup_stm32f40_41xxx.o(.text)
    FPU_IRQHandler                           0x08000e33   Thumb Code     0  startup_stm32f40_41xxx.o(.text)
    FSMC_IRQHandler                          0x08000e33   Thumb Code     0  startup_stm32f40_41xxx.o(.text)
    HASH_RNG_IRQHandler                      0x08000e33   Thumb Code     0  startup_stm32f40_41xxx.o(.text)
    I2C1_ER_IRQHandler                       0x08000e33   Thumb Code     0  startup_stm32f40_41xxx.o(.text)
    I2C1_EV_IRQHandler                       0x08000e33   Thumb Code     0  startup_stm32f40_41xxx.o(.text)
    I2C2_ER_IRQHandler                       0x08000e33   Thumb Code     0  startup_stm32f40_41xxx.o(.text)
    I2C2_EV_IRQHandler                       0x08000e33   Thumb Code     0  startup_stm32f40_41xxx.o(.text)
    I2C3_ER_IRQHandler                       0x08000e33   Thumb Code     0  startup_stm32f40_41xxx.o(.text)
    I2C3_EV_IRQHandler                       0x08000e33   Thumb Code     0  startup_stm32f40_41xxx.o(.text)
    OTG_FS_IRQHandler                        0x08000e33   Thumb Code     0  startup_stm32f40_41xxx.o(.text)
    OTG_FS_WKUP_IRQHandler                   0x08000e33   Thumb Code     0  startup_stm32f40_41xxx.o(.text)
    OTG_HS_EP1_IN_IRQHandler                 0x08000e33   Thumb Code     0  startup_stm32f40_41xxx.o(.text)
    OTG_HS_EP1_OUT_IRQHandler                0x08000e33   Thumb Code     0  startup_stm32f40_41xxx.o(.text)
    OTG_HS_IRQHandler                        0x08000e33   Thumb Code     0  startup_stm32f40_41xxx.o(.text)
    OTG_HS_WKUP_IRQHandler                   0x08000e33   Thumb Code     0  startup_stm32f40_41xxx.o(.text)
    PVD_IRQHandler                           0x08000e33   Thumb Code     0  startup_stm32f40_41xxx.o(.text)
    RCC_IRQHandler                           0x08000e33   Thumb Code     0  startup_stm32f40_41xxx.o(.text)
    RTC_Alarm_IRQHandler                     0x08000e33   Thumb Code     0  startup_stm32f40_41xxx.o(.text)
    RTC_WKUP_IRQHandler                      0x08000e33   Thumb Code     0  startup_stm32f40_41xxx.o(.text)
    SDIO_IRQHandler                          0x08000e33   Thumb Code     0  startup_stm32f40_41xxx.o(.text)
    SPI1_IRQHandler                          0x08000e33   Thumb Code     0  startup_stm32f40_41xxx.o(.text)
    SPI2_IRQHandler                          0x08000e33   Thumb Code     0  startup_stm32f40_41xxx.o(.text)
    SPI3_IRQHandler                          0x08000e33   Thumb Code     0  startup_stm32f40_41xxx.o(.text)
    TAMP_STAMP_IRQHandler                    0x08000e33   Thumb Code     0  startup_stm32f40_41xxx.o(.text)
    TIM1_BRK_TIM9_IRQHandler                 0x08000e33   Thumb Code     0  startup_stm32f40_41xxx.o(.text)
    TIM1_CC_IRQHandler                       0x08000e33   Thumb Code     0  startup_stm32f40_41xxx.o(.text)
    TIM1_TRG_COM_TIM11_IRQHandler            0x08000e33   Thumb Code     0  startup_stm32f40_41xxx.o(.text)
    TIM1_UP_TIM10_IRQHandler                 0x08000e33   Thumb Code     0  startup_stm32f40_41xxx.o(.text)
    TIM2_IRQHandler                          0x08000e33   Thumb Code     0  startup_stm32f40_41xxx.o(.text)
    TIM4_IRQHandler                          0x08000e33   Thumb Code     0  startup_stm32f40_41xxx.o(.text)
    TIM5_IRQHandler                          0x08000e33   Thumb Code     0  startup_stm32f40_41xxx.o(.text)
    TIM6_DAC_IRQHandler                      0x08000e33   Thumb Code     0  startup_stm32f40_41xxx.o(.text)
    TIM7_IRQHandler                          0x08000e33   Thumb Code     0  startup_stm32f40_41xxx.o(.text)
    TIM8_BRK_TIM12_IRQHandler                0x08000e33   Thumb Code     0  startup_stm32f40_41xxx.o(.text)
    TIM8_CC_IRQHandler                       0x08000e33   Thumb Code     0  startup_stm32f40_41xxx.o(.text)
    TIM8_TRG_COM_TIM14_IRQHandler            0x08000e33   Thumb Code     0  startup_stm32f40_41xxx.o(.text)
    TIM8_UP_TIM13_IRQHandler                 0x08000e33   Thumb Code     0  startup_stm32f40_41xxx.o(.text)
    UART4_IRQHandler                         0x08000e33   Thumb Code     0  startup_stm32f40_41xxx.o(.text)
    UART5_IRQHandler                         0x08000e33   Thumb Code     0  startup_stm32f40_41xxx.o(.text)
    USART2_IRQHandler                        0x08000e33   Thumb Code     0  startup_stm32f40_41xxx.o(.text)
    USART3_IRQHandler                        0x08000e33   Thumb Code     0  startup_stm32f40_41xxx.o(.text)
    USART6_IRQHandler                        0x08000e33   Thumb Code     0  startup_stm32f40_41xxx.o(.text)
    WWDG_IRQHandler                          0x08000e33   Thumb Code     0  startup_stm32f40_41xxx.o(.text)
    __user_initial_stackheap                 0x08000e35   Thumb Code     0  startup_stm32f40_41xxx.o(.text)
    NVIC_PriorityGroupConfig                 0x08000e59   Thumb Code    10  misc.o(.text)
    NVIC_Init                                0x08000e63   Thumb Code   106  misc.o(.text)
    NVIC_SetVectorTable                      0x08000ecd   Thumb Code    14  misc.o(.text)
    NVIC_SystemLPConfig                      0x08000edb   Thumb Code    34  misc.o(.text)
    SysTick_CLKSourceConfig                  0x08000efd   Thumb Code    40  misc.o(.text)
    GPIO_DeInit                              0x08000f39   Thumb Code   268  stm32f4xx_gpio.o(.text)
    GPIO_Init                                0x08001045   Thumb Code   144  stm32f4xx_gpio.o(.text)
    GPIO_StructInit                          0x080010d5   Thumb Code    18  stm32f4xx_gpio.o(.text)
    GPIO_PinLockConfig                       0x080010e7   Thumb Code    34  stm32f4xx_gpio.o(.text)
    GPIO_ReadInputDataBit                    0x08001109   Thumb Code    18  stm32f4xx_gpio.o(.text)
    GPIO_ReadInputData                       0x0800111b   Thumb Code     8  stm32f4xx_gpio.o(.text)
    GPIO_ReadOutputDataBit                   0x08001123   Thumb Code    18  stm32f4xx_gpio.o(.text)
    GPIO_ReadOutputData                      0x08001135   Thumb Code     8  stm32f4xx_gpio.o(.text)
    GPIO_SetBits                             0x0800113d   Thumb Code     4  stm32f4xx_gpio.o(.text)
    GPIO_ResetBits                           0x08001141   Thumb Code     4  stm32f4xx_gpio.o(.text)
    GPIO_WriteBit                            0x08001145   Thumb Code    10  stm32f4xx_gpio.o(.text)
    GPIO_Write                               0x0800114f   Thumb Code     4  stm32f4xx_gpio.o(.text)
    GPIO_ToggleBits                          0x08001153   Thumb Code     8  stm32f4xx_gpio.o(.text)
    GPIO_PinAFConfig                         0x0800115b   Thumb Code    70  stm32f4xx_gpio.o(.text)
    RCC_DeInit                               0x080011cd   Thumb Code    82  stm32f4xx_rcc.o(.text)
    RCC_HSEConfig                            0x0800121f   Thumb Code    14  stm32f4xx_rcc.o(.text)
    RCC_GetFlagStatus                        0x0800122d   Thumb Code    60  stm32f4xx_rcc.o(.text)
    RCC_WaitForHSEStartUp                    0x08001269   Thumb Code    56  stm32f4xx_rcc.o(.text)
    RCC_AdjustHSICalibrationValue            0x080012a1   Thumb Code    20  stm32f4xx_rcc.o(.text)
    RCC_HSICmd                               0x080012b5   Thumb Code     6  stm32f4xx_rcc.o(.text)
    RCC_LSEConfig                            0x080012bb   Thumb Code    46  stm32f4xx_rcc.o(.text)
    RCC_LSICmd                               0x080012e9   Thumb Code     6  stm32f4xx_rcc.o(.text)
    RCC_PLLConfig                            0x080012ef   Thumb Code    32  stm32f4xx_rcc.o(.text)
    RCC_PLLCmd                               0x0800130f   Thumb Code     6  stm32f4xx_rcc.o(.text)
    RCC_PLLI2SConfig                         0x08001315   Thumb Code    14  stm32f4xx_rcc.o(.text)
    RCC_PLLI2SCmd                            0x08001323   Thumb Code     6  stm32f4xx_rcc.o(.text)
    RCC_PLLSAIConfig                         0x08001329   Thumb Code    20  stm32f4xx_rcc.o(.text)
    RCC_PLLSAICmd                            0x0800133d   Thumb Code     6  stm32f4xx_rcc.o(.text)
    RCC_ClockSecuritySystemCmd               0x08001343   Thumb Code     6  stm32f4xx_rcc.o(.text)
    RCC_MCO1Config                           0x08001349   Thumb Code    28  stm32f4xx_rcc.o(.text)
    RCC_MCO2Config                           0x08001365   Thumb Code    28  stm32f4xx_rcc.o(.text)
    RCC_SYSCLKConfig                         0x08001381   Thumb Code    20  stm32f4xx_rcc.o(.text)
    RCC_GetSYSCLKSource                      0x08001395   Thumb Code    12  stm32f4xx_rcc.o(.text)
    RCC_HCLKConfig                           0x080013a1   Thumb Code    20  stm32f4xx_rcc.o(.text)
    RCC_PCLK1Config                          0x080013b5   Thumb Code    20  stm32f4xx_rcc.o(.text)
    RCC_PCLK2Config                          0x080013c9   Thumb Code    22  stm32f4xx_rcc.o(.text)
    RCC_GetClocksFreq                        0x080013df   Thumb Code   222  stm32f4xx_rcc.o(.text)
    RCC_RTCCLKConfig                         0x080014bd   Thumb Code    54  stm32f4xx_rcc.o(.text)
    RCC_RTCCLKCmd                            0x080014f3   Thumb Code     8  stm32f4xx_rcc.o(.text)
    RCC_BackupResetCmd                       0x080014fb   Thumb Code     8  stm32f4xx_rcc.o(.text)
    RCC_I2SCLKConfig                         0x08001503   Thumb Code     6  stm32f4xx_rcc.o(.text)
    RCC_SAIPLLI2SClkDivConfig                0x08001509   Thumb Code    26  stm32f4xx_rcc.o(.text)
    RCC_SAIPLLSAIClkDivConfig                0x08001523   Thumb Code    28  stm32f4xx_rcc.o(.text)
    RCC_SAIBlockACLKConfig                   0x0800153f   Thumb Code    20  stm32f4xx_rcc.o(.text)
    RCC_SAIBlockBCLKConfig                   0x08001553   Thumb Code    20  stm32f4xx_rcc.o(.text)
    RCC_LTDCCLKDivConfig                     0x08001567   Thumb Code    20  stm32f4xx_rcc.o(.text)
    RCC_TIMCLKPresConfig                     0x0800157b   Thumb Code     6  stm32f4xx_rcc.o(.text)
    RCC_AHB1PeriphClockCmd                   0x08001581   Thumb Code    34  stm32f4xx_rcc.o(.text)
    RCC_AHB2PeriphClockCmd                   0x080015a3   Thumb Code    78  stm32f4xx_rcc.o(.text)
    RCC_AHB3PeriphClockCmd                   0x080015f1   Thumb Code    34  stm32f4xx_rcc.o(.text)
    RCC_APB1PeriphClockCmd                   0x08001613   Thumb Code    34  stm32f4xx_rcc.o(.text)
    RCC_APB2PeriphClockCmd                   0x08001635   Thumb Code    34  stm32f4xx_rcc.o(.text)
    RCC_AHB1PeriphResetCmd                   0x08001657   Thumb Code    34  stm32f4xx_rcc.o(.text)
    RCC_AHB2PeriphResetCmd                   0x08001679   Thumb Code    34  stm32f4xx_rcc.o(.text)
    RCC_AHB3PeriphResetCmd                   0x0800169b   Thumb Code    34  stm32f4xx_rcc.o(.text)
    RCC_APB1PeriphResetCmd                   0x080016bd   Thumb Code    34  stm32f4xx_rcc.o(.text)
    RCC_APB2PeriphResetCmd                   0x080016df   Thumb Code    34  stm32f4xx_rcc.o(.text)
    RCC_AHB1PeriphClockLPModeCmd             0x08001701   Thumb Code    34  stm32f4xx_rcc.o(.text)
    RCC_AHB2PeriphClockLPModeCmd             0x08001723   Thumb Code    34  stm32f4xx_rcc.o(.text)
    RCC_AHB3PeriphClockLPModeCmd             0x08001745   Thumb Code    34  stm32f4xx_rcc.o(.text)
    RCC_APB1PeriphClockLPModeCmd             0x08001767   Thumb Code    34  stm32f4xx_rcc.o(.text)
    RCC_APB2PeriphClockLPModeCmd             0x08001789   Thumb Code    34  stm32f4xx_rcc.o(.text)
    RCC_LSEModeConfig                        0x080017ab   Thumb Code    40  stm32f4xx_rcc.o(.text)
    RCC_ITConfig                             0x080017d3   Thumb Code    34  stm32f4xx_rcc.o(.text)
    RCC_ClearFlag                            0x080017f5   Thumb Code    18  stm32f4xx_rcc.o(.text)
    RCC_GetITStatus                          0x08001807   Thumb Code    22  stm32f4xx_rcc.o(.text)
    RCC_ClearITPendingBit                    0x0800181d   Thumb Code     8  stm32f4xx_rcc.o(.text)
    USART_DeInit                             0x08001829   Thumb Code   206  stm32f4xx_usart.o(.text)
    USART_Init                               0x080018f7   Thumb Code   204  stm32f4xx_usart.o(.text)
    USART_StructInit                         0x080019c3   Thumb Code    24  stm32f4xx_usart.o(.text)
    USART_ClockInit                          0x080019db   Thumb Code    32  stm32f4xx_usart.o(.text)
    USART_ClockStructInit                    0x080019fb   Thumb Code    12  stm32f4xx_usart.o(.text)
    USART_Cmd                                0x08001a07   Thumb Code    24  stm32f4xx_usart.o(.text)
    USART_SetPrescaler                       0x08001a1f   Thumb Code    16  stm32f4xx_usart.o(.text)
    USART_OverSampling8Cmd                   0x08001a2f   Thumb Code    22  stm32f4xx_usart.o(.text)
    USART_OneBitMethodCmd                    0x08001a45   Thumb Code    24  stm32f4xx_usart.o(.text)
    USART_SendData                           0x08001a5d   Thumb Code     8  stm32f4xx_usart.o(.text)
    USART_ReceiveData                        0x08001a65   Thumb Code    10  stm32f4xx_usart.o(.text)
    USART_SetAddress                         0x08001a6f   Thumb Code    18  stm32f4xx_usart.o(.text)
    USART_ReceiverWakeUpCmd                  0x08001a81   Thumb Code    24  stm32f4xx_usart.o(.text)
    USART_WakeUpConfig                       0x08001a99   Thumb Code    18  stm32f4xx_usart.o(.text)
    USART_LINBreakDetectLengthConfig         0x08001aab   Thumb Code    18  stm32f4xx_usart.o(.text)
    USART_LINCmd                             0x08001abd   Thumb Code    24  stm32f4xx_usart.o(.text)
    USART_SendBreak                          0x08001ad5   Thumb Code    10  stm32f4xx_usart.o(.text)
    USART_HalfDuplexCmd                      0x08001adf   Thumb Code    24  stm32f4xx_usart.o(.text)
    USART_SetGuardTime                       0x08001af7   Thumb Code    16  stm32f4xx_usart.o(.text)
    USART_SmartCardCmd                       0x08001b07   Thumb Code    24  stm32f4xx_usart.o(.text)
    USART_SmartCardNACKCmd                   0x08001b1f   Thumb Code    24  stm32f4xx_usart.o(.text)
    USART_IrDAConfig                         0x08001b37   Thumb Code    18  stm32f4xx_usart.o(.text)
    USART_IrDACmd                            0x08001b49   Thumb Code    24  stm32f4xx_usart.o(.text)
    USART_DMACmd                             0x08001b61   Thumb Code    18  stm32f4xx_usart.o(.text)
    USART_ITConfig                           0x08001b73   Thumb Code    74  stm32f4xx_usart.o(.text)
    USART_GetFlagStatus                      0x08001bbd   Thumb Code    26  stm32f4xx_usart.o(.text)
    USART_ClearFlag                          0x08001bd7   Thumb Code    18  stm32f4xx_usart.o(.text)
    USART_GetITStatus                        0x08001be9   Thumb Code   118  stm32f4xx_usart.o(.text)
    USART_ClearITPendingBit                  0x08001c5f   Thumb Code    30  stm32f4xx_usart.o(.text)
    SPI_I2S_DeInit                           0x08001c7d   Thumb Code   152  stm32f4xx_spi.o(.text)
    SPI_Init                                 0x08001d15   Thumb Code    60  stm32f4xx_spi.o(.text)
    I2S_Init                                 0x08001d51   Thumb Code   396  stm32f4xx_spi.o(.text)
    SPI_StructInit                           0x08001edd   Thumb Code    24  stm32f4xx_spi.o(.text)
    I2S_StructInit                           0x08001ef5   Thumb Code    20  stm32f4xx_spi.o(.text)
    SPI_Cmd                                  0x08001f09   Thumb Code    24  stm32f4xx_spi.o(.text)
    I2S_Cmd                                  0x08001f21   Thumb Code    24  stm32f4xx_spi.o(.text)
    SPI_DataSizeConfig                       0x08001f39   Thumb Code    18  stm32f4xx_spi.o(.text)
    SPI_BiDirectionalLineConfig              0x08001f4b   Thumb Code    28  stm32f4xx_spi.o(.text)
    SPI_NSSInternalSoftwareConfig            0x08001f67   Thumb Code    30  stm32f4xx_spi.o(.text)
    SPI_SSOutputCmd                          0x08001f85   Thumb Code    24  stm32f4xx_spi.o(.text)
    SPI_TIModeCmd                            0x08001f9d   Thumb Code    24  stm32f4xx_spi.o(.text)
    I2S_FullDuplexConfig                     0x08001fb5   Thumb Code    80  stm32f4xx_spi.o(.text)
    SPI_I2S_ReceiveData                      0x08002005   Thumb Code     6  stm32f4xx_spi.o(.text)
    SPI_I2S_SendData                         0x0800200b   Thumb Code     4  stm32f4xx_spi.o(.text)
    SPI_CalculateCRC                         0x0800200f   Thumb Code    24  stm32f4xx_spi.o(.text)
    SPI_TransmitCRC                          0x08002027   Thumb Code    10  stm32f4xx_spi.o(.text)
    SPI_GetCRC                               0x08002031   Thumb Code    16  stm32f4xx_spi.o(.text)
    SPI_GetCRCPolynomial                     0x08002041   Thumb Code     6  stm32f4xx_spi.o(.text)
    SPI_I2S_DMACmd                           0x08002047   Thumb Code    18  stm32f4xx_spi.o(.text)
    SPI_I2S_ITConfig                         0x08002059   Thumb Code    68  stm32f4xx_spi.o(.text)
    SPI_I2S_GetFlagStatus                    0x0800209d   Thumb Code    18  stm32f4xx_spi.o(.text)
    SPI_I2S_ClearFlag                        0x080020af   Thumb Code     6  stm32f4xx_spi.o(.text)
    SPI_I2S_GetITStatus                      0x080020b5   Thumb Code    52  stm32f4xx_spi.o(.text)
    SPI_I2S_ClearITPendingBit                0x080020e9   Thumb Code    20  stm32f4xx_spi.o(.text)
    TIM_DeInit                               0x080020fd   Thumb Code   346  stm32f4xx_tim.o(.text)
    TIM_TimeBaseInit                         0x08002257   Thumb Code   104  stm32f4xx_tim.o(.text)
    TIM_TimeBaseStructInit                   0x080022bf   Thumb Code    18  stm32f4xx_tim.o(.text)
    TIM_PrescalerConfig                      0x080022d1   Thumb Code     6  stm32f4xx_tim.o(.text)
    TIM_CounterModeConfig                    0x080022d7   Thumb Code    18  stm32f4xx_tim.o(.text)
    TIM_SetCounter                           0x080022e9   Thumb Code     4  stm32f4xx_tim.o(.text)
    TIM_SetAutoreload                        0x080022ed   Thumb Code     4  stm32f4xx_tim.o(.text)
    TIM_GetCounter                           0x080022f1   Thumb Code     6  stm32f4xx_tim.o(.text)
    TIM_GetPrescaler                         0x080022f7   Thumb Code     6  stm32f4xx_tim.o(.text)
    TIM_UpdateDisableConfig                  0x080022fd   Thumb Code    24  stm32f4xx_tim.o(.text)
    TIM_UpdateRequestConfig                  0x08002315   Thumb Code    24  stm32f4xx_tim.o(.text)
    TIM_ARRPreloadConfig                     0x0800232d   Thumb Code    24  stm32f4xx_tim.o(.text)
    TIM_SelectOnePulseMode                   0x08002345   Thumb Code    18  stm32f4xx_tim.o(.text)
    TIM_SetClockDivision                     0x08002357   Thumb Code    18  stm32f4xx_tim.o(.text)
    TIM_Cmd                                  0x08002369   Thumb Code    24  stm32f4xx_tim.o(.text)
    TIM_OC1Init                              0x08002381   Thumb Code   114  stm32f4xx_tim.o(.text)
    TIM_OC2Init                              0x080023f3   Thumb Code   154  stm32f4xx_tim.o(.text)
    TIM_OC3Init                              0x0800248d   Thumb Code   204  stm32f4xx_tim.o(.text)
    TIM_OC4Init                              0x08002559   Thumb Code   112  stm32f4xx_tim.o(.text)
    TIM_OCStructInit                         0x080025c9   Thumb Code    20  stm32f4xx_tim.o(.text)
    TIM_SelectOCxM                           0x080025dd   Thumb Code    86  stm32f4xx_tim.o(.text)
    TIM_SetCompare1                          0x08002633   Thumb Code     4  stm32f4xx_tim.o(.text)
    TIM_SetCompare2                          0x08002637   Thumb Code     4  stm32f4xx_tim.o(.text)
    TIM_SetCompare3                          0x0800263b   Thumb Code     4  stm32f4xx_tim.o(.text)
    TIM_SetCompare4                          0x0800263f   Thumb Code     4  stm32f4xx_tim.o(.text)
    TIM_ForcedOC1Config                      0x08002643   Thumb Code    18  stm32f4xx_tim.o(.text)
    TIM_ForcedOC2Config                      0x08002655   Thumb Code    26  stm32f4xx_tim.o(.text)
    TIM_ForcedOC3Config                      0x0800266f   Thumb Code    18  stm32f4xx_tim.o(.text)
    TIM_ForcedOC4Config                      0x08002681   Thumb Code    26  stm32f4xx_tim.o(.text)
    TIM_OC1PreloadConfig                     0x0800269b   Thumb Code    18  stm32f4xx_tim.o(.text)
    TIM_OC2PreloadConfig                     0x080026ad   Thumb Code    26  stm32f4xx_tim.o(.text)
    TIM_OC3PreloadConfig                     0x080026c7   Thumb Code    18  stm32f4xx_tim.o(.text)
    TIM_OC4PreloadConfig                     0x080026d9   Thumb Code    26  stm32f4xx_tim.o(.text)
    TIM_OC1FastConfig                        0x080026f3   Thumb Code    18  stm32f4xx_tim.o(.text)
    TIM_OC2FastConfig                        0x08002705   Thumb Code    26  stm32f4xx_tim.o(.text)
    TIM_OC3FastConfig                        0x0800271f   Thumb Code    18  stm32f4xx_tim.o(.text)
    TIM_OC4FastConfig                        0x08002731   Thumb Code    26  stm32f4xx_tim.o(.text)
    TIM_ClearOC1Ref                          0x0800274b   Thumb Code    18  stm32f4xx_tim.o(.text)
    TIM_ClearOC2Ref                          0x0800275d   Thumb Code    24  stm32f4xx_tim.o(.text)
    TIM_ClearOC3Ref                          0x08002775   Thumb Code    18  stm32f4xx_tim.o(.text)
    TIM_ClearOC4Ref                          0x08002787   Thumb Code    24  stm32f4xx_tim.o(.text)
    TIM_OC1PolarityConfig                    0x0800279f   Thumb Code    18  stm32f4xx_tim.o(.text)
    TIM_OC1NPolarityConfig                   0x080027b1   Thumb Code    18  stm32f4xx_tim.o(.text)
    TIM_OC2PolarityConfig                    0x080027c3   Thumb Code    26  stm32f4xx_tim.o(.text)
    TIM_OC2NPolarityConfig                   0x080027dd   Thumb Code    26  stm32f4xx_tim.o(.text)
    TIM_OC3PolarityConfig                    0x080027f7   Thumb Code    26  stm32f4xx_tim.o(.text)
    TIM_OC3NPolarityConfig                   0x08002811   Thumb Code    26  stm32f4xx_tim.o(.text)
    TIM_OC4PolarityConfig                    0x0800282b   Thumb Code    26  stm32f4xx_tim.o(.text)
    TIM_CCxCmd                               0x08002845   Thumb Code    30  stm32f4xx_tim.o(.text)
    TIM_CCxNCmd                              0x08002863   Thumb Code    30  stm32f4xx_tim.o(.text)
    TIM_SetIC4Prescaler                      0x08002881   Thumb Code    26  stm32f4xx_tim.o(.text)
    TIM_SetIC3Prescaler                      0x080028eb   Thumb Code    18  stm32f4xx_tim.o(.text)
    TIM_SetIC2Prescaler                      0x08002945   Thumb Code    26  stm32f4xx_tim.o(.text)
    TIM_SetIC1Prescaler                      0x080029b9   Thumb Code    18  stm32f4xx_tim.o(.text)
    TIM_ICInit                               0x08002a05   Thumb Code   110  stm32f4xx_tim.o(.text)
    TIM_ICStructInit                         0x08002a73   Thumb Code    18  stm32f4xx_tim.o(.text)
    TIM_PWMIConfig                           0x08002a85   Thumb Code   124  stm32f4xx_tim.o(.text)
    TIM_GetCapture1                          0x08002b01   Thumb Code     6  stm32f4xx_tim.o(.text)
    TIM_GetCapture2                          0x08002b07   Thumb Code     6  stm32f4xx_tim.o(.text)
    TIM_GetCapture3                          0x08002b0d   Thumb Code     6  stm32f4xx_tim.o(.text)
    TIM_GetCapture4                          0x08002b13   Thumb Code     6  stm32f4xx_tim.o(.text)
    TIM_BDTRConfig                           0x08002b19   Thumb Code    32  stm32f4xx_tim.o(.text)
    TIM_BDTRStructInit                       0x08002b39   Thumb Code    18  stm32f4xx_tim.o(.text)
    TIM_CtrlPWMOutputs                       0x08002b4b   Thumb Code    30  stm32f4xx_tim.o(.text)
    TIM_SelectCOM                            0x08002b69   Thumb Code    24  stm32f4xx_tim.o(.text)
    TIM_CCPreloadControl                     0x08002b81   Thumb Code    24  stm32f4xx_tim.o(.text)
    TIM_ITConfig                             0x08002b99   Thumb Code    18  stm32f4xx_tim.o(.text)
    TIM_GenerateEvent                        0x08002bab   Thumb Code     4  stm32f4xx_tim.o(.text)
    TIM_GetFlagStatus                        0x08002baf   Thumb Code    18  stm32f4xx_tim.o(.text)
    TIM_ClearFlag                            0x08002bc1   Thumb Code     6  stm32f4xx_tim.o(.text)
    TIM_GetITStatus                          0x08002bc7   Thumb Code    34  stm32f4xx_tim.o(.text)
    TIM_ClearITPendingBit                    0x08002be9   Thumb Code     6  stm32f4xx_tim.o(.text)
    TIM_DMAConfig                            0x08002bef   Thumb Code    10  stm32f4xx_tim.o(.text)
    TIM_DMACmd                               0x08002bf9   Thumb Code    18  stm32f4xx_tim.o(.text)
    TIM_SelectCCDMA                          0x08002c0b   Thumb Code    24  stm32f4xx_tim.o(.text)
    TIM_InternalClockConfig                  0x08002c23   Thumb Code    12  stm32f4xx_tim.o(.text)
    TIM_SelectInputTrigger                   0x08002c2f   Thumb Code    18  stm32f4xx_tim.o(.text)
    TIM_ITRxExternalClockConfig              0x08002c41   Thumb Code    24  stm32f4xx_tim.o(.text)
    TIM_TIxExternalClockConfig               0x08002c59   Thumb Code    62  stm32f4xx_tim.o(.text)
    TIM_ETRConfig                            0x08002c97   Thumb Code    28  stm32f4xx_tim.o(.text)
    TIM_ETRClockMode1Config                  0x08002cb3   Thumb Code    54  stm32f4xx_tim.o(.text)
    TIM_ETRClockMode2Config                  0x08002ce9   Thumb Code    32  stm32f4xx_tim.o(.text)
    TIM_SelectOutputTrigger                  0x08002d09   Thumb Code    18  stm32f4xx_tim.o(.text)
    TIM_SelectSlaveMode                      0x08002d1b   Thumb Code    18  stm32f4xx_tim.o(.text)
    TIM_SelectMasterSlaveMode                0x08002d2d   Thumb Code    18  stm32f4xx_tim.o(.text)
    TIM_EncoderInterfaceConfig               0x08002d3f   Thumb Code    66  stm32f4xx_tim.o(.text)
    TIM_SelectHallSensor                     0x08002d81   Thumb Code    24  stm32f4xx_tim.o(.text)
    TIM_RemapConfig                          0x08002d99   Thumb Code     6  stm32f4xx_tim.o(.text)
    OS_TaskStatStkChk                        0x08002da1   Thumb Code    54  os_core.o(.text)
    OS_TaskStat                              0x08002dd7   Thumb Code   116  os_core.o(.text)
    OS_TaskIdle                              0x08002e7f   Thumb Code    34  os_core.o(.text)
    OS_MemClr                                0x08002ed5   Thumb Code    18  os_core.o(.text)
    OSInit                                   0x08002ff3   Thumb Code    44  os_core.o(.text)
    OSIntEnter                               0x0800301f   Thumb Code    28  os_core.o(.text)
    OSIntExit                                0x08003055   Thumb Code   112  os_core.o(.text)
    OSSchedLock                              0x080030c5   Thumb Code    50  os_core.o(.text)
    OS_Sched                                 0x080030f7   Thumb Code    88  os_core.o(.text)
    OSSchedUnlock                            0x0800314f   Thumb Code   238  os_core.o(.text)
    OSStart                                  0x0800323d   Thumb Code    48  os_core.o(.text)
    OSStatInit                               0x0800326d   Thumb Code    62  os_core.o(.text)
    OSTimeTick                               0x080032ab   Thumb Code   210  os_core.o(.text)
    OSVersion                                0x0800337d   Thumb Code     6  os_core.o(.text)
    OS_Dummy                                 0x08003383   Thumb Code     2  os_core.o(.text)
    OS_EventTaskRemove                       0x08003385   Thumb Code    42  os_core.o(.text)
    OS_EventTaskRdy                          0x080033af   Thumb Code   114  os_core.o(.text)
    OS_EventTaskWait                         0x08003421   Thumb Code   112  os_core.o(.text)
    OS_EventWaitListInit                     0x08003491   Thumb Code    28  os_core.o(.text)
    OS_MemCopy                               0x080034ad   Thumb Code    20  os_core.o(.text)
    OS_StrLen                                0x080034c1   Thumb Code    20  os_core.o(.text)
    OS_TCBInit                               0x080034d5   Thumb Code   280  os_core.o(.text)
    OSFlagAccept                             0x08003631   Thumb Code   252  os_flag.o(.text)
    OSFlagCreate                             0x0800372d   Thumb Code    86  os_flag.o(.text)
    OS_FlagUnlink                            0x08003783   Thumb Code    36  os_flag.o(.text)
    OSFlagDel                                0x080037f9   Thumb Code   214  os_flag.o(.text)
    OSFlagNameGet                            0x080038cf   Thumb Code    80  os_flag.o(.text)
    OSFlagNameSet                            0x0800391f   Thumb Code    66  os_flag.o(.text)
    OSFlagPend                               0x080039f9   Thumb Code   614  os_flag.o(.text)
    OSFlagPendGetFlagsRdy                    0x08003c5f   Thumb Code    26  os_flag.o(.text)
    OSFlagPost                               0x08003c79   Thumb Code   312  os_flag.o(.text)
    OSFlagQuery                              0x08003db1   Thumb Code    48  os_flag.o(.text)
    OS_FlagInit                              0x08003de1   Thumb Code    78  os_flag.o(.text)
    OSQAccept                                0x08003e3d   Thumb Code    88  os_q.o(.text)
    OSQCreate                                0x08003e95   Thumb Code   140  os_q.o(.text)
    OSQDel                                   0x08003f21   Thumb Code   236  os_q.o(.text)
    OSQFlush                                 0x0800400d   Thumb Code    36  os_q.o(.text)
    OSQPend                                  0x08004031   Thumb Code   272  os_q.o(.text)
    OSQPendAbort                             0x08004141   Thumb Code   128  os_q.o(.text)
    OSQPost                                  0x080041c1   Thumb Code   114  os_q.o(.text)
    OSQPostFront                             0x08004233   Thumb Code   136  os_q.o(.text)
    OSQPostOpt                               0x080042bb   Thumb Code   182  os_q.o(.text)
    OSQQuery                                 0x08004371   Thumb Code    98  os_q.o(.text)
    OS_QInit                                 0x080043d3   Thumb Code    72  os_q.o(.text)
    OSTaskChangePrio                         0x08004425   Thumb Code   308  os_task.o(.text)
    OSTaskCreate                             0x08004559   Thumb Code   148  os_task.o(.text)
    OS_TaskStkClr                            0x080045ed   Thumb Code    26  os_task.o(.text)
    OSTaskCreateExt                          0x08004607   Thumb Code   170  os_task.o(.text)
    OSTaskDel                                0x080046b1   Thumb Code   294  os_task.o(.text)
    OSTaskDelReq                             0x080047d7   Thumb Code   144  os_task.o(.text)
    OSTaskNameGet                            0x08004867   Thumb Code   114  os_task.o(.text)
    OSTaskNameSet                            0x080048d9   Thumb Code    98  os_task.o(.text)
    OSTaskResume                             0x0800493b   Thumb Code   154  os_task.o(.text)
    OSTaskStkChk                             0x080049d5   Thumb Code   132  os_task.o(.text)
    OSTaskSuspend                            0x08004a59   Thumb Code   152  os_task.o(.text)
    OSTaskQuery                              0x08004af1   Thumb Code    82  os_task.o(.text)
    OSTaskRegGet                             0x08004b43   Thumb Code    60  os_task.o(.text)
    OSTaskRegSet                             0x08004b7f   Thumb Code    62  os_task.o(.text)
    OS_TaskReturn                            0x08004bbd   Thumb Code    18  os_task.o(.text)
    OSTimeDly                                0x08004be9   Thumb Code   100  os_time.o(.text)
    OSTimeDlyHMSM                            0x08004c4d   Thumb Code    86  os_time.o(.text)
    OSTimeDlyResume                          0x08004ca3   Thumb Code   168  os_time.o(.text)
    OSTimeGet                                0x08004d4b   Thumb Code    24  os_time.o(.text)
    OSTimeSet                                0x08004d63   Thumb Code    24  os_time.o(.text)
    OSInitHookBegin                          0x08004d99   Thumb Code     2  os_cpu_c.o(.text)
    OSInitHookEnd                            0x08004d9b   Thumb Code     2  os_cpu_c.o(.text)
    OSTaskCreateHook                         0x08004d9d   Thumb Code     2  os_cpu_c.o(.text)
    OSTaskDelHook                            0x08004d9f   Thumb Code     2  os_cpu_c.o(.text)
    OSTaskIdleHook                           0x08004da1   Thumb Code     2  os_cpu_c.o(.text)
    OSTaskStatHook                           0x08004da3   Thumb Code     2  os_cpu_c.o(.text)
    OSTaskStkInit                            0x08004da5   Thumb Code   426  os_cpu_c.o(.text)
    OSTaskSwHook                             0x08004f4f   Thumb Code     2  os_cpu_c.o(.text)
    OSTCBInitHook                            0x08004f51   Thumb Code     2  os_cpu_c.o(.text)
    OSTimeTickHook                           0x08004f53   Thumb Code     2  os_cpu_c.o(.text)
    OSTaskReturnHook                         0x08004f55   Thumb Code     2  os_cpu_c.o(.text)
    OS_CPU_SR_Save                           0x08004f5d   Thumb Code     0  os_cpu_a.o(.text)
    OS_CPU_SR_Restore                        0x08004f65   Thumb Code     0  os_cpu_a.o(.text)
    OSStartHighRdy                           0x08004f6b   Thumb Code     0  os_cpu_a.o(.text)
    OSCtxSw                                  0x08004f8f   Thumb Code     0  os_cpu_a.o(.text)
    OSIntCtxSw                               0x08004f9d   Thumb Code     0  os_cpu_a.o(.text)
    PendSV_Handler                           0x08004fad   Thumb Code     0  os_cpu_a.o(.text)
    debug_usart_init                         0x08005025   Thumb Code    12  wiz_platform.o(.text)
    wiz_timer_init                           0x08005031   Thumb Code    14  wiz_platform.o(.text)
    wiz_spi_init                             0x0800503f   Thumb Code    72  wiz_platform.o(.text)
    wiz_rst_int_init                         0x08005087   Thumb Code    80  wiz_platform.o(.text)
    delay_s                                  0x080050d7   Thumb Code    24  wiz_platform.o(.text)
    wizchip_select                           0x080050ef   Thumb Code    12  wiz_platform.o(.text)
    wizchip_deselect                         0x080050fb   Thumb Code    12  wiz_platform.o(.text)
    wizchip_write_byte                       0x08005107   Thumb Code    12  wiz_platform.o(.text)
    wizchip_read_byte                        0x08005113   Thumb Code    10  wiz_platform.o(.text)
    wizchip_write_buff                       0x0800511d   Thumb Code    28  wiz_platform.o(.text)
    wizchip_read_buff                        0x08005139   Thumb Code    28  wiz_platform.o(.text)
    wizchip_reset                            0x08005155   Thumb Code    46  wiz_platform.o(.text)
    wizchip_spi_cb_reg                       0x08005183   Thumb Code    40  wiz_platform.o(.text)
    TIM3_IRQHandler                          0x080051ab   Thumb Code    54  wiz_platform.o(.text)
    wizchip_version_check                    0x080051ed   Thumb Code    70  wiz_interface.o(.text)
    wiz_print_phy_info                       0x08005233   Thumb Code    54  wiz_interface.o(.text)
    wiz_phy_link_check                       0x08005269   Thumb Code    56  wiz_interface.o(.text)
    wizchip_initialize                       0x080052a1   Thumb Code    20  wiz_interface.o(.text)
    print_network_information                0x080052b5   Thumb Code   190  wiz_interface.o(.text)
    network_init                             0x08005405   Thumb Code    46  wiz_interface.o(.text)
    close                                    0x080055ed   Thumb Code   142  socket.o(.text)
    socket                                   0x0800567b   Thumb Code   384  socket.o(.text)
    listen                                   0x080057fb   Thumb Code   158  socket.o(.text)
    connect                                  0x08005899   Thumb Code   342  socket.o(.text)
    disconnect                               0x080059ef   Thumb Code   202  socket.o(.text)
    send                                     0x08005ab9   Thumb Code   374  socket.o(.text)
    recv                                     0x08005c2f   Thumb Code   282  socket.o(.text)
    sendto                                   0x08005d49   Thumb Code   530  socket.o(.text)
    recvfrom                                 0x08005f5b   Thumb Code   768  socket.o(.text)
    ctlsocket                                0x0800625b   Thumb Code   308  socket.o(.text)
    setsockopt                               0x0800638f   Thumb Code   398  socket.o(.text)
    getsockopt                               0x0800651d   Thumb Code   408  socket.o(.text)
    wizchip_cris_enter                       0x080066b9   Thumb Code     2  wizchip_conf.o(.text)
    wizchip_cris_exit                        0x080066bb   Thumb Code     2  wizchip_conf.o(.text)
    wizchip_cs_select                        0x080066bd   Thumb Code     2  wizchip_conf.o(.text)
    wizchip_cs_deselect                      0x080066bf   Thumb Code     2  wizchip_conf.o(.text)
    wizchip_bus_readdata                     0x080066c1   Thumb Code     6  wizchip_conf.o(.text)
    wizchip_bus_writedata                    0x080066c7   Thumb Code     4  wizchip_conf.o(.text)
    wizchip_spi_readbyte                     0x080066cb   Thumb Code     4  wizchip_conf.o(.text)
    wizchip_spi_writebyte                    0x080066cf   Thumb Code     2  wizchip_conf.o(.text)
    wizchip_spi_readburst                    0x080066d1   Thumb Code     2  wizchip_conf.o(.text)
    wizchip_spi_writeburst                   0x080066d3   Thumb Code     2  wizchip_conf.o(.text)
    reg_wizchip_cris_cbfunc                  0x080066d5   Thumb Code    30  wizchip_conf.o(.text)
    reg_wizchip_cs_cbfunc                    0x080066f3   Thumb Code    30  wizchip_conf.o(.text)
    reg_wizchip_bus_cbfunc                   0x08006711   Thumb Code    44  wizchip_conf.o(.text)
    reg_wizchip_spi_cbfunc                   0x0800673d   Thumb Code    44  wizchip_conf.o(.text)
    reg_wizchip_spiburst_cbfunc              0x08006769   Thumb Code    42  wizchip_conf.o(.text)
    wizphy_getphylink                        0x08006793   Thumb Code    24  wizchip_conf.o(.text)
    wizphy_getphypmode                       0x080067ab   Thumb Code    30  wizchip_conf.o(.text)
    wizphy_reset                             0x080067c9   Thumb Code    52  wizchip_conf.o(.text)
    wizphy_setphypmode                       0x080067fd   Thumb Code   100  wizchip_conf.o(.text)
    wizphy_getphyconf                        0x08006861   Thumb Code   120  wizchip_conf.o(.text)
    wizphy_setphyconf                        0x080068d9   Thumb Code    88  wizchip_conf.o(.text)
    wizchip_getinterruptmask                 0x08006931   Thumb Code    40  wizchip_conf.o(.text)
    wizchip_setinterruptmask                 0x08006959   Thumb Code    30  wizchip_conf.o(.text)
    wizchip_getinterrupt                     0x08006977   Thumb Code    42  wizchip_conf.o(.text)
    wizchip_clrinterrupt                     0x080069a1   Thumb Code    60  wizchip_conf.o(.text)
    wizchip_sw_reset                         0x080069dd   Thumb Code   114  wizchip_conf.o(.text)
    wizchip_init                             0x08006a4f   Thumb Code   148  wizchip_conf.o(.text)
    ctlwizchip                               0x08006ae3   Thumb Code   282  wizchip_conf.o(.text)
    wizchip_gettimeout                       0x08006bfd   Thumb Code    40  wizchip_conf.o(.text)
    wizchip_settimeout                       0x08006c25   Thumb Code    38  wizchip_conf.o(.text)
    wizchip_getnetmode                       0x08006c4b   Thumb Code    10  wizchip_conf.o(.text)
    wizchip_setnetmode                       0x08006c55   Thumb Code    38  wizchip_conf.o(.text)
    wizchip_getnetinfo                       0x08006c7b   Thumb Code    82  wizchip_conf.o(.text)
    wizchip_setnetinfo                       0x08006ccd   Thumb Code    80  wizchip_conf.o(.text)
    ctlnetwork                               0x08006d1d   Thumb Code    80  wizchip_conf.o(.text)
    wizphy_getphystat                        0x08006d6d   Thumb Code    28  wizchip_conf.o(.text)
    WIZCHIP_READ                             0x08006d95   Thumb Code   112  w5500.o(.text)
    WIZCHIP_WRITE                            0x08006e05   Thumb Code   112  w5500.o(.text)
    WIZCHIP_READ_BUF                         0x08006e75   Thumb Code   136  w5500.o(.text)
    WIZCHIP_WRITE_BUF                        0x08006efd   Thumb Code   132  w5500.o(.text)
    getSn_TX_FSR                             0x08006f81   Thumb Code   108  w5500.o(.text)
    getSn_RX_RSR                             0x08006fed   Thumb Code   108  w5500.o(.text)
    wiz_send_data                            0x08007059   Thumb Code   132  w5500.o(.text)
    wiz_recv_data                            0x080070dd   Thumb Code   132  w5500.o(.text)
    wiz_recv_ignore                          0x08007161   Thumb Code   110  w5500.o(.text)
    default_ip_assign                        0x080071d1   Thumb Code    38  dhcp.o(.text)
    default_ip_update                        0x080071f7   Thumb Code    34  dhcp.o(.text)
    default_ip_conflict                      0x08007219   Thumb Code    30  dhcp.o(.text)
    reg_dhcp_cbfunc                          0x08007237   Thumb Code    46  dhcp.o(.text)
    makeDHCPMSG                              0x08007265   Thumb Code   386  dhcp.o(.text)
    NibbleToHex                              0x080073e7   Thumb Code    26  dhcp.o(.text)
    send_DHCP_DISCOVER                       0x08007401   Thumb Code   688  dhcp.o(.text)
    send_DHCP_REQUEST                        0x080076b1   Thumb Code  1000  dhcp.o(.text)
    send_DHCP_DECLINE                        0x08007a99   Thumb Code   492  dhcp.o(.text)
    parseDHCPMSG                             0x08007c85   Thumb Code   636  dhcp.o(.text)
    reset_DHCP_timeout                       0x08007f01   Thumb Code    20  dhcp.o(.text)
    check_DHCP_timeout                       0x08007f15   Thumb Code   154  dhcp.o(.text)
    check_DHCP_leasedIP                      0x08007faf   Thumb Code    88  dhcp.o(.text)
    DHCP_run                                 0x08008007   Thumb Code   424  dhcp.o(.text)
    DHCP_stop                                0x080081af   Thumb Code    18  dhcp.o(.text)
    DHCP_init                                0x080081c1   Thumb Code   294  dhcp.o(.text)
    DHCP_time_handler                        0x080082e7   Thumb Code    12  dhcp.o(.text)
    getIPfromDHCP                            0x080082f3   Thumb Code    26  dhcp.o(.text)
    getGWfromDHCP                            0x0800830d   Thumb Code    26  dhcp.o(.text)
    getSNfromDHCP                            0x08008327   Thumb Code    26  dhcp.o(.text)
    getDNSfromDHCP                           0x08008341   Thumb Code    26  dhcp.o(.text)
    getDHCPLeasetime                         0x0800835b   Thumb Code     6  dhcp.o(.text)
    tcp_srv_init                             0x080084a7   Thumb Code   158  modtcpbsp.o(.text)
    tcp_srv_close                            0x08008545   Thumb Code    96  modtcpbsp.o(.text)
    tcp_srv_close_all                        0x080085a5   Thumb Code    32  modtcpbsp.o(.text)
    tcp_srv_deinit                           0x080085c5   Thumb Code    18  modtcpbsp.o(.text)
    tcp_srv_poll                             0x080085d7   Thumb Code   932  modtcpbsp.o(.text)
    tcp_srv_peek                             0x0800897b   Thumb Code    78  modtcpbsp.o(.text)
    tcp_srv_read                             0x080089c9   Thumb Code   114  modtcpbsp.o(.text)
    tcp_srv_send                             0x08008a3b   Thumb Code   158  modtcpbsp.o(.text)
    tcp_srv_set_keepalive                    0x08008ad9   Thumb Code    44  modtcpbsp.o(.text)
    tcp_srv_link_state                       0x08008b05   Thumb Code    30  modtcpbsp.o(.text)
    tcp_srv_single_init                      0x08008b23   Thumb Code    12  modtcpbsp.o(.text)
    tcp_srv_single_deinit                    0x08008b2f   Thumb Code     8  modtcpbsp.o(.text)
    tcp_srv_single_set_keepalive             0x08008b37   Thumb Code    12  modtcpbsp.o(.text)
    tcp_srv_single_close                     0x08008b43   Thumb Code     8  modtcpbsp.o(.text)
    tcp_srv_single_is_connected              0x08008b4b   Thumb Code     8  modtcpbsp.o(.text)
    tcp_srv_single_get_client_sn             0x08008b53   Thumb Code     4  modtcpbsp.o(.text)
    tcp_srv_single_get_rx_buffer_usage       0x08008b57   Thumb Code     8  modtcpbsp.o(.text)
    tcp_srv_single_get_rx_buffer_size        0x08008b5f   Thumb Code     6  modtcpbsp.o(.text)
    tcp_srv_single_peek                      0x08008b65   Thumb Code    40  modtcpbsp.o(.text)
    tcp_srv_single_read                      0x08008b8d   Thumb Code    22  modtcpbsp.o(.text)
    tcp_srv_single_send                      0x08008ba3   Thumb Code    18  modtcpbsp.o(.text)
    eMBRegHoldingCB                          0x08008ca1   Thumb Code   116  mb_user_reg.o(.text)
    eMBRegInputCB                            0x08008d15   Thumb Code    68  mb_user_reg.o(.text)
    eMBRegCoilsCB                            0x08008d59   Thumb Code   274  mb_user_reg.o(.text)
    eMBRegDiscreteCB                         0x08008e6b   Thumb Code   130  mb_user_reg.o(.text)
    MBUSR_Init                               0x08008eed   Thumb Code     2  mb_user_reg.o(.text)
    MBUSR_SetHoldingIdx                      0x08008eef   Thumb Code    34  mb_user_reg.o(.text)
    MBUSR_GetHoldingIdx                      0x08008f11   Thumb Code    44  mb_user_reg.o(.text)
    MBUSR_SetHoldingByAddr                   0x08008f3d   Thumb Code    28  mb_user_reg.o(.text)
    MBUSR_GetHoldingByAddr                   0x08008f59   Thumb Code    28  mb_user_reg.o(.text)
    MBUSR_SetInputIdx                        0x08008f75   Thumb Code    34  mb_user_reg.o(.text)
    MBUSR_GetInputIdx                        0x08008f97   Thumb Code    44  mb_user_reg.o(.text)
    MBUSR_SetInputByAddr                     0x08008fc3   Thumb Code    28  mb_user_reg.o(.text)
    MBUSR_GetInputByAddr                     0x08008fdf   Thumb Code    28  mb_user_reg.o(.text)
    MBUSR_SetCoilIdx                         0x08008ffb   Thumb Code    92  mb_user_reg.o(.text)
    MBUSR_GetCoilIdx                         0x08009057   Thumb Code   114  mb_user_reg.o(.text)
    MBUSR_SetCoilByAddr                      0x080090c9   Thumb Code    28  mb_user_reg.o(.text)
    MBUSR_GetCoilByAddr                      0x080090e5   Thumb Code    28  mb_user_reg.o(.text)
    MBUSR_SetDiscreteIdx                     0x08009101   Thumb Code    92  mb_user_reg.o(.text)
    MBUSR_GetDiscreteIdx                     0x0800915d   Thumb Code    92  mb_user_reg.o(.text)
    MBUSR_SetDiscreteByAddr                  0x080091b9   Thumb Code    28  mb_user_reg.o(.text)
    MBUSR_GetDiscreteByAddr                  0x080091d5   Thumb Code    28  mb_user_reg.o(.text)
    eMBInit                                  0x080091f5   Thumb Code    72  mb.o(.text)
    eMBTCPInit                               0x0800923d   Thumb Code    86  mb.o(.text)
    eMBRegisterCB                            0x08009293   Thumb Code   138  mb.o(.text)
    eMBClose                                 0x0800931d   Thumb Code    32  mb.o(.text)
    eMBEnable                                0x0800933d   Thumb Code    32  mb.o(.text)
    eMBDisable                               0x0800935d   Thumb Code    42  mb.o(.text)
    eMBPoll                                  0x08009387   Thumb Code   258  mb.o(.text)
    eMBFuncReadCoils                         0x080094d1   Thumb Code   174  mbfunccoils.o(.text)
    eMBFuncWriteCoil                         0x0800957f   Thumb Code   112  mbfunccoils.o(.text)
    eMBFuncWriteMultipleCoils                0x080095ef   Thumb Code   144  mbfunccoils.o(.text)
    eMBFuncReadDiscreteInputs                0x0800967f   Thumb Code   172  mbfuncdisc.o(.text)
    eMBFuncWriteHoldingRegister              0x0800972b   Thumb Code    66  mbfuncholding.o(.text)
    eMBFuncWriteMultipleHoldingRegister      0x0800976d   Thumb Code   110  mbfuncholding.o(.text)
    eMBFuncReadHoldingRegister               0x080097db   Thumb Code   142  mbfuncholding.o(.text)
    eMBFuncReadWriteMultipleHoldingRegister  0x08009869   Thumb Code   212  mbfuncholding.o(.text)
    eMBFuncReadInputRegister                 0x0800993d   Thumb Code   140  mbfuncinput.o(.text)
    eMBSetSlaveID                            0x080099c9   Thumb Code   110  mbfuncother.o(.text)
    eMBFuncReportSlaveID                     0x08009a37   Thumb Code    30  mbfuncother.o(.text)
    xMBUtilSetBits                           0x08009a5d   Thumb Code    96  mbutils.o(.text)
    xMBUtilGetBits                           0x08009abd   Thumb Code    42  mbutils.o(.text)
    prveMBError2Exception                    0x08009ae7   Thumb Code    34  mbutils.o(.text)
    eMBTCPDoInit                             0x08009b09   Thumb Code    20  mbtcp.o(.text)
    eMBTCPStart                              0x08009b1d   Thumb Code     2  mbtcp.o(.text)
    eMBTCPStop                               0x08009b1f   Thumb Code     8  mbtcp.o(.text)
    eMBTCPReceive                            0x08009b27   Thumb Code    72  mbtcp.o(.text)
    eMBTCPSend                               0x08009b6f   Thumb Code    48  mbtcp.o(.text)
    xMBPortEventInit                         0x08009ba1   Thumb Code    10  portevent.o(.text)
    xMBPortEventPost                         0x08009bab   Thumb Code    16  portevent.o(.text)
    xMBPortEventGet                          0x08009bbb   Thumb Code    36  portevent.o(.text)
    xMBTCPPortInit                           0x08009e83   Thumb Code    60  porttcp.o(.text)
    vMBTCPPortClose                          0x08009ebf   Thumb Code    34  porttcp.o(.text)
    vMBTCPPortDisable                        0x08009ee1   Thumb Code    34  porttcp.o(.text)
    vMBPortTCPPool                           0x08009f03   Thumb Code    16  porttcp.o(.text)
    xMBTCPPortGetRequest                     0x08009f13   Thumb Code    40  porttcp.o(.text)
    xMBTCPPortSendResponse                   0x08009f3b   Thumb Code    40  porttcp.o(.text)
    EnterCriticalSection                     0x08009f63   Thumb Code     4  porttcp.o(.text)
    ExitCriticalSection                      0x08009f67   Thumb Code     4  porttcp.o(.text)
    xMBPortTCPPool                           0x08009f6b   Thumb Code     8  porttcp.o(.text)
    __use_no_semihosting                     0x0800a071   Thumb Code     2  use_no_semi_2.o(.text)
    __2printf                                0x0800a075   Thumb Code    20  noretval__2printf.o(.text)
    _printf_pre_padding                      0x0800a08d   Thumb Code    44  _printf_pad.o(.text)
    _printf_post_padding                     0x0800a0b9   Thumb Code    34  _printf_pad.o(.text)
    _printf_str                              0x0800a0db   Thumb Code    82  _printf_str.o(.text)
    _printf_int_dec                          0x0800a12d   Thumb Code   104  _printf_dec.o(.text)
    _printf_int_hex                          0x0800a1a5   Thumb Code    84  _printf_hex_int.o(.text)
    _printf_longlong_hex                     0x0800a1a5   Thumb Code     0  _printf_hex_int.o(.text)
    __printf                                 0x0800a1fd   Thumb Code   388  __printf_flags_ss_wp.o(.text)
    __aeabi_memcpy                           0x0800a385   Thumb Code     0  rt_memcpy_v6.o(.text)
    __rt_memcpy                              0x0800a385   Thumb Code   138  rt_memcpy_v6.o(.text)
    _memcpy_lastbytes                        0x0800a3eb   Thumb Code     0  rt_memcpy_v6.o(.text)
    __aeabi_memmove                          0x0800a40f   Thumb Code     0  rt_memmove_v6.o(.text)
    __rt_memmove                             0x0800a40f   Thumb Code   132  rt_memmove_v6.o(.text)
    __memmove_lastfew                        0x0800a46f   Thumb Code     0  rt_memmove_v6.o(.text)
    __use_two_region_memory                  0x0800a493   Thumb Code     2  heapauxi.o(.text)
    __rt_heap_escrow$2region                 0x0800a495   Thumb Code     2  heapauxi.o(.text)
    __rt_heap_expand$2region                 0x0800a497   Thumb Code     2  heapauxi.o(.text)
    __I$use$semihosting                      0x0800a499   Thumb Code     0  use_no_semi.o(.text)
    __use_no_semihosting_swi                 0x0800a499   Thumb Code     2  use_no_semi.o(.text)
    _printf_int_common                       0x0800a49b   Thumb Code   178  _printf_intcommon.o(.text)
    _printf_cs_common                        0x0800a54d   Thumb Code    20  _printf_char.o(.text)
    _printf_char                             0x0800a561   Thumb Code    16  _printf_char.o(.text)
    _printf_string                           0x0800a571   Thumb Code     8  _printf_char.o(.text)
    _printf_char_file                        0x0800a579   Thumb Code    32  _printf_char_file.o(.text)
    __aeabi_memcpy4                          0x0800a59d   Thumb Code     0  rt_memcpy_w.o(.text)
    __aeabi_memcpy8                          0x0800a59d   Thumb Code     0  rt_memcpy_w.o(.text)
    __rt_memcpy_w                            0x0800a59d   Thumb Code   100  rt_memcpy_w.o(.text)
    _memcpy_lastbytes_aligned                0x0800a5e5   Thumb Code     0  rt_memcpy_w.o(.text)
    __aeabi_memmove4                         0x0800a601   Thumb Code     0  rt_memmove_w.o(.text)
    __aeabi_memmove8                         0x0800a601   Thumb Code     0  rt_memmove_w.o(.text)
    __rt_memmove_w                           0x0800a601   Thumb Code   122  rt_memmove_w.o(.text)
    __memmove_aligned                        0x0800a627   Thumb Code     0  rt_memmove_w.o(.text)
    __memmove_lastfew_aligned                0x0800a65f   Thumb Code     0  rt_memmove_w.o(.text)
    _printf_char_common                      0x0800a687   Thumb Code    32  _printf_char_common.o(.text)
    ferror                                   0x0800a6ad   Thumb Code     8  ferror.o(.text)
    __user_setup_stackheap                   0x0800a6b5   Thumb Code    74  sys_stackheap_outer.o(.text)
    exit                                     0x0800a6ff   Thumb Code    18  exit.o(.text)
    __user_libspace                          0x0800a711   Thumb Code     8  libspace.o(.text)
    __user_perproc_libspace                  0x0800a711   Thumb Code     0  libspace.o(.text)
    __user_perthread_libspace                0x0800a711   Thumb Code     0  libspace.o(.text)
    _is_digit                                0x0800a719   Thumb Code    14  __printf_wp.o(i._is_digit)
    _fp_init                                 0x0800a727   Thumb Code    10  fpinit.o(x$fpl$fpinit)
    __fplib_config_fpu_vfp                   0x0800a72f   Thumb Code     0  fpinit.o(x$fpl$fpinit)
    __fplib_config_pureend_doubles           0x0800a72f   Thumb Code     0  fpinit.o(x$fpl$fpinit)
    OSUnMapTbl                               0x0800a730   Data         256  os_core.o(.constdata)
    Region$$Table$$Base                      0x0800a984   Number         0  anon$$obj.o(Region$$Table)
    Region$$Table$$Limit                     0x0800a9a4   Number         0  anon$$obj.o(Region$$Table)
    SystemCoreClock                          0x20000000   Data           4  system_stm32f4xx.o(.data)
    AHBPrescTable                            0x20000004   Data          16  system_stm32f4xx.o(.data)
    default_net_info                         0x20000014   Data          23  task_tcp.o(.data)
    local_port                               0x2000002c   Data           2  task_tcp.o(.data)
    __stdout                                 0x2000003c   Data           4  usart.o(.data)
    USART_RX_STA                             0x20000040   Data           2  usart.o(.data)
    OSCtxSwCtr                               0x20000054   Data           4  os_core.o(.data)
    OSEventFreeList                          0x20000058   Data           4  os_core.o(.data)
    OSFlagFreeList                           0x2000005c   Data           4  os_core.o(.data)
    OSCPUUsage                               0x20000060   Data           1  os_core.o(.data)
    OSIdleCtrMax                             0x20000064   Data           4  os_core.o(.data)
    OSIdleCtrRun                             0x20000068   Data           4  os_core.o(.data)
    OSStatRdy                                0x2000006c   Data           1  os_core.o(.data)
    OSIntNesting                             0x2000006d   Data           1  os_core.o(.data)
    OSLockNesting                            0x2000006e   Data           1  os_core.o(.data)
    OSPrioCur                                0x2000006f   Data           1  os_core.o(.data)
    OSPrioHighRdy                            0x20000070   Data           1  os_core.o(.data)
    OSRdyGrp                                 0x20000071   Data           1  os_core.o(.data)
    OSRdyTbl                                 0x20000072   Data           8  os_core.o(.data)
    OSRunning                                0x2000007a   Data           1  os_core.o(.data)
    OSTaskCtr                                0x2000007b   Data           1  os_core.o(.data)
    OSIdleCtr                                0x2000007c   Data           4  os_core.o(.data)
    OSTCBCur                                 0x20000080   Data           4  os_core.o(.data)
    OSTCBFreeList                            0x20000084   Data           4  os_core.o(.data)
    OSTCBHighRdy                             0x20000088   Data           4  os_core.o(.data)
    OSTCBList                                0x2000008c   Data           4  os_core.o(.data)
    OSTickStepState                          0x20000090   Data           1  os_core.o(.data)
    OSQFreeList                              0x20000094   Data           4  os_core.o(.data)
    OSTime                                   0x20000098   Data           4  os_core.o(.data)
    sock_pack_info                           0x200000a6   Data           8  socket.o(.data)
    WIZCHIP                                  0x200000b0   Data          44  wizchip_conf.o(.data)
    DHCP_SOCKET                              0x200000e4   Data           1  dhcp.o(.data)
    DHCP_SIP                                 0x200000e5   Data           4  dhcp.o(.data)
    DHCP_REAL_SIP                            0x200000e9   Data           4  dhcp.o(.data)
    OLD_allocated_ip                         0x200000ed   Data           4  dhcp.o(.data)
    DHCP_allocated_ip                        0x200000f1   Data           4  dhcp.o(.data)
    DHCP_allocated_gw                        0x200000f5   Data           4  dhcp.o(.data)
    DHCP_allocated_sn                        0x200000f9   Data           4  dhcp.o(.data)
    DHCP_allocated_dns                       0x200000fd   Data           4  dhcp.o(.data)
    dhcp_state                               0x20000101   Data           1  dhcp.o(.data)
    dhcp_retry_count                         0x20000102   Data           1  dhcp.o(.data)
    dhcp_lease_time                          0x20000104   Data           4  dhcp.o(.data)
    dhcp_tick_1s                             0x20000108   Data           4  dhcp.o(.data)
    dhcp_tick_next                           0x2000010c   Data           4  dhcp.o(.data)
    DHCP_XID                                 0x20000110   Data           4  dhcp.o(.data)
    pDHCPMSG                                 0x20000114   Data           4  dhcp.o(.data)
    HOST_NAME                                0x20000118   Data           8  dhcp.o(.data)
    DHCP_CHADDR                              0x20000120   Data           6  dhcp.o(.data)
    dhcp_ip_assign                           0x20000128   Data           4  dhcp.o(.data)
    dhcp_ip_update                           0x2000012c   Data           4  dhcp.o(.data)
    dhcp_ip_conflict                         0x20000130   Data           4  dhcp.o(.data)
    pxMBFrameCBByteReceived                  0x20000160   Data           4  mb.o(.data)
    pxMBFrameCBTransmitterEmpty              0x20000164   Data           4  mb.o(.data)
    pxMBPortCBTimerExpired                   0x20000168   Data           4  mb.o(.data)
    pxMBFrameCBReceiveFSMCur                 0x2000016c   Data           4  mb.o(.data)
    pxMBFrameCBTransmitFSMCur                0x20000170   Data           4  mb.o(.data)
    START_TASK_STK                           0x20000210   Data         256  main.o(.bss)
    TCP_TASK_STK                             0x20000310   Data         256  task_tcp.o(.bss)
    LED1_TASK_STK                            0x20000410   Data         256  task_tcp.o(.bss)
    ethernet_buf                             0x20000510   Data        2048  task_tcp.o(.bss)
    USART_RX_BUF                             0x20000e14   Data         200  usart.o(.bss)
    OSEventTbl                               0x20000edc   Data         200  os_core.o(.bss)
    OSFlagTbl                                0x20000fa4   Data          80  os_core.o(.bss)
    OSTaskStatStk                            0x20000ff4   Data         512  os_core.o(.bss)
    OSTaskIdleStk                            0x200011f4   Data         512  os_core.o(.bss)
    OSTCBPrioTbl                             0x200013f4   Data         256  os_core.o(.bss)
    OSTCBTbl                                 0x200014f4   Data        1008  os_core.o(.bss)
    OSQTbl                                   0x200018e4   Data         120  os_core.o(.bss)
    __libspace_start                         0x20002658   Data          96  libspace.o(.bss)
    __temporary_stack_top$libspace           0x200026b8   Data           0  libspace.o(.bss)



==============================================================================

Memory Map of the image

  Image Entry point : 0x08000189

  Load Region LR_IROM1 (Base: 0x08000000, Size: 0x0000abb4, Max: 0x00100000, ABSOLUTE, COMPRESSED[0x0000aa50])

    Execution Region ER_IROM1 (Exec base: 0x08000000, Load base: 0x08000000, Size: 0x0000a9a4, Max: 0x00100000, ABSOLUTE)

    Exec Addr    Load Addr    Size         Type   Attr      Idx    E Section Name        Object

    0x08000000   0x08000000   0x00000188   Data   RO          630    RESET               startup_stm32f40_41xxx.o
    0x08000188   0x08000188   0x00000008   Code   RO         1651  * !!!main             c_w.l(__main.o)
    0x08000190   0x08000190   0x00000034   Code   RO         1844    !!!scatter          c_w.l(__scatter.o)
    0x080001c4   0x080001c4   0x0000005a   Code   RO         1842    !!dczerorl2         c_w.l(__dczerorl2.o)
    0x0800021e   0x0800021e   0x00000002   PAD
    0x08000220   0x08000220   0x0000001c   Code   RO         1846    !!handler_zi        c_w.l(__scatter_zi.o)
    0x0800023c   0x0800023c   0x00000000   Code   RO         1644    .ARM.Collect$$_printf_percent$$00000000  c_w.l(_printf_percent.o)
    0x0800023c   0x0800023c   0x00000006   Code   RO         1642    .ARM.Collect$$_printf_percent$$00000009  c_w.l(_printf_d.o)
    0x08000242   0x08000242   0x00000006   Code   RO         1643    .ARM.Collect$$_printf_percent$$0000000A  c_w.l(_printf_u.o)
    0x08000248   0x08000248   0x00000006   Code   RO         1641    .ARM.Collect$$_printf_percent$$0000000C  c_w.l(_printf_x.o)
    0x0800024e   0x0800024e   0x00000006   Code   RO         1640    .ARM.Collect$$_printf_percent$$00000014  c_w.l(_printf_s.o)
    0x08000254   0x08000254   0x00000004   Code   RO         1674    .ARM.Collect$$_printf_percent$$00000017  c_w.l(_printf_percent_end.o)
    0x08000258   0x08000258   0x00000002   Code   RO         1716    .ARM.Collect$$libinit$$00000000  c_w.l(libinit.o)
    0x0800025a   0x0800025a   0x00000004   Code   RO         1722    .ARM.Collect$$libinit$$00000001  c_w.l(libinit2.o)
    0x0800025e   0x0800025e   0x00000000   Code   RO         1725    .ARM.Collect$$libinit$$00000004  c_w.l(libinit2.o)
    0x0800025e   0x0800025e   0x00000000   Code   RO         1728    .ARM.Collect$$libinit$$0000000A  c_w.l(libinit2.o)
    0x0800025e   0x0800025e   0x00000000   Code   RO         1730    .ARM.Collect$$libinit$$0000000C  c_w.l(libinit2.o)
    0x0800025e   0x0800025e   0x00000000   Code   RO         1732    .ARM.Collect$$libinit$$0000000E  c_w.l(libinit2.o)
    0x0800025e   0x0800025e   0x00000000   Code   RO         1735    .ARM.Collect$$libinit$$00000011  c_w.l(libinit2.o)
    0x0800025e   0x0800025e   0x00000000   Code   RO         1737    .ARM.Collect$$libinit$$00000013  c_w.l(libinit2.o)
    0x0800025e   0x0800025e   0x00000000   Code   RO         1739    .ARM.Collect$$libinit$$00000015  c_w.l(libinit2.o)
    0x0800025e   0x0800025e   0x00000000   Code   RO         1741    .ARM.Collect$$libinit$$00000017  c_w.l(libinit2.o)
    0x0800025e   0x0800025e   0x00000000   Code   RO         1743    .ARM.Collect$$libinit$$00000019  c_w.l(libinit2.o)
    0x0800025e   0x0800025e   0x00000000   Code   RO         1745    .ARM.Collect$$libinit$$0000001B  c_w.l(libinit2.o)
    0x0800025e   0x0800025e   0x00000000   Code   RO         1747    .ARM.Collect$$libinit$$0000001D  c_w.l(libinit2.o)
    0x0800025e   0x0800025e   0x00000000   Code   RO         1749    .ARM.Collect$$libinit$$0000001F  c_w.l(libinit2.o)
    0x0800025e   0x0800025e   0x00000000   Code   RO         1751    .ARM.Collect$$libinit$$00000021  c_w.l(libinit2.o)
    0x0800025e   0x0800025e   0x00000000   Code   RO         1753    .ARM.Collect$$libinit$$00000023  c_w.l(libinit2.o)
    0x0800025e   0x0800025e   0x00000000   Code   RO         1755    .ARM.Collect$$libinit$$00000025  c_w.l(libinit2.o)
    0x0800025e   0x0800025e   0x00000000   Code   RO         1759    .ARM.Collect$$libinit$$0000002C  c_w.l(libinit2.o)
    0x0800025e   0x0800025e   0x00000000   Code   RO         1761    .ARM.Collect$$libinit$$0000002E  c_w.l(libinit2.o)
    0x0800025e   0x0800025e   0x00000000   Code   RO         1763    .ARM.Collect$$libinit$$00000030  c_w.l(libinit2.o)
    0x0800025e   0x0800025e   0x00000000   Code   RO         1765    .ARM.Collect$$libinit$$00000032  c_w.l(libinit2.o)
    0x0800025e   0x0800025e   0x00000002   Code   RO         1766    .ARM.Collect$$libinit$$00000033  c_w.l(libinit2.o)
    0x08000260   0x08000260   0x00000002   Code   RO         1784    .ARM.Collect$$libshutdown$$00000000  c_w.l(libshutdown.o)
    0x08000262   0x08000262   0x00000000   Code   RO         1794    .ARM.Collect$$libshutdown$$00000002  c_w.l(libshutdown2.o)
    0x08000262   0x08000262   0x00000000   Code   RO         1796    .ARM.Collect$$libshutdown$$00000004  c_w.l(libshutdown2.o)
    0x08000262   0x08000262   0x00000000   Code   RO         1799    .ARM.Collect$$libshutdown$$00000007  c_w.l(libshutdown2.o)
    0x08000262   0x08000262   0x00000000   Code   RO         1802    .ARM.Collect$$libshutdown$$0000000A  c_w.l(libshutdown2.o)
    0x08000262   0x08000262   0x00000000   Code   RO         1804    .ARM.Collect$$libshutdown$$0000000C  c_w.l(libshutdown2.o)
    0x08000262   0x08000262   0x00000000   Code   RO         1807    .ARM.Collect$$libshutdown$$0000000F  c_w.l(libshutdown2.o)
    0x08000262   0x08000262   0x00000002   Code   RO         1808    .ARM.Collect$$libshutdown$$00000010  c_w.l(libshutdown2.o)
    0x08000264   0x08000264   0x00000000   Code   RO         1667    .ARM.Collect$$rtentry$$00000000  c_w.l(__rtentry.o)
    0x08000264   0x08000264   0x00000000   Code   RO         1685    .ARM.Collect$$rtentry$$00000002  c_w.l(__rtentry2.o)
    0x08000264   0x08000264   0x00000006   Code   RO         1697    .ARM.Collect$$rtentry$$00000004  c_w.l(__rtentry4.o)
    0x0800026a   0x0800026a   0x00000000   Code   RO         1687    .ARM.Collect$$rtentry$$00000009  c_w.l(__rtentry2.o)
    0x0800026a   0x0800026a   0x00000004   Code   RO         1688    .ARM.Collect$$rtentry$$0000000A  c_w.l(__rtentry2.o)
    0x0800026e   0x0800026e   0x00000000   Code   RO         1690    .ARM.Collect$$rtentry$$0000000C  c_w.l(__rtentry2.o)
    0x0800026e   0x0800026e   0x00000008   Code   RO         1691    .ARM.Collect$$rtentry$$0000000D  c_w.l(__rtentry2.o)
    0x08000276   0x08000276   0x00000002   Code   RO         1720    .ARM.Collect$$rtexit$$00000000  c_w.l(rtexit.o)
    0x08000278   0x08000278   0x00000000   Code   RO         1768    .ARM.Collect$$rtexit$$00000002  c_w.l(rtexit2.o)
    0x08000278   0x08000278   0x00000004   Code   RO         1769    .ARM.Collect$$rtexit$$00000003  c_w.l(rtexit2.o)
    0x0800027c   0x0800027c   0x00000006   Code   RO         1770    .ARM.Collect$$rtexit$$00000004  c_w.l(rtexit2.o)
    0x08000282   0x08000282   0x00000002   PAD
    0x08000284   0x08000284   0x00000080   Code   RO            3    .text               main.o
    0x08000304   0x08000304   0x00000016   Code   RO          184    .text               stm32f4xx_it.o
    0x0800031a   0x0800031a   0x00000002   PAD
    0x0800031c   0x0800031c   0x00000210   Code   RO          233    .text               system_stm32f4xx.o
    0x0800052c   0x0800052c   0x00000394   Code   RO          259    .text               task_tcp.o
    0x080008c0   0x080008c0   0x00000040   Code   RO          455    .text               led.o
    0x08000900   0x08000900   0x0000005c   Code   RO          475    .text               timer.o
    0x0800095c   0x0800095c   0x00000240   Code   RO          498    .text               spi.o
    0x08000b9c   0x08000b9c   0x00000128   Code   RO          559    .text               delay.o
    0x08000cc4   0x08000cc4   0x00000154   Code   RO          599    .text               usart.o
    0x08000e18   0x08000e18   0x00000040   Code   RO          631    .text               startup_stm32f40_41xxx.o
    0x08000e58   0x08000e58   0x000000e0   Code   RO          637    .text               misc.o
    0x08000f38   0x08000f38   0x00000294   Code   RO          657    .text               stm32f4xx_gpio.o
    0x080011cc   0x080011cc   0x0000065c   Code   RO          677    .text               stm32f4xx_rcc.o
    0x08001828   0x08001828   0x00000454   Code   RO          719    .text               stm32f4xx_usart.o
    0x08001c7c   0x08001c7c   0x00000480   Code   RO          759    .text               stm32f4xx_spi.o
    0x080020fc   0x080020fc   0x00000ca2   Code   RO          779    .text               stm32f4xx_tim.o
    0x08002d9e   0x08002d9e   0x00000002   PAD
    0x08002da0   0x08002da0   0x00000890   Code   RO          822    .text               os_core.o
    0x08003630   0x08003630   0x0000080c   Code   RO          850    .text               os_flag.o
    0x08003e3c   0x08003e3c   0x000005e8   Code   RO          924    .text               os_q.o
    0x08004424   0x08004424   0x000007c4   Code   RO          964    .text               os_task.o
    0x08004be8   0x08004be8   0x000001b0   Code   RO          984    .text               os_time.o
    0x08004d98   0x08004d98   0x000001c4   Code   RO         1018    .text               os_cpu_c.o
    0x08004f5c   0x08004f5c   0x000000c8   Code   RO         1046    .text               os_cpu_a.o
    0x08005024   0x08005024   0x000001c8   Code   RO         1051    .text               wiz_platform.o
    0x080051ec   0x080051ec   0x00000400   Code   RO         1085    .text               wiz_interface.o
    0x080055ec   0x080055ec   0x000010cc   Code   RO         1153    .text               socket.o
    0x080066b8   0x080066b8   0x000006dc   Code   RO         1169    .text               wizchip_conf.o
    0x08006d94   0x08006d94   0x0000043a   Code   RO         1190    .text               w5500.o
    0x080071ce   0x080071ce   0x00000002   PAD
    0x080071d0   0x080071d0   0x000011bc   Code   RO         1205    .text               dhcp.o
    0x0800838c   0x0800838c   0x00000914   Code   RO         1222    .text               modtcpbsp.o
    0x08008ca0   0x08008ca0   0x00000554   Code   RO         1255    .text               mb_user_reg.o
    0x080091f4   0x080091f4   0x000002dc   Code   RO         1294    .text               mb.o
    0x080094d0   0x080094d0   0x000001ae   Code   RO         1355    .text               mbfunccoils.o
    0x0800967e   0x0800967e   0x000000ac   Code   RO         1378    .text               mbfuncdisc.o
    0x0800972a   0x0800972a   0x00000212   Code   RO         1412    .text               mbfuncholding.o
    0x0800993c   0x0800993c   0x0000008c   Code   RO         1432    .text               mbfuncinput.o
    0x080099c8   0x080099c8   0x00000094   Code   RO         1452    .text               mbfuncother.o
    0x08009a5c   0x08009a5c   0x000000ac   Code   RO         1475    .text               mbutils.o
    0x08009b08   0x08009b08   0x00000096   Code   RO         1517    .text               mbtcp.o
    0x08009b9e   0x08009b9e   0x00000002   PAD
    0x08009ba0   0x08009ba0   0x00000048   Code   RO         1537    .text               portevent.o
    0x08009be8   0x08009be8   0x00000488   Code   RO         1559    .text               porttcp.o
    0x0800a070   0x0800a070   0x00000002   Code   RO         1585    .text               c_w.l(use_no_semi_2.o)
    0x0800a072   0x0800a072   0x00000002   PAD
    0x0800a074   0x0800a074   0x00000018   Code   RO         1589    .text               c_w.l(noretval__2printf.o)
    0x0800a08c   0x0800a08c   0x0000004e   Code   RO         1593    .text               c_w.l(_printf_pad.o)
    0x0800a0da   0x0800a0da   0x00000052   Code   RO         1595    .text               c_w.l(_printf_str.o)
    0x0800a12c   0x0800a12c   0x00000078   Code   RO         1597    .text               c_w.l(_printf_dec.o)
    0x0800a1a4   0x0800a1a4   0x00000058   Code   RO         1602    .text               c_w.l(_printf_hex_int.o)
    0x0800a1fc   0x0800a1fc   0x00000188   Code   RO         1637    .text               c_w.l(__printf_flags_ss_wp.o)
    0x0800a384   0x0800a384   0x0000008a   Code   RO         1645    .text               c_w.l(rt_memcpy_v6.o)
    0x0800a40e   0x0800a40e   0x00000084   Code   RO         1647    .text               c_w.l(rt_memmove_v6.o)
    0x0800a492   0x0800a492   0x00000006   Code   RO         1649    .text               c_w.l(heapauxi.o)
    0x0800a498   0x0800a498   0x00000002   Code   RO         1665    .text               c_w.l(use_no_semi.o)
    0x0800a49a   0x0800a49a   0x000000b2   Code   RO         1668    .text               c_w.l(_printf_intcommon.o)
    0x0800a54c   0x0800a54c   0x0000002c   Code   RO         1670    .text               c_w.l(_printf_char.o)
    0x0800a578   0x0800a578   0x00000024   Code   RO         1672    .text               c_w.l(_printf_char_file.o)
    0x0800a59c   0x0800a59c   0x00000064   Code   RO         1675    .text               c_w.l(rt_memcpy_w.o)
    0x0800a600   0x0800a600   0x0000007a   Code   RO         1677    .text               c_w.l(rt_memmove_w.o)
    0x0800a67a   0x0800a67a   0x00000002   PAD
    0x0800a67c   0x0800a67c   0x00000030   Code   RO         1699    .text               c_w.l(_printf_char_common.o)
    0x0800a6ac   0x0800a6ac   0x00000008   Code   RO         1701    .text               c_w.l(ferror.o)
    0x0800a6b4   0x0800a6b4   0x0000004a   Code   RO         1705    .text               c_w.l(sys_stackheap_outer.o)
    0x0800a6fe   0x0800a6fe   0x00000012   Code   RO         1709    .text               c_w.l(exit.o)
    0x0800a710   0x0800a710   0x00000008   Code   RO         1717    .text               c_w.l(libspace.o)
    0x0800a718   0x0800a718   0x0000000e   Code   RO         1630    i._is_digit         c_w.l(__printf_wp.o)
    0x0800a726   0x0800a726   0x0000000a   Code   RO         1776    x$fpl$fpinit        fz_wm.l(fpinit.o)
    0x0800a730   0x0800a730   0x00000100   Data   RO          824    .constdata          os_core.o
    0x0800a830   0x0800a830   0x00000028   Data   RO         1603    .constdata          c_w.l(_printf_hex_int.o)
    0x0800a858   0x0800a858   0x00000011   Data   RO         1638    .constdata          c_w.l(__printf_flags_ss_wp.o)
    0x0800a869   0x0800a869   0x00000003   PAD
    0x0800a86c   0x0800a86c   0x00000116   Data   RO         1086    .conststring        wiz_interface.o
    0x0800a982   0x0800a982   0x00000002   PAD
    0x0800a984   0x0800a984   0x00000020   Data   RO         1840    Region$$Table       anon$$obj.o


    Execution Region RW_IRAM1 (Exec base: 0x20000000, Load base: 0x0800a9a4, Size: 0x00002cb8, Max: 0x00020000, ABSOLUTE, COMPRESSED[0x000000ac])

    Exec Addr    Load Addr    Size         Type   Attr      Idx    E Section Name        Object

    0x20000000   COMPRESSED   0x00000014   Data   RW          234    .data               system_stm32f4xx.o
    0x20000014   COMPRESSED   0x00000024   Data   RW          261    .data               task_tcp.o
    0x20000038   COMPRESSED   0x00000004   Data   RW          560    .data               delay.o
    0x2000003c   COMPRESSED   0x00000006   Data   RW          601    .data               usart.o
    0x20000042   COMPRESSED   0x00000010   Data   RW          678    .data               stm32f4xx_rcc.o
    0x20000052   COMPRESSED   0x00000002   PAD
    0x20000054   COMPRESSED   0x00000048   Data   RW          825    .data               os_core.o
    0x2000009c   COMPRESSED   0x00000004   Data   RW         1052    .data               wiz_platform.o
    0x200000a0   COMPRESSED   0x0000000e   Data   RW         1155    .data               socket.o
    0x200000ae   COMPRESSED   0x00000002   PAD
    0x200000b0   COMPRESSED   0x00000031   Data   RW         1170    .data               wizchip_conf.o
    0x200000e1   COMPRESSED   0x00000003   PAD
    0x200000e4   COMPRESSED   0x00000050   Data   RW         1206    .data               dhcp.o
    0x20000134   COMPRESSED   0x00000004   Data   RW         1224    .data               modtcpbsp.o
    0x20000138   COMPRESSED   0x00000010   Data   RW         1257    .data               mb_user_reg.o
    0x20000148   COMPRESSED   0x000000b5   Data   RW         1295    .data               mb.o
    0x200001fd   COMPRESSED   0x00000001   PAD
    0x200001fe   COMPRESSED   0x00000002   Data   RW         1454    .data               mbfuncother.o
    0x20000200   COMPRESSED   0x00000002   Data   RW         1538    .data               portevent.o
    0x20000202   COMPRESSED   0x0000000c   Data   RW         1561    .data               porttcp.o
    0x2000020e   COMPRESSED   0x00000002   PAD
    0x20000210        -       0x00000100   Zero   RW            4    .bss                main.o
    0x20000310        -       0x00000b04   Zero   RW          260    .bss                task_tcp.o
    0x20000e14        -       0x000000c8   Zero   RW          600    .bss                usart.o
    0x20000edc        -       0x00000a80   Zero   RW          823    .bss                os_core.o
    0x2000195c        -       0x00000010   Zero   RW         1154    .bss                socket.o
    0x2000196c        -       0x00000420   Zero   RW         1223    .bss                modtcpbsp.o
    0x20001d8c        -       0x00000190   Zero   RW         1256    .bss                mb_user_reg.o
    0x20001f1c        -       0x00000020   Zero   RW         1453    .bss                mbfuncother.o
    0x20001f3c        -       0x0000071c   Zero   RW         1560    .bss                porttcp.o
    0x20002658        -       0x00000060   Zero   RW         1718    .bss                c_w.l(libspace.o)
    0x200026b8        -       0x00000200   Zero   RW          629    HEAP                startup_stm32f40_41xxx.o
    0x200028b8        -       0x00000400   Zero   RW          628    STACK               startup_stm32f40_41xxx.o


==============================================================================

Image component sizes


      Code (inc. data)   RO Data    RW Data    ZI Data      Debug   Object Name

       296         18          0          4          0       1829   delay.o
      4540        246          0         80          0      10187   dhcp.o
        64          4          0          0          0        519   led.o
       128         22          0          0        256     299668   main.o
       732         72          0        181          0       4921   mb.o
      1364         26          0         16        400      12199   mb_user_reg.o
       430          0          0          0          0       3010   mbfunccoils.o
       172          0          0          0          0       1572   mbfuncdisc.o
       530          0          0          0          0       3881   mbfuncholding.o
       140          0          0          0          0       1523   mbfuncinput.o
       148          8          0          2         32       1757   mbfuncother.o
       150          0          0          0          0       2251   mbtcp.o
       172          0          0          0          0       1942   mbutils.o
       224         20          0          0          0       1801   misc.o
      2324        668          0          4       1056       7525   modtcpbsp.o
      2192        218        256         72       2688      15227   os_core.o
       200         32          0          0          0        312   os_cpu_a.o
       452          6          0          0          0      10594   os_cpu_c.o
      2060         42          0          0          0       7208   os_flag.o
      1512         30          0          0          0       5769   os_q.o
      1988         70          0          0          0       7885   os_task.o
       432         30          0          0          0       1870   os_time.o
        72         10          0          2          0       1612   portevent.o
      1160        254          0         12       1820       4418   porttcp.o
      4300         88          0         14         16       7484   socket.o
       576         14          0          0          0       1800   spi.o
        64         26        392          0       1536        824   startup_stm32f40_41xxx.o
       660         44          0          0          0       4145   stm32f4xx_gpio.o
        22          0          0          0          0       1027   stm32f4xx_it.o
      1628         52          0         16          0      13008   stm32f4xx_rcc.o
      1152         36          0          0          0       6893   stm32f4xx_spi.o
      3234         60          0          0          0      23000   stm32f4xx_tim.o
      1108         34          0          0          0       7868   stm32f4xx_usart.o
       528         46          0         20          0       1755   system_stm32f4xx.o
       916        488          0         36       2820       7822   task_tcp.o
         0          0          0          0          0       1756   tcp_server_multi_socket.o
        92          4          0          0          0        688   timer.o
       340         18          0          6        200       3342   usart.o
      1082          6          0          0          0       3746   w5500.o
      1024        442        278          0          0       2744   wiz_interface.o
       456         12          0          4          0       6413   wiz_platform.o
      1756         38          0         49          0      12327   wizchip_conf.o

    ----------------------------------------------------------------------
     40428       3184        960        528      10824     516122   Object Totals
         0          0         32          0          0          0   (incl. Generated)
         8          0          2         10          0          0   (incl. Padding)

    ----------------------------------------------------------------------

      Code (inc. data)   RO Data    RW Data    ZI Data      Debug   Library Member Name

        90          0          0          0          0          0   __dczerorl2.o
         8          0          0          0          0         68   __main.o
       392          4         17          0          0         92   __printf_flags_ss_wp.o
        14          0          0          0          0         68   __printf_wp.o
         0          0          0          0          0          0   __rtentry.o
        12          0          0          0          0          0   __rtentry2.o
         6          0          0          0          0          0   __rtentry4.o
        52          8          0          0          0          0   __scatter.o
        28          0          0          0          0          0   __scatter_zi.o
        44          0          0          0          0        108   _printf_char.o
        48          6          0          0          0         96   _printf_char_common.o
        36          4          0          0          0         80   _printf_char_file.o
         6          0          0          0          0          0   _printf_d.o
       120         16          0          0          0         92   _printf_dec.o
        88          4         40          0          0         88   _printf_hex_int.o
       178          0          0          0          0         88   _printf_intcommon.o
        78          0          0          0          0        108   _printf_pad.o
         0          0          0          0          0          0   _printf_percent.o
         4          0          0          0          0          0   _printf_percent_end.o
         6          0          0          0          0          0   _printf_s.o
        82          0          0          0          0         80   _printf_str.o
         6          0          0          0          0          0   _printf_u.o
         6          0          0          0          0          0   _printf_x.o
        18          0          0          0          0         80   exit.o
         8          0          0          0          0         68   ferror.o
         6          0          0          0          0        152   heapauxi.o
         2          0          0          0          0          0   libinit.o
         6          0          0          0          0          0   libinit2.o
         2          0          0          0          0          0   libshutdown.o
         2          0          0          0          0          0   libshutdown2.o
         8          4          0          0         96         68   libspace.o
        24          4          0          0          0         84   noretval__2printf.o
       138          0          0          0          0         68   rt_memcpy_v6.o
       100          0          0          0          0         80   rt_memcpy_w.o
       132          0          0          0          0         68   rt_memmove_v6.o
       122          0          0          0          0         80   rt_memmove_w.o
         2          0          0          0          0          0   rtexit.o
        10          0          0          0          0          0   rtexit2.o
        74          0          0          0          0         80   sys_stackheap_outer.o
         2          0          0          0          0         68   use_no_semi.o
         2          0          0          0          0         68   use_no_semi_2.o
        10          0          0          0          0        116   fpinit.o

    ----------------------------------------------------------------------
      1980         50         60          0         96       2048   Library Totals
         8          0          3          0          0          0   (incl. Padding)

    ----------------------------------------------------------------------

      Code (inc. data)   RO Data    RW Data    ZI Data      Debug   Library Name

      1962         50         57          0         96       1932   c_w.l
        10          0          0          0          0        116   fz_wm.l

    ----------------------------------------------------------------------
      1980         50         60          0         96       2048   Library Totals

    ----------------------------------------------------------------------

==============================================================================


      Code (inc. data)   RO Data    RW Data    ZI Data      Debug   

     42408       3234       1020        528      10920     509482   Grand Totals
     42408       3234       1020        172      10920     509482   ELF Image Totals (compressed)
     42408       3234       1020        172          0          0   ROM Totals

==============================================================================

    Total RO  Size (Code + RO Data)                43428 (  42.41kB)
    Total RW  Size (RW Data + ZI Data)             11448 (  11.18kB)
    Total ROM Size (Code + RO Data + RW Data)      43600 (  42.58kB)

==============================================================================

