Component: ARM Compiler 5.06 update 6 (build 750) Tool: armlink [4d35ed]

==============================================================================

Section Cross References

    main.o(.text) refers to os_cpu_a.o(.text) for OS_CPU_SR_Save
    main.o(.text) refers to os_task.o(.text) for OSTaskCreate
    main.o(.text) refers to delay.o(.text) for delay_init
    main.o(.text) refers to led.o(.text) for LED_Init
    main.o(.text) refers to wiz_platform.o(.text) for debug_usart_init
    main.o(.text) refers to os_core.o(.text) for OSInit
    main.o(.text) refers to task_tcp.o(.bss) for TCP_TASK_STK
    main.o(.text) refers to task_tcp.o(.text) for tcp_task
    main.o(.text) refers to main.o(.bss) for START_TASK_STK
    system_stm32f4xx.o(.text) refers to system_stm32f4xx.o(.data) for SystemCoreClock
    task_tcp.o(.text) refers to _printf_percent.o(.ARM.Collect$$_printf_percent$$00000000) for _printf_percent
    task_tcp.o(.text) refers to _printf_d.o(.ARM.Collect$$_printf_percent$$00000009) for _printf_d
    task_tcp.o(.text) refers to _printf_dec.o(.text) for _printf_int_dec
    task_tcp.o(.text) refers to wiz_platform.o(.text) for wizchip_reset
    task_tcp.o(.text) refers to delay.o(.text) for delay_ms
    task_tcp.o(.text) refers to wiz_interface.o(.text) for wizchip_initialize
    task_tcp.o(.text) refers to spi.o(.text) for SPI2_SetSpeed
    task_tcp.o(.text) refers to modtcpbsp.o(.text) for tcp_srv_single_init
    task_tcp.o(.text) refers to mb_user_reg.o(.text) for vMBUserRegInit
    task_tcp.o(.text) refers to mb.o(.text) for eMBTCPInit
    task_tcp.o(.text) refers to noretval__2printf.o(.text) for __2printf
    task_tcp.o(.text) refers to mbfuncother.o(.text) for eMBSetSlaveID
    task_tcp.o(.text) refers to porttcp.o(.text) for vMBPortTCPPool
    task_tcp.o(.text) refers to task_tcp.o(.data) for default_net_info
    task_tcp.o(.text) refers to task_tcp.o(.bss) for ethernet_buf
    led.o(.text) refers to stm32f4xx_rcc.o(.text) for RCC_AHB1PeriphClockCmd
    led.o(.text) refers to stm32f4xx_gpio.o(.text) for GPIO_Init
    timer.o(.text) refers to stm32f4xx_rcc.o(.text) for RCC_APB1PeriphClockCmd
    timer.o(.text) refers to stm32f4xx_tim.o(.text) for TIM_TimeBaseInit
    timer.o(.text) refers to misc.o(.text) for NVIC_Init
    spi.o(.text) refers to stm32f4xx_spi.o(.text) for SPI_I2S_GetFlagStatus
    spi.o(.text) refers to stm32f4xx_rcc.o(.text) for RCC_AHB1PeriphClockCmd
    spi.o(.text) refers to stm32f4xx_gpio.o(.text) for GPIO_Init
    lcd.o(.text) refers to _printf_percent.o(.ARM.Collect$$_printf_percent$$00000000) for _printf_percent
    lcd.o(.text) refers to _printf_x.o(.ARM.Collect$$_printf_percent$$0000000C) for _printf_x
    lcd.o(.text) refers to _printf_hex_int.o(.text) for _printf_longlong_hex
    lcd.o(.text) refers to delay.o(.text) for delay_us
    lcd.o(.text) refers to lcd.o(.bss) for lcddev
    lcd.o(.text) refers to lcd.o(.data) for POINT_COLOR
    lcd.o(.text) refers to dflt_clz.o(x$fpl$dfltu) for __aeabi_ui2d
    lcd.o(.text) refers to dmul.o(x$fpl$dmul) for __aeabi_dmul
    lcd.o(.text) refers to dfixu.o(x$fpl$dfixu) for __aeabi_d2uiz
    lcd.o(.text) refers to stm32f4xx_rcc.o(.text) for RCC_AHB1PeriphClockCmd
    lcd.o(.text) refers to stm32f4xx_gpio.o(.text) for GPIO_Init
    lcd.o(.text) refers to stm32f4xx_fsmc.o(.text) for FSMC_NORSRAMInit
    lcd.o(.text) refers to noretval__2printf.o(.text) for __2printf
    lcd.o(.text) refers to lcd.o(.constdata) for asc2_1206
    delay.o(.text) refers to os_core.o(.text) for OSSchedLock
    delay.o(.text) refers to os_time.o(.text) for OSTimeDly
    delay.o(.text) refers to misc.o(.text) for SysTick_CLKSourceConfig
    delay.o(.text) refers to os_core.o(.data) for OSRunning
    delay.o(.text) refers to delay.o(.data) for fac_us
    usart.o(.rev16_text) refers (Special) to use_no_semi_2.o(.text) for __use_no_semihosting
    usart.o(.revsh_text) refers (Special) to use_no_semi_2.o(.text) for __use_no_semihosting
    usart.o(.text) refers (Special) to use_no_semi_2.o(.text) for __use_no_semihosting
    usart.o(.text) refers to stm32f4xx_rcc.o(.text) for RCC_AHB1PeriphClockCmd
    usart.o(.text) refers to stm32f4xx_gpio.o(.text) for GPIO_PinAFConfig
    usart.o(.text) refers to stm32f4xx_usart.o(.text) for USART_Init
    usart.o(.text) refers to misc.o(.text) for NVIC_Init
    usart.o(.text) refers to os_core.o(.text) for OSIntEnter
    usart.o(.text) refers to usart.o(.data) for USART_RX_STA
    usart.o(.text) refers to usart.o(.bss) for USART_RX_BUF
    usart.o(.bss) refers (Special) to use_no_semi_2.o(.text) for __use_no_semihosting
    usart.o(.data) refers (Special) to use_no_semi_2.o(.text) for __use_no_semihosting
    startup_stm32f40_41xxx.o(STACK) refers (Special) to heapauxi.o(.text) for __use_two_region_memory
    startup_stm32f40_41xxx.o(HEAP) refers (Special) to heapauxi.o(.text) for __use_two_region_memory
    startup_stm32f40_41xxx.o(RESET) refers (Special) to heapauxi.o(.text) for __use_two_region_memory
[...]
    __rt_entry_postli_1                      0x0800026f   Thumb Code     0  __rtentry2.o(.ARM.Collect$$rtentry$$0000000C)
    __rt_exit                                0x08000277   Thumb Code     0  rtexit.o(.ARM.Collect$$rtexit$$00000000)
    __rt_exit_ls                             0x08000279   Thumb Code     0  rtexit2.o(.ARM.Collect$$rtexit$$00000003)
    __rt_exit_prels_1                        0x08000279   Thumb Code     0  rtexit2.o(.ARM.Collect$$rtexit$$00000002)
    __rt_exit_exit                           0x0800027d   Thumb Code     0  rtexit2.o(.ARM.Collect$$rtexit$$00000004)
    start_task                               0x08000285   Thumb Code    52  main.o(.text)
    main                                     0x080002b9   Thumb Code    54  main.o(.text)
    NMI_Handler                              0x08000305   Thumb Code     2  stm32f4xx_it.o(.text)
    HardFault_Handler                        0x08000307   Thumb Code     4  stm32f4xx_it.o(.text)
    MemManage_Handler                        0x0800030b   Thumb Code     4  stm32f4xx_it.o(.text)
    BusFault_Handler                         0x0800030f   Thumb Code     4  stm32f4xx_it.o(.text)
    UsageFault_Handler                       0x08000313   Thumb Code     4  stm32f4xx_it.o(.text)
    SVC_Handler                              0x08000317   Thumb Code     2  stm32f4xx_it.o(.text)
    DebugMon_Handler                         0x08000319   Thumb Code     2  stm32f4xx_it.o(.text)
    SystemInit                               0x080003f9   Thumb Code    88  system_stm32f4xx.o(.text)
    SystemCoreClockUpdate                    0x08000451   Thumb Code   174  system_stm32f4xx.o(.text)
    tcp_task                                 0x0800052d   Thumb Code   182  task_tcp.o(.text)
    led1_task                                0x080005e3   Thumb Code    34  task_tcp.o(.text)
    LED_Init                                 0x08000681   Thumb Code    60  led.o(.text)
    TIM3_Int_Init                            0x080006c1   Thumb Code    88  timer.o(.text)
    SPI1_ReadWriteByte                       0x0800071d   Thumb Code    50  spi.o(.text)
    SPI1_Init                                0x0800074f   Thumb Code   186  spi.o(.text)
    SPI1_SetSpeed                            0x08000809   Thumb Code    36  spi.o(.text)
    SPI2_ReadWriteByte                       0x0800082d   Thumb Code    50  spi.o(.text)
    SPI2_Init                                0x0800085f   Thumb Code   198  spi.o(.text)
    SPI2_SetSpeed                            0x08000925   Thumb Code    42  spi.o(.text)
    delay_osschedlock                        0x0800095d   Thumb Code     8  delay.o(.text)
    delay_osschedunlock                      0x08000965   Thumb Code     8  delay.o(.text)
    delay_ostimedly                          0x0800096d   Thumb Code    12  delay.o(.text)
    SysTick_Handler                          0x08000979   Thumb Code    24  delay.o(.text)
    delay_init                               0x08000991   Thumb Code    76  delay.o(.text)
    delay_us                                 0x080009dd   Thumb Code    84  delay.o(.text)
    delay_ms                                 0x08000a31   Thumb Code    66  delay.o(.text)
    _sys_exit                                0x08000a85   Thumb Code     6  usart.o(.text)
    fputc                                    0x08000a8b   Thumb Code    22  usart.o(.text)
    uart_init                                0x08000aa1   Thumb Code   164  usart.o(.text)
    USART1_IRQHandler                        0x08000b45   Thumb Code   130  usart.o(.text)
    Reset_Handler                            0x08000bd9   Thumb Code     8  startup_stm32f40_41xxx.o(.text)
    ADC_IRQHandler                           0x08000bf3   Thumb Code     0  startup_stm32f40_41xxx.o(.text)
    CAN1_RX0_IRQHandler                      0x08000bf3   Thumb Code     0  startup_stm32f40_41xxx.o(.text)
    CAN1_RX1_IRQHandler                      0x08000bf3   Thumb Code     0  startup_stm32f40_41xxx.o(.text)
    CAN1_SCE_IRQHandler                      0x08000bf3   Thumb Code     0  startup_stm32f40_41xxx.o(.text)
    CAN1_TX_IRQHandler                       0x08000bf3   Thumb Code     0  startup_stm32f40_41xxx.o(.text)
    CAN2_RX0_IRQHandler                      0x08000bf3   Thumb Code     0  startup_stm32f40_41xxx.o(.text)
    CAN2_RX1_IRQHandler                      0x08000bf3   Thumb Code     0  startup_stm32f40_41xxx.o(.text)
    CAN2_SCE_IRQHandler                      0x08000bf3   Thumb Code     0  startup_stm32f40_41xxx.o(.text)
    CAN2_TX_IRQHandler                       0x08000bf3   Thumb Code     0  startup_stm32f40_41xxx.o(.text)
    CRYP_IRQHandler                          0x08000bf3   Thumb Code     0  startup_stm32f40_41xxx.o(.text)
    DCMI_IRQHandler                          0x08000bf3   Thumb Code     0  startup_stm32f40_41xxx.o(.text)
    DMA1_Stream0_IRQHandler                  0x08000bf3   Thumb Code     0  startup_stm32f40_41xxx.o(.text)
    DMA1_Stream1_IRQHandler                  0x08000bf3   Thumb Code     0  startup_stm32f40_41xxx.o(.text)
    DMA1_Stream2_IRQHandler                  0x08000bf3   Thumb Code     0  startup_stm32f40_41xxx.o(.text)
    DMA1_Stream3_IRQHandler                  0x08000bf3   Thumb Code     0  startup_stm32f40_41xxx.o(.text)
    DMA1_Stream4_IRQHandler                  0x08000bf3   Thumb Code     0  startup_stm32f40_41xxx.o(.text)
    DMA1_Stream5_IRQHandler                  0x08000bf3   Thumb Code     0  startup_stm32f40_41xxx.o(.text)
    DMA1_Stream6_IRQHandler                  0x08000bf3   Thumb Code     0  startup_stm32f40_41xxx.o(.text)
    DMA1_Stream7_IRQHandler                  0x08000bf3   Thumb Code     0  startup_stm32f40_41xxx.o(.text)
    DMA2_Stream0_IRQHandler                  0x08000bf3   Thumb Code     0  startup_stm32f40_41xxx.o(.text)
    DMA2_Stream1_IRQHandler                  0x08000bf3   Thumb Code     0  startup_stm32f40_41xxx.o(.text)
    DMA2_Stream2_IRQHandler                  0x08000bf3   Thumb Code     0  startup_stm32f40_41xxx.o(.text)
    DMA2_Stream3_IRQHandler                  0x08000bf3   Thumb Code     0  startup_stm32f40_41xxx.o(.text)
    DMA2_Stream4_IRQHandler                  0x08000bf3   Thumb Code     0  startup_stm32f40_41xxx.o(.text)
    DMA2_Stream5_IRQHandler                  0x08000bf3   Thumb Code     0  startup_stm32f40_41xxx.o(.text)
    DMA2_Stream6_IRQHandler                  0x08000bf3   Thumb Code     0  startup_stm32f40_41xxx.o(.text)
    DMA2_Stream7_IRQHandler                  0x08000bf3   Thumb Code     0  startup_stm32f40_41xxx.o(.text)
    ETH_IRQHandler                           0x08000bf3   Thumb Code     0  startup_stm32f40_41xxx.o(.text)
    ETH_WKUP_IRQHandler                      0x08000bf3   Thumb Code     0  startup_stm32f40_41xxx.o(.text)
    EXTI0_IRQHandler                         0x08000bf3   Thumb Code     0  startup_stm32f40_41xxx.o(.text)
    EXTI15_10_IRQHandler                     0x08000bf3   Thumb Code     0  startup_stm32f40_41xxx.o(.text)
    EXTI1_IRQHandler                         0x08000bf3   Thumb Code     0  startup_stm32f40_41xxx.o(.text)
    EXTI2_IRQHandler                         0x08000bf3   Thumb Code     0  startup_stm32f40_41xxx.o(.text)
    EXTI3_IRQHandler                         0x08000bf3   Thumb Code     0  startup_stm32f40_41xxx.o(.text)
    EXTI4_IRQHandler                         0x08000bf3   Thumb Code     0  startup_stm32f40_41xxx.o(.text)
    EXTI9_5_IRQHandler                       0x08000bf3   Thumb Code     0  startup_stm32f40_41xxx.o(.text)
    FLASH_IRQHandler                         0x08000bf3   Thumb Code     0  startup_stm32f40_41xxx.o(.text)
    FPU_IRQHandler                           0x08000bf3   Thumb Code     0  startup_stm32f40_41xxx.o(.text)
    FSMC_IRQHandler                          0x08000bf3   Thumb Code     0  startup_stm32f40_41xxx.o(.text)
    HASH_RNG_IRQHandler                      0x08000bf3   Thumb Code     0  startup_stm32f40_41xxx.o(.text)
    I2C1_ER_IRQHandler                       0x08000bf3   Thumb Code     0  startup_stm32f40_41xxx.o(.text)
    I2C1_EV_IRQHandler                       0x08000bf3   Thumb Code     0  startup_stm32f40_41xxx.o(.text)
    I2C2_ER_IRQHandler                       0x08000bf3   Thumb Code     0  startup_stm32f40_41xxx.o(.text)
    I2C2_EV_IRQHandler                       0x08000bf3   Thumb Code     0  startup_stm32f40_41xxx.o(.text)
    I2C3_ER_IRQHandler                       0x08000bf3   Thumb Code     0  startup_stm32f40_41xxx.o(.text)
    I2C3_EV_IRQHandler                       0x08000bf3   Thumb Code     0  startup_stm32f40_41xxx.o(.text)
    OTG_FS_IRQHandler                        0x08000bf3   Thumb Code     0  startup_stm32f40_41xxx.o(.text)
    OTG_FS_WKUP_IRQHandler                   0x08000bf3   Thumb Code     0  startup_stm32f40_41xxx.o(.text)
    OTG_HS_EP1_IN_IRQHandler                 0x08000bf3   Thumb Code     0  startup_stm32f40_41xxx.o(.text)
    OTG_HS_EP1_OUT_IRQHandler                0x08000bf3   Thumb Code     0  startup_stm32f40_41xxx.o(.text)
    OTG_HS_IRQHandler                        0x08000bf3   Thumb Code     0  startup_stm32f40_41xxx.o(.text)
    OTG_HS_WKUP_IRQHandler                   0x08000bf3   Thumb Code     0  startup_stm32f40_41xxx.o(.text)
    PVD_IRQHandler                           0x08000bf3   Thumb Code     0  startup_stm32f40_41xxx.o(.text)
    RCC_IRQHandler                           0x08000bf3   Thumb Code     0  startup_stm32f40_41xxx.o(.text)
    RTC_Alarm_IRQHandler                     0x08000bf3   Thumb Code     0  startup_stm32f40_41xxx.o(.text)
    RTC_WKUP_IRQHandler                      0x08000bf3   Thumb Code     0  startup_stm32f40_41xxx.o(.text)
    SDIO_IRQHandler                          0x08000bf3   Thumb Code     0  startup_stm32f40_41xxx.o(.text)
    SPI1_IRQHandler                          0x08000bf3   Thumb Code     0  startup_stm32f40_41xxx.o(.text)
    SPI2_IRQHandler                          0x08000bf3   Thumb Code     0  startup_stm32f40_41xxx.o(.text)
    SPI3_IRQHandler                          0x08000bf3   Thumb Code     0  startup_stm32f40_41xxx.o(.text)
    TAMP_STAMP_IRQHandler                    0x08000bf3   Thumb Code     0  startup_stm32f40_41xxx.o(.text)
    TIM1_BRK_TIM9_IRQHandler                 0x08000bf3   Thumb Code     0  startup_stm32f40_41xxx.o(.text)
    TIM1_CC_IRQHandler                       0x08000bf3   Thumb Code     0  startup_stm32f40_41xxx.o(.text)
    TIM1_TRG_COM_TIM11_IRQHandler            0x08000bf3   Thumb Code     0  startup_stm32f40_41xxx.o(.text)
    TIM1_UP_TIM10_IRQHandler                 0x08000bf3   Thumb Code     0  startup_stm32f40_41xxx.o(.text)
    TIM2_IRQHandler                          0x08000bf3   Thumb Code     0  startup_stm32f40_41xxx.o(.text)
    TIM4_IRQHandler                          0x08000bf3   Thumb Code     0  startup_stm32f40_41xxx.o(.text)
    TIM5_IRQHandler                          0x08000bf3   Thumb Code     0  startup_stm32f40_41xxx.o(.text)
    TIM6_DAC_IRQHandler                      0x08000bf3   Thumb Code     0  startup_stm32f40_41xxx.o(.text)
    TIM7_IRQHandler                          0x08000bf3   Thumb Code     0  startup_stm32f40_41xxx.o(.text)
    TIM8_BRK_TIM12_IRQHandler                0x08000bf3   Thumb Code     0  startup_stm32f40_41xxx.o(.text)
    TIM8_CC_IRQHandler                       0x08000bf3   Thumb Code     0  startup_stm32f40_41xxx.o(.text)
    TIM8_TRG_COM_TIM14_IRQHandler            0x08000bf3   Thumb Code     0  startup_stm32f40_41xxx.o(.text)
    TIM8_UP_TIM13_IRQHandler                 0x08000bf3   Thumb Code     0  startup_stm32f40_41xxx.o(.text)
    UART4_IRQHandler                         0x08000bf3   Thumb Code     0  startup_stm32f40_41xxx.o(.text)
    UART5_IRQHandler                         0x08000bf3   Thumb Code     0  startup_stm32f40_41xxx.o(.text)
    USART2_IRQHandler                        0x08000bf3   Thumb Code     0  startup_stm32f40_41xxx.o(.text)
    USART3_IRQHandler                        0x08000bf3   Thumb Code     0  startup_stm32f40_41xxx.o(.text)
    USART6_IRQHandler                        0x08000bf3   Thumb Code     0  startup_stm32f40_41xxx.o(.text)
    WWDG_IRQHandler                          0x08000bf3   Thumb Code     0  startup_stm32f40_41xxx.o(.text)
    __user_initial_stackheap                 0x08000bf5   Thumb Code     0  startup_stm32f40_41xxx.o(.text)
    NVIC_PriorityGroupConfig                 0x08000c19   Thumb Code    10  misc.o(.text)
    NVIC_Init                                0x08000c23   Thumb Code   106  misc.o(.text)
    NVIC_SetVectorTable                      0x08000c8d   Thumb Code    14  misc.o(.text)
    NVIC_SystemLPConfig                      0x08000c9b   Thumb Code    34  misc.o(.text)
    SysTick_CLKSourceConfig                  0x08000cbd   Thumb Code    40  misc.o(.text)
    GPIO_DeInit                              0x08000cf9   Thumb Code   268  stm32f4xx_gpio.o(.text)
    GPIO_Init                                0x08000e05   Thumb Code   144  stm32f4xx_gpio.o(.text)
    GPIO_StructInit                          0x08000e95   Thumb Code    18  stm32f4xx_gpio.o(.text)
    GPIO_PinLockConfig                       0x08000ea7   Thumb Code    34  stm32f4xx_gpio.o(.text)
    GPIO_ReadInputDataBit                    0x08000ec9   Thumb Code    18  stm32f4xx_gpio.o(.text)
    GPIO_ReadInputData                       0x08000edb   Thumb Code     8  stm32f4xx_gpio.o(.text)
    GPIO_ReadOutputDataBit                   0x08000ee3   Thumb Code    18  stm32f4xx_gpio.o(.text)
    GPIO_ReadOutputData                      0x08000ef5   Thumb Code     8  stm32f4xx_gpio.o(.text)
    GPIO_SetBits                             0x08000efd   Thumb Code     4  stm32f4xx_gpio.o(.text)
    GPIO_ResetBits                           0x08000f01   Thumb Code     4  stm32f4xx_gpio.o(.text)
    GPIO_WriteBit                            0x08000f05   Thumb Code    10  stm32f4xx_gpio.o(.text)
    GPIO_Write                               0x08000f0f   Thumb Code     4  stm32f4xx_gpio.o(.text)
    GPIO_ToggleBits                          0x08000f13   Thumb Code     8  stm32f4xx_gpio.o(.text)
    GPIO_PinAFConfig                         0x08000f1b   Thumb Code    70  stm32f4xx_gpio.o(.text)
    RCC_DeInit                               0x08000f8d   Thumb Code    82  stm32f4xx_rcc.o(.text)
    RCC_HSEConfig                            0x08000fdf   Thumb Code    14  stm32f4xx_rcc.o(.text)
    RCC_GetFlagStatus                        0x08000fed   Thumb Code    60  stm32f4xx_rcc.o(.text)
    RCC_WaitForHSEStartUp                    0x08001029   Thumb Code    56  stm32f4xx_rcc.o(.text)
    RCC_AdjustHSICalibrationValue            0x08001061   Thumb Code    20  stm32f4xx_rcc.o(.text)
    RCC_HSICmd                               0x08001075   Thumb Code     6  stm32f4xx_rcc.o(.text)
    RCC_LSEConfig                            0x0800107b   Thumb Code    46  stm32f4xx_rcc.o(.text)
    RCC_LSICmd                               0x080010a9   Thumb Code     6  stm32f4xx_rcc.o(.text)
    RCC_PLLConfig                            0x080010af   Thumb Code    32  stm32f4xx_rcc.o(.text)
    RCC_PLLCmd                               0x080010cf   Thumb Code     6  stm32f4xx_rcc.o(.text)
    RCC_PLLI2SConfig                         0x080010d5   Thumb Code    14  stm32f4xx_rcc.o(.text)
    RCC_PLLI2SCmd                            0x080010e3   Thumb Code     6  stm32f4xx_rcc.o(.text)
    RCC_PLLSAIConfig                         0x080010e9   Thumb Code    20  stm32f4xx_rcc.o(.text)
    RCC_PLLSAICmd                            0x080010fd   Thumb Code     6  stm32f4xx_rcc.o(.text)
    RCC_ClockSecuritySystemCmd               0x08001103   Thumb Code     6  stm32f4xx_rcc.o(.text)
    RCC_MCO1Config                           0x08001109   Thumb Code    28  stm32f4xx_rcc.o(.text)
    RCC_MCO2Config                           0x08001125   Thumb Code    28  stm32f4xx_rcc.o(.text)
    RCC_SYSCLKConfig                         0x08001141   Thumb Code    20  stm32f4xx_rcc.o(.text)
    RCC_GetSYSCLKSource                      0x08001155   Thumb Code    12  stm32f4xx_rcc.o(.text)
    RCC_HCLKConfig                           0x08001161   Thumb Code    20  stm32f4xx_rcc.o(.text)
    RCC_PCLK1Config                          0x08001175   Thumb Code    20  stm32f4xx_rcc.o(.text)
    RCC_PCLK2Config                          0x08001189   Thumb Code    22  stm32f4xx_rcc.o(.text)
    RCC_GetClocksFreq                        0x0800119f   Thumb Code   222  stm32f4xx_rcc.o(.text)
    RCC_RTCCLKConfig                         0x0800127d   Thumb Code    54  stm32f4xx_rcc.o(.text)
    RCC_RTCCLKCmd                            0x080012b3   Thumb Code     8  stm32f4xx_rcc.o(.text)
    RCC_BackupResetCmd                       0x080012bb   Thumb Code     8  stm32f4xx_rcc.o(.text)
    RCC_I2SCLKConfig                         0x080012c3   Thumb Code     6  stm32f4xx_rcc.o(.text)
    RCC_SAIPLLI2SClkDivConfig                0x080012c9   Thumb Code    26  stm32f4xx_rcc.o(.text)
    RCC_SAIPLLSAIClkDivConfig                0x080012e3   Thumb Code    28  stm32f4xx_rcc.o(.text)
    RCC_SAIBlockACLKConfig                   0x080012ff   Thumb Code    20  stm32f4xx_rcc.o(.text)
    RCC_SAIBlockBCLKConfig                   0x08001313   Thumb Code    20  stm32f4xx_rcc.o(.text)
    RCC_LTDCCLKDivConfig                     0x08001327   Thumb Code    20  stm32f4xx_rcc.o(.text)
    RCC_TIMCLKPresConfig                     0x0800133b   Thumb Code     6  stm32f4xx_rcc.o(.text)
    RCC_AHB1PeriphClockCmd                   0x08001341   Thumb Code    34  stm32f4xx_rcc.o(.text)
    RCC_AHB2PeriphClockCmd                   0x08001363   Thumb Code    78  stm32f4xx_rcc.o(.text)
    RCC_AHB3PeriphClockCmd                   0x080013b1   Thumb Code    34  stm32f4xx_rcc.o(.text)
    RCC_APB1PeriphClockCmd                   0x080013d3   Thumb Code    34  stm32f4xx_rcc.o(.text)
    RCC_APB2PeriphClockCmd                   0x080013f5   Thumb Code    34  stm32f4xx_rcc.o(.text)
    RCC_AHB1PeriphResetCmd                   0x08001417   Thumb Code    34  stm32f4xx_rcc.o(.text)
    RCC_AHB2PeriphResetCmd                   0x08001439   Thumb Code    34  stm32f4xx_rcc.o(.text)
    RCC_AHB3PeriphResetCmd                   0x0800145b   Thumb Code    34  stm32f4xx_rcc.o(.text)
    RCC_APB1PeriphResetCmd                   0x0800147d   Thumb Code    34  stm32f4xx_rcc.o(.text)
    RCC_APB2PeriphResetCmd                   0x0800149f   Thumb Code    34  stm32f4xx_rcc.o(.text)
    RCC_AHB1PeriphClockLPModeCmd             0x080014c1   Thumb Code    34  stm32f4xx_rcc.o(.text)
    RCC_AHB2PeriphClockLPModeCmd             0x080014e3   Thumb Code    34  stm32f4xx_rcc.o(.text)
    RCC_AHB3PeriphClockLPModeCmd             0x08001505   Thumb Code    34  stm32f4xx_rcc.o(.text)
    RCC_APB1PeriphClockLPModeCmd             0x08001527   Thumb Code    34  stm32f4xx_rcc.o(.text)
    RCC_APB2PeriphClockLPModeCmd             0x08001549   Thumb Code    34  stm32f4xx_rcc.o(.text)
    RCC_LSEModeConfig                        0x0800156b   Thumb Code    40  stm32f4xx_rcc.o(.text)
    RCC_ITConfig                             0x08001593   Thumb Code    34  stm32f4xx_rcc.o(.text)
    RCC_ClearFlag                            0x080015b5   Thumb Code    18  stm32f4xx_rcc.o(.text)
    RCC_GetITStatus                          0x080015c7   Thumb Code    22  stm32f4xx_rcc.o(.text)
    RCC_ClearITPendingBit                    0x080015dd   Thumb Code     8  stm32f4xx_rcc.o(.text)
    USART_DeInit                             0x080015e9   Thumb Code   206  stm32f4xx_usart.o(.text)
    USART_Init                               0x080016b7   Thumb Code   204  stm32f4xx_usart.o(.text)
    USART_StructInit                         0x08001783   Thumb Code    24  stm32f4xx_usart.o(.text)
    USART_ClockInit                          0x0800179b   Thumb Code    32  stm32f4xx_usart.o(.text)
    USART_ClockStructInit                    0x080017bb   Thumb Code    12  stm32f4xx_usart.o(.text)
    USART_Cmd                                0x080017c7   Thumb Code    24  stm32f4xx_usart.o(.text)
    USART_SetPrescaler                       0x080017df   Thumb Code    16  stm32f4xx_usart.o(.text)
    USART_OverSampling8Cmd                   0x080017ef   Thumb Code    22  stm32f4xx_usart.o(.text)
    USART_OneBitMethodCmd                    0x08001805   Thumb Code    24  stm32f4xx_usart.o(.text)
    USART_SendData                           0x0800181d   Thumb Code     8  stm32f4xx_usart.o(.text)
    USART_ReceiveData                        0x08001825   Thumb Code    10  stm32f4xx_usart.o(.text)
    USART_SetAddress                         0x0800182f   Thumb Code    18  stm32f4xx_usart.o(.text)
    USART_ReceiverWakeUpCmd                  0x08001841   Thumb Code    24  stm32f4xx_usart.o(.text)
    USART_WakeUpConfig                       0x08001859   Thumb Code    18  stm32f4xx_usart.o(.text)
    USART_LINBreakDetectLengthConfig         0x0800186b   Thumb Code    18  stm32f4xx_usart.o(.text)
    USART_LINCmd                             0x0800187d   Thumb Code    24  stm32f4xx_usart.o(.text)
    USART_SendBreak                          0x08001895   Thumb Code    10  stm32f4xx_usart.o(.text)
    USART_HalfDuplexCmd                      0x0800189f   Thumb Code    24  stm32f4xx_usart.o(.text)
    USART_SetGuardTime                       0x080018b7   Thumb Code    16  stm32f4xx_usart.o(.text)
    USART_SmartCardCmd                       0x080018c7   Thumb Code    24  stm32f4xx_usart.o(.text)
    USART_SmartCardNACKCmd                   0x080018df   Thumb Code    24  stm32f4xx_usart.o(.text)
    USART_IrDAConfig                         0x080018f7   Thumb Code    18  stm32f4xx_usart.o(.text)
    USART_IrDACmd                            0x08001909   Thumb Code    24  stm32f4xx_usart.o(.text)
    USART_DMACmd                             0x08001921   Thumb Code    18  stm32f4xx_usart.o(.text)
    USART_ITConfig                           0x08001933   Thumb Code    74  stm32f4xx_usart.o(.text)
    USART_GetFlagStatus                      0x0800197d   Thumb Code    26  stm32f4xx_usart.o(.text)
    USART_ClearFlag                          0x08001997   Thumb Code    18  stm32f4xx_usart.o(.text)
    USART_GetITStatus                        0x080019a9   Thumb Code   118  stm32f4xx_usart.o(.text)
    USART_ClearITPendingBit                  0x08001a1f   Thumb Code    30  stm32f4xx_usart.o(.text)
    SPI_I2S_DeInit                           0x08001a3d   Thumb Code   152  stm32f4xx_spi.o(.text)
    SPI_Init                                 0x08001ad5   Thumb Code    60  stm32f4xx_spi.o(.text)
    I2S_Init                                 0x08001b11   Thumb Code   396  stm32f4xx_spi.o(.text)
    SPI_StructInit                           0x08001c9d   Thumb Code    24  stm32f4xx_spi.o(.text)
    I2S_StructInit                           0x08001cb5   Thumb Code    20  stm32f4xx_spi.o(.text)
    SPI_Cmd                                  0x08001cc9   Thumb Code    24  stm32f4xx_spi.o(.text)
    I2S_Cmd                                  0x08001ce1   Thumb Code    24  stm32f4xx_spi.o(.text)
    SPI_DataSizeConfig                       0x08001cf9   Thumb Code    18  stm32f4xx_spi.o(.text)
    SPI_BiDirectionalLineConfig              0x08001d0b   Thumb Code    28  stm32f4xx_spi.o(.text)
    SPI_NSSInternalSoftwareConfig            0x08001d27   Thumb Code    30  stm32f4xx_spi.o(.text)
    SPI_SSOutputCmd                          0x08001d45   Thumb Code    24  stm32f4xx_spi.o(.text)
    SPI_TIModeCmd                            0x08001d5d   Thumb Code    24  stm32f4xx_spi.o(.text)
    I2S_FullDuplexConfig                     0x08001d75   Thumb Code    80  stm32f4xx_spi.o(.text)
    SPI_I2S_ReceiveData                      0x08001dc5   Thumb Code     6  stm32f4xx_spi.o(.text)
    SPI_I2S_SendData                         0x08001dcb   Thumb Code     4  stm32f4xx_spi.o(.text)
    SPI_CalculateCRC                         0x08001dcf   Thumb Code    24  stm32f4xx_spi.o(.text)
    SPI_TransmitCRC                          0x08001de7   Thumb Code    10  stm32f4xx_spi.o(.text)
    SPI_GetCRC                               0x08001df1   Thumb Code    16  stm32f4xx_spi.o(.text)
    SPI_GetCRCPolynomial                     0x08001e01   Thumb Code     6  stm32f4xx_spi.o(.text)
    SPI_I2S_DMACmd                           0x08001e07   Thumb Code    18  stm32f4xx_spi.o(.text)
    SPI_I2S_ITConfig                         0x08001e19   Thumb Code    68  stm32f4xx_spi.o(.text)
    SPI_I2S_GetFlagStatus                    0x08001e5d   Thumb Code    18  stm32f4xx_spi.o(.text)
    SPI_I2S_ClearFlag                        0x08001e6f   Thumb Code     6  stm32f4xx_spi.o(.text)
    SPI_I2S_GetITStatus                      0x08001e75   Thumb Code    52  stm32f4xx_spi.o(.text)
    SPI_I2S_ClearITPendingBit                0x08001ea9   Thumb Code    20  stm32f4xx_spi.o(.text)
    TIM_DeInit                               0x08001ebd   Thumb Code   346  stm32f4xx_tim.o(.text)
    TIM_TimeBaseInit                         0x08002017   Thumb Code   104  stm32f4xx_tim.o(.text)
    TIM_TimeBaseStructInit                   0x0800207f   Thumb Code    18  stm32f4xx_tim.o(.text)
    TIM_PrescalerConfig                      0x08002091   Thumb Code     6  stm32f4xx_tim.o(.text)
    TIM_CounterModeConfig                    0x08002097   Thumb Code    18  stm32f4xx_tim.o(.text)
    TIM_SetCounter                           0x080020a9   Thumb Code     4  stm32f4xx_tim.o(.text)
    TIM_SetAutoreload                        0x080020ad   Thumb Code     4  stm32f4xx_tim.o(.text)
    TIM_GetCounter                           0x080020b1   Thumb Code     6  stm32f4xx_tim.o(.text)
    TIM_GetPrescaler                         0x080020b7   Thumb Code     6  stm32f4xx_tim.o(.text)
    TIM_UpdateDisableConfig                  0x080020bd   Thumb Code    24  stm32f4xx_tim.o(.text)
    TIM_UpdateRequestConfig                  0x080020d5   Thumb Code    24  stm32f4xx_tim.o(.text)
    TIM_ARRPreloadConfig                     0x080020ed   Thumb Code    24  stm32f4xx_tim.o(.text)
    TIM_SelectOnePulseMode                   0x08002105   Thumb Code    18  stm32f4xx_tim.o(.text)
    TIM_SetClockDivision                     0x08002117   Thumb Code    18  stm32f4xx_tim.o(.text)
    TIM_Cmd                                  0x08002129   Thumb Code    24  stm32f4xx_tim.o(.text)
    TIM_OC1Init                              0x08002141   Thumb Code   114  stm32f4xx_tim.o(.text)
    TIM_OC2Init                              0x080021b3   Thumb Code   154  stm32f4xx_tim.o(.text)
    TIM_OC3Init                              0x0800224d   Thumb Code   204  stm32f4xx_tim.o(.text)
    TIM_OC4Init                              0x08002319   Thumb Code   112  stm32f4xx_tim.o(.text)
    TIM_OCStructInit                         0x08002389   Thumb Code    20  stm32f4xx_tim.o(.text)
    TIM_SelectOCxM                           0x0800239d   Thumb Code    86  stm32f4xx_tim.o(.text)
    TIM_SetCompare1                          0x080023f3   Thumb Code     4  stm32f4xx_tim.o(.text)
    TIM_SetCompare2                          0x080023f7   Thumb Code     4  stm32f4xx_tim.o(.text)
    TIM_SetCompare3                          0x080023fb   Thumb Code     4  stm32f4xx_tim.o(.text)
    TIM_SetCompare4                          0x080023ff   Thumb Code     4  stm32f4xx_tim.o(.text)
    TIM_ForcedOC1Config                      0x08002403   Thumb Code    18  stm32f4xx_tim.o(.text)
    TIM_ForcedOC2Config                      0x08002415   Thumb Code    26  stm32f4xx_tim.o(.text)
    TIM_ForcedOC3Config                      0x0800242f   Thumb Code    18  stm32f4xx_tim.o(.text)
    TIM_ForcedOC4Config                      0x08002441   Thumb Code    26  stm32f4xx_tim.o(.text)
    TIM_OC1PreloadConfig                     0x0800245b   Thumb Code    18  stm32f4xx_tim.o(.text)
    TIM_OC2PreloadConfig                     0x0800246d   Thumb Code    26  stm32f4xx_tim.o(.text)
    TIM_OC3PreloadConfig                     0x08002487   Thumb Code    18  stm32f4xx_tim.o(.text)
    TIM_OC4PreloadConfig                     0x08002499   Thumb Code    26  stm32f4xx_tim.o(.text)
    TIM_OC1FastConfig                        0x080024b3   Thumb Code    18  stm32f4xx_tim.o(.text)
    TIM_OC2FastConfig                        0x080024c5   Thumb Code    26  stm32f4xx_tim.o(.text)
    TIM_OC3FastConfig                        0x080024df   Thumb Code    18  stm32f4xx_tim.o(.text)
    TIM_OC4FastConfig                        0x080024f1   Thumb Code    26  stm32f4xx_tim.o(.text)
    TIM_ClearOC1Ref                          0x0800250b   Thumb Code    18  stm32f4xx_tim.o(.text)
    TIM_ClearOC2Ref                          0x0800251d   Thumb Code    24  stm32f4xx_tim.o(.text)
    TIM_ClearOC3Ref                          0x08002535   Thumb Code    18  stm32f4xx_tim.o(.text)
    TIM_ClearOC4Ref                          0x08002547   Thumb Code    24  stm32f4xx_tim.o(.text)
    TIM_OC1PolarityConfig                    0x0800255f   Thumb Code    18  stm32f4xx_tim.o(.text)
    TIM_OC1NPolarityConfig                   0x08002571   Thumb Code    18  stm32f4xx_tim.o(.text)
    TIM_OC2PolarityConfig                    0x08002583   Thumb Code    26  stm32f4xx_tim.o(.text)
    TIM_OC2NPolarityConfig                   0x0800259d   Thumb Code    26  stm32f4xx_tim.o(.text)
    TIM_OC3PolarityConfig                    0x080025b7   Thumb Code    26  stm32f4xx_tim.o(.text)
    TIM_OC3NPolarityConfig                   0x080025d1   Thumb Code    26  stm32f4xx_tim.o(.text)
    TIM_OC4PolarityConfig                    0x080025eb   Thumb Code    26  stm32f4xx_tim.o(.text)
    TIM_CCxCmd                               0x08002605   Thumb Code    30  stm32f4xx_tim.o(.text)
    TIM_CCxNCmd                              0x08002623   Thumb Code    30  stm32f4xx_tim.o(.text)
    TIM_SetIC4Prescaler                      0x08002641   Thumb Code    26  stm32f4xx_tim.o(.text)
    TIM_SetIC3Prescaler                      0x080026ab   Thumb Code    18  stm32f4xx_tim.o(.text)
    TIM_SetIC2Prescaler                      0x08002705   Thumb Code    26  stm32f4xx_tim.o(.text)
    TIM_SetIC1Prescaler                      0x08002779   Thumb Code    18  stm32f4xx_tim.o(.text)
    TIM_ICInit                               0x080027c5   Thumb Code   110  stm32f4xx_tim.o(.text)
    TIM_ICStructInit                         0x08002833   Thumb Code    18  stm32f4xx_tim.o(.text)
    TIM_PWMIConfig                           0x08002845   Thumb Code   124  stm32f4xx_tim.o(.text)
    TIM_GetCapture1                          0x080028c1   Thumb Code     6  stm32f4xx_tim.o(.text)
    TIM_GetCapture2                          0x080028c7   Thumb Code     6  stm32f4xx_tim.o(.text)
    TIM_GetCapture3                          0x080028cd   Thumb Code     6  stm32f4xx_tim.o(.text)
    TIM_GetCapture4                          0x080028d3   Thumb Code     6  stm32f4xx_tim.o(.text)
    TIM_BDTRConfig                           0x080028d9   Thumb Code    32  stm32f4xx_tim.o(.text)
    TIM_BDTRStructInit                       0x080028f9   Thumb Code    18  stm32f4xx_tim.o(.text)
    TIM_CtrlPWMOutputs                       0x0800290b   Thumb Code    30  stm32f4xx_tim.o(.text)
    TIM_SelectCOM                            0x08002929   Thumb Code    24  stm32f4xx_tim.o(.text)
    TIM_CCPreloadControl                     0x08002941   Thumb Code    24  stm32f4xx_tim.o(.text)
    TIM_ITConfig                             0x08002959   Thumb Code    18  stm32f4xx_tim.o(.text)
    TIM_GenerateEvent                        0x0800296b   Thumb Code     4  stm32f4xx_tim.o(.text)
    TIM_GetFlagStatus                        0x0800296f   Thumb Code    18  stm32f4xx_tim.o(.text)
    TIM_ClearFlag                            0x08002981   Thumb Code     6  stm32f4xx_tim.o(.text)
    TIM_GetITStatus                          0x08002987   Thumb Code    34  stm32f4xx_tim.o(.text)
    TIM_ClearITPendingBit                    0x080029a9   Thumb Code     6  stm32f4xx_tim.o(.text)
    TIM_DMAConfig                            0x080029af   Thumb Code    10  stm32f4xx_tim.o(.text)
    TIM_DMACmd                               0x080029b9   Thumb Code    18  stm32f4xx_tim.o(.text)
    TIM_SelectCCDMA                          0x080029cb   Thumb Code    24  stm32f4xx_tim.o(.text)
    TIM_InternalClockConfig                  0x080029e3   Thumb Code    12  stm32f4xx_tim.o(.text)
    TIM_SelectInputTrigger                   0x080029ef   Thumb Code    18  stm32f4xx_tim.o(.text)
    TIM_ITRxExternalClockConfig              0x08002a01   Thumb Code    24  stm32f4xx_tim.o(.text)
    TIM_TIxExternalClockConfig               0x08002a19   Thumb Code    62  stm32f4xx_tim.o(.text)
    TIM_ETRConfig                            0x08002a57   Thumb Code    28  stm32f4xx_tim.o(.text)
    TIM_ETRClockMode1Config                  0x08002a73   Thumb Code    54  stm32f4xx_tim.o(.text)
    TIM_ETRClockMode2Config                  0x08002aa9   Thumb Code    32  stm32f4xx_tim.o(.text)
    TIM_SelectOutputTrigger                  0x08002ac9   Thumb Code    18  stm32f4xx_tim.o(.text)
    TIM_SelectSlaveMode                      0x08002adb   Thumb Code    18  stm32f4xx_tim.o(.text)
    TIM_SelectMasterSlaveMode                0x08002aed   Thumb Code    18  stm32f4xx_tim.o(.text)
    TIM_EncoderInterfaceConfig               0x08002aff   Thumb Code    66  stm32f4xx_tim.o(.text)
    TIM_SelectHallSensor                     0x08002b41   Thumb Code    24  stm32f4xx_tim.o(.text)
    TIM_RemapConfig                          0x08002b59   Thumb Code     6  stm32f4xx_tim.o(.text)
    OS_TaskStatStkChk                        0x08002b61   Thumb Code    54  os_core.o(.text)
    OS_TaskStat                              0x08002b97   Thumb Code   116  os_core.o(.text)
    OS_TaskIdle                              0x08002c3f   Thumb Code    34  os_core.o(.text)
    OS_MemClr                                0x08002c95   Thumb Code    18  os_core.o(.text)
    OSInit                                   0x08002db3   Thumb Code    44  os_core.o(.text)
    OSIntEnter                               0x08002ddf   Thumb Code    28  os_core.o(.text)
    OSIntExit                                0x08002e15   Thumb Code   112  os_core.o(.text)
    OSSchedLock                              0x08002e85   Thumb Code    50  os_core.o(.text)
    OS_Sched                                 0x08002eb7   Thumb Code    88  os_core.o(.text)
    OSSchedUnlock                            0x08002f0f   Thumb Code   238  os_core.o(.text)
    OSStart                                  0x08002ffd   Thumb Code    48  os_core.o(.text)
    OSStatInit                               0x0800302d   Thumb Code    62  os_core.o(.text)
    OSTimeTick                               0x0800306b   Thumb Code   210  os_core.o(.text)
    OSVersion                                0x0800313d   Thumb Code     6  os_core.o(.text)
    OS_Dummy                                 0x08003143   Thumb Code     2  os_core.o(.text)
    OS_EventTaskRemove                       0x08003145   Thumb Code    42  os_core.o(.text)
    OS_EventTaskRdy                          0x0800316f   Thumb Code   114  os_core.o(.text)
    OS_EventTaskWait                         0x080031e1   Thumb Code   112  os_core.o(.text)
    OS_EventWaitListInit                     0x08003251   Thumb Code    28  os_core.o(.text)
    OS_MemCopy                               0x0800326d   Thumb Code    20  os_core.o(.text)
    OS_StrLen                                0x08003281   Thumb Code    20  os_core.o(.text)
    OS_TCBInit                               0x08003295   Thumb Code   280  os_core.o(.text)
    OSFlagAccept                             0x080033f1   Thumb Code   252  os_flag.o(.text)
    OSFlagCreate                             0x080034ed   Thumb Code    86  os_flag.o(.text)
    OS_FlagUnlink                            0x08003543   Thumb Code    36  os_flag.o(.text)
    OSFlagDel                                0x080035b9   Thumb Code   214  os_flag.o(.text)
    OSFlagNameGet                            0x0800368f   Thumb Code    80  os_flag.o(.text)
    OSFlagNameSet                            0x080036df   Thumb Code    66  os_flag.o(.text)
    OSFlagPend                               0x080037b9   Thumb Code   614  os_flag.o(.text)
    OSFlagPendGetFlagsRdy                    0x08003a1f   Thumb Code    26  os_flag.o(.text)
    OSFlagPost                               0x08003a39   Thumb Code   312  os_flag.o(.text)
    OSFlagQuery                              0x08003b71   Thumb Code    48  os_flag.o(.text)
    OS_FlagInit                              0x08003ba1   Thumb Code    78  os_flag.o(.text)
    OSQAccept                                0x08003bfd   Thumb Code    88  os_q.o(.text)
    OSQCreate                                0x08003c55   Thumb Code   140  os_q.o(.text)
    OSQDel                                   0x08003ce1   Thumb Code   236  os_q.o(.text)
    OSQFlush                                 0x08003dcd   Thumb Code    36  os_q.o(.text)
    OSQPend                                  0x08003df1   Thumb Code   272  os_q.o(.text)
    OSQPendAbort                             0x08003f01   Thumb Code   128  os_q.o(.text)
    OSQPost                                  0x08003f81   Thumb Code   114  os_q.o(.text)
    OSQPostFront                             0x08003ff3   Thumb Code   136  os_q.o(.text)
    OSQPostOpt                               0x0800407b   Thumb Code   182  os_q.o(.text)
    OSQQuery                                 0x08004131   Thumb Code    98  os_q.o(.text)
    OS_QInit                                 0x08004193   Thumb Code    72  os_q.o(.text)
    OSTaskChangePrio                         0x080041e5   Thumb Code   308  os_task.o(.text)
    OSTaskCreate                             0x08004319   Thumb Code   148  os_task.o(.text)
    OS_TaskStkClr                            0x080043ad   Thumb Code    26  os_task.o(.text)
    OSTaskCreateExt                          0x080043c7   Thumb Code   170  os_task.o(.text)
    OSTaskDel                                0x08004471   Thumb Code   294  os_task.o(.text)
    OSTaskDelReq                             0x08004597   Thumb Code   144  os_task.o(.text)
    OSTaskNameGet                            0x08004627   Thumb Code   114  os_task.o(.text)
    OSTaskNameSet                            0x08004699   Thumb Code    98  os_task.o(.text)
    OSTaskResume                             0x080046fb   Thumb Code   154  os_task.o(.text)
    OSTaskStkChk                             0x08004795   Thumb Code   132  os_task.o(.text)
    OSTaskSuspend                            0x08004819   Thumb Code   152  os_task.o(.text)
    OSTaskQuery                              0x080048b1   Thumb Code    82  os_task.o(.text)
    OSTaskRegGet                             0x08004903   Thumb Code    60  os_task.o(.text)
    OSTaskRegSet                             0x0800493f   Thumb Code    62  os_task.o(.text)
    OS_TaskReturn                            0x0800497d   Thumb Code    18  os_task.o(.text)
    OSTimeDly                                0x080049a9   Thumb Code   100  os_time.o(.text)
    OSTimeDlyHMSM                            0x08004a0d   Thumb Code    86  os_time.o(.text)
    OSTimeDlyResume                          0x08004a63   Thumb Code   168  os_time.o(.text)
    OSTimeGet                                0x08004b0b   Thumb Code    24  os_time.o(.text)
    OSTimeSet                                0x08004b23   Thumb Code    24  os_time.o(.text)
    OSInitHookBegin                          0x08004b59   Thumb Code     2  os_cpu_c.o(.text)
    OSInitHookEnd                            0x08004b5b   Thumb Code     2  os_cpu_c.o(.text)
    OSTaskCreateHook                         0x08004b5d   Thumb Code     2  os_cpu_c.o(.text)
    OSTaskDelHook                            0x08004b5f   Thumb Code     2  os_cpu_c.o(.text)
    OSTaskIdleHook                           0x08004b61   Thumb Code     2  os_cpu_c.o(.text)
    OSTaskStatHook                           0x08004b63   Thumb Code     2  os_cpu_c.o(.text)
    OSTaskStkInit                            0x08004b65   Thumb Code   426  os_cpu_c.o(.text)
    OSTaskSwHook                             0x08004d0f   Thumb Code     2  os_cpu_c.o(.text)
    OSTCBInitHook                            0x08004d11   Thumb Code     2  os_cpu_c.o(.text)
    OSTimeTickHook                           0x08004d13   Thumb Code     2  os_cpu_c.o(.text)
    OSTaskReturnHook                         0x08004d15   Thumb Code     2  os_cpu_c.o(.text)
    OS_CPU_SR_Save                           0x08004d1d   Thumb Code     0  os_cpu_a.o(.text)
    OS_CPU_SR_Restore                        0x08004d25   Thumb Code     0  os_cpu_a.o(.text)
    OSStartHighRdy                           0x08004d2b   Thumb Code     0  os_cpu_a.o(.text)
    OSCtxSw                                  0x08004d4f   Thumb Code     0  os_cpu_a.o(.text)
    OSIntCtxSw                               0x08004d5d   Thumb Code     0  os_cpu_a.o(.text)
    PendSV_Handler                           0x08004d6d   Thumb Code     0  os_cpu_a.o(.text)
    debug_usart_init                         0x08004de5   Thumb Code    12  wiz_platform.o(.text)
    wiz_timer_init                           0x08004df1   Thumb Code    14  wiz_platform.o(.text)
    wiz_spi_init                             0x08004dff   Thumb Code    72  wiz_platform.o(.text)
    wiz_rst_int_init                         0x08004e47   Thumb Code    80  wiz_platform.o(.text)
    delay_s                                  0x08004e97   Thumb Code    24  wiz_platform.o(.text)
    wizchip_select                           0x08004eaf   Thumb Code    12  wiz_platform.o(.text)
    wizchip_deselect                         0x08004ebb   Thumb Code    12  wiz_platform.o(.text)
    wizchip_write_byte                       0x08004ec7   Thumb Code    12  wiz_platform.o(.text)
    wizchip_read_byte                        0x08004ed3   Thumb Code    10  wiz_platform.o(.text)
    wizchip_write_buff                       0x08004edd   Thumb Code    28  wiz_platform.o(.text)
    wizchip_read_buff                        0x08004ef9   Thumb Code    28  wiz_platform.o(.text)
    wizchip_reset                            0x08004f15   Thumb Code    46  wiz_platform.o(.text)
    wizchip_spi_cb_reg                       0x08004f43   Thumb Code    40  wiz_platform.o(.text)
    TIM3_IRQHandler                          0x08004f6b   Thumb Code    54  wiz_platform.o(.text)
    wizchip_version_check                    0x08004fad   Thumb Code    70  wiz_interface.o(.text)
    wiz_print_phy_info                       0x08004ff3   Thumb Code    54  wiz_interface.o(.text)
    wiz_phy_link_check                       0x08005029   Thumb Code    56  wiz_interface.o(.text)
    wizchip_initialize                       0x08005061   Thumb Code    20  wiz_interface.o(.text)
    print_network_information                0x08005075   Thumb Code   190  wiz_interface.o(.text)
    network_init                             0x080051c5   Thumb Code    46  wiz_interface.o(.text)
    close                                    0x080053ad   Thumb Code   142  socket.o(.text)
    socket                                   0x0800543b   Thumb Code   384  socket.o(.text)
    listen                                   0x080055bb   Thumb Code   158  socket.o(.text)
    connect                                  0x08005659   Thumb Code   342  socket.o(.text)
    disconnect                               0x080057af   Thumb Code   202  socket.o(.text)
    send                                     0x08005879   Thumb Code   374  socket.o(.text)
    recv                                     0x080059ef   Thumb Code   282  socket.o(.text)
    sendto                                   0x08005b09   Thumb Code   530  socket.o(.text)
    recvfrom                                 0x08005d1b   Thumb Code   768  socket.o(.text)
    ctlsocket                                0x0800601b   Thumb Code   308  socket.o(.text)
    setsockopt                               0x0800614f   Thumb Code   398  socket.o(.text)
    getsockopt                               0x080062dd   Thumb Code   408  socket.o(.text)
    wizchip_cris_enter                       0x08006479   Thumb Code     2  wizchip_conf.o(.text)
    wizchip_cris_exit                        0x0800647b   Thumb Code     2  wizchip_conf.o(.text)
    wizchip_cs_select                        0x0800647d   Thumb Code     2  wizchip_conf.o(.text)
    wizchip_cs_deselect                      0x0800647f   Thumb Code     2  wizchip_conf.o(.text)
    wizchip_bus_readdata                     0x08006481   Thumb Code     6  wizchip_conf.o(.text)
    wizchip_bus_writedata                    0x08006487   Thumb Code     4  wizchip_conf.o(.text)
    wizchip_spi_readbyte                     0x0800648b   Thumb Code     4  wizchip_conf.o(.text)
    wizchip_spi_writebyte                    0x0800648f   Thumb Code     2  wizchip_conf.o(.text)
    wizchip_spi_readburst                    0x08006491   Thumb Code     2  wizchip_conf.o(.text)
    wizchip_spi_writeburst                   0x08006493   Thumb Code     2  wizchip_conf.o(.text)
    reg_wizchip_cris_cbfunc                  0x08006495   Thumb Code    30  wizchip_conf.o(.text)
    reg_wizchip_cs_cbfunc                    0x080064b3   Thumb Code    30  wizchip_conf.o(.text)
    reg_wizchip_bus_cbfunc                   0x080064d1   Thumb Code    44  wizchip_conf.o(.text)
    reg_wizchip_spi_cbfunc                   0x080064fd   Thumb Code    44  wizchip_conf.o(.text)
    reg_wizchip_spiburst_cbfunc              0x08006529   Thumb Code    42  wizchip_conf.o(.text)
    wizphy_getphylink                        0x08006553   Thumb Code    24  wizchip_conf.o(.text)
    wizphy_getphypmode                       0x0800656b   Thumb Code    30  wizchip_conf.o(.text)
    wizphy_reset                             0x08006589   Thumb Code    52  wizchip_conf.o(.text)
    wizphy_setphypmode                       0x080065bd   Thumb Code   100  wizchip_conf.o(.text)
    wizphy_getphyconf                        0x08006621   Thumb Code   120  wizchip_conf.o(.text)
    wizphy_setphyconf                        0x08006699   Thumb Code    88  wizchip_conf.o(.text)
    wizchip_getinterruptmask                 0x080066f1   Thumb Code    40  wizchip_conf.o(.text)
    wizchip_setinterruptmask                 0x08006719   Thumb Code    30  wizchip_conf.o(.text)
    wizchip_getinterrupt                     0x08006737   Thumb Code    42  wizchip_conf.o(.text)
    wizchip_clrinterrupt                     0x08006761   Thumb Code    60  wizchip_conf.o(.text)
    wizchip_sw_reset                         0x0800679d   Thumb Code   114  wizchip_conf.o(.text)
    wizchip_init                             0x0800680f   Thumb Code   148  wizchip_conf.o(.text)
    ctlwizchip                               0x080068a3   Thumb Code   282  wizchip_conf.o(.text)
    wizchip_gettimeout                       0x080069bd   Thumb Code    40  wizchip_conf.o(.text)
    wizchip_settimeout                       0x080069e5   Thumb Code    38  wizchip_conf.o(.text)
    wizchip_getnetmode                       0x08006a0b   Thumb Code    10  wizchip_conf.o(.text)
    wizchip_setnetmode                       0x08006a15   Thumb Code    38  wizchip_conf.o(.text)
    wizchip_getnetinfo                       0x08006a3b   Thumb Code    82  wizchip_conf.o(.text)
    wizchip_setnetinfo                       0x08006a8d   Thumb Code    80  wizchip_conf.o(.text)
    ctlnetwork                               0x08006add   Thumb Code    80  wizchip_conf.o(.text)
    wizphy_getphystat                        0x08006b2d   Thumb Code    28  wizchip_conf.o(.text)
    WIZCHIP_READ                             0x08006b55   Thumb Code   112  w5500.o(.text)
    WIZCHIP_WRITE                            0x08006bc5   Thumb Code   112  w5500.o(.text)
    WIZCHIP_READ_BUF                         0x08006c35   Thumb Code   136  w5500.o(.text)
    WIZCHIP_WRITE_BUF                        0x08006cbd   Thumb Code   132  w5500.o(.text)
    getSn_TX_FSR                             0x08006d41   Thumb Code   108  w5500.o(.text)
    getSn_RX_RSR                             0x08006dad   Thumb Code   108  w5500.o(.text)
    wiz_send_data                            0x08006e19   Thumb Code   132  w5500.o(.text)
    wiz_recv_data                            0x08006e9d   Thumb Code   132  w5500.o(.text)
    wiz_recv_ignore                          0x08006f21   Thumb Code   110  w5500.o(.text)
    default_ip_assign                        0x08006f91   Thumb Code    38  dhcp.o(.text)
    default_ip_update                        0x08006fb7   Thumb Code    34  dhcp.o(.text)
    default_ip_conflict                      0x08006fd9   Thumb Code    30  dhcp.o(.text)
    reg_dhcp_cbfunc                          0x08006ff7   Thumb Code    46  dhcp.o(.text)
    makeDHCPMSG                              0x08007025   Thumb Code   386  dhcp.o(.text)
    NibbleToHex                              0x080071a7   Thumb Code    26  dhcp.o(.text)
    send_DHCP_DISCOVER                       0x080071c1   Thumb Code   688  dhcp.o(.text)
    send_DHCP_REQUEST                        0x08007471   Thumb Code  1000  dhcp.o(.text)
    send_DHCP_DECLINE                        0x08007859   Thumb Code   492  dhcp.o(.text)
    parseDHCPMSG                             0x08007a45   Thumb Code   636  dhcp.o(.text)
    reset_DHCP_timeout                       0x08007cc1   Thumb Code    20  dhcp.o(.text)
    check_DHCP_timeout                       0x08007cd5   Thumb Code   154  dhcp.o(.text)
    check_DHCP_leasedIP                      0x08007d6f   Thumb Code    88  dhcp.o(.text)
    DHCP_run                                 0x08007dc7   Thumb Code   424  dhcp.o(.text)
    DHCP_stop                                0x08007f6f   Thumb Code    18  dhcp.o(.text)
    DHCP_init                                0x08007f81   Thumb Code   294  dhcp.o(.text)
    DHCP_time_handler                        0x080080a7   Thumb Code    12  dhcp.o(.text)
    getIPfromDHCP                            0x080080b3   Thumb Code    26  dhcp.o(.text)
    getGWfromDHCP                            0x080080cd   Thumb Code    26  dhcp.o(.text)
    getSNfromDHCP                            0x080080e7   Thumb Code    26  dhcp.o(.text)
    getDNSfromDHCP                           0x08008101   Thumb Code    26  dhcp.o(.text)
    getDHCPLeasetime                         0x0800811b   Thumb Code     6  dhcp.o(.text)
    tcp_srv_single_init                      0x080081eb   Thumb Code    90  modtcpbsp.o(.text)
    tcp_srv_single_close                     0x08008245   Thumb Code    84  modtcpbsp.o(.text)
    tcp_srv_single_deinit                    0x08008299   Thumb Code     8  modtcpbsp.o(.text)
    tcp_srv_single_poll                      0x080082a1   Thumb Code   196  modtcpbsp.o(.text)
    tcp_srv_single_peek                      0x08008365   Thumb Code    34  modtcpbsp.o(.text)
    tcp_srv_single_read                      0x08008387   Thumb Code   110  modtcpbsp.o(.text)
    tcp_srv_single_send                      0x080083f5   Thumb Code    72  modtcpbsp.o(.text)
    tcp_srv_single_set_keepalive             0x0800843d   Thumb Code    22  modtcpbsp.o(.text)
    tcp_srv_single_link_state                0x08008453   Thumb Code    30  modtcpbsp.o(.text)
    tcp_srv_single_is_connected              0x08008471   Thumb Code     8  modtcpbsp.o(.text)
    tcp_srv_single_get_client_sn             0x08008479   Thumb Code     8  modtcpbsp.o(.text)
    tcp_srv_single_get_rx_buffer_usage       0x08008481   Thumb Code     8  modtcpbsp.o(.text)
    tcp_srv_single_get_rx_buffer_size        0x08008489   Thumb Code     6  modtcpbsp.o(.text)
    vMBUserRegInit                           0x080084a5   Thumb Code    22  mb_user_reg.o(.text)
    eMBRegHoldingCB                          0x080084bb   Thumb Code   148  mb_user_reg.o(.text)
    eMBRegInputCB                            0x0800854f   Thumb Code     6  mb_user_reg.o(.text)
    eMBRegCoilsCB                            0x08008555   Thumb Code     8  mb_user_reg.o(.text)
    eMBRegDiscreteCB                         0x0800855d   Thumb Code     6  mb_user_reg.o(.text)
    eMBInit                                  0x08008571   Thumb Code    72  mb.o(.text)
    eMBTCPInit                               0x080085b9   Thumb Code    86  mb.o(.text)
    eMBRegisterCB                            0x0800860f   Thumb Code   138  mb.o(.text)
    eMBClose                                 0x08008699   Thumb Code    32  mb.o(.text)
    eMBEnable                                0x080086b9   Thumb Code    32  mb.o(.text)
    eMBDisable                               0x080086d9   Thumb Code    42  mb.o(.text)
    eMBPoll                                  0x08008703   Thumb Code   258  mb.o(.text)
    eMBFuncReadCoils                         0x0800884d   Thumb Code   174  mbfunccoils.o(.text)
    eMBFuncWriteCoil                         0x080088fb   Thumb Code   112  mbfunccoils.o(.text)
    eMBFuncWriteMultipleCoils                0x0800896b   Thumb Code   144  mbfunccoils.o(.text)
    eMBFuncReadDiscreteInputs                0x080089fb   Thumb Code   172  mbfuncdisc.o(.text)
    eMBFuncWriteHoldingRegister              0x08008aa7   Thumb Code    66  mbfuncholding.o(.text)
    eMBFuncWriteMultipleHoldingRegister      0x08008ae9   Thumb Code   110  mbfuncholding.o(.text)
    eMBFuncReadHoldingRegister               0x08008b57   Thumb Code   142  mbfuncholding.o(.text)
    eMBFuncReadWriteMultipleHoldingRegister  0x08008be5   Thumb Code   212  mbfuncholding.o(.text)
    eMBFuncReadInputRegister                 0x08008cb9   Thumb Code   140  mbfuncinput.o(.text)
    eMBSetSlaveID                            0x08008d45   Thumb Code   110  mbfuncother.o(.text)
    eMBFuncReportSlaveID                     0x08008db3   Thumb Code    30  mbfuncother.o(.text)
    xMBUtilSetBits                           0x08008dd9   Thumb Code    96  mbutils.o(.text)
    xMBUtilGetBits                           0x08008e39   Thumb Code    42  mbutils.o(.text)
    prveMBError2Exception                    0x08008e63   Thumb Code    34  mbutils.o(.text)
    eMBTCPDoInit                             0x08008e85   Thumb Code    20  mbtcp.o(.text)
    eMBTCPStart                              0x08008e99   Thumb Code     2  mbtcp.o(.text)
    eMBTCPStop                               0x08008e9b   Thumb Code     8  mbtcp.o(.text)
    eMBTCPReceive                            0x08008ea3   Thumb Code    72  mbtcp.o(.text)
    eMBTCPSend                               0x08008eeb   Thumb Code    48  mbtcp.o(.text)
    xMBPortEventInit                         0x08008f1d   Thumb Code    10  portevent.o(.text)
    xMBPortEventPost                         0x08008f27   Thumb Code    16  portevent.o(.text)
    xMBPortEventGet                          0x08008f37   Thumb Code    36  portevent.o(.text)
    ExitCriticalSection                      0x08008f65   Thumb Code     4  porttcp.o(.text)
    EnterCriticalSection                     0x08008f69   Thumb Code     4  porttcp.o(.text)
    xMBTCPPortInit                           0x080092c7   Thumb Code    84  porttcp.o(.text)
    vMBTCPPortClose                          0x0800931b   Thumb Code    30  porttcp.o(.text)
    vMBTCPPortDisable                        0x08009339   Thumb Code    30  porttcp.o(.text)
    vMBPortTCPPool                           0x08009357   Thumb Code   518  porttcp.o(.text)
    xMBTCPPortGetRequest                     0x0800955d   Thumb Code    40  porttcp.o(.text)
    xMBTCPPortSendResponse                   0x08009585   Thumb Code    38  porttcp.o(.text)
    xMBPortTCPPool                           0x080095ab   Thumb Code     8  porttcp.o(.text)
    __use_no_semihosting                     0x080095d1   Thumb Code     2  use_no_semi_2.o(.text)
    __2printf                                0x080095d5   Thumb Code    20  noretval__2printf.o(.text)
    _printf_pre_padding                      0x080095ed   Thumb Code    44  _printf_pad.o(.text)
    _printf_post_padding                     0x08009619   Thumb Code    34  _printf_pad.o(.text)
    _printf_str                              0x0800963b   Thumb Code    82  _printf_str.o(.text)
    _printf_int_dec                          0x0800968d   Thumb Code   104  _printf_dec.o(.text)
    _printf_int_hex                          0x08009705   Thumb Code    84  _printf_hex_int.o(.text)
    _printf_longlong_hex                     0x08009705   Thumb Code     0  _printf_hex_int.o(.text)
    __printf                                 0x0800975d   Thumb Code   388  __printf_flags_ss_wp.o(.text)
    __aeabi_memcpy                           0x080098e5   Thumb Code     0  rt_memcpy_v6.o(.text)
    __rt_memcpy                              0x080098e5   Thumb Code   138  rt_memcpy_v6.o(.text)
    _memcpy_lastbytes                        0x0800994b   Thumb Code     0  rt_memcpy_v6.o(.text)
    __aeabi_memmove                          0x0800996f   Thumb Code     0  rt_memmove_v6.o(.text)
    __rt_memmove                             0x0800996f   Thumb Code   132  rt_memmove_v6.o(.text)
    __memmove_lastfew                        0x080099cf   Thumb Code     0  rt_memmove_v6.o(.text)
    __aeabi_memclr                           0x080099f3   Thumb Code     0  rt_memclr.o(.text)
    __rt_memclr                              0x080099f3   Thumb Code    68  rt_memclr.o(.text)
    _memset                                  0x080099f7   Thumb Code     0  rt_memclr.o(.text)
    __use_two_region_memory                  0x08009a37   Thumb Code     2  heapauxi.o(.text)
    __rt_heap_escrow$2region                 0x08009a39   Thumb Code     2  heapauxi.o(.text)
    __rt_heap_expand$2region                 0x08009a3b   Thumb Code     2  heapauxi.o(.text)
    __I$use$semihosting                      0x08009a3d   Thumb Code     0  use_no_semi.o(.text)
    __use_no_semihosting_swi                 0x08009a3d   Thumb Code     2  use_no_semi.o(.text)
    _printf_int_common                       0x08009a3f   Thumb Code   178  _printf_intcommon.o(.text)
    _printf_cs_common                        0x08009af1   Thumb Code    20  _printf_char.o(.text)
    _printf_char                             0x08009b05   Thumb Code    16  _printf_char.o(.text)
    _printf_string                           0x08009b15   Thumb Code     8  _printf_char.o(.text)
    _printf_char_file                        0x08009b1d   Thumb Code    32  _printf_char_file.o(.text)
    __aeabi_memcpy4                          0x08009b41   Thumb Code     0  rt_memcpy_w.o(.text)
    __aeabi_memcpy8                          0x08009b41   Thumb Code     0  rt_memcpy_w.o(.text)
    __rt_memcpy_w                            0x08009b41   Thumb Code   100  rt_memcpy_w.o(.text)
    _memcpy_lastbytes_aligned                0x08009b89   Thumb Code     0  rt_memcpy_w.o(.text)
    __aeabi_memmove4                         0x08009ba5   Thumb Code     0  rt_memmove_w.o(.text)
    __aeabi_memmove8                         0x08009ba5   Thumb Code     0  rt_memmove_w.o(.text)
    __rt_memmove_w                           0x08009ba5   Thumb Code   122  rt_memmove_w.o(.text)
    __memmove_aligned                        0x08009bcb   Thumb Code     0  rt_memmove_w.o(.text)
    __memmove_lastfew_aligned                0x08009c03   Thumb Code     0  rt_memmove_w.o(.text)
    __aeabi_memclr4                          0x08009c1f   Thumb Code     0  rt_memclr_w.o(.text)
    __aeabi_memclr8                          0x08009c1f   Thumb Code     0  rt_memclr_w.o(.text)
    __rt_memclr_w                            0x08009c1f   Thumb Code    78  rt_memclr_w.o(.text)
    _memset_w                                0x08009c23   Thumb Code     0  rt_memclr_w.o(.text)
    _printf_char_common                      0x08009c77   Thumb Code    32  _printf_char_common.o(.text)
    ferror                                   0x08009c9d   Thumb Code     8  ferror.o(.text)
    __user_setup_stackheap                   0x08009ca5   Thumb Code    74  sys_stackheap_outer.o(.text)
    exit                                     0x08009cef   Thumb Code    18  exit.o(.text)
    __user_libspace                          0x08009d01   Thumb Code     8  libspace.o(.text)
    __user_perproc_libspace                  0x08009d01   Thumb Code     0  libspace.o(.text)
    __user_perthread_libspace                0x08009d01   Thumb Code     0  libspace.o(.text)
    _is_digit                                0x08009d09   Thumb Code    14  __printf_wp.o(i._is_digit)
    _fp_init                                 0x08009d17   Thumb Code    10  fpinit.o(x$fpl$fpinit)
    __fplib_config_fpu_vfp                   0x08009d1f   Thumb Code     0  fpinit.o(x$fpl$fpinit)
    __fplib_config_pureend_doubles           0x08009d1f   Thumb Code     0  fpinit.o(x$fpl$fpinit)
    OSUnMapTbl                               0x08009d20   Data         256  os_core.o(.constdata)
    Region$$Table$$Base                      0x08009f74   Number         0  anon$$obj.o(Region$$Table)
    Region$$Table$$Limit                     0x08009f94   Number         0  anon$$obj.o(Region$$Table)
    SystemCoreClock                          0x20000000   Data           4  system_stm32f4xx.o(.data)
    AHBPrescTable                            0x20000004   Data          16  system_stm32f4xx.o(.data)
    default_net_info                         0x20000014   Data          23  task_tcp.o(.data)
    local_port                               0x2000002c   Data           2  task_tcp.o(.data)
    __stdout                                 0x2000003c   Data           4  usart.o(.data)
    USART_RX_STA                             0x20000040   Data           2  usart.o(.data)
    OSCtxSwCtr                               0x20000054   Data           4  os_core.o(.data)
    OSEventFreeList                          0x20000058   Data           4  os_core.o(.data)
    OSFlagFreeList                           0x2000005c   Data           4  os_core.o(.data)
    OSCPUUsage                               0x20000060   Data           1  os_core.o(.data)
    OSIdleCtrMax                             0x20000064   Data           4  os_core.o(.data)
    OSIdleCtrRun                             0x20000068   Data           4  os_core.o(.data)
    OSStatRdy                                0x2000006c   Data           1  os_core.o(.data)
    OSIntNesting                             0x2000006d   Data           1  os_core.o(.data)
    OSLockNesting                            0x2000006e   Data           1  os_core.o(.data)
    OSPrioCur                                0x2000006f   Data           1  os_core.o(.data)
    OSPrioHighRdy                            0x20000070   Data           1  os_core.o(.data)
    OSRdyGrp                                 0x20000071   Data           1  os_core.o(.data)
    OSRdyTbl                                 0x20000072   Data           8  os_core.o(.data)
    OSRunning                                0x2000007a   Data           1  os_core.o(.data)
    OSTaskCtr                                0x2000007b   Data           1  os_core.o(.data)
    OSIdleCtr                                0x2000007c   Data           4  os_core.o(.data)
    OSTCBCur                                 0x20000080   Data           4  os_core.o(.data)
    OSTCBFreeList                            0x20000084   Data           4  os_core.o(.data)
    OSTCBHighRdy                             0x20000088   Data           4  os_core.o(.data)
    OSTCBList                                0x2000008c   Data           4  os_core.o(.data)
    OSTickStepState                          0x20000090   Data           1  os_core.o(.data)
    OSQFreeList                              0x20000094   Data           4  os_core.o(.data)
    OSTime                                   0x20000098   Data           4  os_core.o(.data)
    sock_pack_info                           0x200000a6   Data           8  socket.o(.data)
    WIZCHIP                                  0x200000b0   Data          44  wizchip_conf.o(.data)
    DHCP_SOCKET                              0x200000e4   Data           1  dhcp.o(.data)
    DHCP_SIP                                 0x200000e5   Data           4  dhcp.o(.data)
    DHCP_REAL_SIP                            0x200000e9   Data           4  dhcp.o(.data)
    OLD_allocated_ip                         0x200000ed   Data           4  dhcp.o(.data)
    DHCP_allocated_ip                        0x200000f1   Data           4  dhcp.o(.data)
    DHCP_allocated_gw                        0x200000f5   Data           4  dhcp.o(.data)
    DHCP_allocated_sn                        0x200000f9   Data           4  dhcp.o(.data)
    DHCP_allocated_dns                       0x200000fd   Data           4  dhcp.o(.data)
    dhcp_state                               0x20000101   Data           1  dhcp.o(.data)
    dhcp_retry_count                         0x20000102   Data           1  dhcp.o(.data)
    dhcp_lease_time                          0x20000104   Data           4  dhcp.o(.data)
    dhcp_tick_1s                             0x20000108   Data           4  dhcp.o(.data)
    dhcp_tick_next                           0x2000010c   Data           4  dhcp.o(.data)
    DHCP_XID                                 0x20000110   Data           4  dhcp.o(.data)
    pDHCPMSG                                 0x20000114   Data           4  dhcp.o(.data)
    HOST_NAME                                0x20000118   Data           8  dhcp.o(.data)
    DHCP_CHADDR                              0x20000120   Data           6  dhcp.o(.data)
    dhcp_ip_assign                           0x20000128   Data           4  dhcp.o(.data)
    dhcp_ip_update                           0x2000012c   Data           4  dhcp.o(.data)
    dhcp_ip_conflict                         0x20000130   Data           4  dhcp.o(.data)
    pxMBFrameCBByteReceived                  0x20000154   Data           4  mb.o(.data)
    pxMBFrameCBTransmitterEmpty              0x20000158   Data           4  mb.o(.data)
    pxMBPortCBTimerExpired                   0x2000015c   Data           4  mb.o(.data)
    pxMBFrameCBReceiveFSMCur                 0x20000160   Data           4  mb.o(.data)
    pxMBFrameCBTransmitFSMCur                0x20000164   Data           4  mb.o(.data)
    START_TASK_STK                           0x20000200   Data         256  main.o(.bss)
    TCP_TASK_STK                             0x20000300   Data         256  task_tcp.o(.bss)
    LED1_TASK_STK                            0x20000400   Data         256  task_tcp.o(.bss)
    ethernet_buf                             0x20000500   Data        2048  task_tcp.o(.bss)
    USART_RX_BUF                             0x20000d00   Data         200  usart.o(.bss)
    OSEventTbl                               0x20000dc8   Data         200  os_core.o(.bss)
    OSFlagTbl                                0x20000e90   Data          80  os_core.o(.bss)
    OSTaskStatStk                            0x20000ee0   Data         512  os_core.o(.bss)
    OSTaskIdleStk                            0x200010e0   Data         512  os_core.o(.bss)
    OSTCBPrioTbl                             0x200012e0   Data         256  os_core.o(.bss)
    OSTCBTbl                                 0x200013e0   Data        1008  os_core.o(.bss)
    OSQTbl                                   0x200017d0   Data         120  os_core.o(.bss)
    __libspace_start                         0x20001db4   Data          96  libspace.o(.bss)
    __temporary_stack_top$libspace           0x20001e14   Data           0  libspace.o(.bss)



==============================================================================

Memory Map of the image

  Image Entry point : 0x08000189

  Load Region LR_IROM1 (Base: 0x08000000, Size: 0x0000a194, Max: 0x00100000, ABSOLUTE, COMPRESSED[0x0000a03c])

    Execution Region ER_IROM1 (Exec base: 0x08000000, Load base: 0x08000000, Size: 0x00009f94, Max: 0x00100000, ABSOLUTE)

    Exec Addr    Load Addr    Size         Type   Attr      Idx    E Section Name        Object

    0x08000000   0x08000000   0x00000188   Data   RO          630    RESET               startup_stm32f40_41xxx.o
    0x08000188   0x08000188   0x00000008   Code   RO         1665  * !!!main             c_w.l(__main.o)
    0x08000190   0x08000190   0x00000034   Code   RO         1860    !!!scatter          c_w.l(__scatter.o)
    0x080001c4   0x080001c4   0x0000005a   Code   RO         1858    !!dczerorl2         c_w.l(__dczerorl2.o)
    0x0800021e   0x0800021e   0x00000002   PAD
    0x08000220   0x08000220   0x0000001c   Code   RO         1862    !!handler_zi        c_w.l(__scatter_zi.o)
    0x0800023c   0x0800023c   0x00000000   Code   RO         1656    .ARM.Collect$$_printf_percent$$00000000  c_w.l(_printf_percent.o)
    0x0800023c   0x0800023c   0x00000006   Code   RO         1654    .ARM.Collect$$_printf_percent$$00000009  c_w.l(_printf_d.o)
    0x08000242   0x08000242   0x00000006   Code   RO         1655    .ARM.Collect$$_printf_percent$$0000000A  c_w.l(_printf_u.o)
    0x08000248   0x08000248   0x00000006   Code   RO         1653    .ARM.Collect$$_printf_percent$$0000000C  c_w.l(_printf_x.o)
    0x0800024e   0x0800024e   0x00000006   Code   RO         1652    .ARM.Collect$$_printf_percent$$00000014  c_w.l(_printf_s.o)
    0x08000254   0x08000254   0x00000004   Code   RO         1688    .ARM.Collect$$_printf_percent$$00000017  c_w.l(_printf_percent_end.o)
    0x08000258   0x08000258   0x00000002   Code   RO         1732    .ARM.Collect$$libinit$$00000000  c_w.l(libinit.o)
    0x0800025a   0x0800025a   0x00000004   Code   RO         1738    .ARM.Collect$$libinit$$00000001  c_w.l(libinit2.o)
    0x0800025e   0x0800025e   0x00000000   Code   RO         1741    .ARM.Collect$$libinit$$00000004  c_w.l(libinit2.o)
    0x0800025e   0x0800025e   0x00000000   Code   RO         1744    .ARM.Collect$$libinit$$0000000A  c_w.l(libinit2.o)
    0x0800025e   0x0800025e   0x00000000   Code   RO         1746    .ARM.Collect$$libinit$$0000000C  c_w.l(libinit2.o)
    0x0800025e   0x0800025e   0x00000000   Code   RO         1748    .ARM.Collect$$libinit$$0000000E  c_w.l(libinit2.o)
    0x0800025e   0x0800025e   0x00000000   Code   RO         1751    .ARM.Collect$$libinit$$00000011  c_w.l(libinit2.o)
    0x0800025e   0x0800025e   0x00000000   Code   RO         1753    .ARM.Collect$$libinit$$00000013  c_w.l(libinit2.o)
    0x0800025e   0x0800025e   0x00000000   Code   RO         1755    .ARM.Collect$$libinit$$00000015  c_w.l(libinit2.o)
    0x0800025e   0x0800025e   0x00000000   Code   RO         1757    .ARM.Collect$$libinit$$00000017  c_w.l(libinit2.o)
    0x0800025e   0x0800025e   0x00000000   Code   RO         1759    .ARM.Collect$$libinit$$00000019  c_w.l(libinit2.o)
    0x0800025e   0x0800025e   0x00000000   Code   RO         1761    .ARM.Collect$$libinit$$0000001B  c_w.l(libinit2.o)
    0x0800025e   0x0800025e   0x00000000   Code   RO         1763    .ARM.Collect$$libinit$$0000001D  c_w.l(libinit2.o)
    0x0800025e   0x0800025e   0x00000000   Code   RO         1765    .ARM.Collect$$libinit$$0000001F  c_w.l(libinit2.o)
    0x0800025e   0x0800025e   0x00000000   Code   RO         1767    .ARM.Collect$$libinit$$00000021  c_w.l(libinit2.o)
    0x0800025e   0x0800025e   0x00000000   Code   RO         1769    .ARM.Collect$$libinit$$00000023  c_w.l(libinit2.o)
    0x0800025e   0x0800025e   0x00000000   Code   RO         1771    .ARM.Collect$$libinit$$00000025  c_w.l(libinit2.o)
    0x0800025e   0x0800025e   0x00000000   Code   RO         1775    .ARM.Collect$$libinit$$0000002C  c_w.l(libinit2.o)
    0x0800025e   0x0800025e   0x00000000   Code   RO         1777    .ARM.Collect$$libinit$$0000002E  c_w.l(libinit2.o)
    0x0800025e   0x0800025e   0x00000000   Code   RO         1779    .ARM.Collect$$libinit$$00000030  c_w.l(libinit2.o)
    0x0800025e   0x0800025e   0x00000000   Code   RO         1781    .ARM.Collect$$libinit$$00000032  c_w.l(libinit2.o)
    0x0800025e   0x0800025e   0x00000002   Code   RO         1782    .ARM.Collect$$libinit$$00000033  c_w.l(libinit2.o)
    0x08000260   0x08000260   0x00000002   Code   RO         1800    .ARM.Collect$$libshutdown$$00000000  c_w.l(libshutdown.o)
    0x08000262   0x08000262   0x00000000   Code   RO         1810    .ARM.Collect$$libshutdown$$00000002  c_w.l(libshutdown2.o)
    0x08000262   0x08000262   0x00000000   Code   RO         1812    .ARM.Collect$$libshutdown$$00000004  c_w.l(libshutdown2.o)
    0x08000262   0x08000262   0x00000000   Code   RO         1815    .ARM.Collect$$libshutdown$$00000007  c_w.l(libshutdown2.o)
    0x08000262   0x08000262   0x00000000   Code   RO         1818    .ARM.Collect$$libshutdown$$0000000A  c_w.l(libshutdown2.o)
    0x08000262   0x08000262   0x00000000   Code   RO         1820    .ARM.Collect$$libshutdown$$0000000C  c_w.l(libshutdown2.o)
    0x08000262   0x08000262   0x00000000   Code   RO         1823    .ARM.Collect$$libshutdown$$0000000F  c_w.l(libshutdown2.o)
    0x08000262   0x08000262   0x00000002   Code   RO         1824    .ARM.Collect$$libshutdown$$00000010  c_w.l(libshutdown2.o)
    0x08000264   0x08000264   0x00000000   Code   RO         1681    .ARM.Collect$$rtentry$$00000000  c_w.l(__rtentry.o)
    0x08000264   0x08000264   0x00000000   Code   RO         1701    .ARM.Collect$$rtentry$$00000002  c_w.l(__rtentry2.o)
    0x08000264   0x08000264   0x00000006   Code   RO         1713    .ARM.Collect$$rtentry$$00000004  c_w.l(__rtentry4.o)
    0x0800026a   0x0800026a   0x00000000   Code   RO         1703    .ARM.Collect$$rtentry$$00000009  c_w.l(__rtentry2.o)
    0x0800026a   0x0800026a   0x00000004   Code   RO         1704    .ARM.Collect$$rtentry$$0000000A  c_w.l(__rtentry2.o)
    0x0800026e   0x0800026e   0x00000000   Code   RO         1706    .ARM.Collect$$rtentry$$0000000C  c_w.l(__rtentry2.o)
    0x0800026e   0x0800026e   0x00000008   Code   RO         1707    .ARM.Collect$$rtentry$$0000000D  c_w.l(__rtentry2.o)
    0x08000276   0x08000276   0x00000002   Code   RO         1736    .ARM.Collect$$rtexit$$00000000  c_w.l(rtexit.o)
    0x08000278   0x08000278   0x00000000   Code   RO         1784    .ARM.Collect$$rtexit$$00000002  c_w.l(rtexit2.o)
    0x08000278   0x08000278   0x00000004   Code   RO         1785    .ARM.Collect$$rtexit$$00000003  c_w.l(rtexit2.o)
    0x0800027c   0x0800027c   0x00000006   Code   RO         1786    .ARM.Collect$$rtexit$$00000004  c_w.l(rtexit2.o)
    0x08000282   0x08000282   0x00000002   PAD
    0x08000284   0x08000284   0x00000080   Code   RO            3    .text               main.o
    0x08000304   0x08000304   0x00000016   Code   RO          184    .text               stm32f4xx_it.o
    0x0800031a   0x0800031a   0x00000002   PAD
    0x0800031c   0x0800031c   0x00000210   Code   RO          233    .text               system_stm32f4xx.o
    0x0800052c   0x0800052c   0x00000154   Code   RO          259    .text               task_tcp.o
    0x08000680   0x08000680   0x00000040   Code   RO          455    .text               led.o
    0x080006c0   0x080006c0   0x0000005c   Code   RO          475    .text               timer.o
    0x0800071c   0x0800071c   0x00000240   Code   RO          498    .text               spi.o
    0x0800095c   0x0800095c   0x00000128   Code   RO          559    .text               delay.o
    0x08000a84   0x08000a84   0x00000154   Code   RO          599    .text               usart.o
    0x08000bd8   0x08000bd8   0x00000040   Code   RO          631    .text               startup_stm32f40_41xxx.o
    0x08000c18   0x08000c18   0x000000e0   Code   RO          637    .text               misc.o
    0x08000cf8   0x08000cf8   0x00000294   Code   RO          657    .text               stm32f4xx_gpio.o
    0x08000f8c   0x08000f8c   0x0000065c   Code   RO          677    .text               stm32f4xx_rcc.o
    0x080015e8   0x080015e8   0x00000454   Code   RO          719    .text               stm32f4xx_usart.o
    0x08001a3c   0x08001a3c   0x00000480   Code   RO          759    .text               stm32f4xx_spi.o
    0x08001ebc   0x08001ebc   0x00000ca2   Code   RO          779    .text               stm32f4xx_tim.o
    0x08002b5e   0x08002b5e   0x00000002   PAD
    0x08002b60   0x08002b60   0x00000890   Code   RO          822    .text               os_core.o
    0x080033f0   0x080033f0   0x0000080c   Code   RO          850    .text               os_flag.o
    0x08003bfc   0x08003bfc   0x000005e8   Code   RO          924    .text               os_q.o
    0x080041e4   0x080041e4   0x000007c4   Code   RO          964    .text               os_task.o
    0x080049a8   0x080049a8   0x000001b0   Code   RO          984    .text               os_time.o
    0x08004b58   0x08004b58   0x000001c4   Code   RO         1018    .text               os_cpu_c.o
    0x08004d1c   0x08004d1c   0x000000c8   Code   RO         1046    .text               os_cpu_a.o
    0x08004de4   0x08004de4   0x000001c8   Code   RO         1051    .text               wiz_platform.o
    0x08004fac   0x08004fac   0x00000400   Code   RO         1085    .text               wiz_interface.o
    0x080053ac   0x080053ac   0x000010cc   Code   RO         1153    .text               socket.o
    0x08006478   0x08006478   0x000006dc   Code   RO         1169    .text               wizchip_conf.o
    0x08006b54   0x08006b54   0x0000043a   Code   RO         1190    .text               w5500.o
    0x08006f8e   0x08006f8e   0x00000002   PAD
    0x08006f90   0x08006f90   0x000011bc   Code   RO         1205    .text               dhcp.o
    0x0800814c   0x0800814c   0x00000358   Code   RO         1222    .text               modtcpbsp.o
    0x080084a4   0x080084a4   0x000000cc   Code   RO         1255    .text               mb_user_reg.o
    0x08008570   0x08008570   0x000002dc   Code   RO         1293    .text               mb.o
    0x0800884c   0x0800884c   0x000001ae   Code   RO         1354    .text               mbfunccoils.o
    0x080089fa   0x080089fa   0x000000ac   Code   RO         1377    .text               mbfuncdisc.o
    0x08008aa6   0x08008aa6   0x00000212   Code   RO         1411    .text               mbfuncholding.o
    0x08008cb8   0x08008cb8   0x0000008c   Code   RO         1431    .text               mbfuncinput.o
    0x08008d44   0x08008d44   0x00000094   Code   RO         1451    .text               mbfuncother.o
    0x08008dd8   0x08008dd8   0x000000ac   Code   RO         1474    .text               mbutils.o
    0x08008e84   0x08008e84   0x00000096   Code   RO         1516    .text               mbtcp.o
    0x08008f1a   0x08008f1a   0x00000002   PAD
    0x08008f1c   0x08008f1c   0x00000048   Code   RO         1536    .text               portevent.o
    0x08008f64   0x08008f64   0x0000066c   Code   RO         1558    .text               porttcp.o
    0x080095d0   0x080095d0   0x00000002   Code   RO         1597    .text               c_w.l(use_no_semi_2.o)
    0x080095d2   0x080095d2   0x00000002   PAD
    0x080095d4   0x080095d4   0x00000018   Code   RO         1601    .text               c_w.l(noretval__2printf.o)
    0x080095ec   0x080095ec   0x0000004e   Code   RO         1605    .text               c_w.l(_printf_pad.o)
    0x0800963a   0x0800963a   0x00000052   Code   RO         1607    .text               c_w.l(_printf_str.o)
    0x0800968c   0x0800968c   0x00000078   Code   RO         1609    .text               c_w.l(_printf_dec.o)
    0x08009704   0x08009704   0x00000058   Code   RO         1614    .text               c_w.l(_printf_hex_int.o)
    0x0800975c   0x0800975c   0x00000188   Code   RO         1649    .text               c_w.l(__printf_flags_ss_wp.o)
    0x080098e4   0x080098e4   0x0000008a   Code   RO         1657    .text               c_w.l(rt_memcpy_v6.o)
    0x0800996e   0x0800996e   0x00000084   Code   RO         1659    .text               c_w.l(rt_memmove_v6.o)
    0x080099f2   0x080099f2   0x00000044   Code   RO         1661    .text               c_w.l(rt_memclr.o)
    0x08009a36   0x08009a36   0x00000006   Code   RO         1663    .text               c_w.l(heapauxi.o)
    0x08009a3c   0x08009a3c   0x00000002   Code   RO         1679    .text               c_w.l(use_no_semi.o)
    0x08009a3e   0x08009a3e   0x000000b2   Code   RO         1682    .text               c_w.l(_printf_intcommon.o)
    0x08009af0   0x08009af0   0x0000002c   Code   RO         1684    .text               c_w.l(_printf_char.o)
    0x08009b1c   0x08009b1c   0x00000024   Code   RO         1686    .text               c_w.l(_printf_char_file.o)
    0x08009b40   0x08009b40   0x00000064   Code   RO         1689    .text               c_w.l(rt_memcpy_w.o)
    0x08009ba4   0x08009ba4   0x0000007a   Code   RO         1691    .text               c_w.l(rt_memmove_w.o)
    0x08009c1e   0x08009c1e   0x0000004e   Code   RO         1693    .text               c_w.l(rt_memclr_w.o)
    0x08009c6c   0x08009c6c   0x00000030   Code   RO         1715    .text               c_w.l(_printf_char_common.o)
    0x08009c9c   0x08009c9c   0x00000008   Code   RO         1717    .text               c_w.l(ferror.o)
    0x08009ca4   0x08009ca4   0x0000004a   Code   RO         1721    .text               c_w.l(sys_stackheap_outer.o)
    0x08009cee   0x08009cee   0x00000012   Code   RO         1725    .text               c_w.l(exit.o)
    0x08009d00   0x08009d00   0x00000008   Code   RO         1733    .text               c_w.l(libspace.o)
    0x08009d08   0x08009d08   0x0000000e   Code   RO         1642    i._is_digit         c_w.l(__printf_wp.o)
    0x08009d16   0x08009d16   0x0000000a   Code   RO         1792    x$fpl$fpinit        fz_wm.l(fpinit.o)
    0x08009d20   0x08009d20   0x00000100   Data   RO          824    .constdata          os_core.o
    0x08009e20   0x08009e20   0x00000028   Data   RO         1615    .constdata          c_w.l(_printf_hex_int.o)
    0x08009e48   0x08009e48   0x00000011   Data   RO         1650    .constdata          c_w.l(__printf_flags_ss_wp.o)
    0x08009e59   0x08009e59   0x00000003   PAD
    0x08009e5c   0x08009e5c   0x00000116   Data   RO         1086    .conststring        wiz_interface.o
    0x08009f72   0x08009f72   0x00000002   PAD
    0x08009f74   0x08009f74   0x00000020   Data   RO         1856    Region$$Table       anon$$obj.o


    Execution Region RW_IRAM1 (Exec base: 0x20000000, Load base: 0x08009f94, Size: 0x00002418, Max: 0x00020000, ABSOLUTE, COMPRESSED[0x000000a8])

    Exec Addr    Load Addr    Size         Type   Attr      Idx    E Section Name        Object

    0x20000000   COMPRESSED   0x00000014   Data   RW          234    .data               system_stm32f4xx.o
    0x20000014   COMPRESSED   0x00000024   Data   RW          261    .data               task_tcp.o
    0x20000038   COMPRESSED   0x00000004   Data   RW          560    .data               delay.o
    0x2000003c   COMPRESSED   0x00000006   Data   RW          601    .data               usart.o
    0x20000042   COMPRESSED   0x00000010   Data   RW          678    .data               stm32f4xx_rcc.o
    0x20000052   COMPRESSED   0x00000002   PAD
    0x20000054   COMPRESSED   0x00000048   Data   RW          825    .data               os_core.o
    0x2000009c   COMPRESSED   0x00000004   Data   RW         1052    .data               wiz_platform.o
    0x200000a0   COMPRESSED   0x0000000e   Data   RW         1155    .data               socket.o
    0x200000ae   COMPRESSED   0x00000002   PAD
    0x200000b0   COMPRESSED   0x00000031   Data   RW         1170    .data               wizchip_conf.o
    0x200000e1   COMPRESSED   0x00000003   PAD
    0x200000e4   COMPRESSED   0x00000050   Data   RW         1206    .data               dhcp.o
    0x20000134   COMPRESSED   0x00000005   Data   RW         1224    .data               modtcpbsp.o
    0x20000139   COMPRESSED   0x00000003   PAD
    0x2000013c   COMPRESSED   0x000000b5   Data   RW         1294    .data               mb.o
    0x200001f1   COMPRESSED   0x00000001   PAD
    0x200001f2   COMPRESSED   0x00000002   Data   RW         1453    .data               mbfuncother.o
    0x200001f4   COMPRESSED   0x00000002   Data   RW         1537    .data               portevent.o
    0x200001f6   COMPRESSED   0x00000008   Data   RW         1560    .data               porttcp.o
    0x200001fe   COMPRESSED   0x00000002   PAD
    0x20000200        -       0x00000100   Zero   RW            4    .bss                main.o
    0x20000300        -       0x00000a00   Zero   RW          260    .bss                task_tcp.o
    0x20000d00        -       0x000000c8   Zero   RW          600    .bss                usart.o
    0x20000dc8        -       0x00000a80   Zero   RW          823    .bss                os_core.o
    0x20001848        -       0x00000010   Zero   RW         1154    .bss                socket.o
    0x20001858        -       0x0000010a   Zero   RW         1223    .bss                modtcpbsp.o
    0x20001962        -       0x00000020   Zero   RW         1256    .bss                mb_user_reg.o
    0x20001982        -       0x00000020   Zero   RW         1452    .bss                mbfuncother.o
    0x200019a2        -       0x00000410   Zero   RW         1559    .bss                porttcp.o
    0x20001db2   COMPRESSED   0x00000002   PAD
    0x20001db4        -       0x00000060   Zero   RW         1734    .bss                c_w.l(libspace.o)
    0x20001e14   COMPRESSED   0x00000004   PAD
    0x20001e18        -       0x00000200   Zero   RW          629    HEAP                startup_stm32f40_41xxx.o
    0x20002018        -       0x00000400   Zero   RW          628    STACK               startup_stm32f40_41xxx.o


==============================================================================

Image component sizes


      Code (inc. data)   RO Data    RW Data    ZI Data      Debug   Object Name

       296         18          0          4          0       1829   delay.o
      4540        246          0         80          0      10187   dhcp.o
        64          4          0          0          0        519   led.o
       128         22          0          0        256     299668   main.o
       732         72          0        181          0       4921   mb.o
       204         14          0          0         32       5771   mb_user_reg.o
       430          0          0          0          0       3010   mbfunccoils.o
       172          0          0          0          0       1572   mbfuncdisc.o
       530          0          0          0          0       3881   mbfuncholding.o
       140          0          0          0          0       1523   mbfuncinput.o
       148          8          0          2         32       1757   mbfuncother.o
       150          0          0          0          0       2251   mbtcp.o
       172          0          0          0          0       1942   mbutils.o
       224         20          0          0          0       1801   misc.o
       856         22          0          5        266       5810   modtcpbsp.o
      2192        218        256         72       2688      15227   os_core.o
       200         32          0          0          0        312   os_cpu_a.o
       452          6          0          0          0      10594   os_cpu_c.o
      2060         42          0          0          0       7208   os_flag.o
      1512         30          0          0          0       5769   os_q.o
      1988         70          0          0          0       7885   os_task.o
       432         30          0          0          0       1870   os_time.o
        72         10          0          2          0       1612   portevent.o
      1644        532          0          8       1040       5602   porttcp.o
      4300         88          0         14         16       7484   socket.o
       576         14          0          0          0       1800   spi.o
        64         26        392          0       1536        824   startup_stm32f40_41xxx.o
       660         44          0          0          0       4145   stm32f4xx_gpio.o
        22          0          0          0          0       1027   stm32f4xx_it.o
      1628         52          0         16          0      13008   stm32f4xx_rcc.o
      1152         36          0          0          0       6893   stm32f4xx_spi.o
      3234         60          0          0          0      23000   stm32f4xx_tim.o
      1108         34          0          0          0       7868   stm32f4xx_usart.o
       528         46          0         20          0       1755   system_stm32f4xx.o
       340        124          0         36       2560       6242   task_tcp.o
         0          0          0          0          0       1756   tcp_server_multi_socket.o
        92          4          0          0          0        688   timer.o
       340         18          0          6        200       3342   usart.o
      1082          6          0          0          0       3746   w5500.o
      1024        442        278          0          0       2744   wiz_interface.o
       456         12          0          4          0       6413   wiz_platform.o
      1756         38          0         49          0      12327   wizchip_conf.o

    ----------------------------------------------------------------------
     37708       2440        960        512       8628     507583   Object Totals
         0          0         32          0          0          0   (incl. Generated)
         8          0          2         13          2          0   (incl. Padding)

    ----------------------------------------------------------------------

      Code (inc. data)   RO Data    RW Data    ZI Data      Debug   Library Member Name

        90          0          0          0          0          0   __dczerorl2.o
         8          0          0          0          0         68   __main.o
       392          4         17          0          0         92   __printf_flags_ss_wp.o
        14          0          0          0          0         68   __printf_wp.o
         0          0          0          0          0          0   __rtentry.o
        12          0          0          0          0          0   __rtentry2.o
         6          0          0          0          0          0   __rtentry4.o
        52          8          0          0          0          0   __scatter.o
        28          0          0          0          0          0   __scatter_zi.o
        44          0          0          0          0        108   _printf_char.o
        48          6          0          0          0         96   _printf_char_common.o
        36          4          0          0          0         80   _printf_char_file.o
         6          0          0          0          0          0   _printf_d.o
       120         16          0          0          0         92   _printf_dec.o
        88          4         40          0          0         88   _printf_hex_int.o
       178          0          0          0          0         88   _printf_intcommon.o
        78          0          0          0          0        108   _printf_pad.o
         0          0          0          0          0          0   _printf_percent.o
         4          0          0          0          0          0   _printf_percent_end.o
         6          0          0          0          0          0   _printf_s.o
        82          0          0          0          0         80   _printf_str.o
         6          0          0          0          0          0   _printf_u.o
         6          0          0          0          0          0   _printf_x.o
        18          0          0          0          0         80   exit.o
         8          0          0          0          0         68   ferror.o
         6          0          0          0          0        152   heapauxi.o
         2          0          0          0          0          0   libinit.o
         6          0          0          0          0          0   libinit2.o
         2          0          0          0          0          0   libshutdown.o
         2          0          0          0          0          0   libshutdown2.o
         8          4          0          0         96         68   libspace.o
        24          4          0          0          0         84   noretval__2printf.o
        68          0          0          0          0         68   rt_memclr.o
        78          0          0          0          0         80   rt_memclr_w.o
       138          0          0          0          0         68   rt_memcpy_v6.o
       100          0          0          0          0         80   rt_memcpy_w.o
       132          0          0          0          0         68   rt_memmove_v6.o
       122          0          0          0          0         80   rt_memmove_w.o
         2          0          0          0          0          0   rtexit.o
        10          0          0          0          0          0   rtexit2.o
        74          0          0          0          0         80   sys_stackheap_outer.o
         2          0          0          0          0         68   use_no_semi.o
         2          0          0          0          0         68   use_no_semi_2.o
        10          0          0          0          0        116   fpinit.o

    ----------------------------------------------------------------------
      2124         50         60          0        100       2196   Library Totals
         6          0          3          0          4          0   (incl. Padding)

    ----------------------------------------------------------------------

      Code (inc. data)   RO Data    RW Data    ZI Data      Debug   Library Name

      2108         50         57          0         96       2080   c_w.l
        10          0          0          0          0        116   fz_wm.l

    ----------------------------------------------------------------------
      2124         50         60          0        100       2196   Library Totals

    ----------------------------------------------------------------------

==============================================================================


      Code (inc. data)   RO Data    RW Data    ZI Data      Debug   

     39832       2490       1020        512       8728     500987   Grand Totals
     39832       2490       1020        168       8728     500987   ELF Image Totals (compressed)
     39832       2490       1020        168          0          0   ROM Totals

==============================================================================

    Total RO  Size (Code + RO Data)                40852 (  39.89kB)
    Total RW  Size (RW Data + ZI Data)              9240 (   9.02kB)
    Total ROM Size (Code + RO Data + RW Data)      41020 (  40.06kB)

==============================================================================

