Component: ARM Compiler 5.06 update 6 (build 750) Tool: armlink [4d35ed]

==============================================================================

Section Cross References

    main.o(.text) refers to os_cpu_a.o(.text) for OS_CPU_SR_Save
    main.o(.text) refers to os_task.o(.text) for OSTaskCreate
    main.o(.text) refers to delay.o(.text) for delay_init
    main.o(.text) refers to led.o(.text) for LED_Init
    main.o(.text) refers to wiz_platform.o(.text) for debug_usart_init
    main.o(.text) refers to os_core.o(.text) for OSInit
    main.o(.text) refers to task_tcp.o(.bss) for TCP_TASK_STK
    main.o(.text) refers to task_tcp.o(.text) for tcp_task
    main.o(.text) refers to main.o(.bss) for START_TASK_STK
    system_stm32f4xx.o(.text) refers to system_stm32f4xx.o(.data) for SystemCoreClock
    task_tcp.o(.text) refers to _printf_percent.o(.ARM.Collect$$_printf_percent$$00000000) for _printf_percent
    task_tcp.o(.text) refers to _printf_u.o(.ARM.Collect$$_printf_percent$$0000000A) for _printf_u
    task_tcp.o(.text) refers to _printf_dec.o(.text) for _printf_int_dec
    task_tcp.o(.text) refers to _printf_d.o(.ARM.Collect$$_printf_percent$$00000009) for _printf_d
    task_tcp.o(.text) refers to _printf_s.o(.ARM.Collect$$_printf_percent$$00000014) for _printf_s
    task_tcp.o(.text) refers to _printf_str.o(.text) for _printf_str
    task_tcp.o(.text) refers to noretval__2printf.o(.text) for __2printf
    task_tcp.o(.text) refers to wiz_platform.o(.text) for wizchip_reset
    task_tcp.o(.text) refers to delay.o(.text) for delay_ms
    task_tcp.o(.text) refers to wiz_interface.o(.text) for wizchip_initialize
    task_tcp.o(.text) refers to spi.o(.text) for SPI2_SetSpeed
    task_tcp.o(.text) refers to modtcpbsp.o(.text) for tcp_srv_single_init
    task_tcp.o(.text) refers to mb.o(.text) for eMBTCPInit
    task_tcp.o(.text) refers to os_time.o(.text) for OSTimeGet
    task_tcp.o(.text) refers to w5500.o(.text) for WIZCHIP_READ
    task_tcp.o(.text) refers to task_tcp.o(.data) for default_net_info
    task_tcp.o(.text) refers to task_tcp.o(.bss) for ethernet_buf
    led.o(.text) refers to stm32f4xx_rcc.o(.text) for RCC_AHB1PeriphClockCmd
    led.o(.text) refers to stm32f4xx_gpio.o(.text) for GPIO_Init
    timer.o(.text) refers to stm32f4xx_rcc.o(.text) for RCC_APB1PeriphClockCmd
    timer.o(.text) refers to stm32f4xx_tim.o(.text) for TIM_TimeBaseInit
    timer.o(.text) refers to misc.o(.text) for NVIC_Init
    spi.o(.text) refers to stm32f4xx_spi.o(.text) for SPI_I2S_GetFlagStatus
    spi.o(.text) refers to stm32f4xx_rcc.o(.text) for RCC_AHB1PeriphClockCmd
    spi.o(.text) refers to stm32f4xx_gpio.o(.text) for GPIO_Init
    lcd.o(.text) refers to _printf_percent.o(.ARM.Collect$$_printf_percent$$00000000) for _printf_percent
    lcd.o(.text) refers to _printf_x.o(.ARM.Collect$$_printf_percent$$0000000C) for _printf_x
    lcd.o(.text) refers to _printf_hex_int.o(.text) for _printf_longlong_hex
    lcd.o(.text) refers to delay.o(.text) for delay_us
    lcd.o(.text) refers to lcd.o(.bss) for lcddev
    lcd.o(.text) refers to lcd.o(.data) for POINT_COLOR
    lcd.o(.text) refers to dflt_clz.o(x$fpl$dfltu) for __aeabi_ui2d
    lcd.o(.text) refers to dmul.o(x$fpl$dmul) for __aeabi_dmul
    lcd.o(.text) refers to dfixu.o(x$fpl$dfixu) for __aeabi_d2uiz
    lcd.o(.text) refers to stm32f4xx_rcc.o(.text) for RCC_AHB1PeriphClockCmd
    lcd.o(.text) refers to stm32f4xx_gpio.o(.text) for GPIO_Init
    lcd.o(.text) refers to stm32f4xx_fsmc.o(.text) for FSMC_NORSRAMInit
    lcd.o(.text) refers to noretval__2printf.o(.text) for __2printf
    lcd.o(.text) refers to lcd.o(.constdata) for asc2_1206
    delay.o(.text) refers to os_core.o(.text) for OSSchedLock
    delay.o(.text) refers to os_time.o(.text) for OSTimeDly
    delay.o(.text) refers to misc.o(.text) for SysTick_CLKSourceConfig
    delay.o(.text) refers to os_core.o(.data) for OSRunning
    delay.o(.text) refers to delay.o(.data) for fac_us
    usart.o(.rev16_text) refers (Special) to use_no_semi_2.o(.text) for __use_no_semihosting
    usart.o(.revsh_text) refers (Special) to use_no_semi_2.o(.text) for __use_no_semihosting
    usart.o(.text) refers (Special) to use_no_semi_2.o(.text) for __use_no_semihosting
    usart.o(.text) refers to stm32f4xx_rcc.o(.text) for RCC_AHB1PeriphClockCmd
    usart.o(.text) refers to stm32f4xx_gpio.o(.text) for GPIO_PinAFConfig
    usart.o(.text) refers to stm32f4xx_usart.o(.text) for USART_Init
    usart.o(.text) refers to misc.o(.text) for NVIC_Init
    usart.o(.text) refers to os_core.o(.text) for OSIntEnter
    usart.o(.text) refers to usart.o(.data) for USART_RX_STA
    usart.o(.text) refers to usart.o(.bss) for USART_RX_BUF
    usart.o(.bss) refers (Special) to use_no_semi_2.o(.text) for __use_no_semihosting
    usart.o(.data) refers (Special) to use_no_semi_2.o(.text) for __use_no_semihosting
    startup_stm32f40_41xxx.o(STACK) refers (Special) to heapauxi.o(.text) for __use_two_region_memory
[...]
    main                                     0x080002b9   Thumb Code    54  main.o(.text)
    NMI_Handler                              0x08000305   Thumb Code     2  stm32f4xx_it.o(.text)
    HardFault_Handler                        0x08000307   Thumb Code     4  stm32f4xx_it.o(.text)
    MemManage_Handler                        0x0800030b   Thumb Code     4  stm32f4xx_it.o(.text)
    BusFault_Handler                         0x0800030f   Thumb Code     4  stm32f4xx_it.o(.text)
    UsageFault_Handler                       0x08000313   Thumb Code     4  stm32f4xx_it.o(.text)
    SVC_Handler                              0x08000317   Thumb Code     2  stm32f4xx_it.o(.text)
    DebugMon_Handler                         0x08000319   Thumb Code     2  stm32f4xx_it.o(.text)
    SystemInit                               0x080003f9   Thumb Code    88  system_stm32f4xx.o(.text)
    SystemCoreClockUpdate                    0x08000451   Thumb Code   174  system_stm32f4xx.o(.text)
    tcp_task                                 0x0800052d   Thumb Code   390  task_tcp.o(.text)
    led1_task                                0x080006b3   Thumb Code    34  task_tcp.o(.text)
    LED_Init                                 0x080008bd   Thumb Code    60  led.o(.text)
    TIM3_Int_Init                            0x080008fd   Thumb Code    88  timer.o(.text)
    SPI1_ReadWriteByte                       0x08000959   Thumb Code    50  spi.o(.text)
    SPI1_Init                                0x0800098b   Thumb Code   186  spi.o(.text)
    SPI1_SetSpeed                            0x08000a45   Thumb Code    36  spi.o(.text)
    SPI2_ReadWriteByte                       0x08000a69   Thumb Code    50  spi.o(.text)
    SPI2_Init                                0x08000a9b   Thumb Code   198  spi.o(.text)
    SPI2_SetSpeed                            0x08000b61   Thumb Code    42  spi.o(.text)
    delay_osschedlock                        0x08000b99   Thumb Code     8  delay.o(.text)
    delay_osschedunlock                      0x08000ba1   Thumb Code     8  delay.o(.text)
    delay_ostimedly                          0x08000ba9   Thumb Code    12  delay.o(.text)
    SysTick_Handler                          0x08000bb5   Thumb Code    24  delay.o(.text)
    delay_init                               0x08000bcd   Thumb Code    76  delay.o(.text)
    delay_us                                 0x08000c19   Thumb Code    84  delay.o(.text)
    delay_ms                                 0x08000c6d   Thumb Code    66  delay.o(.text)
    _sys_exit                                0x08000cc1   Thumb Code     6  usart.o(.text)
    fputc                                    0x08000cc7   Thumb Code    22  usart.o(.text)
    uart_init                                0x08000cdd   Thumb Code   164  usart.o(.text)
    USART1_IRQHandler                        0x08000d81   Thumb Code   130  usart.o(.text)
    Reset_Handler                            0x08000e15   Thumb Code     8  startup_stm32f40_41xxx.o(.text)
    ADC_IRQHandler                           0x08000e2f   Thumb Code     0  startup_stm32f40_41xxx.o(.text)
    CAN1_RX0_IRQHandler                      0x08000e2f   Thumb Code     0  startup_stm32f40_41xxx.o(.text)
    CAN1_RX1_IRQHandler                      0x08000e2f   Thumb Code     0  startup_stm32f40_41xxx.o(.text)
    CAN1_SCE_IRQHandler                      0x08000e2f   Thumb Code     0  startup_stm32f40_41xxx.o(.text)
    CAN1_TX_IRQHandler                       0x08000e2f   Thumb Code     0  startup_stm32f40_41xxx.o(.text)
    CAN2_RX0_IRQHandler                      0x08000e2f   Thumb Code     0  startup_stm32f40_41xxx.o(.text)
    CAN2_RX1_IRQHandler                      0x08000e2f   Thumb Code     0  startup_stm32f40_41xxx.o(.text)
    CAN2_SCE_IRQHandler                      0x08000e2f   Thumb Code     0  startup_stm32f40_41xxx.o(.text)
    CAN2_TX_IRQHandler                       0x08000e2f   Thumb Code     0  startup_stm32f40_41xxx.o(.text)
    CRYP_IRQHandler                          0x08000e2f   Thumb Code     0  startup_stm32f40_41xxx.o(.text)
    DCMI_IRQHandler                          0x08000e2f   Thumb Code     0  startup_stm32f40_41xxx.o(.text)
    DMA1_Stream0_IRQHandler                  0x08000e2f   Thumb Code     0  startup_stm32f40_41xxx.o(.text)
    DMA1_Stream1_IRQHandler                  0x08000e2f   Thumb Code     0  startup_stm32f40_41xxx.o(.text)
    DMA1_Stream2_IRQHandler                  0x08000e2f   Thumb Code     0  startup_stm32f40_41xxx.o(.text)
    DMA1_Stream3_IRQHandler                  0x08000e2f   Thumb Code     0  startup_stm32f40_41xxx.o(.text)
    DMA1_Stream4_IRQHandler                  0x08000e2f   Thumb Code     0  startup_stm32f40_41xxx.o(.text)
    DMA1_Stream5_IRQHandler                  0x08000e2f   Thumb Code     0  startup_stm32f40_41xxx.o(.text)
    DMA1_Stream6_IRQHandler                  0x08000e2f   Thumb Code     0  startup_stm32f40_41xxx.o(.text)
    DMA1_Stream7_IRQHandler                  0x08000e2f   Thumb Code     0  startup_stm32f40_41xxx.o(.text)
    DMA2_Stream0_IRQHandler                  0x08000e2f   Thumb Code     0  startup_stm32f40_41xxx.o(.text)
    DMA2_Stream1_IRQHandler                  0x08000e2f   Thumb Code     0  startup_stm32f40_41xxx.o(.text)
    DMA2_Stream2_IRQHandler                  0x08000e2f   Thumb Code     0  startup_stm32f40_41xxx.o(.text)
    DMA2_Stream3_IRQHandler                  0x08000e2f   Thumb Code     0  startup_stm32f40_41xxx.o(.text)
    DMA2_Stream4_IRQHandler                  0x08000e2f   Thumb Code     0  startup_stm32f40_41xxx.o(.text)
    DMA2_Stream5_IRQHandler                  0x08000e2f   Thumb Code     0  startup_stm32f40_41xxx.o(.text)
    DMA2_Stream6_IRQHandler                  0x08000e2f   Thumb Code     0  startup_stm32f40_41xxx.o(.text)
    DMA2_Stream7_IRQHandler                  0x08000e2f   Thumb Code     0  startup_stm32f40_41xxx.o(.text)
    ETH_IRQHandler                           0x08000e2f   Thumb Code     0  startup_stm32f40_41xxx.o(.text)
    ETH_WKUP_IRQHandler                      0x08000e2f   Thumb Code     0  startup_stm32f40_41xxx.o(.text)
    EXTI0_IRQHandler                         0x08000e2f   Thumb Code     0  startup_stm32f40_41xxx.o(.text)
    EXTI15_10_IRQHandler                     0x08000e2f   Thumb Code     0  startup_stm32f40_41xxx.o(.text)
    EXTI1_IRQHandler                         0x08000e2f   Thumb Code     0  startup_stm32f40_41xxx.o(.text)
    EXTI2_IRQHandler                         0x08000e2f   Thumb Code     0  startup_stm32f40_41xxx.o(.text)
    EXTI3_IRQHandler                         0x08000e2f   Thumb Code     0  startup_stm32f40_41xxx.o(.text)
    EXTI4_IRQHandler                         0x08000e2f   Thumb Code     0  startup_stm32f40_41xxx.o(.text)
    EXTI9_5_IRQHandler                       0x08000e2f   Thumb Code     0  startup_stm32f40_41xxx.o(.text)
    FLASH_IRQHandler                         0x08000e2f   Thumb Code     0  startup_stm32f40_41xxx.o(.text)
    FPU_IRQHandler                           0x08000e2f   Thumb Code     0  startup_stm32f40_41xxx.o(.text)
    FSMC_IRQHandler                          0x08000e2f   Thumb Code     0  startup_stm32f40_41xxx.o(.text)
    HASH_RNG_IRQHandler                      0x08000e2f   Thumb Code     0  startup_stm32f40_41xxx.o(.text)
    I2C1_ER_IRQHandler                       0x08000e2f   Thumb Code     0  startup_stm32f40_41xxx.o(.text)
    I2C1_EV_IRQHandler                       0x08000e2f   Thumb Code     0  startup_stm32f40_41xxx.o(.text)
    I2C2_ER_IRQHandler                       0x08000e2f   Thumb Code     0  startup_stm32f40_41xxx.o(.text)
    I2C2_EV_IRQHandler                       0x08000e2f   Thumb Code     0  startup_stm32f40_41xxx.o(.text)
    I2C3_ER_IRQHandler                       0x08000e2f   Thumb Code     0  startup_stm32f40_41xxx.o(.text)
    I2C3_EV_IRQHandler                       0x08000e2f   Thumb Code     0  startup_stm32f40_41xxx.o(.text)
    OTG_FS_IRQHandler                        0x08000e2f   Thumb Code     0  startup_stm32f40_41xxx.o(.text)
    OTG_FS_WKUP_IRQHandler                   0x08000e2f   Thumb Code     0  startup_stm32f40_41xxx.o(.text)
    OTG_HS_EP1_IN_IRQHandler                 0x08000e2f   Thumb Code     0  startup_stm32f40_41xxx.o(.text)
    OTG_HS_EP1_OUT_IRQHandler                0x08000e2f   Thumb Code     0  startup_stm32f40_41xxx.o(.text)
    OTG_HS_IRQHandler                        0x08000e2f   Thumb Code     0  startup_stm32f40_41xxx.o(.text)
    OTG_HS_WKUP_IRQHandler                   0x08000e2f   Thumb Code     0  startup_stm32f40_41xxx.o(.text)
    PVD_IRQHandler                           0x08000e2f   Thumb Code     0  startup_stm32f40_41xxx.o(.text)
    RCC_IRQHandler                           0x08000e2f   Thumb Code     0  startup_stm32f40_41xxx.o(.text)
    RTC_Alarm_IRQHandler                     0x08000e2f   Thumb Code     0  startup_stm32f40_41xxx.o(.text)
    RTC_WKUP_IRQHandler                      0x08000e2f   Thumb Code     0  startup_stm32f40_41xxx.o(.text)
    SDIO_IRQHandler                          0x08000e2f   Thumb Code     0  startup_stm32f40_41xxx.o(.text)
    SPI1_IRQHandler                          0x08000e2f   Thumb Code     0  startup_stm32f40_41xxx.o(.text)
    SPI2_IRQHandler                          0x08000e2f   Thumb Code     0  startup_stm32f40_41xxx.o(.text)
    SPI3_IRQHandler                          0x08000e2f   Thumb Code     0  startup_stm32f40_41xxx.o(.text)
    TAMP_STAMP_IRQHandler                    0x08000e2f   Thumb Code     0  startup_stm32f40_41xxx.o(.text)
    TIM1_BRK_TIM9_IRQHandler                 0x08000e2f   Thumb Code     0  startup_stm32f40_41xxx.o(.text)
    TIM1_CC_IRQHandler                       0x08000e2f   Thumb Code     0  startup_stm32f40_41xxx.o(.text)
    TIM1_TRG_COM_TIM11_IRQHandler            0x08000e2f   Thumb Code     0  startup_stm32f40_41xxx.o(.text)
    TIM1_UP_TIM10_IRQHandler                 0x08000e2f   Thumb Code     0  startup_stm32f40_41xxx.o(.text)
    TIM2_IRQHandler                          0x08000e2f   Thumb Code     0  startup_stm32f40_41xxx.o(.text)
    TIM4_IRQHandler                          0x08000e2f   Thumb Code     0  startup_stm32f40_41xxx.o(.text)
    TIM5_IRQHandler                          0x08000e2f   Thumb Code     0  startup_stm32f40_41xxx.o(.text)
    TIM6_DAC_IRQHandler                      0x08000e2f   Thumb Code     0  startup_stm32f40_41xxx.o(.text)
    TIM7_IRQHandler                          0x08000e2f   Thumb Code     0  startup_stm32f40_41xxx.o(.text)
    TIM8_BRK_TIM12_IRQHandler                0x08000e2f   Thumb Code     0  startup_stm32f40_41xxx.o(.text)
    TIM8_CC_IRQHandler                       0x08000e2f   Thumb Code     0  startup_stm32f40_41xxx.o(.text)
    TIM8_TRG_COM_TIM14_IRQHandler            0x08000e2f   Thumb Code     0  startup_stm32f40_41xxx.o(.text)
    TIM8_UP_TIM13_IRQHandler                 0x08000e2f   Thumb Code     0  startup_stm32f40_41xxx.o(.text)
    UART4_IRQHandler                         0x08000e2f   Thumb Code     0  startup_stm32f40_41xxx.o(.text)
    UART5_IRQHandler                         0x08000e2f   Thumb Code     0  startup_stm32f40_41xxx.o(.text)
    USART2_IRQHandler                        0x08000e2f   Thumb Code     0  startup_stm32f40_41xxx.o(.text)
    USART3_IRQHandler                        0x08000e2f   Thumb Code     0  startup_stm32f40_41xxx.o(.text)
    USART6_IRQHandler                        0x08000e2f   Thumb Code     0  startup_stm32f40_41xxx.o(.text)
    WWDG_IRQHandler                          0x08000e2f   Thumb Code     0  startup_stm32f40_41xxx.o(.text)
    __user_initial_stackheap                 0x08000e31   Thumb Code     0  startup_stm32f40_41xxx.o(.text)
    NVIC_PriorityGroupConfig                 0x08000e55   Thumb Code    10  misc.o(.text)
    NVIC_Init                                0x08000e5f   Thumb Code   106  misc.o(.text)
    NVIC_SetVectorTable                      0x08000ec9   Thumb Code    14  misc.o(.text)
    NVIC_SystemLPConfig                      0x08000ed7   Thumb Code    34  misc.o(.text)
    SysTick_CLKSourceConfig                  0x08000ef9   Thumb Code    40  misc.o(.text)
    GPIO_DeInit                              0x08000f35   Thumb Code   268  stm32f4xx_gpio.o(.text)
    GPIO_Init                                0x08001041   Thumb Code   144  stm32f4xx_gpio.o(.text)
    GPIO_StructInit                          0x080010d1   Thumb Code    18  stm32f4xx_gpio.o(.text)
    GPIO_PinLockConfig                       0x080010e3   Thumb Code    34  stm32f4xx_gpio.o(.text)
    GPIO_ReadInputDataBit                    0x08001105   Thumb Code    18  stm32f4xx_gpio.o(.text)
    GPIO_ReadInputData                       0x08001117   Thumb Code     8  stm32f4xx_gpio.o(.text)
    GPIO_ReadOutputDataBit                   0x0800111f   Thumb Code    18  stm32f4xx_gpio.o(.text)
    GPIO_ReadOutputData                      0x08001131   Thumb Code     8  stm32f4xx_gpio.o(.text)
    GPIO_SetBits                             0x08001139   Thumb Code     4  stm32f4xx_gpio.o(.text)
    GPIO_ResetBits                           0x0800113d   Thumb Code     4  stm32f4xx_gpio.o(.text)
    GPIO_WriteBit                            0x08001141   Thumb Code    10  stm32f4xx_gpio.o(.text)
    GPIO_Write                               0x0800114b   Thumb Code     4  stm32f4xx_gpio.o(.text)
    GPIO_ToggleBits                          0x0800114f   Thumb Code     8  stm32f4xx_gpio.o(.text)
    GPIO_PinAFConfig                         0x08001157   Thumb Code    70  stm32f4xx_gpio.o(.text)
    RCC_DeInit                               0x080011c9   Thumb Code    82  stm32f4xx_rcc.o(.text)
    RCC_HSEConfig                            0x0800121b   Thumb Code    14  stm32f4xx_rcc.o(.text)
    RCC_GetFlagStatus                        0x08001229   Thumb Code    60  stm32f4xx_rcc.o(.text)
    RCC_WaitForHSEStartUp                    0x08001265   Thumb Code    56  stm32f4xx_rcc.o(.text)
    RCC_AdjustHSICalibrationValue            0x0800129d   Thumb Code    20  stm32f4xx_rcc.o(.text)
    RCC_HSICmd                               0x080012b1   Thumb Code     6  stm32f4xx_rcc.o(.text)
    RCC_LSEConfig                            0x080012b7   Thumb Code    46  stm32f4xx_rcc.o(.text)
    RCC_LSICmd                               0x080012e5   Thumb Code     6  stm32f4xx_rcc.o(.text)
    RCC_PLLConfig                            0x080012eb   Thumb Code    32  stm32f4xx_rcc.o(.text)
    RCC_PLLCmd                               0x0800130b   Thumb Code     6  stm32f4xx_rcc.o(.text)
    RCC_PLLI2SConfig                         0x08001311   Thumb Code    14  stm32f4xx_rcc.o(.text)
    RCC_PLLI2SCmd                            0x0800131f   Thumb Code     6  stm32f4xx_rcc.o(.text)
    RCC_PLLSAIConfig                         0x08001325   Thumb Code    20  stm32f4xx_rcc.o(.text)
    RCC_PLLSAICmd                            0x08001339   Thumb Code     6  stm32f4xx_rcc.o(.text)
    RCC_ClockSecuritySystemCmd               0x0800133f   Thumb Code     6  stm32f4xx_rcc.o(.text)
    RCC_MCO1Config                           0x08001345   Thumb Code    28  stm32f4xx_rcc.o(.text)
    RCC_MCO2Config                           0x08001361   Thumb Code    28  stm32f4xx_rcc.o(.text)
    RCC_SYSCLKConfig                         0x0800137d   Thumb Code    20  stm32f4xx_rcc.o(.text)
    RCC_GetSYSCLKSource                      0x08001391   Thumb Code    12  stm32f4xx_rcc.o(.text)
    RCC_HCLKConfig                           0x0800139d   Thumb Code    20  stm32f4xx_rcc.o(.text)
    RCC_PCLK1Config                          0x080013b1   Thumb Code    20  stm32f4xx_rcc.o(.text)
    RCC_PCLK2Config                          0x080013c5   Thumb Code    22  stm32f4xx_rcc.o(.text)
    RCC_GetClocksFreq                        0x080013db   Thumb Code   222  stm32f4xx_rcc.o(.text)
    RCC_RTCCLKConfig                         0x080014b9   Thumb Code    54  stm32f4xx_rcc.o(.text)
    RCC_RTCCLKCmd                            0x080014ef   Thumb Code     8  stm32f4xx_rcc.o(.text)
    RCC_BackupResetCmd                       0x080014f7   Thumb Code     8  stm32f4xx_rcc.o(.text)
    RCC_I2SCLKConfig                         0x080014ff   Thumb Code     6  stm32f4xx_rcc.o(.text)
    RCC_SAIPLLI2SClkDivConfig                0x08001505   Thumb Code    26  stm32f4xx_rcc.o(.text)
    RCC_SAIPLLSAIClkDivConfig                0x0800151f   Thumb Code    28  stm32f4xx_rcc.o(.text)
    RCC_SAIBlockACLKConfig                   0x0800153b   Thumb Code    20  stm32f4xx_rcc.o(.text)
    RCC_SAIBlockBCLKConfig                   0x0800154f   Thumb Code    20  stm32f4xx_rcc.o(.text)
    RCC_LTDCCLKDivConfig                     0x08001563   Thumb Code    20  stm32f4xx_rcc.o(.text)
    RCC_TIMCLKPresConfig                     0x08001577   Thumb Code     6  stm32f4xx_rcc.o(.text)
    RCC_AHB1PeriphClockCmd                   0x0800157d   Thumb Code    34  stm32f4xx_rcc.o(.text)
    RCC_AHB2PeriphClockCmd                   0x0800159f   Thumb Code    78  stm32f4xx_rcc.o(.text)
    RCC_AHB3PeriphClockCmd                   0x080015ed   Thumb Code    34  stm32f4xx_rcc.o(.text)
    RCC_APB1PeriphClockCmd                   0x0800160f   Thumb Code    34  stm32f4xx_rcc.o(.text)
    RCC_APB2PeriphClockCmd                   0x08001631   Thumb Code    34  stm32f4xx_rcc.o(.text)
    RCC_AHB1PeriphResetCmd                   0x08001653   Thumb Code    34  stm32f4xx_rcc.o(.text)
    RCC_AHB2PeriphResetCmd                   0x08001675   Thumb Code    34  stm32f4xx_rcc.o(.text)
    RCC_AHB3PeriphResetCmd                   0x08001697   Thumb Code    34  stm32f4xx_rcc.o(.text)
    RCC_APB1PeriphResetCmd                   0x080016b9   Thumb Code    34  stm32f4xx_rcc.o(.text)
    RCC_APB2PeriphResetCmd                   0x080016db   Thumb Code    34  stm32f4xx_rcc.o(.text)
    RCC_AHB1PeriphClockLPModeCmd             0x080016fd   Thumb Code    34  stm32f4xx_rcc.o(.text)
    RCC_AHB2PeriphClockLPModeCmd             0x0800171f   Thumb Code    34  stm32f4xx_rcc.o(.text)
    RCC_AHB3PeriphClockLPModeCmd             0x08001741   Thumb Code    34  stm32f4xx_rcc.o(.text)
    RCC_APB1PeriphClockLPModeCmd             0x08001763   Thumb Code    34  stm32f4xx_rcc.o(.text)
    RCC_APB2PeriphClockLPModeCmd             0x08001785   Thumb Code    34  stm32f4xx_rcc.o(.text)
    RCC_LSEModeConfig                        0x080017a7   Thumb Code    40  stm32f4xx_rcc.o(.text)
    RCC_ITConfig                             0x080017cf   Thumb Code    34  stm32f4xx_rcc.o(.text)
    RCC_ClearFlag                            0x080017f1   Thumb Code    18  stm32f4xx_rcc.o(.text)
    RCC_GetITStatus                          0x08001803   Thumb Code    22  stm32f4xx_rcc.o(.text)
    RCC_ClearITPendingBit                    0x08001819   Thumb Code     8  stm32f4xx_rcc.o(.text)
    USART_DeInit                             0x08001825   Thumb Code   206  stm32f4xx_usart.o(.text)
    USART_Init                               0x080018f3   Thumb Code   204  stm32f4xx_usart.o(.text)
    USART_StructInit                         0x080019bf   Thumb Code    24  stm32f4xx_usart.o(.text)
    USART_ClockInit                          0x080019d7   Thumb Code    32  stm32f4xx_usart.o(.text)
    USART_ClockStructInit                    0x080019f7   Thumb Code    12  stm32f4xx_usart.o(.text)
    USART_Cmd                                0x08001a03   Thumb Code    24  stm32f4xx_usart.o(.text)
    USART_SetPrescaler                       0x08001a1b   Thumb Code    16  stm32f4xx_usart.o(.text)
    USART_OverSampling8Cmd                   0x08001a2b   Thumb Code    22  stm32f4xx_usart.o(.text)
    USART_OneBitMethodCmd                    0x08001a41   Thumb Code    24  stm32f4xx_usart.o(.text)
    USART_SendData                           0x08001a59   Thumb Code     8  stm32f4xx_usart.o(.text)
    USART_ReceiveData                        0x08001a61   Thumb Code    10  stm32f4xx_usart.o(.text)
    USART_SetAddress                         0x08001a6b   Thumb Code    18  stm32f4xx_usart.o(.text)
    USART_ReceiverWakeUpCmd                  0x08001a7d   Thumb Code    24  stm32f4xx_usart.o(.text)
    USART_WakeUpConfig                       0x08001a95   Thumb Code    18  stm32f4xx_usart.o(.text)
    USART_LINBreakDetectLengthConfig         0x08001aa7   Thumb Code    18  stm32f4xx_usart.o(.text)
    USART_LINCmd                             0x08001ab9   Thumb Code    24  stm32f4xx_usart.o(.text)
    USART_SendBreak                          0x08001ad1   Thumb Code    10  stm32f4xx_usart.o(.text)
    USART_HalfDuplexCmd                      0x08001adb   Thumb Code    24  stm32f4xx_usart.o(.text)
    USART_SetGuardTime                       0x08001af3   Thumb Code    16  stm32f4xx_usart.o(.text)
    USART_SmartCardCmd                       0x08001b03   Thumb Code    24  stm32f4xx_usart.o(.text)
    USART_SmartCardNACKCmd                   0x08001b1b   Thumb Code    24  stm32f4xx_usart.o(.text)
    USART_IrDAConfig                         0x08001b33   Thumb Code    18  stm32f4xx_usart.o(.text)
    USART_IrDACmd                            0x08001b45   Thumb Code    24  stm32f4xx_usart.o(.text)
    USART_DMACmd                             0x08001b5d   Thumb Code    18  stm32f4xx_usart.o(.text)
    USART_ITConfig                           0x08001b6f   Thumb Code    74  stm32f4xx_usart.o(.text)
    USART_GetFlagStatus                      0x08001bb9   Thumb Code    26  stm32f4xx_usart.o(.text)
    USART_ClearFlag                          0x08001bd3   Thumb Code    18  stm32f4xx_usart.o(.text)
    USART_GetITStatus                        0x08001be5   Thumb Code   118  stm32f4xx_usart.o(.text)
    USART_ClearITPendingBit                  0x08001c5b   Thumb Code    30  stm32f4xx_usart.o(.text)
    SPI_I2S_DeInit                           0x08001c79   Thumb Code   152  stm32f4xx_spi.o(.text)
    SPI_Init                                 0x08001d11   Thumb Code    60  stm32f4xx_spi.o(.text)
    I2S_Init                                 0x08001d4d   Thumb Code   396  stm32f4xx_spi.o(.text)
    SPI_StructInit                           0x08001ed9   Thumb Code    24  stm32f4xx_spi.o(.text)
    I2S_StructInit                           0x08001ef1   Thumb Code    20  stm32f4xx_spi.o(.text)
    SPI_Cmd                                  0x08001f05   Thumb Code    24  stm32f4xx_spi.o(.text)
    I2S_Cmd                                  0x08001f1d   Thumb Code    24  stm32f4xx_spi.o(.text)
    SPI_DataSizeConfig                       0x08001f35   Thumb Code    18  stm32f4xx_spi.o(.text)
    SPI_BiDirectionalLineConfig              0x08001f47   Thumb Code    28  stm32f4xx_spi.o(.text)
    SPI_NSSInternalSoftwareConfig            0x08001f63   Thumb Code    30  stm32f4xx_spi.o(.text)
    SPI_SSOutputCmd                          0x08001f81   Thumb Code    24  stm32f4xx_spi.o(.text)
    SPI_TIModeCmd                            0x08001f99   Thumb Code    24  stm32f4xx_spi.o(.text)
    I2S_FullDuplexConfig                     0x08001fb1   Thumb Code    80  stm32f4xx_spi.o(.text)
    SPI_I2S_ReceiveData                      0x08002001   Thumb Code     6  stm32f4xx_spi.o(.text)
    SPI_I2S_SendData                         0x08002007   Thumb Code     4  stm32f4xx_spi.o(.text)
    SPI_CalculateCRC                         0x0800200b   Thumb Code    24  stm32f4xx_spi.o(.text)
    SPI_TransmitCRC                          0x08002023   Thumb Code    10  stm32f4xx_spi.o(.text)
    SPI_GetCRC                               0x0800202d   Thumb Code    16  stm32f4xx_spi.o(.text)
    SPI_GetCRCPolynomial                     0x0800203d   Thumb Code     6  stm32f4xx_spi.o(.text)
    SPI_I2S_DMACmd                           0x08002043   Thumb Code    18  stm32f4xx_spi.o(.text)
    SPI_I2S_ITConfig                         0x08002055   Thumb Code    68  stm32f4xx_spi.o(.text)
    SPI_I2S_GetFlagStatus                    0x08002099   Thumb Code    18  stm32f4xx_spi.o(.text)
    SPI_I2S_ClearFlag                        0x080020ab   Thumb Code     6  stm32f4xx_spi.o(.text)
    SPI_I2S_GetITStatus                      0x080020b1   Thumb Code    52  stm32f4xx_spi.o(.text)
    SPI_I2S_ClearITPendingBit                0x080020e5   Thumb Code    20  stm32f4xx_spi.o(.text)
    TIM_DeInit                               0x080020f9   Thumb Code   346  stm32f4xx_tim.o(.text)
    TIM_TimeBaseInit                         0x08002253   Thumb Code   104  stm32f4xx_tim.o(.text)
    TIM_TimeBaseStructInit                   0x080022bb   Thumb Code    18  stm32f4xx_tim.o(.text)
    TIM_PrescalerConfig                      0x080022cd   Thumb Code     6  stm32f4xx_tim.o(.text)
    TIM_CounterModeConfig                    0x080022d3   Thumb Code    18  stm32f4xx_tim.o(.text)
    TIM_SetCounter                           0x080022e5   Thumb Code     4  stm32f4xx_tim.o(.text)
    TIM_SetAutoreload                        0x080022e9   Thumb Code     4  stm32f4xx_tim.o(.text)
    TIM_GetCounter                           0x080022ed   Thumb Code     6  stm32f4xx_tim.o(.text)
    TIM_GetPrescaler                         0x080022f3   Thumb Code     6  stm32f4xx_tim.o(.text)
    TIM_UpdateDisableConfig                  0x080022f9   Thumb Code    24  stm32f4xx_tim.o(.text)
    TIM_UpdateRequestConfig                  0x08002311   Thumb Code    24  stm32f4xx_tim.o(.text)
    TIM_ARRPreloadConfig                     0x08002329   Thumb Code    24  stm32f4xx_tim.o(.text)
    TIM_SelectOnePulseMode                   0x08002341   Thumb Code    18  stm32f4xx_tim.o(.text)
    TIM_SetClockDivision                     0x08002353   Thumb Code    18  stm32f4xx_tim.o(.text)
    TIM_Cmd                                  0x08002365   Thumb Code    24  stm32f4xx_tim.o(.text)
    TIM_OC1Init                              0x0800237d   Thumb Code   114  stm32f4xx_tim.o(.text)
    TIM_OC2Init                              0x080023ef   Thumb Code   154  stm32f4xx_tim.o(.text)
    TIM_OC3Init                              0x08002489   Thumb Code   204  stm32f4xx_tim.o(.text)
    TIM_OC4Init                              0x08002555   Thumb Code   112  stm32f4xx_tim.o(.text)
    TIM_OCStructInit                         0x080025c5   Thumb Code    20  stm32f4xx_tim.o(.text)
    TIM_SelectOCxM                           0x080025d9   Thumb Code    86  stm32f4xx_tim.o(.text)
    TIM_SetCompare1                          0x0800262f   Thumb Code     4  stm32f4xx_tim.o(.text)
    TIM_SetCompare2                          0x08002633   Thumb Code     4  stm32f4xx_tim.o(.text)
    TIM_SetCompare3                          0x08002637   Thumb Code     4  stm32f4xx_tim.o(.text)
    TIM_SetCompare4                          0x0800263b   Thumb Code     4  stm32f4xx_tim.o(.text)
    TIM_ForcedOC1Config                      0x0800263f   Thumb Code    18  stm32f4xx_tim.o(.text)
    TIM_ForcedOC2Config                      0x08002651   Thumb Code    26  stm32f4xx_tim.o(.text)
    TIM_ForcedOC3Config                      0x0800266b   Thumb Code    18  stm32f4xx_tim.o(.text)
    TIM_ForcedOC4Config                      0x0800267d   Thumb Code    26  stm32f4xx_tim.o(.text)
    TIM_OC1PreloadConfig                     0x08002697   Thumb Code    18  stm32f4xx_tim.o(.text)
    TIM_OC2PreloadConfig                     0x080026a9   Thumb Code    26  stm32f4xx_tim.o(.text)
    TIM_OC3PreloadConfig                     0x080026c3   Thumb Code    18  stm32f4xx_tim.o(.text)
    TIM_OC4PreloadConfig                     0x080026d5   Thumb Code    26  stm32f4xx_tim.o(.text)
    TIM_OC1FastConfig                        0x080026ef   Thumb Code    18  stm32f4xx_tim.o(.text)
    TIM_OC2FastConfig                        0x08002701   Thumb Code    26  stm32f4xx_tim.o(.text)
    TIM_OC3FastConfig                        0x0800271b   Thumb Code    18  stm32f4xx_tim.o(.text)
    TIM_OC4FastConfig                        0x0800272d   Thumb Code    26  stm32f4xx_tim.o(.text)
    TIM_ClearOC1Ref                          0x08002747   Thumb Code    18  stm32f4xx_tim.o(.text)
    TIM_ClearOC2Ref                          0x08002759   Thumb Code    24  stm32f4xx_tim.o(.text)
    TIM_ClearOC3Ref                          0x08002771   Thumb Code    18  stm32f4xx_tim.o(.text)
    TIM_ClearOC4Ref                          0x08002783   Thumb Code    24  stm32f4xx_tim.o(.text)
    TIM_OC1PolarityConfig                    0x0800279b   Thumb Code    18  stm32f4xx_tim.o(.text)
    TIM_OC1NPolarityConfig                   0x080027ad   Thumb Code    18  stm32f4xx_tim.o(.text)
    TIM_OC2PolarityConfig                    0x080027bf   Thumb Code    26  stm32f4xx_tim.o(.text)
    TIM_OC2NPolarityConfig                   0x080027d9   Thumb Code    26  stm32f4xx_tim.o(.text)
    TIM_OC3PolarityConfig                    0x080027f3   Thumb Code    26  stm32f4xx_tim.o(.text)
    TIM_OC3NPolarityConfig                   0x0800280d   Thumb Code    26  stm32f4xx_tim.o(.text)
    TIM_OC4PolarityConfig                    0x08002827   Thumb Code    26  stm32f4xx_tim.o(.text)
    TIM_CCxCmd                               0x08002841   Thumb Code    30  stm32f4xx_tim.o(.text)
    TIM_CCxNCmd                              0x0800285f   Thumb Code    30  stm32f4xx_tim.o(.text)
    TIM_SetIC4Prescaler                      0x0800287d   Thumb Code    26  stm32f4xx_tim.o(.text)
    TIM_SetIC3Prescaler                      0x080028e7   Thumb Code    18  stm32f4xx_tim.o(.text)
    TIM_SetIC2Prescaler                      0x08002941   Thumb Code    26  stm32f4xx_tim.o(.text)
    TIM_SetIC1Prescaler                      0x080029b5   Thumb Code    18  stm32f4xx_tim.o(.text)
    TIM_ICInit                               0x08002a01   Thumb Code   110  stm32f4xx_tim.o(.text)
    TIM_ICStructInit                         0x08002a6f   Thumb Code    18  stm32f4xx_tim.o(.text)
    TIM_PWMIConfig                           0x08002a81   Thumb Code   124  stm32f4xx_tim.o(.text)
    TIM_GetCapture1                          0x08002afd   Thumb Code     6  stm32f4xx_tim.o(.text)
    TIM_GetCapture2                          0x08002b03   Thumb Code     6  stm32f4xx_tim.o(.text)
    TIM_GetCapture3                          0x08002b09   Thumb Code     6  stm32f4xx_tim.o(.text)
    TIM_GetCapture4                          0x08002b0f   Thumb Code     6  stm32f4xx_tim.o(.text)
    TIM_BDTRConfig                           0x08002b15   Thumb Code    32  stm32f4xx_tim.o(.text)
    TIM_BDTRStructInit                       0x08002b35   Thumb Code    18  stm32f4xx_tim.o(.text)
    TIM_CtrlPWMOutputs                       0x08002b47   Thumb Code    30  stm32f4xx_tim.o(.text)
    TIM_SelectCOM                            0x08002b65   Thumb Code    24  stm32f4xx_tim.o(.text)
    TIM_CCPreloadControl                     0x08002b7d   Thumb Code    24  stm32f4xx_tim.o(.text)
    TIM_ITConfig                             0x08002b95   Thumb Code    18  stm32f4xx_tim.o(.text)
    TIM_GenerateEvent                        0x08002ba7   Thumb Code     4  stm32f4xx_tim.o(.text)
    TIM_GetFlagStatus                        0x08002bab   Thumb Code    18  stm32f4xx_tim.o(.text)
    TIM_ClearFlag                            0x08002bbd   Thumb Code     6  stm32f4xx_tim.o(.text)
    TIM_GetITStatus                          0x08002bc3   Thumb Code    34  stm32f4xx_tim.o(.text)
    TIM_ClearITPendingBit                    0x08002be5   Thumb Code     6  stm32f4xx_tim.o(.text)
    TIM_DMAConfig                            0x08002beb   Thumb Code    10  stm32f4xx_tim.o(.text)
    TIM_DMACmd                               0x08002bf5   Thumb Code    18  stm32f4xx_tim.o(.text)
    TIM_SelectCCDMA                          0x08002c07   Thumb Code    24  stm32f4xx_tim.o(.text)
    TIM_InternalClockConfig                  0x08002c1f   Thumb Code    12  stm32f4xx_tim.o(.text)
    TIM_SelectInputTrigger                   0x08002c2b   Thumb Code    18  stm32f4xx_tim.o(.text)
    TIM_ITRxExternalClockConfig              0x08002c3d   Thumb Code    24  stm32f4xx_tim.o(.text)
    TIM_TIxExternalClockConfig               0x08002c55   Thumb Code    62  stm32f4xx_tim.o(.text)
    TIM_ETRConfig                            0x08002c93   Thumb Code    28  stm32f4xx_tim.o(.text)
    TIM_ETRClockMode1Config                  0x08002caf   Thumb Code    54  stm32f4xx_tim.o(.text)
    TIM_ETRClockMode2Config                  0x08002ce5   Thumb Code    32  stm32f4xx_tim.o(.text)
    TIM_SelectOutputTrigger                  0x08002d05   Thumb Code    18  stm32f4xx_tim.o(.text)
    TIM_SelectSlaveMode                      0x08002d17   Thumb Code    18  stm32f4xx_tim.o(.text)
    TIM_SelectMasterSlaveMode                0x08002d29   Thumb Code    18  stm32f4xx_tim.o(.text)
    TIM_EncoderInterfaceConfig               0x08002d3b   Thumb Code    66  stm32f4xx_tim.o(.text)
    TIM_SelectHallSensor                     0x08002d7d   Thumb Code    24  stm32f4xx_tim.o(.text)
    TIM_RemapConfig                          0x08002d95   Thumb Code     6  stm32f4xx_tim.o(.text)
    OS_TaskStatStkChk                        0x08002d9d   Thumb Code    54  os_core.o(.text)
    OS_TaskStat                              0x08002dd3   Thumb Code   116  os_core.o(.text)
    OS_TaskIdle                              0x08002e7b   Thumb Code    34  os_core.o(.text)
    OS_MemClr                                0x08002ed1   Thumb Code    18  os_core.o(.text)
    OSInit                                   0x08002fef   Thumb Code    44  os_core.o(.text)
    OSIntEnter                               0x0800301b   Thumb Code    28  os_core.o(.text)
    OSIntExit                                0x08003051   Thumb Code   112  os_core.o(.text)
    OSSchedLock                              0x080030c1   Thumb Code    50  os_core.o(.text)
    OS_Sched                                 0x080030f3   Thumb Code    88  os_core.o(.text)
    OSSchedUnlock                            0x0800314b   Thumb Code   238  os_core.o(.text)
    OSStart                                  0x08003239   Thumb Code    48  os_core.o(.text)
    OSStatInit                               0x08003269   Thumb Code    62  os_core.o(.text)
    OSTimeTick                               0x080032a7   Thumb Code   210  os_core.o(.text)
    OSVersion                                0x08003379   Thumb Code     6  os_core.o(.text)
    OS_Dummy                                 0x0800337f   Thumb Code     2  os_core.o(.text)
    OS_EventTaskRemove                       0x08003381   Thumb Code    42  os_core.o(.text)
    OS_EventTaskRdy                          0x080033ab   Thumb Code   114  os_core.o(.text)
    OS_EventTaskWait                         0x0800341d   Thumb Code   112  os_core.o(.text)
    OS_EventWaitListInit                     0x0800348d   Thumb Code    28  os_core.o(.text)
    OS_MemCopy                               0x080034a9   Thumb Code    20  os_core.o(.text)
    OS_StrLen                                0x080034bd   Thumb Code    20  os_core.o(.text)
    OS_TCBInit                               0x080034d1   Thumb Code   280  os_core.o(.text)
    OSFlagAccept                             0x0800362d   Thumb Code   252  os_flag.o(.text)
    OSFlagCreate                             0x08003729   Thumb Code    86  os_flag.o(.text)
    OS_FlagUnlink                            0x0800377f   Thumb Code    36  os_flag.o(.text)
    OSFlagDel                                0x080037f5   Thumb Code   214  os_flag.o(.text)
    OSFlagNameGet                            0x080038cb   Thumb Code    80  os_flag.o(.text)
    OSFlagNameSet                            0x0800391b   Thumb Code    66  os_flag.o(.text)
    OSFlagPend                               0x080039f5   Thumb Code   614  os_flag.o(.text)
    OSFlagPendGetFlagsRdy                    0x08003c5b   Thumb Code    26  os_flag.o(.text)
    OSFlagPost                               0x08003c75   Thumb Code   312  os_flag.o(.text)
    OSFlagQuery                              0x08003dad   Thumb Code    48  os_flag.o(.text)
    OS_FlagInit                              0x08003ddd   Thumb Code    78  os_flag.o(.text)
    OSQAccept                                0x08003e39   Thumb Code    88  os_q.o(.text)
    OSQCreate                                0x08003e91   Thumb Code   140  os_q.o(.text)
    OSQDel                                   0x08003f1d   Thumb Code   236  os_q.o(.text)
    OSQFlush                                 0x08004009   Thumb Code    36  os_q.o(.text)
    OSQPend                                  0x0800402d   Thumb Code   272  os_q.o(.text)
    OSQPendAbort                             0x0800413d   Thumb Code   128  os_q.o(.text)
    OSQPost                                  0x080041bd   Thumb Code   114  os_q.o(.text)
    OSQPostFront                             0x0800422f   Thumb Code   136  os_q.o(.text)
    OSQPostOpt                               0x080042b7   Thumb Code   182  os_q.o(.text)
    OSQQuery                                 0x0800436d   Thumb Code    98  os_q.o(.text)
    OS_QInit                                 0x080043cf   Thumb Code    72  os_q.o(.text)
    OSTaskChangePrio                         0x08004421   Thumb Code   308  os_task.o(.text)
    OSTaskCreate                             0x08004555   Thumb Code   148  os_task.o(.text)
    OS_TaskStkClr                            0x080045e9   Thumb Code    26  os_task.o(.text)
    OSTaskCreateExt                          0x08004603   Thumb Code   170  os_task.o(.text)
    OSTaskDel                                0x080046ad   Thumb Code   294  os_task.o(.text)
    OSTaskDelReq                             0x080047d3   Thumb Code   144  os_task.o(.text)
    OSTaskNameGet                            0x08004863   Thumb Code   114  os_task.o(.text)
    OSTaskNameSet                            0x080048d5   Thumb Code    98  os_task.o(.text)
    OSTaskResume                             0x08004937   Thumb Code   154  os_task.o(.text)
    OSTaskStkChk                             0x080049d1   Thumb Code   132  os_task.o(.text)
    OSTaskSuspend                            0x08004a55   Thumb Code   152  os_task.o(.text)
    OSTaskQuery                              0x08004aed   Thumb Code    82  os_task.o(.text)
    OSTaskRegGet                             0x08004b3f   Thumb Code    60  os_task.o(.text)
    OSTaskRegSet                             0x08004b7b   Thumb Code    62  os_task.o(.text)
    OS_TaskReturn                            0x08004bb9   Thumb Code    18  os_task.o(.text)
    OSTimeDly                                0x08004be5   Thumb Code   100  os_time.o(.text)
    OSTimeDlyHMSM                            0x08004c49   Thumb Code    86  os_time.o(.text)
    OSTimeDlyResume                          0x08004c9f   Thumb Code   168  os_time.o(.text)
    OSTimeGet                                0x08004d47   Thumb Code    24  os_time.o(.text)
    OSTimeSet                                0x08004d5f   Thumb Code    24  os_time.o(.text)
    OSInitHookBegin                          0x08004d95   Thumb Code     2  os_cpu_c.o(.text)
    OSInitHookEnd                            0x08004d97   Thumb Code     2  os_cpu_c.o(.text)
    OSTaskCreateHook                         0x08004d99   Thumb Code     2  os_cpu_c.o(.text)
    OSTaskDelHook                            0x08004d9b   Thumb Code     2  os_cpu_c.o(.text)
    OSTaskIdleHook                           0x08004d9d   Thumb Code     2  os_cpu_c.o(.text)
    OSTaskStatHook                           0x08004d9f   Thumb Code     2  os_cpu_c.o(.text)
    OSTaskStkInit                            0x08004da1   Thumb Code   426  os_cpu_c.o(.text)
    OSTaskSwHook                             0x08004f4b   Thumb Code     2  os_cpu_c.o(.text)
    OSTCBInitHook                            0x08004f4d   Thumb Code     2  os_cpu_c.o(.text)
    OSTimeTickHook                           0x08004f4f   Thumb Code     2  os_cpu_c.o(.text)
    OSTaskReturnHook                         0x08004f51   Thumb Code     2  os_cpu_c.o(.text)
    OS_CPU_SR_Save                           0x08004f59   Thumb Code     0  os_cpu_a.o(.text)
    OS_CPU_SR_Restore                        0x08004f61   Thumb Code     0  os_cpu_a.o(.text)
    OSStartHighRdy                           0x08004f67   Thumb Code     0  os_cpu_a.o(.text)
    OSCtxSw                                  0x08004f8b   Thumb Code     0  os_cpu_a.o(.text)
    OSIntCtxSw                               0x08004f99   Thumb Code     0  os_cpu_a.o(.text)
    PendSV_Handler                           0x08004fa9   Thumb Code     0  os_cpu_a.o(.text)
    debug_usart_init                         0x08005021   Thumb Code    12  wiz_platform.o(.text)
    wiz_timer_init                           0x0800502d   Thumb Code    14  wiz_platform.o(.text)
    wiz_spi_init                             0x0800503b   Thumb Code    72  wiz_platform.o(.text)
    wiz_rst_int_init                         0x08005083   Thumb Code    80  wiz_platform.o(.text)
    delay_s                                  0x080050d3   Thumb Code    24  wiz_platform.o(.text)
    wizchip_select                           0x080050eb   Thumb Code    12  wiz_platform.o(.text)
    wizchip_deselect                         0x080050f7   Thumb Code    12  wiz_platform.o(.text)
    wizchip_write_byte                       0x08005103   Thumb Code    12  wiz_platform.o(.text)
    wizchip_read_byte                        0x0800510f   Thumb Code    10  wiz_platform.o(.text)
    wizchip_write_buff                       0x08005119   Thumb Code    28  wiz_platform.o(.text)
    wizchip_read_buff                        0x08005135   Thumb Code    28  wiz_platform.o(.text)
    wizchip_reset                            0x08005151   Thumb Code    46  wiz_platform.o(.text)
    wizchip_spi_cb_reg                       0x0800517f   Thumb Code    40  wiz_platform.o(.text)
    TIM3_IRQHandler                          0x080051a7   Thumb Code    54  wiz_platform.o(.text)
    wizchip_version_check                    0x080051e9   Thumb Code    70  wiz_interface.o(.text)
    wiz_print_phy_info                       0x0800522f   Thumb Code    54  wiz_interface.o(.text)
    wiz_phy_link_check                       0x08005265   Thumb Code    56  wiz_interface.o(.text)
    wizchip_initialize                       0x0800529d   Thumb Code    20  wiz_interface.o(.text)
    print_network_information                0x080052b1   Thumb Code   190  wiz_interface.o(.text)
    network_init                             0x08005401   Thumb Code    46  wiz_interface.o(.text)
    close                                    0x080055e9   Thumb Code   142  socket.o(.text)
    socket                                   0x08005677   Thumb Code   384  socket.o(.text)
    listen                                   0x080057f7   Thumb Code   158  socket.o(.text)
    connect                                  0x08005895   Thumb Code   342  socket.o(.text)
    disconnect                               0x080059eb   Thumb Code   202  socket.o(.text)
    send                                     0x08005ab5   Thumb Code   374  socket.o(.text)
    recv                                     0x08005c2b   Thumb Code   282  socket.o(.text)
    sendto                                   0x08005d45   Thumb Code   530  socket.o(.text)
    recvfrom                                 0x08005f57   Thumb Code   768  socket.o(.text)
    ctlsocket                                0x08006257   Thumb Code   308  socket.o(.text)
    setsockopt                               0x0800638b   Thumb Code   398  socket.o(.text)
    getsockopt                               0x08006519   Thumb Code   408  socket.o(.text)
    wizchip_cris_enter                       0x080066b5   Thumb Code     2  wizchip_conf.o(.text)
    wizchip_cris_exit                        0x080066b7   Thumb Code     2  wizchip_conf.o(.text)
    wizchip_cs_select                        0x080066b9   Thumb Code     2  wizchip_conf.o(.text)
    wizchip_cs_deselect                      0x080066bb   Thumb Code     2  wizchip_conf.o(.text)
    wizchip_bus_readdata                     0x080066bd   Thumb Code     6  wizchip_conf.o(.text)
    wizchip_bus_writedata                    0x080066c3   Thumb Code     4  wizchip_conf.o(.text)
    wizchip_spi_readbyte                     0x080066c7   Thumb Code     4  wizchip_conf.o(.text)
    wizchip_spi_writebyte                    0x080066cb   Thumb Code     2  wizchip_conf.o(.text)
    wizchip_spi_readburst                    0x080066cd   Thumb Code     2  wizchip_conf.o(.text)
    wizchip_spi_writeburst                   0x080066cf   Thumb Code     2  wizchip_conf.o(.text)
    reg_wizchip_cris_cbfunc                  0x080066d1   Thumb Code    30  wizchip_conf.o(.text)
    reg_wizchip_cs_cbfunc                    0x080066ef   Thumb Code    30  wizchip_conf.o(.text)
    reg_wizchip_bus_cbfunc                   0x0800670d   Thumb Code    44  wizchip_conf.o(.text)
    reg_wizchip_spi_cbfunc                   0x08006739   Thumb Code    44  wizchip_conf.o(.text)
    reg_wizchip_spiburst_cbfunc              0x08006765   Thumb Code    42  wizchip_conf.o(.text)
    wizphy_getphylink                        0x0800678f   Thumb Code    24  wizchip_conf.o(.text)
    wizphy_getphypmode                       0x080067a7   Thumb Code    30  wizchip_conf.o(.text)
    wizphy_reset                             0x080067c5   Thumb Code    52  wizchip_conf.o(.text)
    wizphy_setphypmode                       0x080067f9   Thumb Code   100  wizchip_conf.o(.text)
    wizphy_getphyconf                        0x0800685d   Thumb Code   120  wizchip_conf.o(.text)
    wizphy_setphyconf                        0x080068d5   Thumb Code    88  wizchip_conf.o(.text)
    wizchip_getinterruptmask                 0x0800692d   Thumb Code    40  wizchip_conf.o(.text)
    wizchip_setinterruptmask                 0x08006955   Thumb Code    30  wizchip_conf.o(.text)
    wizchip_getinterrupt                     0x08006973   Thumb Code    42  wizchip_conf.o(.text)
    wizchip_clrinterrupt                     0x0800699d   Thumb Code    60  wizchip_conf.o(.text)
    wizchip_sw_reset                         0x080069d9   Thumb Code   114  wizchip_conf.o(.text)
    wizchip_init                             0x08006a4b   Thumb Code   148  wizchip_conf.o(.text)
    ctlwizchip                               0x08006adf   Thumb Code   282  wizchip_conf.o(.text)
    wizchip_gettimeout                       0x08006bf9   Thumb Code    40  wizchip_conf.o(.text)
    wizchip_settimeout                       0x08006c21   Thumb Code    38  wizchip_conf.o(.text)
    wizchip_getnetmode                       0x08006c47   Thumb Code    10  wizchip_conf.o(.text)
    wizchip_setnetmode                       0x08006c51   Thumb Code    38  wizchip_conf.o(.text)
    wizchip_getnetinfo                       0x08006c77   Thumb Code    82  wizchip_conf.o(.text)
    wizchip_setnetinfo                       0x08006cc9   Thumb Code    80  wizchip_conf.o(.text)
    ctlnetwork                               0x08006d19   Thumb Code    80  wizchip_conf.o(.text)
    wizphy_getphystat                        0x08006d69   Thumb Code    28  wizchip_conf.o(.text)
    WIZCHIP_READ                             0x08006d91   Thumb Code   112  w5500.o(.text)
    WIZCHIP_WRITE                            0x08006e01   Thumb Code   112  w5500.o(.text)
    WIZCHIP_READ_BUF                         0x08006e71   Thumb Code   136  w5500.o(.text)
    WIZCHIP_WRITE_BUF                        0x08006ef9   Thumb Code   132  w5500.o(.text)
    getSn_TX_FSR                             0x08006f7d   Thumb Code   108  w5500.o(.text)
    getSn_RX_RSR                             0x08006fe9   Thumb Code   108  w5500.o(.text)
    wiz_send_data                            0x08007055   Thumb Code   132  w5500.o(.text)
    wiz_recv_data                            0x080070d9   Thumb Code   132  w5500.o(.text)
    wiz_recv_ignore                          0x0800715d   Thumb Code   110  w5500.o(.text)
    default_ip_assign                        0x080071cd   Thumb Code    38  dhcp.o(.text)
    default_ip_update                        0x080071f3   Thumb Code    34  dhcp.o(.text)
    default_ip_conflict                      0x08007215   Thumb Code    30  dhcp.o(.text)
    reg_dhcp_cbfunc                          0x08007233   Thumb Code    46  dhcp.o(.text)
    makeDHCPMSG                              0x08007261   Thumb Code   386  dhcp.o(.text)
    NibbleToHex                              0x080073e3   Thumb Code    26  dhcp.o(.text)
    send_DHCP_DISCOVER                       0x080073fd   Thumb Code   688  dhcp.o(.text)
    send_DHCP_REQUEST                        0x080076ad   Thumb Code  1000  dhcp.o(.text)
    send_DHCP_DECLINE                        0x08007a95   Thumb Code   492  dhcp.o(.text)
    parseDHCPMSG                             0x08007c81   Thumb Code   636  dhcp.o(.text)
    reset_DHCP_timeout                       0x08007efd   Thumb Code    20  dhcp.o(.text)
    check_DHCP_timeout                       0x08007f11   Thumb Code   154  dhcp.o(.text)
    check_DHCP_leasedIP                      0x08007fab   Thumb Code    88  dhcp.o(.text)
    DHCP_run                                 0x08008003   Thumb Code   424  dhcp.o(.text)
    DHCP_stop                                0x080081ab   Thumb Code    18  dhcp.o(.text)
    DHCP_init                                0x080081bd   Thumb Code   294  dhcp.o(.text)
    DHCP_time_handler                        0x080082e3   Thumb Code    12  dhcp.o(.text)
    getIPfromDHCP                            0x080082ef   Thumb Code    26  dhcp.o(.text)
    getGWfromDHCP                            0x08008309   Thumb Code    26  dhcp.o(.text)
    getSNfromDHCP                            0x08008323   Thumb Code    26  dhcp.o(.text)
    getDNSfromDHCP                           0x0800833d   Thumb Code    26  dhcp.o(.text)
    getDHCPLeasetime                         0x08008357   Thumb Code     6  dhcp.o(.text)
    tcp_srv_single_init                      0x08008477   Thumb Code   120  modtcpbsp.o(.text)
    tcp_srv_single_close                     0x080084ef   Thumb Code    90  modtcpbsp.o(.text)
    tcp_srv_single_deinit                    0x08008549   Thumb Code    14  modtcpbsp.o(.text)
    tcp_srv_single_poll                      0x08008557   Thumb Code   270  modtcpbsp.o(.text)
    tcp_srv_single_peek                      0x08008665   Thumb Code    34  modtcpbsp.o(.text)
    tcp_srv_single_read                      0x08008687   Thumb Code   110  modtcpbsp.o(.text)
    tcp_srv_single_send                      0x080086f5   Thumb Code    88  modtcpbsp.o(.text)
    tcp_srv_single_set_keepalive             0x0800874d   Thumb Code   556  modtcpbsp.o(.text)
    tcp_srv_single_link_state                0x08008979   Thumb Code    30  modtcpbsp.o(.text)
    tcp_srv_single_is_connected              0x08008997   Thumb Code     8  modtcpbsp.o(.text)
    tcp_srv_single_get_client_sn             0x0800899f   Thumb Code     8  modtcpbsp.o(.text)
    tcp_srv_single_get_rx_buffer_usage       0x080089a7   Thumb Code     8  modtcpbsp.o(.text)
    tcp_srv_single_get_rx_buffer_size        0x080089af   Thumb Code     6  modtcpbsp.o(.text)
    eMBRegHoldingCB                          0x080089e9   Thumb Code   116  mb_user_reg.o(.text)
    eMBRegInputCB                            0x08008a5d   Thumb Code    68  mb_user_reg.o(.text)
    eMBRegCoilsCB                            0x08008aa1   Thumb Code   274  mb_user_reg.o(.text)
    eMBRegDiscreteCB                         0x08008bb3   Thumb Code   130  mb_user_reg.o(.text)
    MBUSR_Init                               0x08008c35   Thumb Code     2  mb_user_reg.o(.text)
    MBUSR_SetHoldingIdx                      0x08008c37   Thumb Code    34  mb_user_reg.o(.text)
    MBUSR_GetHoldingIdx                      0x08008c59   Thumb Code    44  mb_user_reg.o(.text)
    MBUSR_SetHoldingByAddr                   0x08008c85   Thumb Code    28  mb_user_reg.o(.text)
    MBUSR_GetHoldingByAddr                   0x08008ca1   Thumb Code    28  mb_user_reg.o(.text)
    MBUSR_SetInputIdx                        0x08008cbd   Thumb Code    34  mb_user_reg.o(.text)
    MBUSR_GetInputIdx                        0x08008cdf   Thumb Code    44  mb_user_reg.o(.text)
    MBUSR_SetInputByAddr                     0x08008d0b   Thumb Code    28  mb_user_reg.o(.text)
    MBUSR_GetInputByAddr                     0x08008d27   Thumb Code    28  mb_user_reg.o(.text)
    MBUSR_SetCoilIdx                         0x08008d43   Thumb Code    92  mb_user_reg.o(.text)
    MBUSR_GetCoilIdx                         0x08008d9f   Thumb Code   114  mb_user_reg.o(.text)
    MBUSR_SetCoilByAddr                      0x08008e11   Thumb Code    28  mb_user_reg.o(.text)
    MBUSR_GetCoilByAddr                      0x08008e2d   Thumb Code    28  mb_user_reg.o(.text)
    MBUSR_SetDiscreteIdx                     0x08008e49   Thumb Code    92  mb_user_reg.o(.text)
    MBUSR_GetDiscreteIdx                     0x08008ea5   Thumb Code    92  mb_user_reg.o(.text)
    MBUSR_SetDiscreteByAddr                  0x08008f01   Thumb Code    28  mb_user_reg.o(.text)
    MBUSR_GetDiscreteByAddr                  0x08008f1d   Thumb Code    28  mb_user_reg.o(.text)
    eMBInit                                  0x08008f3d   Thumb Code    72  mb.o(.text)
    eMBTCPInit                               0x08008f85   Thumb Code    86  mb.o(.text)
    eMBRegisterCB                            0x08008fdb   Thumb Code   138  mb.o(.text)
    eMBClose                                 0x08009065   Thumb Code    32  mb.o(.text)
    eMBEnable                                0x08009085   Thumb Code    32  mb.o(.text)
    eMBDisable                               0x080090a5   Thumb Code    42  mb.o(.text)
    eMBPoll                                  0x080090cf   Thumb Code   258  mb.o(.text)
    eMBFuncReadCoils                         0x08009219   Thumb Code   174  mbfunccoils.o(.text)
    eMBFuncWriteCoil                         0x080092c7   Thumb Code   112  mbfunccoils.o(.text)
    eMBFuncWriteMultipleCoils                0x08009337   Thumb Code   144  mbfunccoils.o(.text)
    eMBFuncReadDiscreteInputs                0x080093c7   Thumb Code   172  mbfuncdisc.o(.text)
    eMBFuncWriteHoldingRegister              0x08009473   Thumb Code    66  mbfuncholding.o(.text)
    eMBFuncWriteMultipleHoldingRegister      0x080094b5   Thumb Code   110  mbfuncholding.o(.text)
    eMBFuncReadHoldingRegister               0x08009523   Thumb Code   142  mbfuncholding.o(.text)
    eMBFuncReadWriteMultipleHoldingRegister  0x080095b1   Thumb Code   212  mbfuncholding.o(.text)
    eMBFuncReadInputRegister                 0x08009685   Thumb Code   140  mbfuncinput.o(.text)
    eMBSetSlaveID                            0x08009711   Thumb Code   110  mbfuncother.o(.text)
    eMBFuncReportSlaveID                     0x0800977f   Thumb Code    30  mbfuncother.o(.text)
    xMBUtilSetBits                           0x080097a5   Thumb Code    96  mbutils.o(.text)
    xMBUtilGetBits                           0x08009805   Thumb Code    42  mbutils.o(.text)
    prveMBError2Exception                    0x0800982f   Thumb Code    34  mbutils.o(.text)
    eMBTCPDoInit                             0x08009851   Thumb Code    20  mbtcp.o(.text)
    eMBTCPStart                              0x08009865   Thumb Code     2  mbtcp.o(.text)
    eMBTCPStop                               0x08009867   Thumb Code     8  mbtcp.o(.text)
    eMBTCPReceive                            0x0800986f   Thumb Code    72  mbtcp.o(.text)
    eMBTCPSend                               0x080098b7   Thumb Code    48  mbtcp.o(.text)
    xMBPortEventInit                         0x080098e9   Thumb Code    10  portevent.o(.text)
    xMBPortEventPost                         0x080098f3   Thumb Code    16  portevent.o(.text)
    xMBPortEventGet                          0x08009903   Thumb Code    36  portevent.o(.text)
    xMBTCPPortInit                           0x08009b59   Thumb Code    56  porttcp.o(.text)
    vMBTCPPortClose                          0x08009b91   Thumb Code    30  porttcp.o(.text)
    vMBTCPPortDisable                        0x08009baf   Thumb Code    30  porttcp.o(.text)
    vMBPortTCPPool                           0x08009bcd   Thumb Code    16  porttcp.o(.text)
    xMBTCPPortGetRequest                     0x08009bdd   Thumb Code    40  porttcp.o(.text)
    xMBTCPPortSendResponse                   0x08009c05   Thumb Code    36  porttcp.o(.text)
    EnterCriticalSection                     0x08009c29   Thumb Code     4  porttcp.o(.text)
    ExitCriticalSection                      0x08009c2d   Thumb Code     4  porttcp.o(.text)
    xMBPortTCPPool                           0x08009c31   Thumb Code     8  porttcp.o(.text)
    __use_no_semihosting                     0x08009d39   Thumb Code     2  use_no_semi_2.o(.text)
    __2printf                                0x08009d3d   Thumb Code    20  noretval__2printf.o(.text)
    _printf_pre_padding                      0x08009d55   Thumb Code    44  _printf_pad.o(.text)
    _printf_post_padding                     0x08009d81   Thumb Code    34  _printf_pad.o(.text)
    _printf_str                              0x08009da3   Thumb Code    82  _printf_str.o(.text)
    _printf_int_dec                          0x08009df5   Thumb Code   104  _printf_dec.o(.text)
    _printf_int_hex                          0x08009e6d   Thumb Code    84  _printf_hex_int.o(.text)
    _printf_longlong_hex                     0x08009e6d   Thumb Code     0  _printf_hex_int.o(.text)
    __printf                                 0x08009ec5   Thumb Code   388  __printf_flags_ss_wp.o(.text)
    __aeabi_memcpy                           0x0800a04d   Thumb Code     0  rt_memcpy_v6.o(.text)
    __rt_memcpy                              0x0800a04d   Thumb Code   138  rt_memcpy_v6.o(.text)
    _memcpy_lastbytes                        0x0800a0b3   Thumb Code     0  rt_memcpy_v6.o(.text)
    __aeabi_memmove                          0x0800a0d7   Thumb Code     0  rt_memmove_v6.o(.text)
    __rt_memmove                             0x0800a0d7   Thumb Code   132  rt_memmove_v6.o(.text)
    __memmove_lastfew                        0x0800a137   Thumb Code     0  rt_memmove_v6.o(.text)
    __use_two_region_memory                  0x0800a15b   Thumb Code     2  heapauxi.o(.text)
    __rt_heap_escrow$2region                 0x0800a15d   Thumb Code     2  heapauxi.o(.text)
    __rt_heap_expand$2region                 0x0800a15f   Thumb Code     2  heapauxi.o(.text)
    __I$use$semihosting                      0x0800a161   Thumb Code     0  use_no_semi.o(.text)
    __use_no_semihosting_swi                 0x0800a161   Thumb Code     2  use_no_semi.o(.text)
    _printf_int_common                       0x0800a163   Thumb Code   178  _printf_intcommon.o(.text)
    _printf_cs_common                        0x0800a215   Thumb Code    20  _printf_char.o(.text)
    _printf_char                             0x0800a229   Thumb Code    16  _printf_char.o(.text)
    _printf_string                           0x0800a239   Thumb Code     8  _printf_char.o(.text)
    _printf_char_file                        0x0800a241   Thumb Code    32  _printf_char_file.o(.text)
    __aeabi_memcpy4                          0x0800a265   Thumb Code     0  rt_memcpy_w.o(.text)
    __aeabi_memcpy8                          0x0800a265   Thumb Code     0  rt_memcpy_w.o(.text)
    __rt_memcpy_w                            0x0800a265   Thumb Code   100  rt_memcpy_w.o(.text)
    _memcpy_lastbytes_aligned                0x0800a2ad   Thumb Code     0  rt_memcpy_w.o(.text)
    __aeabi_memmove4                         0x0800a2c9   Thumb Code     0  rt_memmove_w.o(.text)
    __aeabi_memmove8                         0x0800a2c9   Thumb Code     0  rt_memmove_w.o(.text)
    __rt_memmove_w                           0x0800a2c9   Thumb Code   122  rt_memmove_w.o(.text)
    __memmove_aligned                        0x0800a2ef   Thumb Code     0  rt_memmove_w.o(.text)
    __memmove_lastfew_aligned                0x0800a327   Thumb Code     0  rt_memmove_w.o(.text)
    _printf_char_common                      0x0800a34f   Thumb Code    32  _printf_char_common.o(.text)
    ferror                                   0x0800a375   Thumb Code     8  ferror.o(.text)
    __user_setup_stackheap                   0x0800a37d   Thumb Code    74  sys_stackheap_outer.o(.text)
    exit                                     0x0800a3c7   Thumb Code    18  exit.o(.text)
    __user_libspace                          0x0800a3d9   Thumb Code     8  libspace.o(.text)
    __user_perproc_libspace                  0x0800a3d9   Thumb Code     0  libspace.o(.text)
    __user_perthread_libspace                0x0800a3d9   Thumb Code     0  libspace.o(.text)
    _is_digit                                0x0800a3e1   Thumb Code    14  __printf_wp.o(i._is_digit)
    _fp_init                                 0x0800a3ef   Thumb Code    10  fpinit.o(x$fpl$fpinit)
    __fplib_config_fpu_vfp                   0x0800a3f7   Thumb Code     0  fpinit.o(x$fpl$fpinit)
    __fplib_config_pureend_doubles           0x0800a3f7   Thumb Code     0  fpinit.o(x$fpl$fpinit)
    OSUnMapTbl                               0x0800a3f8   Data         256  os_core.o(.constdata)
    Region$$Table$$Base                      0x0800a6a8   Number         0  anon$$obj.o(Region$$Table)
    Region$$Table$$Limit                     0x0800a6c8   Number         0  anon$$obj.o(Region$$Table)
    SystemCoreClock                          0x20000000   Data           4  system_stm32f4xx.o(.data)
    AHBPrescTable                            0x20000004   Data          16  system_stm32f4xx.o(.data)
    default_net_info                         0x20000014   Data          23  task_tcp.o(.data)
    local_port                               0x2000002c   Data           2  task_tcp.o(.data)
    __stdout                                 0x20000040   Data           4  usart.o(.data)
    USART_RX_STA                             0x20000044   Data           2  usart.o(.data)
    OSCtxSwCtr                               0x20000058   Data           4  os_core.o(.data)
    OSEventFreeList                          0x2000005c   Data           4  os_core.o(.data)
    OSFlagFreeList                           0x20000060   Data           4  os_core.o(.data)
    OSCPUUsage                               0x20000064   Data           1  os_core.o(.data)
    OSIdleCtrMax                             0x20000068   Data           4  os_core.o(.data)
    OSIdleCtrRun                             0x2000006c   Data           4  os_core.o(.data)
    OSStatRdy                                0x20000070   Data           1  os_core.o(.data)
    OSIntNesting                             0x20000071   Data           1  os_core.o(.data)
    OSLockNesting                            0x20000072   Data           1  os_core.o(.data)
    OSPrioCur                                0x20000073   Data           1  os_core.o(.data)
    OSPrioHighRdy                            0x20000074   Data           1  os_core.o(.data)
    OSRdyGrp                                 0x20000075   Data           1  os_core.o(.data)
    OSRdyTbl                                 0x20000076   Data           8  os_core.o(.data)
    OSRunning                                0x2000007e   Data           1  os_core.o(.data)
    OSTaskCtr                                0x2000007f   Data           1  os_core.o(.data)
    OSIdleCtr                                0x20000080   Data           4  os_core.o(.data)
    OSTCBCur                                 0x20000084   Data           4  os_core.o(.data)
    OSTCBFreeList                            0x20000088   Data           4  os_core.o(.data)
    OSTCBHighRdy                             0x2000008c   Data           4  os_core.o(.data)
    OSTCBList                                0x20000090   Data           4  os_core.o(.data)
    OSTickStepState                          0x20000094   Data           1  os_core.o(.data)
    OSQFreeList                              0x20000098   Data           4  os_core.o(.data)
    OSTime                                   0x2000009c   Data           4  os_core.o(.data)
    sock_pack_info                           0x200000aa   Data           8  socket.o(.data)
    WIZCHIP                                  0x200000b4   Data          44  wizchip_conf.o(.data)
    DHCP_SOCKET                              0x200000e8   Data           1  dhcp.o(.data)
    DHCP_SIP                                 0x200000e9   Data           4  dhcp.o(.data)
    DHCP_REAL_SIP                            0x200000ed   Data           4  dhcp.o(.data)
    OLD_allocated_ip                         0x200000f1   Data           4  dhcp.o(.data)
    DHCP_allocated_ip                        0x200000f5   Data           4  dhcp.o(.data)
    DHCP_allocated_gw                        0x200000f9   Data           4  dhcp.o(.data)
    DHCP_allocated_sn                        0x200000fd   Data           4  dhcp.o(.data)
    DHCP_allocated_dns                       0x20000101   Data           4  dhcp.o(.data)
    dhcp_state                               0x20000105   Data           1  dhcp.o(.data)
    dhcp_retry_count                         0x20000106   Data           1  dhcp.o(.data)
    dhcp_lease_time                          0x20000108   Data           4  dhcp.o(.data)
    dhcp_tick_1s                             0x2000010c   Data           4  dhcp.o(.data)
    dhcp_tick_next                           0x20000110   Data           4  dhcp.o(.data)
    DHCP_XID                                 0x20000114   Data           4  dhcp.o(.data)
    pDHCPMSG                                 0x20000118   Data           4  dhcp.o(.data)
    HOST_NAME                                0x2000011c   Data           8  dhcp.o(.data)
    DHCP_CHADDR                              0x20000124   Data           6  dhcp.o(.data)
    dhcp_ip_assign                           0x2000012c   Data           4  dhcp.o(.data)
    dhcp_ip_update                           0x20000130   Data           4  dhcp.o(.data)
    dhcp_ip_conflict                         0x20000134   Data           4  dhcp.o(.data)
    pxMBFrameCBByteReceived                  0x20000168   Data           4  mb.o(.data)
    pxMBFrameCBTransmitterEmpty              0x2000016c   Data           4  mb.o(.data)
    pxMBPortCBTimerExpired                   0x20000170   Data           4  mb.o(.data)
    pxMBFrameCBReceiveFSMCur                 0x20000174   Data           4  mb.o(.data)
    pxMBFrameCBTransmitFSMCur                0x20000178   Data           4  mb.o(.data)
    START_TASK_STK                           0x20000210   Data         256  main.o(.bss)
    TCP_TASK_STK                             0x20000310   Data         256  task_tcp.o(.bss)
    LED1_TASK_STK                            0x20000410   Data         256  task_tcp.o(.bss)
    ethernet_buf                             0x20000510   Data        2048  task_tcp.o(.bss)
    USART_RX_BUF                             0x20000e14   Data         200  usart.o(.bss)
    OSEventTbl                               0x20000edc   Data         200  os_core.o(.bss)
    OSFlagTbl                                0x20000fa4   Data          80  os_core.o(.bss)
    OSTaskStatStk                            0x20000ff4   Data         512  os_core.o(.bss)
    OSTaskIdleStk                            0x200011f4   Data         512  os_core.o(.bss)
    OSTCBPrioTbl                             0x200013f4   Data         256  os_core.o(.bss)
    OSTCBTbl                                 0x200014f4   Data        1008  os_core.o(.bss)
    OSQTbl                                   0x200018e4   Data         120  os_core.o(.bss)
    __libspace_start                         0x20002038   Data          96  libspace.o(.bss)
    __temporary_stack_top$libspace           0x20002098   Data           0  libspace.o(.bss)



==============================================================================

Memory Map of the image

  Image Entry point : 0x08000189

  Load Region LR_IROM1 (Base: 0x08000000, Size: 0x0000a8d8, Max: 0x00100000, ABSOLUTE, COMPRESSED[0x0000a774])

    Execution Region ER_IROM1 (Exec base: 0x08000000, Load base: 0x08000000, Size: 0x0000a6c8, Max: 0x00100000, ABSOLUTE)

    Exec Addr    Load Addr    Size         Type   Attr      Idx    E Section Name        Object

    0x08000000   0x08000000   0x00000188   Data   RO          496    RESET               startup_stm32f40_41xxx.o
    0x08000188   0x08000188   0x00000008   Code   RO         1486  * !!!main             c_w.l(__main.o)
    0x08000190   0x08000190   0x00000034   Code   RO         1679    !!!scatter          c_w.l(__scatter.o)
    0x080001c4   0x080001c4   0x0000005a   Code   RO         1677    !!dczerorl2         c_w.l(__dczerorl2.o)
    0x0800021e   0x0800021e   0x00000002   PAD
    0x08000220   0x08000220   0x0000001c   Code   RO         1681    !!handler_zi        c_w.l(__scatter_zi.o)
    0x0800023c   0x0800023c   0x00000000   Code   RO         1479    .ARM.Collect$$_printf_percent$$00000000  c_w.l(_printf_percent.o)
    0x0800023c   0x0800023c   0x00000006   Code   RO         1477    .ARM.Collect$$_printf_percent$$00000009  c_w.l(_printf_d.o)
    0x08000242   0x08000242   0x00000006   Code   RO         1478    .ARM.Collect$$_printf_percent$$0000000A  c_w.l(_printf_u.o)
    0x08000248   0x08000248   0x00000006   Code   RO         1476    .ARM.Collect$$_printf_percent$$0000000C  c_w.l(_printf_x.o)
    0x0800024e   0x0800024e   0x00000006   Code   RO         1475    .ARM.Collect$$_printf_percent$$00000014  c_w.l(_printf_s.o)
    0x08000254   0x08000254   0x00000004   Code   RO         1509    .ARM.Collect$$_printf_percent$$00000017  c_w.l(_printf_percent_end.o)
    0x08000258   0x08000258   0x00000002   Code   RO         1551    .ARM.Collect$$libinit$$00000000  c_w.l(libinit.o)
    0x0800025a   0x0800025a   0x00000004   Code   RO         1557    .ARM.Collect$$libinit$$00000001  c_w.l(libinit2.o)
    0x0800025e   0x0800025e   0x00000000   Code   RO         1560    .ARM.Collect$$libinit$$00000004  c_w.l(libinit2.o)
    0x0800025e   0x0800025e   0x00000000   Code   RO         1563    .ARM.Collect$$libinit$$0000000A  c_w.l(libinit2.o)
    0x0800025e   0x0800025e   0x00000000   Code   RO         1565    .ARM.Collect$$libinit$$0000000C  c_w.l(libinit2.o)
    0x0800025e   0x0800025e   0x00000000   Code   RO         1567    .ARM.Collect$$libinit$$0000000E  c_w.l(libinit2.o)
    0x0800025e   0x0800025e   0x00000000   Code   RO         1570    .ARM.Collect$$libinit$$00000011  c_w.l(libinit2.o)
    0x0800025e   0x0800025e   0x00000000   Code   RO         1572    .ARM.Collect$$libinit$$00000013  c_w.l(libinit2.o)
    0x0800025e   0x0800025e   0x00000000   Code   RO         1574    .ARM.Collect$$libinit$$00000015  c_w.l(libinit2.o)
    0x0800025e   0x0800025e   0x00000000   Code   RO         1576    .ARM.Collect$$libinit$$00000017  c_w.l(libinit2.o)
    0x0800025e   0x0800025e   0x00000000   Code   RO         1578    .ARM.Collect$$libinit$$00000019  c_w.l(libinit2.o)
    0x0800025e   0x0800025e   0x00000000   Code   RO         1580    .ARM.Collect$$libinit$$0000001B  c_w.l(libinit2.o)
    0x0800025e   0x0800025e   0x00000000   Code   RO         1582    .ARM.Collect$$libinit$$0000001D  c_w.l(libinit2.o)
    0x0800025e   0x0800025e   0x00000000   Code   RO         1584    .ARM.Collect$$libinit$$0000001F  c_w.l(libinit2.o)
    0x0800025e   0x0800025e   0x00000000   Code   RO         1586    .ARM.Collect$$libinit$$00000021  c_w.l(libinit2.o)
    0x0800025e   0x0800025e   0x00000000   Code   RO         1588    .ARM.Collect$$libinit$$00000023  c_w.l(libinit2.o)
    0x0800025e   0x0800025e   0x00000000   Code   RO         1590    .ARM.Collect$$libinit$$00000025  c_w.l(libinit2.o)
    0x0800025e   0x0800025e   0x00000000   Code   RO         1594    .ARM.Collect$$libinit$$0000002C  c_w.l(libinit2.o)
    0x0800025e   0x0800025e   0x00000000   Code   RO         1596    .ARM.Collect$$libinit$$0000002E  c_w.l(libinit2.o)
    0x0800025e   0x0800025e   0x00000000   Code   RO         1598    .ARM.Collect$$libinit$$00000030  c_w.l(libinit2.o)
    0x0800025e   0x0800025e   0x00000000   Code   RO         1600    .ARM.Collect$$libinit$$00000032  c_w.l(libinit2.o)
    0x0800025e   0x0800025e   0x00000002   Code   RO         1601    .ARM.Collect$$libinit$$00000033  c_w.l(libinit2.o)
    0x08000260   0x08000260   0x00000002   Code   RO         1619    .ARM.Collect$$libshutdown$$00000000  c_w.l(libshutdown.o)
    0x08000262   0x08000262   0x00000000   Code   RO         1629    .ARM.Collect$$libshutdown$$00000002  c_w.l(libshutdown2.o)
    0x08000262   0x08000262   0x00000000   Code   RO         1631    .ARM.Collect$$libshutdown$$00000004  c_w.l(libshutdown2.o)
    0x08000262   0x08000262   0x00000000   Code   RO         1634    .ARM.Collect$$libshutdown$$00000007  c_w.l(libshutdown2.o)
    0x08000262   0x08000262   0x00000000   Code   RO         1637    .ARM.Collect$$libshutdown$$0000000A  c_w.l(libshutdown2.o)
    0x08000262   0x08000262   0x00000000   Code   RO         1639    .ARM.Collect$$libshutdown$$0000000C  c_w.l(libshutdown2.o)
    0x08000262   0x08000262   0x00000000   Code   RO         1642    .ARM.Collect$$libshutdown$$0000000F  c_w.l(libshutdown2.o)
    0x08000262   0x08000262   0x00000002   Code   RO         1643    .ARM.Collect$$libshutdown$$00000010  c_w.l(libshutdown2.o)
    0x08000264   0x08000264   0x00000000   Code   RO         1502    .ARM.Collect$$rtentry$$00000000  c_w.l(__rtentry.o)
    0x08000264   0x08000264   0x00000000   Code   RO         1520    .ARM.Collect$$rtentry$$00000002  c_w.l(__rtentry2.o)
    0x08000264   0x08000264   0x00000006   Code   RO         1532    .ARM.Collect$$rtentry$$00000004  c_w.l(__rtentry4.o)
    0x0800026a   0x0800026a   0x00000000   Code   RO         1522    .ARM.Collect$$rtentry$$00000009  c_w.l(__rtentry2.o)
    0x0800026a   0x0800026a   0x00000004   Code   RO         1523    .ARM.Collect$$rtentry$$0000000A  c_w.l(__rtentry2.o)
    0x0800026e   0x0800026e   0x00000000   Code   RO         1525    .ARM.Collect$$rtentry$$0000000C  c_w.l(__rtentry2.o)
    0x0800026e   0x0800026e   0x00000008   Code   RO         1526    .ARM.Collect$$rtentry$$0000000D  c_w.l(__rtentry2.o)
    0x08000276   0x08000276   0x00000002   Code   RO         1555    .ARM.Collect$$rtexit$$00000000  c_w.l(rtexit.o)
    0x08000278   0x08000278   0x00000000   Code   RO         1603    .ARM.Collect$$rtexit$$00000002  c_w.l(rtexit2.o)
    0x08000278   0x08000278   0x00000004   Code   RO         1604    .ARM.Collect$$rtexit$$00000003  c_w.l(rtexit2.o)
    0x0800027c   0x0800027c   0x00000006   Code   RO         1605    .ARM.Collect$$rtexit$$00000004  c_w.l(rtexit2.o)
    0x08000282   0x08000282   0x00000002   PAD
    0x08000284   0x08000284   0x00000080   Code   RO            3    .text               main.o
    0x08000304   0x08000304   0x00000016   Code   RO          184    .text               stm32f4xx_it.o
    0x0800031a   0x0800031a   0x00000002   PAD
    0x0800031c   0x0800031c   0x00000210   Code   RO          233    .text               system_stm32f4xx.o
    0x0800052c   0x0800052c   0x00000390   Code   RO          259    .text               task_tcp.o
    0x080008bc   0x080008bc   0x00000040   Code   RO          324    .text               led.o
    0x080008fc   0x080008fc   0x0000005c   Code   RO          344    .text               timer.o
    0x08000958   0x08000958   0x00000240   Code   RO          367    .text               spi.o
    0x08000b98   0x08000b98   0x00000128   Code   RO          425    .text               delay.o
    0x08000cc0   0x08000cc0   0x00000154   Code   RO          465    .text               usart.o
    0x08000e14   0x08000e14   0x00000040   Code   RO          497    .text               startup_stm32f40_41xxx.o
    0x08000e54   0x08000e54   0x000000e0   Code   RO          503    .text               misc.o
    0x08000f34   0x08000f34   0x00000294   Code   RO          523    .text               stm32f4xx_gpio.o
    0x080011c8   0x080011c8   0x0000065c   Code   RO          543    .text               stm32f4xx_rcc.o
    0x08001824   0x08001824   0x00000454   Code   RO          585    .text               stm32f4xx_usart.o
    0x08001c78   0x08001c78   0x00000480   Code   RO          625    .text               stm32f4xx_spi.o
    0x080020f8   0x080020f8   0x00000ca2   Code   RO          645    .text               stm32f4xx_tim.o
    0x08002d9a   0x08002d9a   0x00000002   PAD
    0x08002d9c   0x08002d9c   0x00000890   Code   RO          688    .text               os_core.o
    0x0800362c   0x0800362c   0x0000080c   Code   RO          716    .text               os_flag.o
    0x08003e38   0x08003e38   0x000005e8   Code   RO          790    .text               os_q.o
    0x08004420   0x08004420   0x000007c4   Code   RO          830    .text               os_task.o
    0x08004be4   0x08004be4   0x000001b0   Code   RO          850    .text               os_time.o
    0x08004d94   0x08004d94   0x000001c4   Code   RO          884    .text               os_cpu_c.o
    0x08004f58   0x08004f58   0x000000c8   Code   RO          912    .text               os_cpu_a.o
    0x08005020   0x08005020   0x000001c8   Code   RO          917    .text               wiz_platform.o
    0x080051e8   0x080051e8   0x00000400   Code   RO          941    .text               wiz_interface.o
    0x080055e8   0x080055e8   0x000010cc   Code   RO         1006    .text               socket.o
    0x080066b4   0x080066b4   0x000006dc   Code   RO         1022    .text               wizchip_conf.o
    0x08006d90   0x08006d90   0x0000043a   Code   RO         1043    .text               w5500.o
    0x080071ca   0x080071ca   0x00000002   PAD
    0x080071cc   0x080071cc   0x000011bc   Code   RO         1058    .text               dhcp.o
    0x08008388   0x08008388   0x00000660   Code   RO         1075    .text               modtcpbsp.o
    0x080089e8   0x080089e8   0x00000554   Code   RO         1106    .text               mb_user_reg.o
    0x08008f3c   0x08008f3c   0x000002dc   Code   RO         1129    .text               mb.o
    0x08009218   0x08009218   0x000001ae   Code   RO         1190    .text               mbfunccoils.o
    0x080093c6   0x080093c6   0x000000ac   Code   RO         1213    .text               mbfuncdisc.o
    0x08009472   0x08009472   0x00000212   Code   RO         1247    .text               mbfuncholding.o
    0x08009684   0x08009684   0x0000008c   Code   RO         1267    .text               mbfuncinput.o
    0x08009710   0x08009710   0x00000094   Code   RO         1287    .text               mbfuncother.o
    0x080097a4   0x080097a4   0x000000ac   Code   RO         1310    .text               mbutils.o
    0x08009850   0x08009850   0x00000096   Code   RO         1352    .text               mbtcp.o
    0x080098e6   0x080098e6   0x00000002   PAD
    0x080098e8   0x080098e8   0x00000048   Code   RO         1372    .text               portevent.o
    0x08009930   0x08009930   0x00000408   Code   RO         1394    .text               porttcp.o
    0x08009d38   0x08009d38   0x00000002   Code   RO         1420    .text               c_w.l(use_no_semi_2.o)
    0x08009d3a   0x08009d3a   0x00000002   PAD
    0x08009d3c   0x08009d3c   0x00000018   Code   RO         1424    .text               c_w.l(noretval__2printf.o)
    0x08009d54   0x08009d54   0x0000004e   Code   RO         1428    .text               c_w.l(_printf_pad.o)
    0x08009da2   0x08009da2   0x00000052   Code   RO         1430    .text               c_w.l(_printf_str.o)
    0x08009df4   0x08009df4   0x00000078   Code   RO         1432    .text               c_w.l(_printf_dec.o)
    0x08009e6c   0x08009e6c   0x00000058   Code   RO         1437    .text               c_w.l(_printf_hex_int.o)
    0x08009ec4   0x08009ec4   0x00000188   Code   RO         1472    .text               c_w.l(__printf_flags_ss_wp.o)
    0x0800a04c   0x0800a04c   0x0000008a   Code   RO         1480    .text               c_w.l(rt_memcpy_v6.o)
    0x0800a0d6   0x0800a0d6   0x00000084   Code   RO         1482    .text               c_w.l(rt_memmove_v6.o)
    0x0800a15a   0x0800a15a   0x00000006   Code   RO         1484    .text               c_w.l(heapauxi.o)
    0x0800a160   0x0800a160   0x00000002   Code   RO         1500    .text               c_w.l(use_no_semi.o)
    0x0800a162   0x0800a162   0x000000b2   Code   RO         1503    .text               c_w.l(_printf_intcommon.o)
    0x0800a214   0x0800a214   0x0000002c   Code   RO         1505    .text               c_w.l(_printf_char.o)
    0x0800a240   0x0800a240   0x00000024   Code   RO         1507    .text               c_w.l(_printf_char_file.o)
    0x0800a264   0x0800a264   0x00000064   Code   RO         1510    .text               c_w.l(rt_memcpy_w.o)
    0x0800a2c8   0x0800a2c8   0x0000007a   Code   RO         1512    .text               c_w.l(rt_memmove_w.o)
    0x0800a342   0x0800a342   0x00000002   PAD
    0x0800a344   0x0800a344   0x00000030   Code   RO         1534    .text               c_w.l(_printf_char_common.o)
    0x0800a374   0x0800a374   0x00000008   Code   RO         1536    .text               c_w.l(ferror.o)
    0x0800a37c   0x0800a37c   0x0000004a   Code   RO         1540    .text               c_w.l(sys_stackheap_outer.o)
    0x0800a3c6   0x0800a3c6   0x00000012   Code   RO         1544    .text               c_w.l(exit.o)
    0x0800a3d8   0x0800a3d8   0x00000008   Code   RO         1552    .text               c_w.l(libspace.o)
    0x0800a3e0   0x0800a3e0   0x0000000e   Code   RO         1465    i._is_digit         c_w.l(__printf_wp.o)
    0x0800a3ee   0x0800a3ee   0x0000000a   Code   RO         1611    x$fpl$fpinit        fz_wm.l(fpinit.o)
    0x0800a3f8   0x0800a3f8   0x00000100   Data   RO          690    .constdata          os_core.o
    0x0800a4f8   0x0800a4f8   0x00000028   Data   RO         1438    .constdata          c_w.l(_printf_hex_int.o)
    0x0800a520   0x0800a520   0x00000011   Data   RO         1473    .constdata          c_w.l(__printf_flags_ss_wp.o)
    0x0800a531   0x0800a531   0x00000003   PAD
    0x0800a534   0x0800a534   0x00000116   Data   RO          942    .conststring        wiz_interface.o
    0x0800a64a   0x0800a64a   0x00000002   PAD
    0x0800a64c   0x0800a64c   0x0000005a   Data   RO         1077    .conststring        modtcpbsp.o
    0x0800a6a6   0x0800a6a6   0x00000002   PAD
    0x0800a6a8   0x0800a6a8   0x00000020   Data   RO         1675    Region$$Table       anon$$obj.o


    Execution Region RW_IRAM1 (Exec base: 0x20000000, Load base: 0x0800a6c8, Size: 0x00002698, Max: 0x00020000, ABSOLUTE, COMPRESSED[0x000000ac])

    Exec Addr    Load Addr    Size         Type   Attr      Idx    E Section Name        Object

    0x20000000   COMPRESSED   0x00000014   Data   RW          234    .data               system_stm32f4xx.o
    0x20000014   COMPRESSED   0x00000028   Data   RW          261    .data               task_tcp.o
    0x2000003c   COMPRESSED   0x00000004   Data   RW          426    .data               delay.o
    0x20000040   COMPRESSED   0x00000006   Data   RW          467    .data               usart.o
    0x20000046   COMPRESSED   0x00000010   Data   RW          544    .data               stm32f4xx_rcc.o
    0x20000056   COMPRESSED   0x00000002   PAD
    0x20000058   COMPRESSED   0x00000048   Data   RW          691    .data               os_core.o
    0x200000a0   COMPRESSED   0x00000004   Data   RW          918    .data               wiz_platform.o
    0x200000a4   COMPRESSED   0x0000000e   Data   RW         1008    .data               socket.o
    0x200000b2   COMPRESSED   0x00000002   PAD
    0x200000b4   COMPRESSED   0x00000031   Data   RW         1023    .data               wizchip_conf.o
    0x200000e5   COMPRESSED   0x00000003   PAD
    0x200000e8   COMPRESSED   0x00000050   Data   RW         1059    .data               dhcp.o
    0x20000138   COMPRESSED   0x00000005   Data   RW         1078    .data               modtcpbsp.o
    0x2000013d   COMPRESSED   0x00000010   Data   RW         1108    .data               mb_user_reg.o
    0x2000014d   COMPRESSED   0x00000003   PAD
    0x20000150   COMPRESSED   0x000000b5   Data   RW         1130    .data               mb.o
    0x20000205   COMPRESSED   0x00000001   PAD
    0x20000206   COMPRESSED   0x00000002   Data   RW         1289    .data               mbfuncother.o
    0x20000208   COMPRESSED   0x00000002   Data   RW         1373    .data               portevent.o
    0x2000020a   COMPRESSED   0x00000006   Data   RW         1396    .data               porttcp.o
    0x20000210        -       0x00000100   Zero   RW            4    .bss                main.o
    0x20000310        -       0x00000b04   Zero   RW          260    .bss                task_tcp.o
    0x20000e14        -       0x000000c8   Zero   RW          466    .bss                usart.o
    0x20000edc        -       0x00000a80   Zero   RW          689    .bss                os_core.o
    0x2000195c        -       0x00000010   Zero   RW         1007    .bss                socket.o
    0x2000196c        -       0x0000010a   Zero   RW         1076    .bss                modtcpbsp.o
    0x20001a76        -       0x00000190   Zero   RW         1107    .bss                mb_user_reg.o
    0x20001c06        -       0x00000020   Zero   RW         1288    .bss                mbfuncother.o
    0x20001c26        -       0x00000410   Zero   RW         1395    .bss                porttcp.o
    0x20002036   COMPRESSED   0x00000002   PAD
    0x20002038        -       0x00000060   Zero   RW         1553    .bss                c_w.l(libspace.o)
    0x20002098        -       0x00000200   Zero   RW          495    HEAP                startup_stm32f40_41xxx.o
    0x20002298        -       0x00000400   Zero   RW          494    STACK               startup_stm32f40_41xxx.o


==============================================================================

Image component sizes


      Code (inc. data)   RO Data    RW Data    ZI Data      Debug   Object Name

       296         18          0          4          0       1829   delay.o
      4540        246          0         80          0      10187   dhcp.o
        64          4          0          0          0        519   led.o
       128         22          0          0        256     299668   main.o
       732         72          0        181          0       4921   mb.o
      1364         26          0         16        400       8934   mb_user_reg.o
       430          0          0          0          0       3010   mbfunccoils.o
       172          0          0          0          0       1572   mbfuncdisc.o
       530          0          0          0          0       3881   mbfuncholding.o
       140          0          0          0          0       1523   mbfuncinput.o
       148          8          0          2         32       1757   mbfuncother.o
       150          0          0          0          0       2251   mbtcp.o
       172          0          0          0          0       1942   mbutils.o
       224         20          0          0          0       1801   misc.o
      1632        566         90          5        266       5346   modtcpbsp.o
      2192        218        256         72       2688      15227   os_core.o
       200         32          0          0          0        312   os_cpu_a.o
       452          6          0          0          0      10594   os_cpu_c.o
      2060         42          0          0          0       7208   os_flag.o
      1512         30          0          0          0       5769   os_q.o
      1988         70          0          0          0       7885   os_task.o
       432         30          0          0          0       1870   os_time.o
        72         10          0          2          0       1612   portevent.o
      1032        256          0          6       1040       4426   porttcp.o
      4300         88          0         14         16       7484   socket.o
       576         14          0          0          0       1800   spi.o
        64         26        392          0       1536        824   startup_stm32f40_41xxx.o
       660         44          0          0          0       4145   stm32f4xx_gpio.o
        22          0          0          0          0       1027   stm32f4xx_it.o
      1628         52          0         16          0      13008   stm32f4xx_rcc.o
      1152         36          0          0          0       6893   stm32f4xx_spi.o
      3234         60          0          0          0      23000   stm32f4xx_tim.o
      1108         34          0          0          0       7868   stm32f4xx_usart.o
       528         46          0         20          0       1755   system_stm32f4xx.o
       912        488          0         40       2820       8986   task_tcp.o
         0          0          0          0          0       1756   tcp_server_multi_socket.o
        92          4          0          0          0        688   timer.o
       340         18          0          6        200       3342   usart.o
      1082          6          0          0          0       3746   w5500.o
      1024        442        278          0          0       2744   wiz_interface.o
       456         12          0          4          0       3519   wiz_platform.o
      1756         38          0         49          0      12327   wizchip_conf.o

    ----------------------------------------------------------------------
     39604       3084       1052        528       9256     508956   Object Totals
         0          0         32          0          0          0   (incl. Generated)
         8          0          4         11          2          0   (incl. Padding)

    ----------------------------------------------------------------------

      Code (inc. data)   RO Data    RW Data    ZI Data      Debug   Library Member Name

        90          0          0          0          0          0   __dczerorl2.o
         8          0          0          0          0         68   __main.o
       392          4         17          0          0         92   __printf_flags_ss_wp.o
        14          0          0          0          0         68   __printf_wp.o
         0          0          0          0          0          0   __rtentry.o
        12          0          0          0          0          0   __rtentry2.o
         6          0          0          0          0          0   __rtentry4.o
        52          8          0          0          0          0   __scatter.o
        28          0          0          0          0          0   __scatter_zi.o
        44          0          0          0          0        108   _printf_char.o
        48          6          0          0          0         96   _printf_char_common.o
        36          4          0          0          0         80   _printf_char_file.o
         6          0          0          0          0          0   _printf_d.o
       120         16          0          0          0         92   _printf_dec.o
        88          4         40          0          0         88   _printf_hex_int.o
       178          0          0          0          0         88   _printf_intcommon.o
        78          0          0          0          0        108   _printf_pad.o
         0          0          0          0          0          0   _printf_percent.o
         4          0          0          0          0          0   _printf_percent_end.o
         6          0          0          0          0          0   _printf_s.o
        82          0          0          0          0         80   _printf_str.o
         6          0          0          0          0          0   _printf_u.o
         6          0          0          0          0          0   _printf_x.o
        18          0          0          0          0         80   exit.o
         8          0          0          0          0         68   ferror.o
         6          0          0          0          0        152   heapauxi.o
         2          0          0          0          0          0   libinit.o
         6          0          0          0          0          0   libinit2.o
         2          0          0          0          0          0   libshutdown.o
         2          0          0          0          0          0   libshutdown2.o
         8          4          0          0         96         68   libspace.o
        24          4          0          0          0         84   noretval__2printf.o
       138          0          0          0          0         68   rt_memcpy_v6.o
       100          0          0          0          0         80   rt_memcpy_w.o
       132          0          0          0          0         68   rt_memmove_v6.o
       122          0          0          0          0         80   rt_memmove_w.o
         2          0          0          0          0          0   rtexit.o
        10          0          0          0          0          0   rtexit2.o
        74          0          0          0          0         80   sys_stackheap_outer.o
         2          0          0          0          0         68   use_no_semi.o
         2          0          0          0          0         68   use_no_semi_2.o
        10          0          0          0          0        116   fpinit.o

    ----------------------------------------------------------------------
      1980         50         60          0         96       2048   Library Totals
         8          0          3          0          0          0   (incl. Padding)

    ----------------------------------------------------------------------

      Code (inc. data)   RO Data    RW Data    ZI Data      Debug   Library Name

      1962         50         57          0         96       1932   c_w.l
        10          0          0          0          0        116   fz_wm.l

    ----------------------------------------------------------------------
      1980         50         60          0         96       2048   Library Totals

    ----------------------------------------------------------------------

==============================================================================


      Code (inc. data)   RO Data    RW Data    ZI Data      Debug   

     41584       3134       1112        528       9352     502316   Grand Totals
     41584       3134       1112        172       9352     502316   ELF Image Totals (compressed)
     41584       3134       1112        172          0          0   ROM Totals

==============================================================================

    Total RO  Size (Code + RO Data)                42696 (  41.70kB)
    Total RW  Size (RW Data + ZI Data)              9880 (   9.65kB)
    Total ROM Size (Code + RO Data + RW Data)      42868 (  41.86kB)

==============================================================================

