<html>
<body>
<pre>
<h1>礦ision Build Log</h1>
<h2>Tool Versions:</h2>
IDE-Version: μVision V5.28.0.0
Copyright (C) 2019 ARM Ltd and ARM Germany GmbH. All rights reserved.
License Information: yu ygh2048009576@outlook.com, 1, LIC=32B1Q-NS1H5-BSSYX-HJ42P-1LV28-RDCFK
 
Tool Versions:
Toolchain:       MDK-ARM Plus  Version: 5.28.0.0
Toolchain Path:  D:\workapp\keil_v5\ARM\ARMCC\Bin
C Compiler:      Armcc.exe V5.06 update 6 (build 750)
Assembler:       Armasm.exe V5.06 update 6 (build 750)
Linker/Locator:  ArmLink.exe V5.06 update 6 (build 750)
Library Manager: ArmAr.exe V5.06 update 6 (build 750)
Hex Converter:   FromElf.exe V5.06 update 6 (build 750)
CPU DLL:         SARMCM3.DLL V5.28.0.0
Dialog DLL:      DCM.DLL V1.17.3.0
Target DLL:      STLink\ST-LINKIII-KEIL_SWO.dll V3.0.6.0
Dialog DLL:      TCM.DLL V1.36.2.0
 
<h2>Project:</h2>
E:\毕设\工程文件\UCOS_w5500\USER\UCOS-1.uvprojx
Project File Date:  10/20/2025

<h2>Output:</h2>
*** Using Compiler 'V5.06 update 6 (build 750)', folder: 'D:\workapp\keil_v5\ARM\ARMCC\Bin'
Rebuild target 'UCOS-1'
assembling startup_stm32f40_41xxx.s...
compiling led.c...
compiling stm32f4xx_it.c...
compiling timer.c...
compiling system_stm32f4xx.c...
compiling misc.c...
compiling sys.c...
compiling stm32f4xx_gpio.c...
compiling spi.c...
compiling task_tcp.c...
compiling delay.c...
compiling usart.c...
compiling main.c...
compiling stm32f4xx_rcc.c...
compiling lcd.c...
compiling stm32f4xx_syscfg.c...
compiling stm32f4xx_usart.c...
compiling stm32f4xx_dma.c...
compiling stm32f4xx_spi.c...
assembling os_cpu_a.asm...
compiling stm32f4xx_tim.c...
compiling stm32f4xx_fsmc.c...
compiling os_core.c...
compiling os_mbox.c...
compiling os_mem.c...
compiling os_flag.c...
compiling os_mutex.c...
compiling os_sem.c...
compiling os_q.c...
compiling os_task.c...
compiling os_time.c...
compiling loopback.c...
compiling os_tmr.c...
compiling os_cpu_c.c...
compiling socket.c...
compiling wizchip_conf.c...
compiling w5500.c...
compiling dhcp.c...
compiling wiz_platform.c...
compiling wiz_interface.c...
compiling tcp_server_multi_socket.c...
linking...
Program Size: Code=34864 RO-data=1020 RW-data=308 ZI-data=7356  
FromELF: creating hex file...
"..\OBJ\UCOS-1.axf" - 0 Error(s), 0 Warning(s).

<h2>Software Packages used:</h2>

Package Vendor: Keil
                http://www.keil.com/pack/Keil.STM32F4xx_DFP.2.7.0.pack
                Keil.STM32F4xx_DFP.2.7.0
                STMicroelectronics STM32F4 Series Device Support, Drivers and Examples

<h2>Collection of Component include folders:</h2>
  .\RTE\_UCOS-1
  D:\package\keil_v5\Keil\STM32F4xx_DFP\2.7.0\Drivers\CMSIS\Device\ST\STM32F4xx\Include

<h2>Collection of Component Files used:</h2>
Build Time Elapsed:  00:00:04
</pre>
</body>
</html>
