Component: ARM Compiler 5.06 update 6 (build 750) Tool: armlink [4d35ed]

==============================================================================

Section Cross References

    main.o(.text) refers to os_cpu_a.o(.text) for OS_CPU_SR_Save
    main.o(.text) refers to os_task.o(.text) for OSTaskCreate
    main.o(.text) refers to delay.o(.text) for delay_init
    main.o(.text) refers to led.o(.text) for LED_Init
    main.o(.text) refers to wiz_platform.o(.text) for debug_usart_init
    main.o(.text) refers to os_core.o(.text) for OSInit
    main.o(.text) refers to task_tcp.o(.bss) for TCP_TASK_STK
    main.o(.text) refers to task_tcp.o(.text) for tcp_task
    main.o(.text) refers to main.o(.bss) for START_TASK_STK
    system_stm32f4xx.o(.text) refers to system_stm32f4xx.o(.data) for SystemCoreClock
    task_tcp.o(.text) refers to _printf_percent.o(.ARM.Collect$$_printf_percent$$00000000) for _printf_percent
    task_tcp.o(.text) refers to _printf_s.o(.ARM.Collect$$_printf_percent$$00000014) for _printf_s
    task_tcp.o(.text) refers to _printf_str.o(.text) for _printf_str
    task_tcp.o(.text) refers to noretval__2printf.o(.text) for __2printf
    task_tcp.o(.text) refers to wiz_platform.o(.text) for wizchip_reset
    task_tcp.o(.text) refers to delay.o(.text) for delay_ms
    task_tcp.o(.text) refers to wiz_interface.o(.text) for wizchip_initialize
    task_tcp.o(.text) refers to spi.o(.text) for SPI2_SetSpeed
    task_tcp.o(.text) refers to tcp_server_multi_socket.o(.text) for multi_tcps_socket
    task_tcp.o(.text) refers to task_tcp.o(.data) for default_net_info
    task_tcp.o(.text) refers to task_tcp.o(.bss) for ethernet_buf
    led.o(.text) refers to stm32f4xx_rcc.o(.text) for RCC_AHB1PeriphClockCmd
    led.o(.text) refers to stm32f4xx_gpio.o(.text) for GPIO_Init
    timer.o(.text) refers to stm32f4xx_rcc.o(.text) for RCC_APB1PeriphClockCmd
    timer.o(.text) refers to stm32f4xx_tim.o(.text) for TIM_TimeBaseInit
    timer.o(.text) refers to misc.o(.text) for NVIC_Init
    spi.o(.text) refers to stm32f4xx_spi.o(.text) for SPI_I2S_GetFlagStatus
    spi.o(.text) refers to stm32f4xx_rcc.o(.text) for RCC_AHB1PeriphClockCmd
    spi.o(.text) refers to stm32f4xx_gpio.o(.text) for GPIO_Init
    lcd.o(.text) refers to _printf_percent.o(.ARM.Collect$$_printf_percent$$00000000) for _printf_percent
    lcd.o(.text) refers to _printf_x.o(.ARM.Collect$$_printf_percent$$0000000C) for _printf_x
    lcd.o(.text) refers to _printf_hex_int.o(.text) for _printf_longlong_hex
    lcd.o(.text) refers to delay.o(.text) for delay_us
    lcd.o(.text) refers to lcd.o(.bss) for lcddev
    lcd.o(.text) refers to lcd.o(.data) for POINT_COLOR
    lcd.o(.text) refers to dflt_clz.o(x$fpl$dfltu) for __aeabi_ui2d
    lcd.o(.text) refers to dmul.o(x$fpl$dmul) for __aeabi_dmul
    lcd.o(.text) refers to dfixu.o(x$fpl$dfixu) for __aeabi_d2uiz
    lcd.o(.text) refers to stm32f4xx_rcc.o(.text) for RCC_AHB1PeriphClockCmd
    lcd.o(.text) refers to stm32f4xx_gpio.o(.text) for GPIO_Init
    lcd.o(.text) refers to stm32f4xx_fsmc.o(.text) for FSMC_NORSRAMInit
    lcd.o(.text) refers to noretval__2printf.o(.text) for __2printf
    lcd.o(.text) refers to lcd.o(.constdata) for asc2_1206
    delay.o(.text) refers to os_core.o(.text) for OSSchedLock
    delay.o(.text) refers to os_time.o(.text) for OSTimeDly
    delay.o(.text) refers to misc.o(.text) for SysTick_CLKSourceConfig
    delay.o(.text) refers to os_core.o(.data) for OSRunning
    delay.o(.text) refers to delay.o(.data) for fac_us
    usart.o(.rev16_text) refers (Special) to use_no_semi_2.o(.text) for __use_no_semihosting
    usart.o(.revsh_text) refers (Special) to use_no_semi_2.o(.text) for __use_no_semihosting
    usart.o(.text) refers (Special) to use_no_semi_2.o(.text) for __use_no_semihosting
    usart.o(.text) refers to stm32f4xx_rcc.o(.text) for RCC_AHB1PeriphClockCmd
    usart.o(.text) refers to stm32f4xx_gpio.o(.text) for GPIO_PinAFConfig
    usart.o(.text) refers to stm32f4xx_usart.o(.text) for USART_Init
    usart.o(.text) refers to misc.o(.text) for NVIC_Init
    usart.o(.text) refers to os_core.o(.text) for OSIntEnter
    usart.o(.text) refers to usart.o(.data) for USART_RX_STA
    usart.o(.text) refers to usart.o(.bss) for USART_RX_BUF
    usart.o(.bss) refers (Special) to use_no_semi_2.o(.text) for __use_no_semihosting
    usart.o(.data) refers (Special) to use_no_semi_2.o(.text) for __use_no_semihosting
    startup_stm32f40_41xxx.o(STACK) refers (Special) to heapauxi.o(.text) for __use_two_region_memory
    startup_stm32f40_41xxx.o(HEAP) refers (Special) to heapauxi.o(.text) for __use_two_region_memory
    startup_stm32f40_41xxx.o(RESET) refers (Special) to heapauxi.o(.text) for __use_two_region_memory
    startup_stm32f40_41xxx.o(RESET) refers to startup_stm32f40_41xxx.o(STACK) for __initial_sp
    startup_stm32f40_41xxx.o(RESET) refers to startup_stm32f40_41xxx.o(.text) for Reset_Handler
[...]
    .data                                    0x20000094   Section        4  wiz_platform.o(.data)
    wiz_timer_1ms_count                      0x20000094   Data           4  wiz_platform.o(.data)
    .data                                    0x20000098   Section        7  tcp_server_multi_socket.o(.data)
    s_link_last                              0x2000009a   Data           1  tcp_server_multi_socket.o(.data)
    s_keepalive_set                          0x2000009b   Data           4  tcp_server_multi_socket.o(.data)
    .data                                    0x200000a0   Section       14  socket.o(.data)
    sock_any_port                            0x200000a0   Data           2  socket.o(.data)
    sock_io_mode                             0x200000a2   Data           2  socket.o(.data)
    sock_is_sending                          0x200000a4   Data           2  socket.o(.data)
    .data                                    0x200000b0   Section       49  wizchip_conf.o(.data)
    _DNS_                                    0x200000dc   Data           4  wizchip_conf.o(.data)
    _DHCP_                                   0x200000e0   Data           1  wizchip_conf.o(.data)
    .data                                    0x200000e4   Section       80  dhcp.o(.data)
    .bss                                     0x20000134   Section      256  main.o(.bss)
    .bss                                     0x20000234   Section     2560  task_tcp.o(.bss)
    .bss                                     0x20000c34   Section      200  usart.o(.bss)
    .bss                                     0x20000cfc   Section     2688  os_core.o(.bss)
    .bss                                     0x2000177c   Section       16  socket.o(.bss)
    sock_remained_size                       0x2000177c   Data          16  socket.o(.bss)
    .bss                                     0x2000178c   Section       96  libspace.o(.bss)
    HEAP                                     0x200017f0   Section      512  startup_stm32f40_41xxx.o(HEAP)
    Heap_Mem                                 0x200017f0   Data         512  startup_stm32f40_41xxx.o(HEAP)
    STACK                                    0x200019f0   Section     1024  startup_stm32f40_41xxx.o(STACK)
    Stack_Mem                                0x200019f0   Data        1024  startup_stm32f40_41xxx.o(STACK)
    __initial_sp                             0x20001df0   Data           0  startup_stm32f40_41xxx.o(STACK)

    Global Symbols

    Symbol Name                              Value     Ov Type        Size  Object(Section)

    BuildAttributes$$THM_ISAv4$E$P$D$K$B$S$7EM$VFPi3$EXTD16$VFPS$VFMA$PE$A:L22UL41UL21$X:L11$S22US41US21$IEEE1$IW$USESV6$~STKCKD$USESV7$~SHL$OSPACE$ROPI$EBA8$UX$STANDARDLIB$REQ8$PRES8$EABIv2 0x00000000   Number         0  anon$$obj.o ABSOLUTE
    __ARM_use_no_argv                        0x00000000   Number         0  main.o ABSOLUTE
    _printf_flags                            0x00000000   Number         0  printf_stubs.o ABSOLUTE
    _printf_return_value                     0x00000000   Number         0  printf_stubs.o ABSOLUTE
    _printf_sizespec                         0x00000000   Number         0  printf_stubs.o ABSOLUTE
    _printf_widthprec                        0x00000000   Number         0  printf_stubs.o ABSOLUTE
    __ARM_exceptions_init                     - Undefined Weak Reference
    __alloca_initialize                       - Undefined Weak Reference
    __arm_preinit_                            - Undefined Weak Reference
    __cpp_initialize__aeabi_                  - Undefined Weak Reference
    __cxa_finalize                            - Undefined Weak Reference
    __rt_locale                               - Undefined Weak Reference
    __sigvec_lookup                           - Undefined Weak Reference
    _atexit_init                              - Undefined Weak Reference
    _call_atexit_fns                          - Undefined Weak Reference
    _clock_init                               - Undefined Weak Reference
    _fp_trap_init                             - Undefined Weak Reference
    _fp_trap_shutdown                         - Undefined Weak Reference
    _get_lc_collate                           - Undefined Weak Reference
    _get_lc_ctype                             - Undefined Weak Reference
    _get_lc_monetary                          - Undefined Weak Reference
    _get_lc_numeric                           - Undefined Weak Reference
    _get_lc_time                              - Undefined Weak Reference
    _getenv_init                              - Undefined Weak Reference
    _handle_redirection                       - Undefined Weak Reference
    _init_alloc                               - Undefined Weak Reference
    _init_user_alloc                          - Undefined Weak Reference
    _initio                                   - Undefined Weak Reference
    _mutex_acquire                            - Undefined Weak Reference
    _mutex_release                            - Undefined Weak Reference
    _printf_mbtowc                            - Undefined Weak Reference
    _printf_truncate_signed                   - Undefined Weak Reference
    _printf_truncate_unsigned                 - Undefined Weak Reference
    _rand_init                                - Undefined Weak Reference
    _signal_finish                            - Undefined Weak Reference
    _signal_init                              - Undefined Weak Reference
    _terminate_alloc                          - Undefined Weak Reference
    _terminate_user_alloc                     - Undefined Weak Reference
    _terminateio                              - Undefined Weak Reference
    __Vectors_Size                           0x00000188   Number         0  startup_stm32f40_41xxx.o ABSOLUTE
    __Vectors                                0x08000000   Data           4  startup_stm32f40_41xxx.o(RESET)
    __Vectors_End                            0x08000188   Data           0  startup_stm32f40_41xxx.o(RESET)
    __main                                   0x08000189   Thumb Code     8  __main.o(!!!main)
    __scatterload                            0x08000191   Thumb Code     0  __scatter.o(!!!scatter)
    __scatterload_rt2                        0x08000191   Thumb Code    44  __scatter.o(!!!scatter)
    __scatterload_rt2_thumb_only             0x08000191   Thumb Code     0  __scatter.o(!!!scatter)
    __scatterload_null                       0x0800019f   Thumb Code     0  __scatter.o(!!!scatter)
    __decompress                             0x080001c5   Thumb Code    90  __dczerorl2.o(!!dczerorl2)
    __decompress1                            0x080001c5   Thumb Code     0  __dczerorl2.o(!!dczerorl2)
    __scatterload_zeroinit                   0x08000221   Thumb Code    28  __scatter_zi.o(!!handler_zi)
    _printf_d                                0x0800023d   Thumb Code     0  _printf_d.o(.ARM.Collect$$_printf_percent$$00000009)
    _printf_percent                          0x0800023d   Thumb Code     0  _printf_percent.o(.ARM.Collect$$_printf_percent$$00000000)
    _printf_x                                0x08000243   Thumb Code     0  _printf_x.o(.ARM.Collect$$_printf_percent$$0000000C)
    _printf_s                                0x08000249   Thumb Code     0  _printf_s.o(.ARM.Collect$$_printf_percent$$00000014)
    _printf_percent_end                      0x0800024f   Thumb Code     0  _printf_percent_end.o(.ARM.Collect$$_printf_percent$$00000017)
    __rt_lib_init                            0x08000253   Thumb Code     0  libinit.o(.ARM.Collect$$libinit$$00000000)
    __rt_lib_init_fp_1                       0x08000255   Thumb Code     0  libinit2.o(.ARM.Collect$$libinit$$00000001)
    __rt_lib_init_alloca_1                   0x08000259   Thumb Code     0  libinit2.o(.ARM.Collect$$libinit$$0000002E)
    __rt_lib_init_argv_1                     0x08000259   Thumb Code     0  libinit2.o(.ARM.Collect$$libinit$$0000002C)
    __rt_lib_init_atexit_1                   0x08000259   Thumb Code     0  libinit2.o(.ARM.Collect$$libinit$$0000001B)
    __rt_lib_init_clock_1                    0x08000259   Thumb Code     0  libinit2.o(.ARM.Collect$$libinit$$00000021)
    __rt_lib_init_cpp_1                      0x08000259   Thumb Code     0  libinit2.o(.ARM.Collect$$libinit$$00000032)
    __rt_lib_init_exceptions_1               0x08000259   Thumb Code     0  libinit2.o(.ARM.Collect$$libinit$$00000030)
    __rt_lib_init_fp_trap_1                  0x08000259   Thumb Code     0  libinit2.o(.ARM.Collect$$libinit$$0000001F)
    __rt_lib_init_getenv_1                   0x08000259   Thumb Code     0  libinit2.o(.ARM.Collect$$libinit$$00000023)
    __rt_lib_init_heap_1                     0x08000259   Thumb Code     0  libinit2.o(.ARM.Collect$$libinit$$0000000A)
    __rt_lib_init_lc_collate_1               0x08000259   Thumb Code     0  libinit2.o(.ARM.Collect$$libinit$$00000011)
    __rt_lib_init_lc_ctype_1                 0x08000259   Thumb Code     0  libinit2.o(.ARM.Collect$$libinit$$00000013)
    __rt_lib_init_lc_monetary_1              0x08000259   Thumb Code     0  libinit2.o(.ARM.Collect$$libinit$$00000015)
    __rt_lib_init_lc_numeric_1               0x08000259   Thumb Code     0  libinit2.o(.ARM.Collect$$libinit$$00000017)
    __rt_lib_init_lc_time_1                  0x08000259   Thumb Code     0  libinit2.o(.ARM.Collect$$libinit$$00000019)
    __rt_lib_init_preinit_1                  0x08000259   Thumb Code     0  libinit2.o(.ARM.Collect$$libinit$$00000004)
    __rt_lib_init_rand_1                     0x08000259   Thumb Code     0  libinit2.o(.ARM.Collect$$libinit$$0000000E)
    __rt_lib_init_return                     0x08000259   Thumb Code     0  libinit2.o(.ARM.Collect$$libinit$$00000033)
    __rt_lib_init_signal_1                   0x08000259   Thumb Code     0  libinit2.o(.ARM.Collect$$libinit$$0000001D)
    __rt_lib_init_stdio_1                    0x08000259   Thumb Code     0  libinit2.o(.ARM.Collect$$libinit$$00000025)
    __rt_lib_init_user_alloc_1               0x08000259   Thumb Code     0  libinit2.o(.ARM.Collect$$libinit$$0000000C)
    __rt_lib_shutdown                        0x0800025b   Thumb Code     0  libshutdown.o(.ARM.Collect$$libshutdown$$00000000)
    __rt_lib_shutdown_cpp_1                  0x0800025d   Thumb Code     0  libshutdown2.o(.ARM.Collect$$libshutdown$$00000002)
    __rt_lib_shutdown_fp_trap_1              0x0800025d   Thumb Code     0  libshutdown2.o(.ARM.Collect$$libshutdown$$00000007)
    __rt_lib_shutdown_heap_1                 0x0800025d   Thumb Code     0  libshutdown2.o(.ARM.Collect$$libshutdown$$0000000F)
    __rt_lib_shutdown_return                 0x0800025d   Thumb Code     0  libshutdown2.o(.ARM.Collect$$libshutdown$$00000010)
    __rt_lib_shutdown_signal_1               0x0800025d   Thumb Code     0  libshutdown2.o(.ARM.Collect$$libshutdown$$0000000A)
    __rt_lib_shutdown_stdio_1                0x0800025d   Thumb Code     0  libshutdown2.o(.ARM.Collect$$libshutdown$$00000004)
    __rt_lib_shutdown_user_alloc_1           0x0800025d   Thumb Code     0  libshutdown2.o(.ARM.Collect$$libshutdown$$0000000C)
    __rt_entry                               0x0800025f   Thumb Code     0  __rtentry.o(.ARM.Collect$$rtentry$$00000000)
    __rt_entry_presh_1                       0x0800025f   Thumb Code     0  __rtentry2.o(.ARM.Collect$$rtentry$$00000002)
    __rt_entry_sh                            0x0800025f   Thumb Code     0  __rtentry4.o(.ARM.Collect$$rtentry$$00000004)
    __rt_entry_li                            0x08000265   Thumb Code     0  __rtentry2.o(.ARM.Collect$$rtentry$$0000000A)
    __rt_entry_postsh_1                      0x08000265   Thumb Code     0  __rtentry2.o(.ARM.Collect$$rtentry$$00000009)
    __rt_entry_main                          0x08000269   Thumb Code     0  __rtentry2.o(.ARM.Collect$$rtentry$$0000000D)
    __rt_entry_postli_1                      0x08000269   Thumb Code     0  __rtentry2.o(.ARM.Collect$$rtentry$$0000000C)
    __rt_exit                                0x08000271   Thumb Code     0  rtexit.o(.ARM.Collect$$rtexit$$00000000)
    __rt_exit_ls                             0x08000273   Thumb Code     0  rtexit2.o(.ARM.Collect$$rtexit$$00000003)
    __rt_exit_prels_1                        0x08000273   Thumb Code     0  rtexit2.o(.ARM.Collect$$rtexit$$00000002)
    __rt_exit_exit                           0x08000277   Thumb Code     0  rtexit2.o(.ARM.Collect$$rtexit$$00000004)
    start_task                               0x0800027d   Thumb Code    52  main.o(.text)
    main                                     0x080002b1   Thumb Code    54  main.o(.text)
    NMI_Handler                              0x080002fd   Thumb Code     2  stm32f4xx_it.o(.text)
    HardFault_Handler                        0x080002ff   Thumb Code     4  stm32f4xx_it.o(.text)
    MemManage_Handler                        0x08000303   Thumb Code     4  stm32f4xx_it.o(.text)
    BusFault_Handler                         0x08000307   Thumb Code     4  stm32f4xx_it.o(.text)
    UsageFault_Handler                       0x0800030b   Thumb Code     4  stm32f4xx_it.o(.text)
    SVC_Handler                              0x0800030f   Thumb Code     2  stm32f4xx_it.o(.text)
    DebugMon_Handler                         0x08000311   Thumb Code     2  stm32f4xx_it.o(.text)
    SystemInit                               0x080003f1   Thumb Code    88  system_stm32f4xx.o(.text)
    SystemCoreClockUpdate                    0x08000449   Thumb Code   174  system_stm32f4xx.o(.text)
    tcp_task                                 0x08000525   Thumb Code    62  task_tcp.o(.text)
    led1_task                                0x08000563   Thumb Code    34  task_tcp.o(.text)
    LED_Init                                 0x080005c9   Thumb Code    60  led.o(.text)
    TIM3_Int_Init                            0x08000609   Thumb Code    88  timer.o(.text)
    SPI1_ReadWriteByte                       0x08000665   Thumb Code    50  spi.o(.text)
    SPI1_Init                                0x08000697   Thumb Code   186  spi.o(.text)
    SPI1_SetSpeed                            0x08000751   Thumb Code    36  spi.o(.text)
    SPI2_ReadWriteByte                       0x08000775   Thumb Code    50  spi.o(.text)
    SPI2_Init                                0x080007a7   Thumb Code   198  spi.o(.text)
    SPI2_SetSpeed                            0x0800086d   Thumb Code    42  spi.o(.text)
    delay_osschedlock                        0x080008a5   Thumb Code     8  delay.o(.text)
    delay_osschedunlock                      0x080008ad   Thumb Code     8  delay.o(.text)
    delay_ostimedly                          0x080008b5   Thumb Code    12  delay.o(.text)
    SysTick_Handler                          0x080008c1   Thumb Code    24  delay.o(.text)
    delay_init                               0x080008d9   Thumb Code    76  delay.o(.text)
    delay_us                                 0x08000925   Thumb Code    84  delay.o(.text)
    delay_ms                                 0x08000979   Thumb Code    66  delay.o(.text)
    _sys_exit                                0x080009cd   Thumb Code     6  usart.o(.text)
    fputc                                    0x080009d3   Thumb Code    22  usart.o(.text)
    uart_init                                0x080009e9   Thumb Code   164  usart.o(.text)
    USART1_IRQHandler                        0x08000a8d   Thumb Code   130  usart.o(.text)
    Reset_Handler                            0x08000b21   Thumb Code     8  startup_stm32f40_41xxx.o(.text)
    ADC_IRQHandler                           0x08000b3b   Thumb Code     0  startup_stm32f40_41xxx.o(.text)
    CAN1_RX0_IRQHandler                      0x08000b3b   Thumb Code     0  startup_stm32f40_41xxx.o(.text)
    CAN1_RX1_IRQHandler                      0x08000b3b   Thumb Code     0  startup_stm32f40_41xxx.o(.text)
    CAN1_SCE_IRQHandler                      0x08000b3b   Thumb Code     0  startup_stm32f40_41xxx.o(.text)
    CAN1_TX_IRQHandler                       0x08000b3b   Thumb Code     0  startup_stm32f40_41xxx.o(.text)
    CAN2_RX0_IRQHandler                      0x08000b3b   Thumb Code     0  startup_stm32f40_41xxx.o(.text)
    CAN2_RX1_IRQHandler                      0x08000b3b   Thumb Code     0  startup_stm32f40_41xxx.o(.text)
    CAN2_SCE_IRQHandler                      0x08000b3b   Thumb Code     0  startup_stm32f40_41xxx.o(.text)
    CAN2_TX_IRQHandler                       0x08000b3b   Thumb Code     0  startup_stm32f40_41xxx.o(.text)
    CRYP_IRQHandler                          0x08000b3b   Thumb Code     0  startup_stm32f40_41xxx.o(.text)
    DCMI_IRQHandler                          0x08000b3b   Thumb Code     0  startup_stm32f40_41xxx.o(.text)
    DMA1_Stream0_IRQHandler                  0x08000b3b   Thumb Code     0  startup_stm32f40_41xxx.o(.text)
    DMA1_Stream1_IRQHandler                  0x08000b3b   Thumb Code     0  startup_stm32f40_41xxx.o(.text)
    DMA1_Stream2_IRQHandler                  0x08000b3b   Thumb Code     0  startup_stm32f40_41xxx.o(.text)
    DMA1_Stream3_IRQHandler                  0x08000b3b   Thumb Code     0  startup_stm32f40_41xxx.o(.text)
    DMA1_Stream4_IRQHandler                  0x08000b3b   Thumb Code     0  startup_stm32f40_41xxx.o(.text)
    DMA1_Stream5_IRQHandler                  0x08000b3b   Thumb Code     0  startup_stm32f40_41xxx.o(.text)
    DMA1_Stream6_IRQHandler                  0x08000b3b   Thumb Code     0  startup_stm32f40_41xxx.o(.text)
    DMA1_Stream7_IRQHandler                  0x08000b3b   Thumb Code     0  startup_stm32f40_41xxx.o(.text)
    DMA2_Stream0_IRQHandler                  0x08000b3b   Thumb Code     0  startup_stm32f40_41xxx.o(.text)
    DMA2_Stream1_IRQHandler                  0x08000b3b   Thumb Code     0  startup_stm32f40_41xxx.o(.text)
    DMA2_Stream2_IRQHandler                  0x08000b3b   Thumb Code     0  startup_stm32f40_41xxx.o(.text)
    DMA2_Stream3_IRQHandler                  0x08000b3b   Thumb Code     0  startup_stm32f40_41xxx.o(.text)
    DMA2_Stream4_IRQHandler                  0x08000b3b   Thumb Code     0  startup_stm32f40_41xxx.o(.text)
    DMA2_Stream5_IRQHandler                  0x08000b3b   Thumb Code     0  startup_stm32f40_41xxx.o(.text)
    DMA2_Stream6_IRQHandler                  0x08000b3b   Thumb Code     0  startup_stm32f40_41xxx.o(.text)
    DMA2_Stream7_IRQHandler                  0x08000b3b   Thumb Code     0  startup_stm32f40_41xxx.o(.text)
    ETH_IRQHandler                           0x08000b3b   Thumb Code     0  startup_stm32f40_41xxx.o(.text)
    ETH_WKUP_IRQHandler                      0x08000b3b   Thumb Code     0  startup_stm32f40_41xxx.o(.text)
    EXTI0_IRQHandler                         0x08000b3b   Thumb Code     0  startup_stm32f40_41xxx.o(.text)
    EXTI15_10_IRQHandler                     0x08000b3b   Thumb Code     0  startup_stm32f40_41xxx.o(.text)
    EXTI1_IRQHandler                         0x08000b3b   Thumb Code     0  startup_stm32f40_41xxx.o(.text)
    EXTI2_IRQHandler                         0x08000b3b   Thumb Code     0  startup_stm32f40_41xxx.o(.text)
    EXTI3_IRQHandler                         0x08000b3b   Thumb Code     0  startup_stm32f40_41xxx.o(.text)
    EXTI4_IRQHandler                         0x08000b3b   Thumb Code     0  startup_stm32f40_41xxx.o(.text)
    EXTI9_5_IRQHandler                       0x08000b3b   Thumb Code     0  startup_stm32f40_41xxx.o(.text)
    FLASH_IRQHandler                         0x08000b3b   Thumb Code     0  startup_stm32f40_41xxx.o(.text)
    FPU_IRQHandler                           0x08000b3b   Thumb Code     0  startup_stm32f40_41xxx.o(.text)
    FSMC_IRQHandler                          0x08000b3b   Thumb Code     0  startup_stm32f40_41xxx.o(.text)
    HASH_RNG_IRQHandler                      0x08000b3b   Thumb Code     0  startup_stm32f40_41xxx.o(.text)
    I2C1_ER_IRQHandler                       0x08000b3b   Thumb Code     0  startup_stm32f40_41xxx.o(.text)
    I2C1_EV_IRQHandler                       0x08000b3b   Thumb Code     0  startup_stm32f40_41xxx.o(.text)
    I2C2_ER_IRQHandler                       0x08000b3b   Thumb Code     0  startup_stm32f40_41xxx.o(.text)
    I2C2_EV_IRQHandler                       0x08000b3b   Thumb Code     0  startup_stm32f40_41xxx.o(.text)
    I2C3_ER_IRQHandler                       0x08000b3b   Thumb Code     0  startup_stm32f40_41xxx.o(.text)
    I2C3_EV_IRQHandler                       0x08000b3b   Thumb Code     0  startup_stm32f40_41xxx.o(.text)
    OTG_FS_IRQHandler                        0x08000b3b   Thumb Code     0  startup_stm32f40_41xxx.o(.text)
    OTG_FS_WKUP_IRQHandler                   0x08000b3b   Thumb Code     0  startup_stm32f40_41xxx.o(.text)
    OTG_HS_EP1_IN_IRQHandler                 0x08000b3b   Thumb Code     0  startup_stm32f40_41xxx.o(.text)
    OTG_HS_EP1_OUT_IRQHandler                0x08000b3b   Thumb Code     0  startup_stm32f40_41xxx.o(.text)
    OTG_HS_IRQHandler                        0x08000b3b   Thumb Code     0  startup_stm32f40_41xxx.o(.text)
    OTG_HS_WKUP_IRQHandler                   0x08000b3b   Thumb Code     0  startup_stm32f40_41xxx.o(.text)
    PVD_IRQHandler                           0x08000b3b   Thumb Code     0  startup_stm32f40_41xxx.o(.text)
    RCC_IRQHandler                           0x08000b3b   Thumb Code     0  startup_stm32f40_41xxx.o(.text)
    RTC_Alarm_IRQHandler                     0x08000b3b   Thumb Code     0  startup_stm32f40_41xxx.o(.text)
    RTC_WKUP_IRQHandler                      0x08000b3b   Thumb Code     0  startup_stm32f40_41xxx.o(.text)
    SDIO_IRQHandler                          0x08000b3b   Thumb Code     0  startup_stm32f40_41xxx.o(.text)
    SPI1_IRQHandler                          0x08000b3b   Thumb Code     0  startup_stm32f40_41xxx.o(.text)
    SPI2_IRQHandler                          0x08000b3b   Thumb Code     0  startup_stm32f40_41xxx.o(.text)
    SPI3_IRQHandler                          0x08000b3b   Thumb Code     0  startup_stm32f40_41xxx.o(.text)
    TAMP_STAMP_IRQHandler                    0x08000b3b   Thumb Code     0  startup_stm32f40_41xxx.o(.text)
    TIM1_BRK_TIM9_IRQHandler                 0x08000b3b   Thumb Code     0  startup_stm32f40_41xxx.o(.text)
    TIM1_CC_IRQHandler                       0x08000b3b   Thumb Code     0  startup_stm32f40_41xxx.o(.text)
    TIM1_TRG_COM_TIM11_IRQHandler            0x08000b3b   Thumb Code     0  startup_stm32f40_41xxx.o(.text)
    TIM1_UP_TIM10_IRQHandler                 0x08000b3b   Thumb Code     0  startup_stm32f40_41xxx.o(.text)
    TIM2_IRQHandler                          0x08000b3b   Thumb Code     0  startup_stm32f40_41xxx.o(.text)
    TIM4_IRQHandler                          0x08000b3b   Thumb Code     0  startup_stm32f40_41xxx.o(.text)
    TIM5_IRQHandler                          0x08000b3b   Thumb Code     0  startup_stm32f40_41xxx.o(.text)
    TIM6_DAC_IRQHandler                      0x08000b3b   Thumb Code     0  startup_stm32f40_41xxx.o(.text)
    TIM7_IRQHandler                          0x08000b3b   Thumb Code     0  startup_stm32f40_41xxx.o(.text)
    TIM8_BRK_TIM12_IRQHandler                0x08000b3b   Thumb Code     0  startup_stm32f40_41xxx.o(.text)
    TIM8_CC_IRQHandler                       0x08000b3b   Thumb Code     0  startup_stm32f40_41xxx.o(.text)
    TIM8_TRG_COM_TIM14_IRQHandler            0x08000b3b   Thumb Code     0  startup_stm32f40_41xxx.o(.text)
    TIM8_UP_TIM13_IRQHandler                 0x08000b3b   Thumb Code     0  startup_stm32f40_41xxx.o(.text)
    UART4_IRQHandler                         0x08000b3b   Thumb Code     0  startup_stm32f40_41xxx.o(.text)
    UART5_IRQHandler                         0x08000b3b   Thumb Code     0  startup_stm32f40_41xxx.o(.text)
    USART2_IRQHandler                        0x08000b3b   Thumb Code     0  startup_stm32f40_41xxx.o(.text)
    USART3_IRQHandler                        0x08000b3b   Thumb Code     0  startup_stm32f40_41xxx.o(.text)
    USART6_IRQHandler                        0x08000b3b   Thumb Code     0  startup_stm32f40_41xxx.o(.text)
    WWDG_IRQHandler                          0x08000b3b   Thumb Code     0  startup_stm32f40_41xxx.o(.text)
    __user_initial_stackheap                 0x08000b3d   Thumb Code     0  startup_stm32f40_41xxx.o(.text)
    NVIC_PriorityGroupConfig                 0x08000b61   Thumb Code    10  misc.o(.text)
    NVIC_Init                                0x08000b6b   Thumb Code   106  misc.o(.text)
    NVIC_SetVectorTable                      0x08000bd5   Thumb Code    14  misc.o(.text)
    NVIC_SystemLPConfig                      0x08000be3   Thumb Code    34  misc.o(.text)
    SysTick_CLKSourceConfig                  0x08000c05   Thumb Code    40  misc.o(.text)
    GPIO_DeInit                              0x08000c41   Thumb Code   268  stm32f4xx_gpio.o(.text)
    GPIO_Init                                0x08000d4d   Thumb Code   144  stm32f4xx_gpio.o(.text)
    GPIO_StructInit                          0x08000ddd   Thumb Code    18  stm32f4xx_gpio.o(.text)
    GPIO_PinLockConfig                       0x08000def   Thumb Code    34  stm32f4xx_gpio.o(.text)
    GPIO_ReadInputDataBit                    0x08000e11   Thumb Code    18  stm32f4xx_gpio.o(.text)
    GPIO_ReadInputData                       0x08000e23   Thumb Code     8  stm32f4xx_gpio.o(.text)
    GPIO_ReadOutputDataBit                   0x08000e2b   Thumb Code    18  stm32f4xx_gpio.o(.text)
    GPIO_ReadOutputData                      0x08000e3d   Thumb Code     8  stm32f4xx_gpio.o(.text)
    GPIO_SetBits                             0x08000e45   Thumb Code     4  stm32f4xx_gpio.o(.text)
    GPIO_ResetBits                           0x08000e49   Thumb Code     4  stm32f4xx_gpio.o(.text)
    GPIO_WriteBit                            0x08000e4d   Thumb Code    10  stm32f4xx_gpio.o(.text)
    GPIO_Write                               0x08000e57   Thumb Code     4  stm32f4xx_gpio.o(.text)
    GPIO_ToggleBits                          0x08000e5b   Thumb Code     8  stm32f4xx_gpio.o(.text)
    GPIO_PinAFConfig                         0x08000e63   Thumb Code    70  stm32f4xx_gpio.o(.text)
    RCC_DeInit                               0x08000ed5   Thumb Code    82  stm32f4xx_rcc.o(.text)
    RCC_HSEConfig                            0x08000f27   Thumb Code    14  stm32f4xx_rcc.o(.text)
    RCC_GetFlagStatus                        0x08000f35   Thumb Code    60  stm32f4xx_rcc.o(.text)
    RCC_WaitForHSEStartUp                    0x08000f71   Thumb Code    56  stm32f4xx_rcc.o(.text)
    RCC_AdjustHSICalibrationValue            0x08000fa9   Thumb Code    20  stm32f4xx_rcc.o(.text)
    RCC_HSICmd                               0x08000fbd   Thumb Code     6  stm32f4xx_rcc.o(.text)
    RCC_LSEConfig                            0x08000fc3   Thumb Code    46  stm32f4xx_rcc.o(.text)
    RCC_LSICmd                               0x08000ff1   Thumb Code     6  stm32f4xx_rcc.o(.text)
    RCC_PLLConfig                            0x08000ff7   Thumb Code    32  stm32f4xx_rcc.o(.text)
    RCC_PLLCmd                               0x08001017   Thumb Code     6  stm32f4xx_rcc.o(.text)
    RCC_PLLI2SConfig                         0x0800101d   Thumb Code    14  stm32f4xx_rcc.o(.text)
    RCC_PLLI2SCmd                            0x0800102b   Thumb Code     6  stm32f4xx_rcc.o(.text)
    RCC_PLLSAIConfig                         0x08001031   Thumb Code    20  stm32f4xx_rcc.o(.text)
    RCC_PLLSAICmd                            0x08001045   Thumb Code     6  stm32f4xx_rcc.o(.text)
    RCC_ClockSecuritySystemCmd               0x0800104b   Thumb Code     6  stm32f4xx_rcc.o(.text)
    RCC_MCO1Config                           0x08001051   Thumb Code    28  stm32f4xx_rcc.o(.text)
    RCC_MCO2Config                           0x0800106d   Thumb Code    28  stm32f4xx_rcc.o(.text)
    RCC_SYSCLKConfig                         0x08001089   Thumb Code    20  stm32f4xx_rcc.o(.text)
    RCC_GetSYSCLKSource                      0x0800109d   Thumb Code    12  stm32f4xx_rcc.o(.text)
    RCC_HCLKConfig                           0x080010a9   Thumb Code    20  stm32f4xx_rcc.o(.text)
    RCC_PCLK1Config                          0x080010bd   Thumb Code    20  stm32f4xx_rcc.o(.text)
    RCC_PCLK2Config                          0x080010d1   Thumb Code    22  stm32f4xx_rcc.o(.text)
    RCC_GetClocksFreq                        0x080010e7   Thumb Code   222  stm32f4xx_rcc.o(.text)
    RCC_RTCCLKConfig                         0x080011c5   Thumb Code    54  stm32f4xx_rcc.o(.text)
    RCC_RTCCLKCmd                            0x080011fb   Thumb Code     8  stm32f4xx_rcc.o(.text)
    RCC_BackupResetCmd                       0x08001203   Thumb Code     8  stm32f4xx_rcc.o(.text)
    RCC_I2SCLKConfig                         0x0800120b   Thumb Code     6  stm32f4xx_rcc.o(.text)
    RCC_SAIPLLI2SClkDivConfig                0x08001211   Thumb Code    26  stm32f4xx_rcc.o(.text)
    RCC_SAIPLLSAIClkDivConfig                0x0800122b   Thumb Code    28  stm32f4xx_rcc.o(.text)
    RCC_SAIBlockACLKConfig                   0x08001247   Thumb Code    20  stm32f4xx_rcc.o(.text)
    RCC_SAIBlockBCLKConfig                   0x0800125b   Thumb Code    20  stm32f4xx_rcc.o(.text)
    RCC_LTDCCLKDivConfig                     0x0800126f   Thumb Code    20  stm32f4xx_rcc.o(.text)
    RCC_TIMCLKPresConfig                     0x08001283   Thumb Code     6  stm32f4xx_rcc.o(.text)
    RCC_AHB1PeriphClockCmd                   0x08001289   Thumb Code    34  stm32f4xx_rcc.o(.text)
    RCC_AHB2PeriphClockCmd                   0x080012ab   Thumb Code    78  stm32f4xx_rcc.o(.text)
    RCC_AHB3PeriphClockCmd                   0x080012f9   Thumb Code    34  stm32f4xx_rcc.o(.text)
    RCC_APB1PeriphClockCmd                   0x0800131b   Thumb Code    34  stm32f4xx_rcc.o(.text)
    RCC_APB2PeriphClockCmd                   0x0800133d   Thumb Code    34  stm32f4xx_rcc.o(.text)
    RCC_AHB1PeriphResetCmd                   0x0800135f   Thumb Code    34  stm32f4xx_rcc.o(.text)
    RCC_AHB2PeriphResetCmd                   0x08001381   Thumb Code    34  stm32f4xx_rcc.o(.text)
    RCC_AHB3PeriphResetCmd                   0x080013a3   Thumb Code    34  stm32f4xx_rcc.o(.text)
    RCC_APB1PeriphResetCmd                   0x080013c5   Thumb Code    34  stm32f4xx_rcc.o(.text)
    RCC_APB2PeriphResetCmd                   0x080013e7   Thumb Code    34  stm32f4xx_rcc.o(.text)
    RCC_AHB1PeriphClockLPModeCmd             0x08001409   Thumb Code    34  stm32f4xx_rcc.o(.text)
    RCC_AHB2PeriphClockLPModeCmd             0x0800142b   Thumb Code    34  stm32f4xx_rcc.o(.text)
    RCC_AHB3PeriphClockLPModeCmd             0x0800144d   Thumb Code    34  stm32f4xx_rcc.o(.text)
    RCC_APB1PeriphClockLPModeCmd             0x0800146f   Thumb Code    34  stm32f4xx_rcc.o(.text)
    RCC_APB2PeriphClockLPModeCmd             0x08001491   Thumb Code    34  stm32f4xx_rcc.o(.text)
    RCC_LSEModeConfig                        0x080014b3   Thumb Code    40  stm32f4xx_rcc.o(.text)
    RCC_ITConfig                             0x080014db   Thumb Code    34  stm32f4xx_rcc.o(.text)
    RCC_ClearFlag                            0x080014fd   Thumb Code    18  stm32f4xx_rcc.o(.text)
    RCC_GetITStatus                          0x0800150f   Thumb Code    22  stm32f4xx_rcc.o(.text)
    RCC_ClearITPendingBit                    0x08001525   Thumb Code     8  stm32f4xx_rcc.o(.text)
    USART_DeInit                             0x08001531   Thumb Code   206  stm32f4xx_usart.o(.text)
    USART_Init                               0x080015ff   Thumb Code   204  stm32f4xx_usart.o(.text)
    USART_StructInit                         0x080016cb   Thumb Code    24  stm32f4xx_usart.o(.text)
    USART_ClockInit                          0x080016e3   Thumb Code    32  stm32f4xx_usart.o(.text)
    USART_ClockStructInit                    0x08001703   Thumb Code    12  stm32f4xx_usart.o(.text)
    USART_Cmd                                0x0800170f   Thumb Code    24  stm32f4xx_usart.o(.text)
    USART_SetPrescaler                       0x08001727   Thumb Code    16  stm32f4xx_usart.o(.text)
    USART_OverSampling8Cmd                   0x08001737   Thumb Code    22  stm32f4xx_usart.o(.text)
    USART_OneBitMethodCmd                    0x0800174d   Thumb Code    24  stm32f4xx_usart.o(.text)
    USART_SendData                           0x08001765   Thumb Code     8  stm32f4xx_usart.o(.text)
    USART_ReceiveData                        0x0800176d   Thumb Code    10  stm32f4xx_usart.o(.text)
    USART_SetAddress                         0x08001777   Thumb Code    18  stm32f4xx_usart.o(.text)
    USART_ReceiverWakeUpCmd                  0x08001789   Thumb Code    24  stm32f4xx_usart.o(.text)
    USART_WakeUpConfig                       0x080017a1   Thumb Code    18  stm32f4xx_usart.o(.text)
    USART_LINBreakDetectLengthConfig         0x080017b3   Thumb Code    18  stm32f4xx_usart.o(.text)
    USART_LINCmd                             0x080017c5   Thumb Code    24  stm32f4xx_usart.o(.text)
    USART_SendBreak                          0x080017dd   Thumb Code    10  stm32f4xx_usart.o(.text)
    USART_HalfDuplexCmd                      0x080017e7   Thumb Code    24  stm32f4xx_usart.o(.text)
    USART_SetGuardTime                       0x080017ff   Thumb Code    16  stm32f4xx_usart.o(.text)
    USART_SmartCardCmd                       0x0800180f   Thumb Code    24  stm32f4xx_usart.o(.text)
    USART_SmartCardNACKCmd                   0x08001827   Thumb Code    24  stm32f4xx_usart.o(.text)
    USART_IrDAConfig                         0x0800183f   Thumb Code    18  stm32f4xx_usart.o(.text)
    USART_IrDACmd                            0x08001851   Thumb Code    24  stm32f4xx_usart.o(.text)
    USART_DMACmd                             0x08001869   Thumb Code    18  stm32f4xx_usart.o(.text)
    USART_ITConfig                           0x0800187b   Thumb Code    74  stm32f4xx_usart.o(.text)
    USART_GetFlagStatus                      0x080018c5   Thumb Code    26  stm32f4xx_usart.o(.text)
    USART_ClearFlag                          0x080018df   Thumb Code    18  stm32f4xx_usart.o(.text)
    USART_GetITStatus                        0x080018f1   Thumb Code   118  stm32f4xx_usart.o(.text)
    USART_ClearITPendingBit                  0x08001967   Thumb Code    30  stm32f4xx_usart.o(.text)
    SPI_I2S_DeInit                           0x08001985   Thumb Code   152  stm32f4xx_spi.o(.text)
    SPI_Init                                 0x08001a1d   Thumb Code    60  stm32f4xx_spi.o(.text)
    I2S_Init                                 0x08001a59   Thumb Code   396  stm32f4xx_spi.o(.text)
    SPI_StructInit                           0x08001be5   Thumb Code    24  stm32f4xx_spi.o(.text)
    I2S_StructInit                           0x08001bfd   Thumb Code    20  stm32f4xx_spi.o(.text)
    SPI_Cmd                                  0x08001c11   Thumb Code    24  stm32f4xx_spi.o(.text)
    I2S_Cmd                                  0x08001c29   Thumb Code    24  stm32f4xx_spi.o(.text)
    SPI_DataSizeConfig                       0x08001c41   Thumb Code    18  stm32f4xx_spi.o(.text)
    SPI_BiDirectionalLineConfig              0x08001c53   Thumb Code    28  stm32f4xx_spi.o(.text)
    SPI_NSSInternalSoftwareConfig            0x08001c6f   Thumb Code    30  stm32f4xx_spi.o(.text)
    SPI_SSOutputCmd                          0x08001c8d   Thumb Code    24  stm32f4xx_spi.o(.text)
    SPI_TIModeCmd                            0x08001ca5   Thumb Code    24  stm32f4xx_spi.o(.text)
    I2S_FullDuplexConfig                     0x08001cbd   Thumb Code    80  stm32f4xx_spi.o(.text)
    SPI_I2S_ReceiveData                      0x08001d0d   Thumb Code     6  stm32f4xx_spi.o(.text)
    SPI_I2S_SendData                         0x08001d13   Thumb Code     4  stm32f4xx_spi.o(.text)
    SPI_CalculateCRC                         0x08001d17   Thumb Code    24  stm32f4xx_spi.o(.text)
    SPI_TransmitCRC                          0x08001d2f   Thumb Code    10  stm32f4xx_spi.o(.text)
    SPI_GetCRC                               0x08001d39   Thumb Code    16  stm32f4xx_spi.o(.text)
    SPI_GetCRCPolynomial                     0x08001d49   Thumb Code     6  stm32f4xx_spi.o(.text)
    SPI_I2S_DMACmd                           0x08001d4f   Thumb Code    18  stm32f4xx_spi.o(.text)
    SPI_I2S_ITConfig                         0x08001d61   Thumb Code    68  stm32f4xx_spi.o(.text)
    SPI_I2S_GetFlagStatus                    0x08001da5   Thumb Code    18  stm32f4xx_spi.o(.text)
    SPI_I2S_ClearFlag                        0x08001db7   Thumb Code     6  stm32f4xx_spi.o(.text)
    SPI_I2S_GetITStatus                      0x08001dbd   Thumb Code    52  stm32f4xx_spi.o(.text)
    SPI_I2S_ClearITPendingBit                0x08001df1   Thumb Code    20  stm32f4xx_spi.o(.text)
    TIM_DeInit                               0x08001e05   Thumb Code   346  stm32f4xx_tim.o(.text)
    TIM_TimeBaseInit                         0x08001f5f   Thumb Code   104  stm32f4xx_tim.o(.text)
    TIM_TimeBaseStructInit                   0x08001fc7   Thumb Code    18  stm32f4xx_tim.o(.text)
    TIM_PrescalerConfig                      0x08001fd9   Thumb Code     6  stm32f4xx_tim.o(.text)
    TIM_CounterModeConfig                    0x08001fdf   Thumb Code    18  stm32f4xx_tim.o(.text)
    TIM_SetCounter                           0x08001ff1   Thumb Code     4  stm32f4xx_tim.o(.text)
    TIM_SetAutoreload                        0x08001ff5   Thumb Code     4  stm32f4xx_tim.o(.text)
    TIM_GetCounter                           0x08001ff9   Thumb Code     6  stm32f4xx_tim.o(.text)
    TIM_GetPrescaler                         0x08001fff   Thumb Code     6  stm32f4xx_tim.o(.text)
    TIM_UpdateDisableConfig                  0x08002005   Thumb Code    24  stm32f4xx_tim.o(.text)
    TIM_UpdateRequestConfig                  0x0800201d   Thumb Code    24  stm32f4xx_tim.o(.text)
    TIM_ARRPreloadConfig                     0x08002035   Thumb Code    24  stm32f4xx_tim.o(.text)
    TIM_SelectOnePulseMode                   0x0800204d   Thumb Code    18  stm32f4xx_tim.o(.text)
    TIM_SetClockDivision                     0x0800205f   Thumb Code    18  stm32f4xx_tim.o(.text)
    TIM_Cmd                                  0x08002071   Thumb Code    24  stm32f4xx_tim.o(.text)
    TIM_OC1Init                              0x08002089   Thumb Code   114  stm32f4xx_tim.o(.text)
    TIM_OC2Init                              0x080020fb   Thumb Code   154  stm32f4xx_tim.o(.text)
    TIM_OC3Init                              0x08002195   Thumb Code   204  stm32f4xx_tim.o(.text)
    TIM_OC4Init                              0x08002261   Thumb Code   112  stm32f4xx_tim.o(.text)
    TIM_OCStructInit                         0x080022d1   Thumb Code    20  stm32f4xx_tim.o(.text)
    TIM_SelectOCxM                           0x080022e5   Thumb Code    86  stm32f4xx_tim.o(.text)
    TIM_SetCompare1                          0x0800233b   Thumb Code     4  stm32f4xx_tim.o(.text)
    TIM_SetCompare2                          0x0800233f   Thumb Code     4  stm32f4xx_tim.o(.text)
    TIM_SetCompare3                          0x08002343   Thumb Code     4  stm32f4xx_tim.o(.text)
    TIM_SetCompare4                          0x08002347   Thumb Code     4  stm32f4xx_tim.o(.text)
    TIM_ForcedOC1Config                      0x0800234b   Thumb Code    18  stm32f4xx_tim.o(.text)
    TIM_ForcedOC2Config                      0x0800235d   Thumb Code    26  stm32f4xx_tim.o(.text)
    TIM_ForcedOC3Config                      0x08002377   Thumb Code    18  stm32f4xx_tim.o(.text)
    TIM_ForcedOC4Config                      0x08002389   Thumb Code    26  stm32f4xx_tim.o(.text)
    TIM_OC1PreloadConfig                     0x080023a3   Thumb Code    18  stm32f4xx_tim.o(.text)
    TIM_OC2PreloadConfig                     0x080023b5   Thumb Code    26  stm32f4xx_tim.o(.text)
    TIM_OC3PreloadConfig                     0x080023cf   Thumb Code    18  stm32f4xx_tim.o(.text)
    TIM_OC4PreloadConfig                     0x080023e1   Thumb Code    26  stm32f4xx_tim.o(.text)
    TIM_OC1FastConfig                        0x080023fb   Thumb Code    18  stm32f4xx_tim.o(.text)
    TIM_OC2FastConfig                        0x0800240d   Thumb Code    26  stm32f4xx_tim.o(.text)
    TIM_OC3FastConfig                        0x08002427   Thumb Code    18  stm32f4xx_tim.o(.text)
    TIM_OC4FastConfig                        0x08002439   Thumb Code    26  stm32f4xx_tim.o(.text)
    TIM_ClearOC1Ref                          0x08002453   Thumb Code    18  stm32f4xx_tim.o(.text)
    TIM_ClearOC2Ref                          0x08002465   Thumb Code    24  stm32f4xx_tim.o(.text)
    TIM_ClearOC3Ref                          0x0800247d   Thumb Code    18  stm32f4xx_tim.o(.text)
    TIM_ClearOC4Ref                          0x0800248f   Thumb Code    24  stm32f4xx_tim.o(.text)
    TIM_OC1PolarityConfig                    0x080024a7   Thumb Code    18  stm32f4xx_tim.o(.text)
    TIM_OC1NPolarityConfig                   0x080024b9   Thumb Code    18  stm32f4xx_tim.o(.text)
    TIM_OC2PolarityConfig                    0x080024cb   Thumb Code    26  stm32f4xx_tim.o(.text)
    TIM_OC2NPolarityConfig                   0x080024e5   Thumb Code    26  stm32f4xx_tim.o(.text)
    TIM_OC3PolarityConfig                    0x080024ff   Thumb Code    26  stm32f4xx_tim.o(.text)
    TIM_OC3NPolarityConfig                   0x08002519   Thumb Code    26  stm32f4xx_tim.o(.text)
    TIM_OC4PolarityConfig                    0x08002533   Thumb Code    26  stm32f4xx_tim.o(.text)
    TIM_CCxCmd                               0x0800254d   Thumb Code    30  stm32f4xx_tim.o(.text)
    TIM_CCxNCmd                              0x0800256b   Thumb Code    30  stm32f4xx_tim.o(.text)
    TIM_SetIC4Prescaler                      0x08002589   Thumb Code    26  stm32f4xx_tim.o(.text)
    TIM_SetIC3Prescaler                      0x080025f3   Thumb Code    18  stm32f4xx_tim.o(.text)
    TIM_SetIC2Prescaler                      0x0800264d   Thumb Code    26  stm32f4xx_tim.o(.text)
    TIM_SetIC1Prescaler                      0x080026c1   Thumb Code    18  stm32f4xx_tim.o(.text)
    TIM_ICInit                               0x0800270d   Thumb Code   110  stm32f4xx_tim.o(.text)
    TIM_ICStructInit                         0x0800277b   Thumb Code    18  stm32f4xx_tim.o(.text)
    TIM_PWMIConfig                           0x0800278d   Thumb Code   124  stm32f4xx_tim.o(.text)
    TIM_GetCapture1                          0x08002809   Thumb Code     6  stm32f4xx_tim.o(.text)
    TIM_GetCapture2                          0x0800280f   Thumb Code     6  stm32f4xx_tim.o(.text)
    TIM_GetCapture3                          0x08002815   Thumb Code     6  stm32f4xx_tim.o(.text)
    TIM_GetCapture4                          0x0800281b   Thumb Code     6  stm32f4xx_tim.o(.text)
    TIM_BDTRConfig                           0x08002821   Thumb Code    32  stm32f4xx_tim.o(.text)
    TIM_BDTRStructInit                       0x08002841   Thumb Code    18  stm32f4xx_tim.o(.text)
    TIM_CtrlPWMOutputs                       0x08002853   Thumb Code    30  stm32f4xx_tim.o(.text)
    TIM_SelectCOM                            0x08002871   Thumb Code    24  stm32f4xx_tim.o(.text)
    TIM_CCPreloadControl                     0x08002889   Thumb Code    24  stm32f4xx_tim.o(.text)
    TIM_ITConfig                             0x080028a1   Thumb Code    18  stm32f4xx_tim.o(.text)
    TIM_GenerateEvent                        0x080028b3   Thumb Code     4  stm32f4xx_tim.o(.text)
    TIM_GetFlagStatus                        0x080028b7   Thumb Code    18  stm32f4xx_tim.o(.text)
    TIM_ClearFlag                            0x080028c9   Thumb Code     6  stm32f4xx_tim.o(.text)
    TIM_GetITStatus                          0x080028cf   Thumb Code    34  stm32f4xx_tim.o(.text)
    TIM_ClearITPendingBit                    0x080028f1   Thumb Code     6  stm32f4xx_tim.o(.text)
    TIM_DMAConfig                            0x080028f7   Thumb Code    10  stm32f4xx_tim.o(.text)
    TIM_DMACmd                               0x08002901   Thumb Code    18  stm32f4xx_tim.o(.text)
    TIM_SelectCCDMA                          0x08002913   Thumb Code    24  stm32f4xx_tim.o(.text)
    TIM_InternalClockConfig                  0x0800292b   Thumb Code    12  stm32f4xx_tim.o(.text)
    TIM_SelectInputTrigger                   0x08002937   Thumb Code    18  stm32f4xx_tim.o(.text)
    TIM_ITRxExternalClockConfig              0x08002949   Thumb Code    24  stm32f4xx_tim.o(.text)
    TIM_TIxExternalClockConfig               0x08002961   Thumb Code    62  stm32f4xx_tim.o(.text)
    TIM_ETRConfig                            0x0800299f   Thumb Code    28  stm32f4xx_tim.o(.text)
    TIM_ETRClockMode1Config                  0x080029bb   Thumb Code    54  stm32f4xx_tim.o(.text)
    TIM_ETRClockMode2Config                  0x080029f1   Thumb Code    32  stm32f4xx_tim.o(.text)
    TIM_SelectOutputTrigger                  0x08002a11   Thumb Code    18  stm32f4xx_tim.o(.text)
    TIM_SelectSlaveMode                      0x08002a23   Thumb Code    18  stm32f4xx_tim.o(.text)
    TIM_SelectMasterSlaveMode                0x08002a35   Thumb Code    18  stm32f4xx_tim.o(.text)
    TIM_EncoderInterfaceConfig               0x08002a47   Thumb Code    66  stm32f4xx_tim.o(.text)
    TIM_SelectHallSensor                     0x08002a89   Thumb Code    24  stm32f4xx_tim.o(.text)
    TIM_RemapConfig                          0x08002aa1   Thumb Code     6  stm32f4xx_tim.o(.text)
    OS_TaskStatStkChk                        0x08002aa9   Thumb Code    54  os_core.o(.text)
    OS_TaskStat                              0x08002adf   Thumb Code   116  os_core.o(.text)
    OS_TaskIdle                              0x08002b87   Thumb Code    34  os_core.o(.text)
    OS_MemClr                                0x08002bdd   Thumb Code    18  os_core.o(.text)
    OSInit                                   0x08002cfb   Thumb Code    44  os_core.o(.text)
    OSIntEnter                               0x08002d27   Thumb Code    28  os_core.o(.text)
    OSIntExit                                0x08002d5d   Thumb Code   112  os_core.o(.text)
    OSSchedLock                              0x08002dcd   Thumb Code    50  os_core.o(.text)
    OS_Sched                                 0x08002dff   Thumb Code    88  os_core.o(.text)
    OSSchedUnlock                            0x08002e57   Thumb Code   238  os_core.o(.text)
    OSStart                                  0x08002f45   Thumb Code    48  os_core.o(.text)
    OSStatInit                               0x08002f75   Thumb Code    62  os_core.o(.text)
    OSTimeTick                               0x08002fb3   Thumb Code   210  os_core.o(.text)
    OSVersion                                0x08003085   Thumb Code     6  os_core.o(.text)
    OS_Dummy                                 0x0800308b   Thumb Code     2  os_core.o(.text)
    OS_EventTaskRemove                       0x0800308d   Thumb Code    42  os_core.o(.text)
    OS_EventTaskRdy                          0x080030b7   Thumb Code   114  os_core.o(.text)
    OS_EventTaskWait                         0x08003129   Thumb Code   112  os_core.o(.text)
    OS_EventWaitListInit                     0x08003199   Thumb Code    28  os_core.o(.text)
    OS_MemCopy                               0x080031b5   Thumb Code    20  os_core.o(.text)
    OS_StrLen                                0x080031c9   Thumb Code    20  os_core.o(.text)
    OS_TCBInit                               0x080031dd   Thumb Code   280  os_core.o(.text)
    OSFlagAccept                             0x08003339   Thumb Code   252  os_flag.o(.text)
    OSFlagCreate                             0x08003435   Thumb Code    86  os_flag.o(.text)
    OS_FlagUnlink                            0x0800348b   Thumb Code    36  os_flag.o(.text)
    OSFlagDel                                0x08003501   Thumb Code   214  os_flag.o(.text)
    OSFlagNameGet                            0x080035d7   Thumb Code    80  os_flag.o(.text)
    OSFlagNameSet                            0x08003627   Thumb Code    66  os_flag.o(.text)
    OSFlagPend                               0x08003701   Thumb Code   614  os_flag.o(.text)
    OSFlagPendGetFlagsRdy                    0x08003967   Thumb Code    26  os_flag.o(.text)
    OSFlagPost                               0x08003981   Thumb Code   312  os_flag.o(.text)
    OSFlagQuery                              0x08003ab9   Thumb Code    48  os_flag.o(.text)
    OS_FlagInit                              0x08003ae9   Thumb Code    78  os_flag.o(.text)
    OSQAccept                                0x08003b45   Thumb Code    88  os_q.o(.text)
    OSQCreate                                0x08003b9d   Thumb Code   140  os_q.o(.text)
    OSQDel                                   0x08003c29   Thumb Code   236  os_q.o(.text)
    OSQFlush                                 0x08003d15   Thumb Code    36  os_q.o(.text)
    OSQPend                                  0x08003d39   Thumb Code   272  os_q.o(.text)
    OSQPendAbort                             0x08003e49   Thumb Code   128  os_q.o(.text)
    OSQPost                                  0x08003ec9   Thumb Code   114  os_q.o(.text)
    OSQPostFront                             0x08003f3b   Thumb Code   136  os_q.o(.text)
    OSQPostOpt                               0x08003fc3   Thumb Code   182  os_q.o(.text)
    OSQQuery                                 0x08004079   Thumb Code    98  os_q.o(.text)
    OS_QInit                                 0x080040db   Thumb Code    72  os_q.o(.text)
    OSTaskChangePrio                         0x0800412d   Thumb Code   308  os_task.o(.text)
    OSTaskCreate                             0x08004261   Thumb Code   148  os_task.o(.text)
    OS_TaskStkClr                            0x080042f5   Thumb Code    26  os_task.o(.text)
    OSTaskCreateExt                          0x0800430f   Thumb Code   170  os_task.o(.text)
    OSTaskDel                                0x080043b9   Thumb Code   294  os_task.o(.text)
    OSTaskDelReq                             0x080044df   Thumb Code   144  os_task.o(.text)
    OSTaskNameGet                            0x0800456f   Thumb Code   114  os_task.o(.text)
    OSTaskNameSet                            0x080045e1   Thumb Code    98  os_task.o(.text)
    OSTaskResume                             0x08004643   Thumb Code   154  os_task.o(.text)
    OSTaskStkChk                             0x080046dd   Thumb Code   132  os_task.o(.text)
    OSTaskSuspend                            0x08004761   Thumb Code   152  os_task.o(.text)
    OSTaskQuery                              0x080047f9   Thumb Code    82  os_task.o(.text)
    OSTaskRegGet                             0x0800484b   Thumb Code    60  os_task.o(.text)
    OSTaskRegSet                             0x08004887   Thumb Code    62  os_task.o(.text)
    OS_TaskReturn                            0x080048c5   Thumb Code    18  os_task.o(.text)
    OSTimeDly                                0x080048f1   Thumb Code   100  os_time.o(.text)
    OSTimeDlyHMSM                            0x08004955   Thumb Code    86  os_time.o(.text)
    OSTimeDlyResume                          0x080049ab   Thumb Code   168  os_time.o(.text)
    OSTimeGet                                0x08004a53   Thumb Code    24  os_time.o(.text)
    OSTimeSet                                0x08004a6b   Thumb Code    24  os_time.o(.text)
    OSInitHookBegin                          0x08004aa1   Thumb Code     2  os_cpu_c.o(.text)
    OSInitHookEnd                            0x08004aa3   Thumb Code     2  os_cpu_c.o(.text)
    OSTaskCreateHook                         0x08004aa5   Thumb Code     2  os_cpu_c.o(.text)
    OSTaskDelHook                            0x08004aa7   Thumb Code     2  os_cpu_c.o(.text)
    OSTaskIdleHook                           0x08004aa9   Thumb Code     2  os_cpu_c.o(.text)
    OSTaskStatHook                           0x08004aab   Thumb Code     2  os_cpu_c.o(.text)
    OSTaskStkInit                            0x08004aad   Thumb Code   426  os_cpu_c.o(.text)
    OSTaskSwHook                             0x08004c57   Thumb Code     2  os_cpu_c.o(.text)
    OSTCBInitHook                            0x08004c59   Thumb Code     2  os_cpu_c.o(.text)
    OSTimeTickHook                           0x08004c5b   Thumb Code     2  os_cpu_c.o(.text)
    OSTaskReturnHook                         0x08004c5d   Thumb Code     2  os_cpu_c.o(.text)
    OS_CPU_SR_Save                           0x08004c65   Thumb Code     0  os_cpu_a.o(.text)
    OS_CPU_SR_Restore                        0x08004c6d   Thumb Code     0  os_cpu_a.o(.text)
    OSStartHighRdy                           0x08004c73   Thumb Code     0  os_cpu_a.o(.text)
    OSCtxSw                                  0x08004c97   Thumb Code     0  os_cpu_a.o(.text)
    OSIntCtxSw                               0x08004ca5   Thumb Code     0  os_cpu_a.o(.text)
    PendSV_Handler                           0x08004cb5   Thumb Code     0  os_cpu_a.o(.text)
    debug_usart_init                         0x08004d2d   Thumb Code    12  wiz_platform.o(.text)
    wiz_timer_init                           0x08004d39   Thumb Code    14  wiz_platform.o(.text)
    wiz_spi_init                             0x08004d47   Thumb Code    72  wiz_platform.o(.text)
    wiz_rst_int_init                         0x08004d8f   Thumb Code    80  wiz_platform.o(.text)
    delay_s                                  0x08004ddf   Thumb Code    24  wiz_platform.o(.text)
    wizchip_select                           0x08004df7   Thumb Code    12  wiz_platform.o(.text)
    wizchip_deselect                         0x08004e03   Thumb Code    12  wiz_platform.o(.text)
    wizchip_write_byte                       0x08004e0f   Thumb Code    48  wiz_platform.o(.text)
    wizchip_read_byte                        0x08004e3f   Thumb Code    48  wiz_platform.o(.text)
    wizchip_write_buff                       0x08004e6f   Thumb Code    28  wiz_platform.o(.text)
    wizchip_read_buff                        0x08004e8b   Thumb Code    28  wiz_platform.o(.text)
    wizchip_reset                            0x08004ea7   Thumb Code    46  wiz_platform.o(.text)
    wizchip_spi_cb_reg                       0x08004ed5   Thumb Code    40  wiz_platform.o(.text)
    TIM3_IRQHandler                          0x08004efd   Thumb Code    54  wiz_platform.o(.text)
    wizchip_version_check                    0x08004f45   Thumb Code    70  wiz_interface.o(.text)
    wiz_print_phy_info                       0x08004f8b   Thumb Code    54  wiz_interface.o(.text)
    wiz_phy_link_check                       0x08004fc1   Thumb Code    56  wiz_interface.o(.text)
    wizchip_initialize                       0x08004ff9   Thumb Code    20  wiz_interface.o(.text)
    print_network_information                0x0800500d   Thumb Code   190  wiz_interface.o(.text)
    network_init                             0x0800515d   Thumb Code    46  wiz_interface.o(.text)
    multi_tcps_socket                        0x08005401   Thumb Code   596  tcp_server_multi_socket.o(.text)
    close                                    0x08005745   Thumb Code   142  socket.o(.text)
    socket                                   0x080057d3   Thumb Code   384  socket.o(.text)
    listen                                   0x08005953   Thumb Code   158  socket.o(.text)
    connect                                  0x080059f1   Thumb Code   342  socket.o(.text)
    disconnect                               0x08005b47   Thumb Code   202  socket.o(.text)
    send                                     0x08005c11   Thumb Code   374  socket.o(.text)
    recv                                     0x08005d87   Thumb Code   282  socket.o(.text)
    sendto                                   0x08005ea1   Thumb Code   530  socket.o(.text)
    recvfrom                                 0x080060b3   Thumb Code   768  socket.o(.text)
    ctlsocket                                0x080063b3   Thumb Code   308  socket.o(.text)
    setsockopt                               0x080064e7   Thumb Code   398  socket.o(.text)
    getsockopt                               0x08006675   Thumb Code   408  socket.o(.text)
    wizchip_cris_enter                       0x08006811   Thumb Code     2  wizchip_conf.o(.text)
    wizchip_cris_exit                        0x08006813   Thumb Code     2  wizchip_conf.o(.text)
    wizchip_cs_select                        0x08006815   Thumb Code     2  wizchip_conf.o(.text)
    wizchip_cs_deselect                      0x08006817   Thumb Code     2  wizchip_conf.o(.text)
    wizchip_bus_readdata                     0x08006819   Thumb Code     6  wizchip_conf.o(.text)
    wizchip_bus_writedata                    0x0800681f   Thumb Code     4  wizchip_conf.o(.text)
    wizchip_spi_readbyte                     0x08006823   Thumb Code     4  wizchip_conf.o(.text)
    wizchip_spi_writebyte                    0x08006827   Thumb Code     2  wizchip_conf.o(.text)
    wizchip_spi_readburst                    0x08006829   Thumb Code     2  wizchip_conf.o(.text)
    wizchip_spi_writeburst                   0x0800682b   Thumb Code     2  wizchip_conf.o(.text)
    reg_wizchip_cris_cbfunc                  0x0800682d   Thumb Code    30  wizchip_conf.o(.text)
    reg_wizchip_cs_cbfunc                    0x0800684b   Thumb Code    30  wizchip_conf.o(.text)
    reg_wizchip_bus_cbfunc                   0x08006869   Thumb Code    44  wizchip_conf.o(.text)
    reg_wizchip_spi_cbfunc                   0x08006895   Thumb Code    44  wizchip_conf.o(.text)
    reg_wizchip_spiburst_cbfunc              0x080068c1   Thumb Code    42  wizchip_conf.o(.text)
    wizphy_getphylink                        0x080068eb   Thumb Code    24  wizchip_conf.o(.text)
    wizphy_getphypmode                       0x08006903   Thumb Code    30  wizchip_conf.o(.text)
    wizphy_reset                             0x08006921   Thumb Code    52  wizchip_conf.o(.text)
    wizphy_setphypmode                       0x08006955   Thumb Code   100  wizchip_conf.o(.text)
    wizphy_getphyconf                        0x080069b9   Thumb Code   120  wizchip_conf.o(.text)
    wizphy_setphyconf                        0x08006a31   Thumb Code    88  wizchip_conf.o(.text)
    wizchip_getinterruptmask                 0x08006a89   Thumb Code    40  wizchip_conf.o(.text)
    wizchip_setinterruptmask                 0x08006ab1   Thumb Code    30  wizchip_conf.o(.text)
    wizchip_getinterrupt                     0x08006acf   Thumb Code    42  wizchip_conf.o(.text)
    wizchip_clrinterrupt                     0x08006af9   Thumb Code    60  wizchip_conf.o(.text)
    wizchip_sw_reset                         0x08006b35   Thumb Code   114  wizchip_conf.o(.text)
    wizchip_init                             0x08006ba7   Thumb Code   148  wizchip_conf.o(.text)
    ctlwizchip                               0x08006c3b   Thumb Code   282  wizchip_conf.o(.text)
    wizchip_gettimeout                       0x08006d55   Thumb Code    40  wizchip_conf.o(.text)
    wizchip_settimeout                       0x08006d7d   Thumb Code    38  wizchip_conf.o(.text)
    wizchip_getnetmode                       0x08006da3   Thumb Code    10  wizchip_conf.o(.text)
    wizchip_setnetmode                       0x08006dad   Thumb Code    38  wizchip_conf.o(.text)
    wizchip_getnetinfo                       0x08006dd3   Thumb Code    82  wizchip_conf.o(.text)
    wizchip_setnetinfo                       0x08006e25   Thumb Code    80  wizchip_conf.o(.text)
    ctlnetwork                               0x08006e75   Thumb Code    80  wizchip_conf.o(.text)
    wizphy_getphystat                        0x08006ec5   Thumb Code    28  wizchip_conf.o(.text)
    WIZCHIP_READ                             0x08006eed   Thumb Code   112  w5500.o(.text)
    WIZCHIP_WRITE                            0x08006f5d   Thumb Code   112  w5500.o(.text)
    WIZCHIP_READ_BUF                         0x08006fcd   Thumb Code   136  w5500.o(.text)
    WIZCHIP_WRITE_BUF                        0x08007055   Thumb Code   132  w5500.o(.text)
    getSn_TX_FSR                             0x080070d9   Thumb Code   108  w5500.o(.text)
    getSn_RX_RSR                             0x08007145   Thumb Code   108  w5500.o(.text)
    wiz_send_data                            0x080071b1   Thumb Code   132  w5500.o(.text)
    wiz_recv_data                            0x08007235   Thumb Code   132  w5500.o(.text)
    wiz_recv_ignore                          0x080072b9   Thumb Code   110  w5500.o(.text)
    default_ip_assign                        0x08007329   Thumb Code    38  dhcp.o(.text)
    default_ip_update                        0x0800734f   Thumb Code    34  dhcp.o(.text)
    default_ip_conflict                      0x08007371   Thumb Code    30  dhcp.o(.text)
    reg_dhcp_cbfunc                          0x0800738f   Thumb Code    46  dhcp.o(.text)
    makeDHCPMSG                              0x080073bd   Thumb Code   386  dhcp.o(.text)
    NibbleToHex                              0x0800753f   Thumb Code    26  dhcp.o(.text)
    send_DHCP_DISCOVER                       0x08007559   Thumb Code   688  dhcp.o(.text)
    send_DHCP_REQUEST                        0x08007809   Thumb Code  1000  dhcp.o(.text)
    send_DHCP_DECLINE                        0x08007bf1   Thumb Code   492  dhcp.o(.text)
    parseDHCPMSG                             0x08007ddd   Thumb Code   636  dhcp.o(.text)
    reset_DHCP_timeout                       0x08008059   Thumb Code    20  dhcp.o(.text)
    check_DHCP_timeout                       0x0800806d   Thumb Code   154  dhcp.o(.text)
    check_DHCP_leasedIP                      0x08008107   Thumb Code    88  dhcp.o(.text)
    DHCP_run                                 0x0800815f   Thumb Code   424  dhcp.o(.text)
    DHCP_stop                                0x08008307   Thumb Code    18  dhcp.o(.text)
    DHCP_init                                0x08008319   Thumb Code   294  dhcp.o(.text)
    DHCP_time_handler                        0x0800843f   Thumb Code    12  dhcp.o(.text)
    getIPfromDHCP                            0x0800844b   Thumb Code    26  dhcp.o(.text)
    getGWfromDHCP                            0x08008465   Thumb Code    26  dhcp.o(.text)
    getSNfromDHCP                            0x0800847f   Thumb Code    26  dhcp.o(.text)
    getDNSfromDHCP                           0x08008499   Thumb Code    26  dhcp.o(.text)
    getDHCPLeasetime                         0x080084b3   Thumb Code     6  dhcp.o(.text)
    __use_no_semihosting                     0x080084e5   Thumb Code     2  use_no_semi_2.o(.text)
    __2printf                                0x080084e9   Thumb Code    20  noretval__2printf.o(.text)
    _printf_pre_padding                      0x08008501   Thumb Code    44  _printf_pad.o(.text)
    _printf_post_padding                     0x0800852d   Thumb Code    34  _printf_pad.o(.text)
    _printf_str                              0x0800854f   Thumb Code    82  _printf_str.o(.text)
    _printf_int_dec                          0x080085a1   Thumb Code   104  _printf_dec.o(.text)
    _printf_int_hex                          0x08008619   Thumb Code    84  _printf_hex_int.o(.text)
    _printf_longlong_hex                     0x08008619   Thumb Code     0  _printf_hex_int.o(.text)
    __printf                                 0x08008671   Thumb Code   388  __printf_flags_ss_wp.o(.text)
    __use_two_region_memory                  0x080087f9   Thumb Code     2  heapauxi.o(.text)
    __rt_heap_escrow$2region                 0x080087fb   Thumb Code     2  heapauxi.o(.text)
    __rt_heap_expand$2region                 0x080087fd   Thumb Code     2  heapauxi.o(.text)
    __I$use$semihosting                      0x080087ff   Thumb Code     0  use_no_semi.o(.text)
    __use_no_semihosting_swi                 0x080087ff   Thumb Code     2  use_no_semi.o(.text)
    _printf_int_common                       0x08008801   Thumb Code   178  _printf_intcommon.o(.text)
    _printf_cs_common                        0x080088b3   Thumb Code    20  _printf_char.o(.text)
    _printf_char                             0x080088c7   Thumb Code    16  _printf_char.o(.text)
    _printf_string                           0x080088d7   Thumb Code     8  _printf_char.o(.text)
    _printf_char_file                        0x080088e1   Thumb Code    32  _printf_char_file.o(.text)
    _printf_char_common                      0x0800890f   Thumb Code    32  _printf_char_common.o(.text)
    ferror                                   0x08008935   Thumb Code     8  ferror.o(.text)
    __user_setup_stackheap                   0x0800893d   Thumb Code    74  sys_stackheap_outer.o(.text)
    exit                                     0x08008987   Thumb Code    18  exit.o(.text)
    __user_libspace                          0x08008999   Thumb Code     8  libspace.o(.text)
    __user_perproc_libspace                  0x08008999   Thumb Code     0  libspace.o(.text)
    __user_perthread_libspace                0x08008999   Thumb Code     0  libspace.o(.text)
    _is_digit                                0x080089a1   Thumb Code    14  __printf_wp.o(i._is_digit)
    _fp_init                                 0x080089af   Thumb Code    10  fpinit.o(x$fpl$fpinit)
    __fplib_config_fpu_vfp                   0x080089b7   Thumb Code     0  fpinit.o(x$fpl$fpinit)
    __fplib_config_pureend_doubles           0x080089b7   Thumb Code     0  fpinit.o(x$fpl$fpinit)
    OSUnMapTbl                               0x080089b8   Data         256  os_core.o(.constdata)
    Region$$Table$$Base                      0x08008c0c   Number         0  anon$$obj.o(Region$$Table)
    Region$$Table$$Limit                     0x08008c2c   Number         0  anon$$obj.o(Region$$Table)
    SystemCoreClock                          0x20000000   Data           4  system_stm32f4xx.o(.data)
    AHBPrescTable                            0x20000004   Data          16  system_stm32f4xx.o(.data)
    default_net_info                         0x20000014   Data          23  task_tcp.o(.data)
    local_port                               0x2000002c   Data           2  task_tcp.o(.data)
    __stdout                                 0x20000034   Data           4  usart.o(.data)
    USART_RX_STA                             0x20000038   Data           2  usart.o(.data)
    OSCtxSwCtr                               0x2000004c   Data           4  os_core.o(.data)
    OSEventFreeList                          0x20000050   Data           4  os_core.o(.data)
    OSFlagFreeList                           0x20000054   Data           4  os_core.o(.data)
    OSCPUUsage                               0x20000058   Data           1  os_core.o(.data)
    OSIdleCtrMax                             0x2000005c   Data           4  os_core.o(.data)
    OSIdleCtrRun                             0x20000060   Data           4  os_core.o(.data)
    OSStatRdy                                0x20000064   Data           1  os_core.o(.data)
    OSIntNesting                             0x20000065   Data           1  os_core.o(.data)
    OSLockNesting                            0x20000066   Data           1  os_core.o(.data)
    OSPrioCur                                0x20000067   Data           1  os_core.o(.data)
    OSPrioHighRdy                            0x20000068   Data           1  os_core.o(.data)
    OSRdyGrp                                 0x20000069   Data           1  os_core.o(.data)
    OSRdyTbl                                 0x2000006a   Data           8  os_core.o(.data)
    OSRunning                                0x20000072   Data           1  os_core.o(.data)
    OSTaskCtr                                0x20000073   Data           1  os_core.o(.data)
    OSIdleCtr                                0x20000074   Data           4  os_core.o(.data)
    OSTCBCur                                 0x20000078   Data           4  os_core.o(.data)
    OSTCBFreeList                            0x2000007c   Data           4  os_core.o(.data)
    OSTCBHighRdy                             0x20000080   Data           4  os_core.o(.data)
    OSTCBList                                0x20000084   Data           4  os_core.o(.data)
    OSTickStepState                          0x20000088   Data           1  os_core.o(.data)
    OSQFreeList                              0x2000008c   Data           4  os_core.o(.data)
    OSTime                                   0x20000090   Data           4  os_core.o(.data)
    socket_sn                                0x20000098   Data           1  tcp_server_multi_socket.o(.data)
    socket_flag                              0x20000099   Data           1  tcp_server_multi_socket.o(.data)
    sock_pack_info                           0x200000a6   Data           8  socket.o(.data)
    WIZCHIP                                  0x200000b0   Data          44  wizchip_conf.o(.data)
    DHCP_SOCKET                              0x200000e4   Data           1  dhcp.o(.data)
    DHCP_SIP                                 0x200000e5   Data           4  dhcp.o(.data)
    DHCP_REAL_SIP                            0x200000e9   Data           4  dhcp.o(.data)
    OLD_allocated_ip                         0x200000ed   Data           4  dhcp.o(.data)
    DHCP_allocated_ip                        0x200000f1   Data           4  dhcp.o(.data)
    DHCP_allocated_gw                        0x200000f5   Data           4  dhcp.o(.data)
    DHCP_allocated_sn                        0x200000f9   Data           4  dhcp.o(.data)
    DHCP_allocated_dns                       0x200000fd   Data           4  dhcp.o(.data)
    dhcp_state                               0x20000101   Data           1  dhcp.o(.data)
    dhcp_retry_count                         0x20000102   Data           1  dhcp.o(.data)
    dhcp_lease_time                          0x20000104   Data           4  dhcp.o(.data)
    dhcp_tick_1s                             0x20000108   Data           4  dhcp.o(.data)
    dhcp_tick_next                           0x2000010c   Data           4  dhcp.o(.data)
    DHCP_XID                                 0x20000110   Data           4  dhcp.o(.data)
    pDHCPMSG                                 0x20000114   Data           4  dhcp.o(.data)
    HOST_NAME                                0x20000118   Data           8  dhcp.o(.data)
    DHCP_CHADDR                              0x20000120   Data           6  dhcp.o(.data)
    dhcp_ip_assign                           0x20000128   Data           4  dhcp.o(.data)
    dhcp_ip_update                           0x2000012c   Data           4  dhcp.o(.data)
    dhcp_ip_conflict                         0x20000130   Data           4  dhcp.o(.data)
    START_TASK_STK                           0x20000134   Data         256  main.o(.bss)
    TCP_TASK_STK                             0x20000234   Data         256  task_tcp.o(.bss)
    LED1_TASK_STK                            0x20000334   Data         256  task_tcp.o(.bss)
    ethernet_buf                             0x20000434   Data        2048  task_tcp.o(.bss)
    USART_RX_BUF                             0x20000c34   Data         200  usart.o(.bss)
    OSEventTbl                               0x20000cfc   Data         200  os_core.o(.bss)
    OSFlagTbl                                0x20000dc4   Data          80  os_core.o(.bss)
    OSTaskStatStk                            0x20000e14   Data         512  os_core.o(.bss)
    OSTaskIdleStk                            0x20001014   Data         512  os_core.o(.bss)
    OSTCBPrioTbl                             0x20001214   Data         256  os_core.o(.bss)
    OSTCBTbl                                 0x20001314   Data        1008  os_core.o(.bss)
    OSQTbl                                   0x20001704   Data         120  os_core.o(.bss)
    __libspace_start                         0x2000178c   Data          96  libspace.o(.bss)
    __temporary_stack_top$libspace           0x200017ec   Data           0  libspace.o(.bss)



==============================================================================

Memory Map of the image

  Image Entry point : 0x08000189

  Load Region LR_IROM1 (Base: 0x08000000, Size: 0x00008d60, Max: 0x00100000, ABSOLUTE, COMPRESSED[0x00008c94])

    Execution Region ER_IROM1 (Exec base: 0x08000000, Load base: 0x08000000, Size: 0x00008c2c, Max: 0x00100000, ABSOLUTE)

    Exec Addr    Load Addr    Size         Type   Attr      Idx    E Section Name        Object

    0x08000000   0x08000000   0x00000188   Data   RO          474    RESET               startup_stm32f40_41xxx.o
    0x08000188   0x08000188   0x00000008   Code   RO         1114  * !!!main             c_w.l(__main.o)
    0x08000190   0x08000190   0x00000034   Code   RO         1303    !!!scatter          c_w.l(__scatter.o)
    0x080001c4   0x080001c4   0x0000005a   Code   RO         1301    !!dczerorl2         c_w.l(__dczerorl2.o)
    0x0800021e   0x0800021e   0x00000002   PAD
    0x08000220   0x08000220   0x0000001c   Code   RO         1305    !!handler_zi        c_w.l(__scatter_zi.o)
    0x0800023c   0x0800023c   0x00000000   Code   RO         1111    .ARM.Collect$$_printf_percent$$00000000  c_w.l(_printf_percent.o)
    0x0800023c   0x0800023c   0x00000006   Code   RO         1110    .ARM.Collect$$_printf_percent$$00000009  c_w.l(_printf_d.o)
    0x08000242   0x08000242   0x00000006   Code   RO         1109    .ARM.Collect$$_printf_percent$$0000000C  c_w.l(_printf_x.o)
    0x08000248   0x08000248   0x00000006   Code   RO         1108    .ARM.Collect$$_printf_percent$$00000014  c_w.l(_printf_s.o)
    0x0800024e   0x0800024e   0x00000004   Code   RO         1137    .ARM.Collect$$_printf_percent$$00000017  c_w.l(_printf_percent_end.o)
    0x08000252   0x08000252   0x00000002   Code   RO         1175    .ARM.Collect$$libinit$$00000000  c_w.l(libinit.o)
    0x08000254   0x08000254   0x00000004   Code   RO         1181    .ARM.Collect$$libinit$$00000001  c_w.l(libinit2.o)
    0x08000258   0x08000258   0x00000000   Code   RO         1184    .ARM.Collect$$libinit$$00000004  c_w.l(libinit2.o)
    0x08000258   0x08000258   0x00000000   Code   RO         1187    .ARM.Collect$$libinit$$0000000A  c_w.l(libinit2.o)
    0x08000258   0x08000258   0x00000000   Code   RO         1189    .ARM.Collect$$libinit$$0000000C  c_w.l(libinit2.o)
    0x08000258   0x08000258   0x00000000   Code   RO         1191    .ARM.Collect$$libinit$$0000000E  c_w.l(libinit2.o)
    0x08000258   0x08000258   0x00000000   Code   RO         1194    .ARM.Collect$$libinit$$00000011  c_w.l(libinit2.o)
    0x08000258   0x08000258   0x00000000   Code   RO         1196    .ARM.Collect$$libinit$$00000013  c_w.l(libinit2.o)
    0x08000258   0x08000258   0x00000000   Code   RO         1198    .ARM.Collect$$libinit$$00000015  c_w.l(libinit2.o)
    0x08000258   0x08000258   0x00000000   Code   RO         1200    .ARM.Collect$$libinit$$00000017  c_w.l(libinit2.o)
    0x08000258   0x08000258   0x00000000   Code   RO         1202    .ARM.Collect$$libinit$$00000019  c_w.l(libinit2.o)
    0x08000258   0x08000258   0x00000000   Code   RO         1204    .ARM.Collect$$libinit$$0000001B  c_w.l(libinit2.o)
    0x08000258   0x08000258   0x00000000   Code   RO         1206    .ARM.Collect$$libinit$$0000001D  c_w.l(libinit2.o)
    0x08000258   0x08000258   0x00000000   Code   RO         1208    .ARM.Collect$$libinit$$0000001F  c_w.l(libinit2.o)
    0x08000258   0x08000258   0x00000000   Code   RO         1210    .ARM.Collect$$libinit$$00000021  c_w.l(libinit2.o)
    0x08000258   0x08000258   0x00000000   Code   RO         1212    .ARM.Collect$$libinit$$00000023  c_w.l(libinit2.o)
    0x08000258   0x08000258   0x00000000   Code   RO         1214    .ARM.Collect$$libinit$$00000025  c_w.l(libinit2.o)
    0x08000258   0x08000258   0x00000000   Code   RO         1218    .ARM.Collect$$libinit$$0000002C  c_w.l(libinit2.o)
    0x08000258   0x08000258   0x00000000   Code   RO         1220    .ARM.Collect$$libinit$$0000002E  c_w.l(libinit2.o)
    0x08000258   0x08000258   0x00000000   Code   RO         1222    .ARM.Collect$$libinit$$00000030  c_w.l(libinit2.o)
    0x08000258   0x08000258   0x00000000   Code   RO         1224    .ARM.Collect$$libinit$$00000032  c_w.l(libinit2.o)
    0x08000258   0x08000258   0x00000002   Code   RO         1225    .ARM.Collect$$libinit$$00000033  c_w.l(libinit2.o)
    0x0800025a   0x0800025a   0x00000002   Code   RO         1243    .ARM.Collect$$libshutdown$$00000000  c_w.l(libshutdown.o)
    0x0800025c   0x0800025c   0x00000000   Code   RO         1253    .ARM.Collect$$libshutdown$$00000002  c_w.l(libshutdown2.o)
    0x0800025c   0x0800025c   0x00000000   Code   RO         1255    .ARM.Collect$$libshutdown$$00000004  c_w.l(libshutdown2.o)
    0x0800025c   0x0800025c   0x00000000   Code   RO         1258    .ARM.Collect$$libshutdown$$00000007  c_w.l(libshutdown2.o)
    0x0800025c   0x0800025c   0x00000000   Code   RO         1261    .ARM.Collect$$libshutdown$$0000000A  c_w.l(libshutdown2.o)
    0x0800025c   0x0800025c   0x00000000   Code   RO         1263    .ARM.Collect$$libshutdown$$0000000C  c_w.l(libshutdown2.o)
    0x0800025c   0x0800025c   0x00000000   Code   RO         1266    .ARM.Collect$$libshutdown$$0000000F  c_w.l(libshutdown2.o)
    0x0800025c   0x0800025c   0x00000002   Code   RO         1267    .ARM.Collect$$libshutdown$$00000010  c_w.l(libshutdown2.o)
    0x0800025e   0x0800025e   0x00000000   Code   RO         1130    .ARM.Collect$$rtentry$$00000000  c_w.l(__rtentry.o)
    0x0800025e   0x0800025e   0x00000000   Code   RO         1144    .ARM.Collect$$rtentry$$00000002  c_w.l(__rtentry2.o)
    0x0800025e   0x0800025e   0x00000006   Code   RO         1156    .ARM.Collect$$rtentry$$00000004  c_w.l(__rtentry4.o)
    0x08000264   0x08000264   0x00000000   Code   RO         1146    .ARM.Collect$$rtentry$$00000009  c_w.l(__rtentry2.o)
    0x08000264   0x08000264   0x00000004   Code   RO         1147    .ARM.Collect$$rtentry$$0000000A  c_w.l(__rtentry2.o)
    0x08000268   0x08000268   0x00000000   Code   RO         1149    .ARM.Collect$$rtentry$$0000000C  c_w.l(__rtentry2.o)
    0x08000268   0x08000268   0x00000008   Code   RO         1150    .ARM.Collect$$rtentry$$0000000D  c_w.l(__rtentry2.o)
    0x08000270   0x08000270   0x00000002   Code   RO         1179    .ARM.Collect$$rtexit$$00000000  c_w.l(rtexit.o)
    0x08000272   0x08000272   0x00000000   Code   RO         1227    .ARM.Collect$$rtexit$$00000002  c_w.l(rtexit2.o)
    0x08000272   0x08000272   0x00000004   Code   RO         1228    .ARM.Collect$$rtexit$$00000003  c_w.l(rtexit2.o)
    0x08000276   0x08000276   0x00000006   Code   RO         1229    .ARM.Collect$$rtexit$$00000004  c_w.l(rtexit2.o)
    0x0800027c   0x0800027c   0x00000080   Code   RO            3    .text               main.o
    0x080002fc   0x080002fc   0x00000016   Code   RO          184    .text               stm32f4xx_it.o
    0x08000312   0x08000312   0x00000002   PAD
    0x08000314   0x08000314   0x00000210   Code   RO          233    .text               system_stm32f4xx.o
    0x08000524   0x08000524   0x000000a4   Code   RO          259    .text               task_tcp.o
    0x080005c8   0x080005c8   0x00000040   Code   RO          302    .text               led.o
    0x08000608   0x08000608   0x0000005c   Code   RO          322    .text               timer.o
    0x08000664   0x08000664   0x00000240   Code   RO          345    .text               spi.o
    0x080008a4   0x080008a4   0x00000128   Code   RO          403    .text               delay.o
    0x080009cc   0x080009cc   0x00000154   Code   RO          443    .text               usart.o
    0x08000b20   0x08000b20   0x00000040   Code   RO          475    .text               startup_stm32f40_41xxx.o
    0x08000b60   0x08000b60   0x000000e0   Code   RO          481    .text               misc.o
    0x08000c40   0x08000c40   0x00000294   Code   RO          501    .text               stm32f4xx_gpio.o
    0x08000ed4   0x08000ed4   0x0000065c   Code   RO          521    .text               stm32f4xx_rcc.o
    0x08001530   0x08001530   0x00000454   Code   RO          563    .text               stm32f4xx_usart.o
    0x08001984   0x08001984   0x00000480   Code   RO          603    .text               stm32f4xx_spi.o
    0x08001e04   0x08001e04   0x00000ca2   Code   RO          623    .text               stm32f4xx_tim.o
    0x08002aa6   0x08002aa6   0x00000002   PAD
    0x08002aa8   0x08002aa8   0x00000890   Code   RO          666    .text               os_core.o
    0x08003338   0x08003338   0x0000080c   Code   RO          694    .text               os_flag.o
    0x08003b44   0x08003b44   0x000005e8   Code   RO          768    .text               os_q.o
    0x0800412c   0x0800412c   0x000007c4   Code   RO          808    .text               os_task.o
    0x080048f0   0x080048f0   0x000001b0   Code   RO          828    .text               os_time.o
    0x08004aa0   0x08004aa0   0x000001c4   Code   RO          862    .text               os_cpu_c.o
    0x08004c64   0x08004c64   0x000000c8   Code   RO          890    .text               os_cpu_a.o
    0x08004d2c   0x08004d2c   0x00000218   Code   RO          895    .text               wiz_platform.o
    0x08004f44   0x08004f44   0x00000400   Code   RO          919    .text               wiz_interface.o
    0x08005344   0x08005344   0x00000400   Code   RO          944    .text               tcp_server_multi_socket.o
    0x08005744   0x08005744   0x000010cc   Code   RO          984    .text               socket.o
    0x08006810   0x08006810   0x000006dc   Code   RO         1000    .text               wizchip_conf.o
    0x08006eec   0x08006eec   0x0000043a   Code   RO         1021    .text               w5500.o
    0x08007326   0x08007326   0x00000002   PAD
    0x08007328   0x08007328   0x000011bc   Code   RO         1036    .text               dhcp.o
    0x080084e4   0x080084e4   0x00000002   Code   RO         1053    .text               c_w.l(use_no_semi_2.o)
    0x080084e6   0x080084e6   0x00000002   PAD
    0x080084e8   0x080084e8   0x00000018   Code   RO         1057    .text               c_w.l(noretval__2printf.o)
    0x08008500   0x08008500   0x0000004e   Code   RO         1061    .text               c_w.l(_printf_pad.o)
    0x0800854e   0x0800854e   0x00000052   Code   RO         1063    .text               c_w.l(_printf_str.o)
    0x080085a0   0x080085a0   0x00000078   Code   RO         1065    .text               c_w.l(_printf_dec.o)
    0x08008618   0x08008618   0x00000058   Code   RO         1070    .text               c_w.l(_printf_hex_int.o)
    0x08008670   0x08008670   0x00000188   Code   RO         1105    .text               c_w.l(__printf_flags_ss_wp.o)
    0x080087f8   0x080087f8   0x00000006   Code   RO         1112    .text               c_w.l(heapauxi.o)
    0x080087fe   0x080087fe   0x00000002   Code   RO         1128    .text               c_w.l(use_no_semi.o)
    0x08008800   0x08008800   0x000000b2   Code   RO         1131    .text               c_w.l(_printf_intcommon.o)
    0x080088b2   0x080088b2   0x0000002c   Code   RO         1133    .text               c_w.l(_printf_char.o)
    0x080088de   0x080088de   0x00000002   PAD
    0x080088e0   0x080088e0   0x00000024   Code   RO         1135    .text               c_w.l(_printf_char_file.o)
    0x08008904   0x08008904   0x00000030   Code   RO         1158    .text               c_w.l(_printf_char_common.o)
    0x08008934   0x08008934   0x00000008   Code   RO         1160    .text               c_w.l(ferror.o)
    0x0800893c   0x0800893c   0x0000004a   Code   RO         1164    .text               c_w.l(sys_stackheap_outer.o)
    0x08008986   0x08008986   0x00000012   Code   RO         1168    .text               c_w.l(exit.o)
    0x08008998   0x08008998   0x00000008   Code   RO         1176    .text               c_w.l(libspace.o)
    0x080089a0   0x080089a0   0x0000000e   Code   RO         1098    i._is_digit         c_w.l(__printf_wp.o)
    0x080089ae   0x080089ae   0x0000000a   Code   RO         1235    x$fpl$fpinit        fz_wm.l(fpinit.o)
    0x080089b8   0x080089b8   0x00000100   Data   RO          668    .constdata          os_core.o
    0x08008ab8   0x08008ab8   0x00000028   Data   RO         1071    .constdata          c_w.l(_printf_hex_int.o)
    0x08008ae0   0x08008ae0   0x00000011   Data   RO         1106    .constdata          c_w.l(__printf_flags_ss_wp.o)
    0x08008af1   0x08008af1   0x00000003   PAD
    0x08008af4   0x08008af4   0x00000116   Data   RO          920    .conststring        wiz_interface.o
    0x08008c0a   0x08008c0a   0x00000002   PAD
    0x08008c0c   0x08008c0c   0x00000020   Data   RO         1299    Region$$Table       anon$$obj.o


    Execution Region RW_IRAM1 (Exec base: 0x20000000, Load base: 0x08008c2c, Size: 0x00001df0, Max: 0x00020000, ABSOLUTE, COMPRESSED[0x00000068])

    Exec Addr    Load Addr    Size         Type   Attr      Idx    E Section Name        Object

    0x20000000   COMPRESSED   0x00000014   Data   RW          234    .data               system_stm32f4xx.o
    0x20000014   COMPRESSED   0x0000001a   Data   RW          261    .data               task_tcp.o
    0x2000002e   COMPRESSED   0x00000004   Data   RW          404    .data               delay.o
    0x20000032   COMPRESSED   0x00000002   PAD
    0x20000034   COMPRESSED   0x00000006   Data   RW          445    .data               usart.o
    0x2000003a   COMPRESSED   0x00000010   Data   RW          522    .data               stm32f4xx_rcc.o
    0x2000004a   COMPRESSED   0x00000002   PAD
    0x2000004c   COMPRESSED   0x00000048   Data   RW          669    .data               os_core.o
    0x20000094   COMPRESSED   0x00000004   Data   RW          896    .data               wiz_platform.o
    0x20000098   COMPRESSED   0x00000007   Data   RW          945    .data               tcp_server_multi_socket.o
    0x2000009f   COMPRESSED   0x00000001   PAD
    0x200000a0   COMPRESSED   0x0000000e   Data   RW          986    .data               socket.o
    0x200000ae   COMPRESSED   0x00000002   PAD
    0x200000b0   COMPRESSED   0x00000031   Data   RW         1001    .data               wizchip_conf.o
    0x200000e1   COMPRESSED   0x00000003   PAD
    0x200000e4   COMPRESSED   0x00000050   Data   RW         1037    .data               dhcp.o
    0x20000134        -       0x00000100   Zero   RW            4    .bss                main.o
    0x20000234        -       0x00000a00   Zero   RW          260    .bss                task_tcp.o
    0x20000c34        -       0x000000c8   Zero   RW          444    .bss                usart.o
    0x20000cfc        -       0x00000a80   Zero   RW          667    .bss                os_core.o
    0x2000177c        -       0x00000010   Zero   RW          985    .bss                socket.o
    0x2000178c        -       0x00000060   Zero   RW         1177    .bss                c_w.l(libspace.o)
    0x200017ec   COMPRESSED   0x00000004   PAD
    0x200017f0        -       0x00000200   Zero   RW          473    HEAP                startup_stm32f40_41xxx.o
    0x200019f0        -       0x00000400   Zero   RW          472    STACK               startup_stm32f40_41xxx.o


==============================================================================

Image component sizes


      Code (inc. data)   RO Data    RW Data    ZI Data      Debug   Object Name

       296         18          0          4          0       1829   delay.o
      4540        246          0         80          0      10187   dhcp.o
        64          4          0          0          0        519   led.o
       128         22          0          0        256     299668   main.o
       224         20          0          0          0       1801   misc.o
      2192        218        256         72       2688      15227   os_core.o
       200         32          0          0          0        312   os_cpu_a.o
       452          6          0          0          0      10594   os_cpu_c.o
      2060         42          0          0          0       7208   os_flag.o
      1512         30          0          0          0       5769   os_q.o
      1988         70          0          0          0       7885   os_task.o
       432         30          0          0          0       1870   os_time.o
      4300         88          0         14         16       7484   socket.o
       576         14          0          0          0       1800   spi.o
        64         26        392          0       1536        824   startup_stm32f40_41xxx.o
       660         44          0          0          0       4145   stm32f4xx_gpio.o
        22          0          0          0          0       1027   stm32f4xx_it.o
      1628         52          0         16          0      13008   stm32f4xx_rcc.o
      1152         36          0          0          0       6893   stm32f4xx_spi.o
      3234         60          0          0          0      23000   stm32f4xx_tim.o
      1108         34          0          0          0       7868   stm32f4xx_usart.o
       528         46          0         20          0       1755   system_stm32f4xx.o
       164         68          0         26       2560       4525   task_tcp.o
      1024        240          0          7          0       4432   tcp_server_multi_socket.o
        92          4          0          0          0        688   timer.o
       340         18          0          6        200       3342   usart.o
      1082          6          0          0          0       3746   w5500.o
      1024        442        278          0          0       2744   wiz_interface.o
       536         18          0          4          0       3555   wiz_platform.o
      1756         38          0         49          0      12327   wizchip_conf.o

    ----------------------------------------------------------------------
     33384       1972        960        308       7256     466032   Object Totals
         0          0         32          0          0          0   (incl. Generated)
         6          0          2         10          0          0   (incl. Padding)

    ----------------------------------------------------------------------

      Code (inc. data)   RO Data    RW Data    ZI Data      Debug   Library Member Name

        90          0          0          0          0          0   __dczerorl2.o
         8          0          0          0          0         68   __main.o
       392          4         17          0          0         92   __printf_flags_ss_wp.o
        14          0          0          0          0         68   __printf_wp.o
         0          0          0          0          0          0   __rtentry.o
        12          0          0          0          0          0   __rtentry2.o
         6          0          0          0          0          0   __rtentry4.o
        52          8          0          0          0          0   __scatter.o
        28          0          0          0          0          0   __scatter_zi.o
        44          0          0          0          0        108   _printf_char.o
        48          6          0          0          0         96   _printf_char_common.o
        36          4          0          0          0         80   _printf_char_file.o
         6          0          0          0          0          0   _printf_d.o
       120         16          0          0          0         92   _printf_dec.o
        88          4         40          0          0         88   _printf_hex_int.o
       178          0          0          0          0         88   _printf_intcommon.o
        78          0          0          0          0        108   _printf_pad.o
         0          0          0          0          0          0   _printf_percent.o
         4          0          0          0          0          0   _printf_percent_end.o
         6          0          0          0          0          0   _printf_s.o
        82          0          0          0          0         80   _printf_str.o
         6          0          0          0          0          0   _printf_x.o
        18          0          0          0          0         80   exit.o
         8          0          0          0          0         68   ferror.o
         6          0          0          0          0        152   heapauxi.o
         2          0          0          0          0          0   libinit.o
         6          0          0          0          0          0   libinit2.o
         2          0          0          0          0          0   libshutdown.o
         2          0          0          0          0          0   libshutdown2.o
         8          4          0          0         96         68   libspace.o
        24          4          0          0          0         84   noretval__2printf.o
         2          0          0          0          0          0   rtexit.o
        10          0          0          0          0          0   rtexit2.o
        74          0          0          0          0         80   sys_stackheap_outer.o
         2          0          0          0          0         68   use_no_semi.o
         2          0          0          0          0         68   use_no_semi_2.o
        10          0          0          0          0        116   fpinit.o

    ----------------------------------------------------------------------
      1480         50         60          0        100       1752   Library Totals
         6          0          3          0          4          0   (incl. Padding)

    ----------------------------------------------------------------------

      Code (inc. data)   RO Data    RW Data    ZI Data      Debug   Library Name

      1464         50         57          0         96       1636   c_w.l
        10          0          0          0          0        116   fz_wm.l

    ----------------------------------------------------------------------
      1480         50         60          0        100       1752   Library Totals

    ----------------------------------------------------------------------

==============================================================================


      Code (inc. data)   RO Data    RW Data    ZI Data      Debug   

     34864       2022       1020        308       7356     461304   Grand Totals
     34864       2022       1020        104       7356     461304   ELF Image Totals (compressed)
     34864       2022       1020        104          0          0   ROM Totals

==============================================================================

    Total RO  Size (Code + RO Data)                35884 (  35.04kB)
    Total RW  Size (RW Data + ZI Data)              7664 (   7.48kB)
    Total ROM Size (Code + RO Data + RW Data)      35988 (  35.14kB)

==============================================================================

