Component: ARM Compiler 5.06 update 6 (build 750) Tool: armlink [4d35ed]

==============================================================================

Section Cross References

    startup_stm32f40xx.o(RESET) refers to startup_stm32f40xx.o(STACK) for __initial_sp
    startup_stm32f40xx.o(RESET) refers to startup_stm32f40xx.o(.text) for Reset_Handler
    startup_stm32f40xx.o(RESET) refers to stm32f4xx_it.o(i.NMI_Handler) for NMI_Handler
    startup_stm32f40xx.o(RESET) refers to stm32f4xx_it.o(i.HardFault_Handler) for HardFault_Handler
    startup_stm32f40xx.o(RESET) refers to stm32f4xx_it.o(i.MemManage_Handler) for MemManage_Handler
    startup_stm32f40xx.o(RESET) refers to stm32f4xx_it.o(i.BusFault_Handler) for BusFault_Handler
    startup_stm32f40xx.o(RESET) refers to stm32f4xx_it.o(i.UsageFault_Handler) for UsageFault_Handler
    startup_stm32f40xx.o(RESET) refers to stm32f4xx_it.o(i.SVC_Handler) for SVC_Handler
    startup_stm32f40xx.o(RESET) refers to stm32f4xx_it.o(i.DebugMon_Handler) for DebugMon_Handler
    startup_stm32f40xx.o(RESET) refers to stm32f4xx_it.o(i.PendSV_Handler) for PendSV_Handler
    startup_stm32f40xx.o(RESET) refers to stm32f4xx_it.o(i.SysTick_Handler) for SysTick_Handler
    startup_stm32f40xx.o(RESET) refers to stm32f4xx_it.o(i.TIM2_IRQHandler) for TIM2_IRQHandler
    startup_stm32f40xx.o(.text) refers to system_stm32f4xx.o(i.SystemInit) for SystemInit
    startup_stm32f40xx.o(.text) refers to entry.o(.ARM.Collect$$$$00000000) for __main
    system_stm32f4xx.o(i.SystemCoreClockUpdate) refers to system_stm32f4xx.o(.data) for .data
    system_stm32f4xx.o(i.SystemInit) refers to system_stm32f4xx.o(i.SetSysClock) for SetSysClock
    stm32f4xx_adc.o(i.ADC_DeInit) refers to stm32f4xx_rcc.o(i.RCC_APB2PeriphResetCmd) for RCC_APB2PeriphResetCmd
    stm32f4xx_can.o(i.CAN_DeInit) refers to stm32f4xx_rcc.o(i.RCC_APB1PeriphResetCmd) for RCC_APB1PeriphResetCmd
    stm32f4xx_can.o(i.CAN_GetITStatus) refers to stm32f4xx_can.o(i.CheckITStatus) for CheckITStatus
    stm32f4xx_cryp.o(i.CRYP_DeInit) refers to stm32f4xx_rcc.o(i.RCC_AHB2PeriphResetCmd) for RCC_AHB2PeriphResetCmd
    stm32f4xx_cryp_aes.o(i.CRYP_AES_CBC) refers to stm32f4xx_cryp.o(i.CRYP_KeyStructInit) for CRYP_KeyStructInit
    stm32f4xx_cryp_aes.o(i.CRYP_AES_CBC) refers to stm32f4xx_cryp.o(i.CRYP_KeyInit) for CRYP_KeyInit
    stm32f4xx_cryp_aes.o(i.CRYP_AES_CBC) refers to stm32f4xx_cryp.o(i.CRYP_Init) for CRYP_Init
    stm32f4xx_cryp_aes.o(i.CRYP_AES_CBC) refers to stm32f4xx_cryp.o(i.CRYP_IVInit) for CRYP_IVInit
    stm32f4xx_cryp_aes.o(i.CRYP_AES_CBC) refers to stm32f4xx_cryp.o(i.CRYP_FIFOFlush) for CRYP_FIFOFlush
    stm32f4xx_cryp_aes.o(i.CRYP_AES_CBC) refers to stm32f4xx_cryp.o(i.CRYP_Cmd) for CRYP_Cmd
    stm32f4xx_cryp_aes.o(i.CRYP_AES_CBC) refers to stm32f4xx_cryp.o(i.CRYP_GetCmdStatus) for CRYP_GetCmdStatus
    stm32f4xx_cryp_aes.o(i.CRYP_AES_CBC) refers to stm32f4xx_cryp.o(i.CRYP_GetFlagStatus) for CRYP_GetFlagStatus
    stm32f4xx_cryp_aes.o(i.CRYP_AES_CBC) refers to stm32f4xx_cryp.o(i.CRYP_DataIn) for CRYP_DataIn
    stm32f4xx_cryp_aes.o(i.CRYP_AES_CBC) refers to stm32f4xx_cryp.o(i.CRYP_DataOut) for CRYP_DataOut
    stm32f4xx_cryp_aes.o(i.CRYP_AES_CCM) refers to stm32f4xx_cryp.o(i.CRYP_KeyStructInit) for CRYP_KeyStructInit
    stm32f4xx_cryp_aes.o(i.CRYP_AES_CCM) refers to stm32f4xx_cryp.o(i.CRYP_FIFOFlush) for CRYP_FIFOFlush
    stm32f4xx_cryp_aes.o(i.CRYP_AES_CCM) refers to stm32f4xx_cryp.o(i.CRYP_KeyInit) for CRYP_KeyInit
    stm32f4xx_cryp_aes.o(i.CRYP_AES_CCM) refers to stm32f4xx_cryp.o(i.CRYP_IVInit) for CRYP_IVInit
    stm32f4xx_cryp_aes.o(i.CRYP_AES_CCM) refers to stm32f4xx_cryp.o(i.CRYP_Init) for CRYP_Init
    stm32f4xx_cryp_aes.o(i.CRYP_AES_CCM) refers to stm32f4xx_cryp.o(i.CRYP_PhaseConfig) for CRYP_PhaseConfig
    stm32f4xx_cryp_aes.o(i.CRYP_AES_CCM) refers to stm32f4xx_cryp.o(i.CRYP_DataIn) for CRYP_DataIn
    stm32f4xx_cryp_aes.o(i.CRYP_AES_CCM) refers to stm32f4xx_cryp.o(i.CRYP_Cmd) for CRYP_Cmd
    stm32f4xx_cryp_aes.o(i.CRYP_AES_CCM) refers to stm32f4xx_cryp.o(i.CRYP_GetCmdStatus) for CRYP_GetCmdStatus
    stm32f4xx_cryp_aes.o(i.CRYP_AES_CCM) refers to stm32f4xx_cryp.o(i.CRYP_GetFlagStatus) for CRYP_GetFlagStatus
    stm32f4xx_cryp_aes.o(i.CRYP_AES_CCM) refers to stm32f4xx_cryp.o(i.CRYP_DataOut) for CRYP_DataOut
    stm32f4xx_cryp_aes.o(i.CRYP_AES_CTR) refers to stm32f4xx_cryp.o(i.CRYP_KeyStructInit) for CRYP_KeyStructInit
    stm32f4xx_cryp_aes.o(i.CRYP_AES_CTR) refers to stm32f4xx_cryp.o(i.CRYP_KeyInit) for CRYP_KeyInit
    stm32f4xx_cryp_aes.o(i.CRYP_AES_CTR) refers to stm32f4xx_cryp.o(i.CRYP_Init) for CRYP_Init
    stm32f4xx_cryp_aes.o(i.CRYP_AES_CTR) refers to stm32f4xx_cryp.o(i.CRYP_IVInit) for CRYP_IVInit
    stm32f4xx_cryp_aes.o(i.CRYP_AES_CTR) refers to stm32f4xx_cryp.o(i.CRYP_FIFOFlush) for CRYP_FIFOFlush
    stm32f4xx_cryp_aes.o(i.CRYP_AES_CTR) refers to stm32f4xx_cryp.o(i.CRYP_Cmd) for CRYP_Cmd
[...]
    Removing socket.o(i.send), (196 bytes).
    Removing utility.o(.rev16_text), (4 bytes).
    Removing utility.o(.revsh_text), (4 bytes).
    Removing utility.o(.rrx_text), (6 bytes).
    Removing utility.o(i.atoi16), (30 bytes).
    Removing utility.o(i.atoi32), (30 bytes).
    Removing utility.o(i.c2d), (40 bytes).
    Removing utility.o(i.check_dest_in_local), (62 bytes).
    Removing utility.o(i.checksum), (66 bytes).
    Removing utility.o(i.delay_s), (26 bytes).
    Removing utility.o(i.inet_addr_), (76 bytes).
    Removing utility.o(i.inet_ntoa), (56 bytes).
    Removing utility.o(i.inet_ntoa_pad), (64 bytes).
    Removing utility.o(i.itoa), (50 bytes).
    Removing utility.o(i.mid), (56 bytes).
    Removing utility.o(i.ntohs), (4 bytes).
    Removing utility.o(i.replacetochar), (22 bytes).
    Removing utility.o(i.validatoi), (58 bytes).
    Removing utility.o(i.verify_ip_address), (112 bytes).
    Removing utility.o(.bss), (48 bytes).
    Removing w5500.o(.rev16_text), (4 bytes).
    Removing w5500.o(.revsh_text), (4 bytes).
    Removing w5500.o(.rrx_text), (6 bytes).
    Removing w5500.o(i.clearIR), (26 bytes).
    Removing w5500.o(i.getIINCHIP_RxMAX), (12 bytes).
    Removing w5500.o(i.getIR), (8 bytes).
    Removing w5500.o(i.getSHAR), (12 bytes).
    Removing w5500.o(i.getSn_IR), (12 bytes).
    Removing w5500.o(i.getSn_TX_FSR), (74 bytes).
    Removing w5500.o(i.recv_data_processing), (140 bytes).
    Removing w5500.o(i.setRCR), (10 bytes).
    Removing w5500.o(i.setRTR), (28 bytes).
    Removing w5500.o(i.setSn_IR), (12 bytes).
    Removing w5500.o(i.setSn_MSS), (38 bytes).
    Removing w5500.o(i.setSn_TTL), (12 bytes).
    Removing w5500_conf.o(.rev16_text), (4 bytes).
    Removing w5500_conf.o(.revsh_text), (4 bytes).
    Removing w5500_conf.o(.rrx_text), (6 bytes).
    Removing w5500_conf.o(i.ntp_timer_init), (4 bytes).
    Removing w5500_conf.o(i.reboot), (40 bytes).
    Removing w5500_conf.o(.data), (4 bytes).
    Removing w5500_conf.o(.data), (2 bytes).
    Removing dhcp.o(.rev16_text), (4 bytes).
    Removing dhcp.o(.revsh_text), (4 bytes).
    Removing dhcp.o(.rrx_text), (6 bytes).
    Removing dhcp.o(i.DHCP_timer_handler), (36 bytes).
    Removing dhcp.o(.conststring), (5 bytes).
    Removing dhcp.o(.data), (4 bytes).

828 unused section(s) (total 30787 bytes) removed from the image.

==============================================================================

Image Symbol Table

    Local Symbols

    Symbol Name                              Value     Ov Type        Size  Object(Section)

    ../clib/microlib/division.c              0x00000000   Number         0  uidiv.o ABSOLUTE
    ../clib/microlib/division.c              0x00000000   Number         0  uldiv.o ABSOLUTE
    ../clib/microlib/init/entry.s            0x00000000   Number         0  entry2.o ABSOLUTE
    ../clib/microlib/init/entry.s            0x00000000   Number         0  entry8b.o ABSOLUTE
    ../clib/microlib/init/entry.s            0x00000000   Number         0  entry8a.o ABSOLUTE
    ../clib/microlib/init/entry.s            0x00000000   Number         0  entry.o ABSOLUTE
    ../clib/microlib/init/entry.s            0x00000000   Number         0  entry7b.o ABSOLUTE
    ../clib/microlib/init/entry.s            0x00000000   Number         0  entry9b.o ABSOLUTE
    ../clib/microlib/init/entry.s            0x00000000   Number         0  entry9a.o ABSOLUTE
    ../clib/microlib/init/entry.s            0x00000000   Number         0  entry7a.o ABSOLUTE
    ../clib/microlib/init/entry.s            0x00000000   Number         0  entry11b.o ABSOLUTE
    ../clib/microlib/init/entry.s            0x00000000   Number         0  entry11a.o ABSOLUTE
    ../clib/microlib/init/entry.s            0x00000000   Number         0  entry10b.o ABSOLUTE
    ../clib/microlib/init/entry.s            0x00000000   Number         0  entry10a.o ABSOLUTE
    ../clib/microlib/init/entry.s            0x00000000   Number         0  entry5.o ABSOLUTE
    ../clib/microlib/longlong.c              0x00000000   Number         0  llushr.o ABSOLUTE
    ../clib/microlib/longlong.c              0x00000000   Number         0  llsshr.o ABSOLUTE
    ../clib/microlib/longlong.c              0x00000000   Number         0  llshl.o ABSOLUTE
    ../clib/microlib/printf/printf.c         0x00000000   Number         0  printf5.o ABSOLUTE
    ../clib/microlib/printf/printf.c         0x00000000   Number         0  printf3.o ABSOLUTE
    ../clib/microlib/printf/printf.c         0x00000000   Number         0  printf2.o ABSOLUTE
    ../clib/microlib/printf/printf.c         0x00000000   Number         0  printf1.o ABSOLUTE
    ../clib/microlib/printf/printf.c         0x00000000   Number         0  printf0.o ABSOLUTE
    ../clib/microlib/printf/printf.c         0x00000000   Number         0  printfb.o ABSOLUTE
    ../clib/microlib/printf/printf.c         0x00000000   Number         0  printfa.o ABSOLUTE
    ../clib/microlib/printf/printf.c         0x00000000   Number         0  printf8.o ABSOLUTE
    ../clib/microlib/printf/printf.c         0x00000000   Number         0  printf4.o ABSOLUTE
    ../clib/microlib/printf/printf.c         0x00000000   Number         0  printf7.o ABSOLUTE
    ../clib/microlib/printf/printf.c         0x00000000   Number         0  printf6.o ABSOLUTE
    ../clib/microlib/printf/stubs.s          0x00000000   Number         0  stubs.o ABSOLUTE
    ../clib/microlib/stdio/streams.c         0x00000000   Number         0  stdout.o ABSOLUTE
    ../clib/microlib/string/memcmp.c         0x00000000   Number         0  memcmp.o ABSOLUTE
    ../clib/microlib/string/memset.c         0x00000000   Number         0  memseta.o ABSOLUTE
    ../clib/microlib/string/strcpy.c         0x00000000   Number         0  strcpy.o ABSOLUTE
    ../clib/microlib/string/strlen.c         0x00000000   Number         0  strlen.o ABSOLUTE
    ../clib/microlib/string/strncpy.c        0x00000000   Number         0  strncpy.o ABSOLUTE
    ../clib/microlib/string/strstr.c         0x00000000   Number         0  strstr.o ABSOLUTE
    ../clib/microlib/string/strtok.c         0x00000000   Number         0  strtok.o ABSOLUTE
    ../clib/microlib/string/strtok.c         0x00000000   Number         0  strtok_r.o ABSOLUTE
    ../clib/microlib/stubs.s                 0x00000000   Number         0  iusefp.o ABSOLUTE
    ../fplib/microlib/fpadd.c                0x00000000   Number         0  dadd.o ABSOLUTE
    ../fplib/microlib/fpdiv.c                0x00000000   Number         0  ddiv.o ABSOLUTE
    ../fplib/microlib/fpepilogue.c           0x00000000   Number         0  depilogue.o ABSOLUTE
    ../fplib/microlib/fpfix.c                0x00000000   Number         0  dfixul.o ABSOLUTE
    ../fplib/microlib/fpmul.c                0x00000000   Number         0  dmul.o ABSOLUTE
    ..\..\Libraries\CMSIS\Device\ST\STM32F4xx\Source\Templates\arm\startup_stm32f40xx.s 0x00000000   Number         0  startup_stm32f40xx.o ABSOLUTE
    ..\..\Libraries\CMSIS\Device\ST\STM32F4xx\Source\Templates\system_stm32f4xx.c 0x00000000   Number         0  system_stm32f4xx.o ABSOLUTE
    ..\..\Libraries\STM32F4xx_StdPeriph_Driver\src\misc.c 0x00000000   Number         0  misc.o ABSOLUTE
    ..\..\Libraries\STM32F4xx_StdPeriph_Driver\src\stm32f4xx_adc.c 0x00000000   Number         0  stm32f4xx_adc.o ABSOLUTE
    ..\..\Libraries\STM32F4xx_StdPeriph_Driver\src\stm32f4xx_can.c 0x00000000   Number         0  stm32f4xx_can.o ABSOLUTE
    ..\..\Libraries\STM32F4xx_StdPeriph_Driver\src\stm32f4xx_cec.c 0x00000000   Number         0  stm32f4xx_cec.o ABSOLUTE
    ..\..\Libraries\STM32F4xx_StdPeriph_Driver\src\stm32f4xx_crc.c 0x00000000   Number         0  stm32f4xx_crc.o ABSOLUTE
    ..\..\Libraries\STM32F4xx_StdPeriph_Driver\src\stm32f4xx_cryp.c 0x00000000   Number         0  stm32f4xx_cryp.o ABSOLUTE
    ..\..\Libraries\STM32F4xx_StdPeriph_Driver\src\stm32f4xx_cryp_aes.c 0x00000000   Number         0  stm32f4xx_cryp_aes.o ABSOLUTE
    ..\..\Libraries\STM32F4xx_StdPeriph_Driver\src\stm32f4xx_cryp_des.c 0x00000000   Number         0  stm32f4xx_cryp_des.o ABSOLUTE
    ..\..\Libraries\STM32F4xx_StdPeriph_Driver\src\stm32f4xx_cryp_tdes.c 0x00000000   Number         0  stm32f4xx_cryp_tdes.o ABSOLUTE
    ..\..\Libraries\STM32F4xx_StdPeriph_Driver\src\stm32f4xx_dac.c 0x00000000   Number         0  stm32f4xx_dac.o ABSOLUTE
    ..\..\Libraries\STM32F4xx_StdPeriph_Driver\src\stm32f4xx_dbgmcu.c 0x00000000   Number         0  stm32f4xx_dbgmcu.o ABSOLUTE
    ..\..\Libraries\STM32F4xx_StdPeriph_Driver\src\stm32f4xx_dcmi.c 0x00000000   Number         0  stm32f4xx_dcmi.o ABSOLUTE
    ..\..\Libraries\STM32F4xx_StdPeriph_Driver\src\stm32f4xx_dma.c 0x00000000   Number         0  stm32f4xx_dma.o ABSOLUTE
    ..\..\Libraries\STM32F4xx_StdPeriph_Driver\src\stm32f4xx_exti.c 0x00000000   Number         0  stm32f4xx_exti.o ABSOLUTE
    ..\..\Libraries\STM32F4xx_StdPeriph_Driver\src\stm32f4xx_flash.c 0x00000000   Number         0  stm32f4xx_flash.o ABSOLUTE
    ..\..\Libraries\STM32F4xx_StdPeriph_Driver\src\stm32f4xx_flash_ramfunc.c 0x00000000   Number         0  stm32f4xx_flash_ramfunc.o ABSOLUTE
    ..\..\Libraries\STM32F4xx_StdPeriph_Driver\src\stm32f4xx_fmpi2c.c 0x00000000   Number         0  stm32f4xx_fmpi2c.o ABSOLUTE
    ..\..\Libraries\STM32F4xx_StdPeriph_Driver\src\stm32f4xx_fsmc.c 0x00000000   Number         0  stm32f4xx_fsmc.o ABSOLUTE
    ..\..\Libraries\STM32F4xx_StdPeriph_Driver\src\stm32f4xx_gpio.c 0x00000000   Number         0  stm32f4xx_gpio.o ABSOLUTE
    ..\..\Libraries\STM32F4xx_StdPeriph_Driver\src\stm32f4xx_hash.c 0x00000000   Number         0  stm32f4xx_hash.o ABSOLUTE
    ..\..\Libraries\STM32F4xx_StdPeriph_Driver\src\stm32f4xx_hash_md5.c 0x00000000   Number         0  stm32f4xx_hash_md5.o ABSOLUTE
    ..\..\Libraries\STM32F4xx_StdPeriph_Driver\src\stm32f4xx_hash_sha1.c 0x00000000   Number         0  stm32f4xx_hash_sha1.o ABSOLUTE
    ..\..\Libraries\STM32F4xx_StdPeriph_Driver\src\stm32f4xx_i2c.c 0x00000000   Number         0  stm32f4xx_i2c.o ABSOLUTE
    ..\..\Libraries\STM32F4xx_StdPeriph_Driver\src\stm32f4xx_iwdg.c 0x00000000   Number         0  stm32f4xx_iwdg.o ABSOLUTE
    ..\..\Libraries\STM32F4xx_StdPeriph_Driver\src\stm32f4xx_pwr.c 0x00000000   Number         0  stm32f4xx_pwr.o ABSOLUTE
    ..\..\Libraries\STM32F4xx_StdPeriph_Driver\src\stm32f4xx_qspi.c 0x00000000   Number         0  stm32f4xx_qspi.o ABSOLUTE
    ..\..\Libraries\STM32F4xx_StdPeriph_Driver\src\stm32f4xx_rcc.c 0x00000000   Number         0  stm32f4xx_rcc.o ABSOLUTE
    ..\..\Libraries\STM32F4xx_StdPeriph_Driver\src\stm32f4xx_rng.c 0x00000000   Number         0  stm32f4xx_rng.o ABSOLUTE
    ..\..\Libraries\STM32F4xx_StdPeriph_Driver\src\stm32f4xx_rtc.c 0x00000000   Number         0  stm32f4xx_rtc.o ABSOLUTE
    ..\..\Libraries\STM32F4xx_StdPeriph_Driver\src\stm32f4xx_sai.c 0x00000000   Number         0  stm32f4xx_sai.o ABSOLUTE
    ..\..\Libraries\STM32F4xx_StdPeriph_Driver\src\stm32f4xx_sdio.c 0x00000000   Number         0  stm32f4xx_sdio.o ABSOLUTE
    ..\..\Libraries\STM32F4xx_StdPeriph_Driver\src\stm32f4xx_spdifrx.c 0x00000000   Number         0  stm32f4xx_spdifrx.o ABSOLUTE
    ..\..\Libraries\STM32F4xx_StdPeriph_Driver\src\stm32f4xx_spi.c 0x00000000   Number         0  stm32f4xx_spi.o ABSOLUTE
    ..\..\Libraries\STM32F4xx_StdPeriph_Driver\src\stm32f4xx_syscfg.c 0x00000000   Number         0  stm32f4xx_syscfg.o ABSOLUTE
    ..\..\Libraries\STM32F4xx_StdPeriph_Driver\src\stm32f4xx_tim.c 0x00000000   Number         0  stm32f4xx_tim.o ABSOLUTE
    ..\..\Libraries\STM32F4xx_StdPeriph_Driver\src\stm32f4xx_usart.c 0x00000000   Number         0  stm32f4xx_usart.o ABSOLUTE
    ..\..\Libraries\STM32F4xx_StdPeriph_Driver\src\stm32f4xx_wwdg.c 0x00000000   Number         0  stm32f4xx_wwdg.o ABSOLUTE
    ..\..\User\Ethernet\Internet\dhcp.c      0x00000000   Number         0  dhcp.o ABSOLUTE
    ..\..\User\Ethernet\W5500\socket.c       0x00000000   Number         0  socket.o ABSOLUTE
    ..\..\User\Ethernet\W5500\utility.c      0x00000000   Number         0  utility.o ABSOLUTE
    ..\..\User\Ethernet\W5500\w5500.c        0x00000000   Number         0  w5500.o ABSOLUTE
    ..\..\User\Ethernet\W5500\w5500_conf.c   0x00000000   Number         0  w5500_conf.o ABSOLUTE
    ..\..\User\TimBase\bsp_TiMbase.c         0x00000000   Number         0  bsp_timbase.o ABSOLUTE
    ..\..\User\i2c\bsp_i2c_ee.c              0x00000000   Number         0  bsp_i2c_ee.o ABSOLUTE
    ..\..\User\i2c\bsp_i2c_gpio.c            0x00000000   Number         0  bsp_i2c_gpio.o ABSOLUTE
    ..\..\User\led\bsp_led.c                 0x00000000   Number         0  bsp_led.o ABSOLUTE
    ..\..\User\main.c                        0x00000000   Number         0  main.o ABSOLUTE
    ..\..\User\stm32f4xx_it.c                0x00000000   Number         0  stm32f4xx_it.o ABSOLUTE
    ..\..\User\usart\bsp_debug_usart.c       0x00000000   Number         0  bsp_debug_usart.o ABSOLUTE
    ..\\..\\Libraries\\CMSIS\\Device\\ST\\STM32F4xx\\Source\\Templates\\system_stm32f4xx.c 0x00000000   Number         0  system_stm32f4xx.o ABSOLUTE
    ..\\..\\Libraries\\STM32F4xx_StdPeriph_Driver\\src\\misc.c 0x00000000   Number         0  misc.o ABSOLUTE
    ..\\..\\Libraries\\STM32F4xx_StdPeriph_Driver\\src\\stm32f4xx_adc.c 0x00000000   Number         0  stm32f4xx_adc.o ABSOLUTE
    ..\\..\\Libraries\\STM32F4xx_StdPeriph_Driver\\src\\stm32f4xx_can.c 0x00000000   Number         0  stm32f4xx_can.o ABSOLUTE
    ..\\..\\Libraries\\STM32F4xx_StdPeriph_Driver\\src\\stm32f4xx_cec.c 0x00000000   Number         0  stm32f4xx_cec.o ABSOLUTE
    ..\\..\\Libraries\\STM32F4xx_StdPeriph_Driver\\src\\stm32f4xx_crc.c 0x00000000   Number         0  stm32f4xx_crc.o ABSOLUTE
    ..\\..\\Libraries\\STM32F4xx_StdPeriph_Driver\\src\\stm32f4xx_cryp.c 0x00000000   Number         0  stm32f4xx_cryp.o ABSOLUTE
    ..\\..\\Libraries\\STM32F4xx_StdPeriph_Driver\\src\\stm32f4xx_cryp_aes.c 0x00000000   Number         0  stm32f4xx_cryp_aes.o ABSOLUTE
    ..\\..\\Libraries\\STM32F4xx_StdPeriph_Driver\\src\\stm32f4xx_cryp_des.c 0x00000000   Number         0  stm32f4xx_cryp_des.o ABSOLUTE
    ..\\..\\Libraries\\STM32F4xx_StdPeriph_Driver\\src\\stm32f4xx_cryp_tdes.c 0x00000000   Number         0  stm32f4xx_cryp_tdes.o ABSOLUTE
    ..\\..\\Libraries\\STM32F4xx_StdPeriph_Driver\\src\\stm32f4xx_dac.c 0x00000000   Number         0  stm32f4xx_dac.o ABSOLUTE
    ..\\..\\Libraries\\STM32F4xx_StdPeriph_Driver\\src\\stm32f4xx_dbgmcu.c 0x00000000   Number         0  stm32f4xx_dbgmcu.o ABSOLUTE
    ..\\..\\Libraries\\STM32F4xx_StdPeriph_Driver\\src\\stm32f4xx_dcmi.c 0x00000000   Number         0  stm32f4xx_dcmi.o ABSOLUTE
    ..\\..\\Libraries\\STM32F4xx_StdPeriph_Driver\\src\\stm32f4xx_dma.c 0x00000000   Number         0  stm32f4xx_dma.o ABSOLUTE
    ..\\..\\Libraries\\STM32F4xx_StdPeriph_Driver\\src\\stm32f4xx_exti.c 0x00000000   Number         0  stm32f4xx_exti.o ABSOLUTE
    ..\\..\\Libraries\\STM32F4xx_StdPeriph_Driver\\src\\stm32f4xx_flash.c 0x00000000   Number         0  stm32f4xx_flash.o ABSOLUTE
    ..\\..\\Libraries\\STM32F4xx_StdPeriph_Driver\\src\\stm32f4xx_flash_ramfunc.c 0x00000000   Number         0  stm32f4xx_flash_ramfunc.o ABSOLUTE
    ..\\..\\Libraries\\STM32F4xx_StdPeriph_Driver\\src\\stm32f4xx_fmpi2c.c 0x00000000   Number         0  stm32f4xx_fmpi2c.o ABSOLUTE
    ..\\..\\Libraries\\STM32F4xx_StdPeriph_Driver\\src\\stm32f4xx_fsmc.c 0x00000000   Number         0  stm32f4xx_fsmc.o ABSOLUTE
    ..\\..\\Libraries\\STM32F4xx_StdPeriph_Driver\\src\\stm32f4xx_gpio.c 0x00000000   Number         0  stm32f4xx_gpio.o ABSOLUTE
    ..\\..\\Libraries\\STM32F4xx_StdPeriph_Driver\\src\\stm32f4xx_hash.c 0x00000000   Number         0  stm32f4xx_hash.o ABSOLUTE
    ..\\..\\Libraries\\STM32F4xx_StdPeriph_Driver\\src\\stm32f4xx_hash_md5.c 0x00000000   Number         0  stm32f4xx_hash_md5.o ABSOLUTE
    ..\\..\\Libraries\\STM32F4xx_StdPeriph_Driver\\src\\stm32f4xx_hash_sha1.c 0x00000000   Number         0  stm32f4xx_hash_sha1.o ABSOLUTE
    ..\\..\\Libraries\\STM32F4xx_StdPeriph_Driver\\src\\stm32f4xx_i2c.c 0x00000000   Number         0  stm32f4xx_i2c.o ABSOLUTE
    ..\\..\\Libraries\\STM32F4xx_StdPeriph_Driver\\src\\stm32f4xx_iwdg.c 0x00000000   Number         0  stm32f4xx_iwdg.o ABSOLUTE
    ..\\..\\Libraries\\STM32F4xx_StdPeriph_Driver\\src\\stm32f4xx_pwr.c 0x00000000   Number         0  stm32f4xx_pwr.o ABSOLUTE
    ..\\..\\Libraries\\STM32F4xx_StdPeriph_Driver\\src\\stm32f4xx_qspi.c 0x00000000   Number         0  stm32f4xx_qspi.o ABSOLUTE
    ..\\..\\Libraries\\STM32F4xx_StdPeriph_Driver\\src\\stm32f4xx_rcc.c 0x00000000   Number         0  stm32f4xx_rcc.o ABSOLUTE
    ..\\..\\Libraries\\STM32F4xx_StdPeriph_Driver\\src\\stm32f4xx_rng.c 0x00000000   Number         0  stm32f4xx_rng.o ABSOLUTE
    ..\\..\\Libraries\\STM32F4xx_StdPeriph_Driver\\src\\stm32f4xx_rtc.c 0x00000000   Number         0  stm32f4xx_rtc.o ABSOLUTE
    ..\\..\\Libraries\\STM32F4xx_StdPeriph_Driver\\src\\stm32f4xx_sai.c 0x00000000   Number         0  stm32f4xx_sai.o ABSOLUTE
    ..\\..\\Libraries\\STM32F4xx_StdPeriph_Driver\\src\\stm32f4xx_sdio.c 0x00000000   Number         0  stm32f4xx_sdio.o ABSOLUTE
    ..\\..\\Libraries\\STM32F4xx_StdPeriph_Driver\\src\\stm32f4xx_spdifrx.c 0x00000000   Number         0  stm32f4xx_spdifrx.o ABSOLUTE
    ..\\..\\Libraries\\STM32F4xx_StdPeriph_Driver\\src\\stm32f4xx_spi.c 0x00000000   Number         0  stm32f4xx_spi.o ABSOLUTE
    ..\\..\\Libraries\\STM32F4xx_StdPeriph_Driver\\src\\stm32f4xx_syscfg.c 0x00000000   Number         0  stm32f4xx_syscfg.o ABSOLUTE
    ..\\..\\Libraries\\STM32F4xx_StdPeriph_Driver\\src\\stm32f4xx_tim.c 0x00000000   Number         0  stm32f4xx_tim.o ABSOLUTE
    ..\\..\\Libraries\\STM32F4xx_StdPeriph_Driver\\src\\stm32f4xx_usart.c 0x00000000   Number         0  stm32f4xx_usart.o ABSOLUTE
    ..\\..\\Libraries\\STM32F4xx_StdPeriph_Driver\\src\\stm32f4xx_wwdg.c 0x00000000   Number         0  stm32f4xx_wwdg.o ABSOLUTE
    ..\\..\\User\\Ethernet\\Internet\\dhcp.c 0x00000000   Number         0  dhcp.o ABSOLUTE
    ..\\..\\User\\Ethernet\\W5500\\socket.c  0x00000000   Number         0  socket.o ABSOLUTE
    ..\\..\\User\\Ethernet\\W5500\\utility.c 0x00000000   Number         0  utility.o ABSOLUTE
    ..\\..\\User\\Ethernet\\W5500\\w5500.c   0x00000000   Number         0  w5500.o ABSOLUTE
    ..\\..\\User\\Ethernet\\W5500\\w5500_conf.c 0x00000000   Number         0  w5500_conf.o ABSOLUTE
    ..\\..\\User\\TimBase\\bsp_TiMbase.c     0x00000000   Number         0  bsp_timbase.o ABSOLUTE
    ..\\..\\User\\i2c\\bsp_i2c_ee.c          0x00000000   Number         0  bsp_i2c_ee.o ABSOLUTE
    ..\\..\\User\\i2c\\bsp_i2c_gpio.c        0x00000000   Number         0  bsp_i2c_gpio.o ABSOLUTE
    ..\\..\\User\\led\\bsp_led.c             0x00000000   Number         0  bsp_led.o ABSOLUTE
    ..\\..\\User\\main.c                     0x00000000   Number         0  main.o ABSOLUTE
    ..\\..\\User\\stm32f4xx_it.c             0x00000000   Number         0  stm32f4xx_it.o ABSOLUTE
    ..\\..\\User\\usart\\bsp_debug_usart.c   0x00000000   Number         0  bsp_debug_usart.o ABSOLUTE
    cdrcmple.s                               0x00000000   Number         0  cdrcmple.o ABSOLUTE
    dc.s                                     0x00000000   Number         0  dc.o ABSOLUTE
    handlers.s                               0x00000000   Number         0  handlers.o ABSOLUTE
    init.s                                   0x00000000   Number         0  init.o ABSOLUTE
    RESET                                    0x08000000   Section      392  startup_stm32f40xx.o(RESET)
    .ARM.Collect$$$$00000000                 0x08000188   Section        0  entry.o(.ARM.Collect$$$$00000000)
    .ARM.Collect$$$$00000001                 0x08000188   Section        4  entry2.o(.ARM.Collect$$$$00000001)
    .ARM.Collect$$$$00000004                 0x0800018c   Section        4  entry5.o(.ARM.Collect$$$$00000004)
    .ARM.Collect$$$$00000008                 0x08000190   Section        0  entry7b.o(.ARM.Collect$$$$00000008)
    .ARM.Collect$$$$0000000A                 0x08000190   Section        0  entry8b.o(.ARM.Collect$$$$0000000A)
    .ARM.Collect$$$$0000000B                 0x08000190   Section        8  entry9a.o(.ARM.Collect$$$$0000000B)
    .ARM.Collect$$$$0000000D                 0x08000198   Section        0  entry10a.o(.ARM.Collect$$$$0000000D)
    .ARM.Collect$$$$0000000F                 0x08000198   Section        0  entry11a.o(.ARM.Collect$$$$0000000F)
    .ARM.Collect$$$$00002712                 0x08000198   Section        4  entry2.o(.ARM.Collect$$$$00002712)
    __lit__00000000                          0x08000198   Data           4  entry2.o(.ARM.Collect$$$$00002712)
    .text                                    0x0800019c   Section       36  startup_stm32f40xx.o(.text)
    $v0                                      0x0800019c   Number         0  startup_stm32f40xx.o(.text)
    .text                                    0x080001c0   Section        0  memseta.o(.text)
    .text                                    0x080001e4   Section        0  strlen.o(.text)
    .text                                    0x080001f2   Section        0  memcmp.o(.text)
    .text                                    0x0800020c   Section        0  strcpy.o(.text)
    .text                                    0x0800021e   Section        0  uidiv.o(.text)
    .text                                    0x0800024a   Section        0  uldiv.o(.text)
    .text                                    0x080002ac   Section        0  iusefp.o(.text)
    .text                                    0x080002ac   Section        0  dadd.o(.text)
    .text                                    0x080003fa   Section        0  dmul.o(.text)
    .text                                    0x080004de   Section        0  ddiv.o(.text)
    .text                                    0x080005bc   Section        0  dfixul.o(.text)
    .text                                    0x080005ec   Section       48  cdrcmple.o(.text)
    .text                                    0x0800061c   Section       36  init.o(.text)
    .text                                    0x08000640   Section        0  llshl.o(.text)
    .text                                    0x0800065e   Section        0  llushr.o(.text)
    .text                                    0x0800067e   Section        0  llsshr.o(.text)
    .text                                    0x080006a2   Section        0  depilogue.o(.text)
    i.BusFault_Handler                       0x0800075c   Section        0  stm32f4xx_it.o(i.BusFault_Handler)
    i.DebugMon_Handler                       0x0800075e   Section        0  stm32f4xx_it.o(i.DebugMon_Handler)
    i.Debug_USART_Config                     0x08000760   Section        0  bsp_debug_usart.o(i.Debug_USART_Config)
    i.GPIO_Init                              0x080007f8   Section        0  stm32f4xx_gpio.o(i.GPIO_Init)
    i.GPIO_PinAFConfig                       0x08000874   Section        0  stm32f4xx_gpio.o(i.GPIO_PinAFConfig)
    i.GPIO_ReadInputDataBit                  0x08000894   Section        0  stm32f4xx_gpio.o(i.GPIO_ReadInputDataBit)
    i.GPIO_ResetBits                         0x080008a2   Section        0  stm32f4xx_gpio.o(i.GPIO_ResetBits)
    i.GPIO_SetBits                           0x080008a6   Section        0  stm32f4xx_gpio.o(i.GPIO_SetBits)
    i.HardFault_Handler                      0x080008aa   Section        0  stm32f4xx_it.o(i.HardFault_Handler)
    i.IINCHIP_READ                           0x080008ac   Section        0  w5500_conf.o(i.IINCHIP_READ)
    i.IINCHIP_SpiSendData                    0x080008dc   Section        0  w5500_conf.o(i.IINCHIP_SpiSendData)
    i.IINCHIP_WRITE                          0x080008e0   Section        0  w5500_conf.o(i.IINCHIP_WRITE)
    i.LED_GPIO_Config                        0x08000914   Section        0  bsp_led.o(i.LED_GPIO_Config)
    i.MemManage_Handler                      0x0800096c   Section        0  stm32f4xx_it.o(i.MemManage_Handler)
    i.NMI_Handler                            0x0800096e   Section        0  stm32f4xx_it.o(i.NMI_Handler)
    i.NVIC_Init                              0x08000970   Section        0  misc.o(i.NVIC_Init)
    i.NVIC_PriorityGroupConfig               0x080009d8   Section        0  misc.o(i.NVIC_PriorityGroupConfig)
    i.PendSV_Handler                         0x080009ec   Section        0  stm32f4xx_it.o(i.PendSV_Handler)
    i.RCC_AHB1PeriphClockCmd                 0x080009f0   Section        0  stm32f4xx_rcc.o(i.RCC_AHB1PeriphClockCmd)
    i.RCC_APB1PeriphClockCmd                 0x08000a0c   Section        0  stm32f4xx_rcc.o(i.RCC_APB1PeriphClockCmd)
    i.RCC_APB2PeriphClockCmd                 0x08000a28   Section        0  stm32f4xx_rcc.o(i.RCC_APB2PeriphClockCmd)
    i.RCC_GetClocksFreq                      0x08000a44   Section        0  stm32f4xx_rcc.o(i.RCC_GetClocksFreq)
    i.SPI_Cmd                                0x08000ae4   Section        0  stm32f4xx_spi.o(i.SPI_Cmd)
    i.SPI_I2S_GetFlagStatus                  0x08000afc   Section        0  stm32f4xx_spi.o(i.SPI_I2S_GetFlagStatus)
    i.SPI_I2S_ReceiveData                    0x08000b0a   Section        0  stm32f4xx_spi.o(i.SPI_I2S_ReceiveData)
    i.SPI_I2S_SendData                       0x08000b0e   Section        0  stm32f4xx_spi.o(i.SPI_I2S_SendData)
    i.SPI_Init                               0x08000b12   Section        0  stm32f4xx_spi.o(i.SPI_Init)
    i.SPI_SendByte                           0x08000b4c   Section        0  w5500_conf.o(i.SPI_SendByte)
    i.SVC_Handler                            0x08000b80   Section        0  stm32f4xx_it.o(i.SVC_Handler)
    i.SetSysClock                            0x08000b84   Section        0  system_stm32f4xx.o(i.SetSysClock)
    SetSysClock                              0x08000b85   Thumb Code   168  system_stm32f4xx.o(i.SetSysClock)
    i.SysTick_Handler                        0x08000c3c   Section        0  stm32f4xx_it.o(i.SysTick_Handler)
    i.SystemInit                             0x08000c40   Section        0  system_stm32f4xx.o(i.SystemInit)
    i.TIM2_Configuration                     0x08000c9c   Section        0  bsp_timbase.o(i.TIM2_Configuration)
    i.TIM2_IRQHandler                        0x08000cec   Section        0  stm32f4xx_it.o(i.TIM2_IRQHandler)
    i.TIM2_NVIC_Configuration                0x08000d0e   Section        0  bsp_timbase.o(i.TIM2_NVIC_Configuration)
    i.TIM_ClearFlag                          0x08000d38   Section        0  stm32f4xx_tim.o(i.TIM_ClearFlag)
    i.TIM_ClearITPendingBit                  0x08000d3e   Section        0  stm32f4xx_tim.o(i.TIM_ClearITPendingBit)
    i.TIM_Cmd                                0x08000d44   Section        0  stm32f4xx_tim.o(i.TIM_Cmd)
    i.TIM_GetITStatus                        0x08000d5c   Section        0  stm32f4xx_tim.o(i.TIM_GetITStatus)
    i.TIM_ITConfig                           0x08000d74   Section        0  stm32f4xx_tim.o(i.TIM_ITConfig)
    i.TIM_TimeBaseInit                       0x08000d88   Section        0  stm32f4xx_tim.o(i.TIM_TimeBaseInit)
    i.USART_Cmd                              0x08000e04   Section        0  stm32f4xx_usart.o(i.USART_Cmd)
    i.USART_GetFlagStatus                    0x08000e1c   Section        0  stm32f4xx_usart.o(i.USART_GetFlagStatus)
    i.USART_Init                             0x08000e2c   Section        0  stm32f4xx_usart.o(i.USART_Init)
    i.USART_SendData                         0x08000ee8   Section        0  stm32f4xx_usart.o(i.USART_SendData)
    i.UsageFault_Handler                     0x08000ef0   Section        0  stm32f4xx_it.o(i.UsageFault_Handler)
    i.__0printf                              0x08000ef4   Section        0  printfa.o(i.__0printf)
    i.__0sprintf                             0x08000f14   Section        0  printfa.o(i.__0sprintf)
    i.__scatterload_copy                     0x08000f3c   Section       14  handlers.o(i.__scatterload_copy)
    i.__scatterload_null                     0x08000f4a   Section        2  handlers.o(i.__scatterload_null)
    i.__scatterload_zeroinit                 0x08000f4c   Section       14  handlers.o(i.__scatterload_zeroinit)
    i._fp_digits                             0x08000f5c   Section        0  printfa.o(i._fp_digits)
    _fp_digits                               0x08000f5d   Thumb Code   366  printfa.o(i._fp_digits)
    i._printf_core                           0x080010e0   Section        0  printfa.o(i._printf_core)
    _printf_core                             0x080010e1   Thumb Code  1744  printfa.o(i._printf_core)
    i._printf_post_padding                   0x080017bc   Section        0  printfa.o(i._printf_post_padding)
    _printf_post_padding                     0x080017bd   Thumb Code    36  printfa.o(i._printf_post_padding)
    i._printf_pre_padding                    0x080017e0   Section        0  printfa.o(i._printf_pre_padding)
    _printf_pre_padding                      0x080017e1   Thumb Code    46  printfa.o(i._printf_pre_padding)
    i._sputc                                 0x0800180e   Section        0  printfa.o(i._sputc)
    _sputc                                   0x0800180f   Thumb Code    10  printfa.o(i._sputc)
    i.check_DHCP_Timeout                     0x08001818   Section        0  dhcp.o(i.check_DHCP_Timeout)
    i.check_DHCP_state                       0x08001878   Section        0  dhcp.o(i.check_DHCP_state)
    i.check_leasedIP                         0x08001994   Section        0  dhcp.o(i.check_leasedIP)
    i.close                                  0x080019d4   Section        0  socket.o(i.close)
    i.delay_ms                               0x08001a04   Section        0  utility.o(i.delay_ms)
    i.delay_us                               0x08001a2c   Section        0  utility.o(i.delay_us)
    i.dhcp_timer_init                        0x08001a54   Section        0  w5500_conf.o(i.dhcp_timer_init)
    i.do_dhcp                                0x08001a58   Section        0  dhcp.o(i.do_dhcp)
    i.ee_ReadBytes                           0x08001b18   Section        0  bsp_i2c_ee.o(i.ee_ReadBytes)
    i.ee_WriteBytes                          0x08001b82   Section        0  bsp_i2c_ee.o(i.ee_WriteBytes)
    i.fputc                                  0x08001bf4   Section        0  bsp_debug_usart.o(i.fputc)
    i.getGAR                                 0x08001c18   Section        0  w5500.o(i.getGAR)
    i.getIINCHIP_TxMAX                       0x08001c24   Section        0  w5500.o(i.getIINCHIP_TxMAX)
    i.getSIPR                                0x08001c30   Section        0  w5500.o(i.getSIPR)
    i.getSUBR                                0x08001c3c   Section        0  w5500.o(i.getSUBR)
    i.getSn_RX_RSR                           0x08001c48   Section        0  w5500.o(i.getSn_RX_RSR)
    i.getSn_SR                               0x08001c92   Section        0  w5500.o(i.getSn_SR)
    i.gpio_for_w5500_config                  0x08001ca0   Section        0  w5500_conf.o(i.gpio_for_w5500_config)
    i.htonl                                  0x08001db4   Section        0  utility.o(i.htonl)
    i.htons                                  0x08001db8   Section        0  utility.o(i.htons)
    i.i2c_Ack                                0x08001dbc   Section        0  bsp_i2c_gpio.o(i.i2c_Ack)
    i.i2c_CfgGpio                            0x08001dfc   Section        0  bsp_i2c_gpio.o(i.i2c_CfgGpio)
    i.i2c_Delay                              0x08001e34   Section        0  bsp_i2c_gpio.o(i.i2c_Delay)
    i.i2c_NAck                               0x08001e40   Section        0  bsp_i2c_gpio.o(i.i2c_NAck)
    i.i2c_ReadByte                           0x08001e74   Section        0  bsp_i2c_gpio.o(i.i2c_ReadByte)
    i.i2c_SendByte                           0x08001ec4   Section        0  bsp_i2c_gpio.o(i.i2c_SendByte)
    i.i2c_Start                              0x08001f28   Section        0  bsp_i2c_gpio.o(i.i2c_Start)
    i.i2c_Stop                               0x08001f68   Section        0  bsp_i2c_gpio.o(i.i2c_Stop)
    i.i2c_WaitAck                            0x08001f94   Section        0  bsp_i2c_gpio.o(i.i2c_WaitAck)
    i.iinchip_csoff                          0x08001fdc   Section        0  w5500_conf.o(i.iinchip_csoff)
    i.iinchip_cson                           0x08001fe2   Section        0  w5500_conf.o(i.iinchip_cson)
    i.iinchip_init                           0x08001fe8   Section        0  w5500.o(i.iinchip_init)
    i.init_dhcp_client                       0x08001ff0   Section        0  dhcp.o(i.init_dhcp_client)
    i.main                                   0x08002064   Section        0  main.o(i.main)
    i.ntohl                                  0x08002144   Section        0  utility.o(i.ntohl)
    i.parseDHCPMSG                           0x08002148   Section        0  dhcp.o(i.parseDHCPMSG)
    i.read_config_from_eeprom                0x0800226c   Section        0  w5500_conf.o(i.read_config_from_eeprom)
    i.recvfrom                               0x08002288   Section        0  socket.o(i.recvfrom)
    i.reset_DHCP_time                        0x08002444   Section        0  dhcp.o(i.reset_DHCP_time)
    i.reset_w5500                            0x08002460   Section        0  w5500_conf.o(i.reset_w5500)
    i.send_DHCP_DISCOVER                     0x0800248c   Section        0  dhcp.o(i.send_DHCP_DISCOVER)
    i.send_DHCP_RELEASE_DECLINE              0x08002620   Section        0  dhcp.o(i.send_DHCP_RELEASE_DECLINE)
    i.send_DHCP_REQUEST                      0x08002758   Section        0  dhcp.o(i.send_DHCP_REQUEST)
    i.send_data_processing                   0x08002970   Section        0  w5500.o(i.send_data_processing)
    i.sendto                                 0x080029fc   Section        0  socket.o(i.sendto)
    i.setGAR                                 0x08002ae4   Section        0  w5500.o(i.setGAR)
    i.setMR                                  0x08002aee   Section        0  w5500.o(i.setMR)
    i.setSHAR                                0x08002af6   Section        0  w5500.o(i.setSHAR)
    i.setSIPR                                0x08002b02   Section        0  w5500.o(i.setSIPR)
    i.setSUBR                                0x08002b0e   Section        0  w5500.o(i.setSUBR)
    i.set_w5500_ip                           0x08002b1c   Section        0  w5500_conf.o(i.set_w5500_ip)
    i.set_w5500_mac                          0x08002d48   Section        0  w5500_conf.o(i.set_w5500_mac)
    i.socket                                 0x08002d74   Section        0  socket.o(i.socket)
    i.socket_buf_init                        0x08002e10   Section        0  w5500.o(i.socket_buf_init)
    i.swapl                                  0x08002e90   Section        0  utility.o(i.swapl)
    i.swaps                                  0x08002ea8   Section        0  utility.o(i.swaps)
    i.systick_init                           0x08002eb4   Section        0  utility.o(i.systick_init)
    i.timer2_init                            0x08002ee0   Section        0  w5500_conf.o(i.timer2_init)
    i.timer2_isr                             0x08002ef8   Section        0  w5500_conf.o(i.timer2_isr)
    i.wiz_cs                                 0x08002f1c   Section        0  w5500_conf.o(i.wiz_cs)
    i.wiz_read_buf                           0x08002f3c   Section        0  w5500_conf.o(i.wiz_read_buf)
    i.wiz_write_buf                          0x08002fa4   Section        0  w5500_conf.o(i.wiz_write_buf)
    i.write_config_to_eeprom                 0x0800300c   Section        0  w5500_conf.o(i.write_config_to_eeprom)
    .data                                    0x20000000   Section       16  stm32f4xx_rcc.o(.data)
    APBAHBPrescTable                         0x20000000   Data          16  stm32f4xx_rcc.o(.data)
    .data                                    0x20000010   Section        4  utility.o(.data)
    fac_us                                   0x20000010   Data           1  utility.o(.data)
    fac_ms                                   0x20000012   Data           2  utility.o(.data)
    .data                                    0x20000014   Section        8  w5500.o(.data)
    .data                                    0x2000001c   Section        8  w5500.o(.data)
    .data                                    0x20000024   Section       34  w5500_conf.o(.data)
    .data                                    0x20000046   Section        2  w5500_conf.o(.data)
    .data                                    0x20000048   Section       60  dhcp.o(.data)
    .data                                    0x20000084   Section        4  stdout.o(.data)
    .bss                                     0x20000088   Section       32  w5500.o(.bss)
    .bss                                     0x200000a8   Section       46  w5500_conf.o(.bss)
    .bss                                     0x200000d6   Section       22  dhcp.o(.bss)
    .bss                                     0x200000ec   Section     1024  dhcp.o(.bss)
    STACK                                    0x200004f0   Section     1024  startup_stm32f40xx.o(STACK)

    Global Symbols

    Symbol Name                              Value     Ov Type        Size  Object(Section)

    BuildAttributes$$THM_ISAv4$E$P$D$K$B$S$7EM$VFPi3$EXTD16$VFPS$VFMA$PE$A:L22UL41UL21$X:L11$S22US41US21$IEEE1$IW$USESV6$~STKCKD$USESV7$~SHL$OSPACE$ROPI$EBA8$MICROLIB$REQ8$PRES8$EABIv2 0x00000000   Number         0  anon$$obj.o ABSOLUTE
    __ARM_use_no_argv                        0x00000000   Number         0  main.o ABSOLUTE
    _printf_a                                0x00000000   Number         0  stubs.o ABSOLUTE
    _printf_c                                0x00000000   Number         0  stubs.o ABSOLUTE
    _printf_charcount                        0x00000000   Number         0  stubs.o ABSOLUTE
    _printf_d                                0x00000000   Number         0  stubs.o ABSOLUTE
    _printf_e                                0x00000000   Number         0  stubs.o ABSOLUTE
    _printf_f                                0x00000000   Number         0  stubs.o ABSOLUTE
    _printf_flags                            0x00000000   Number         0  stubs.o ABSOLUTE
    _printf_fp_dec                           0x00000000   Number         0  stubs.o ABSOLUTE
    _printf_fp_hex                           0x00000000   Number         0  stubs.o ABSOLUTE
    _printf_g                                0x00000000   Number         0  stubs.o ABSOLUTE
    _printf_i                                0x00000000   Number         0  stubs.o ABSOLUTE
    _printf_int_dec                          0x00000000   Number         0  stubs.o ABSOLUTE
    _printf_l                                0x00000000   Number         0  stubs.o ABSOLUTE
    _printf_lc                               0x00000000   Number         0  stubs.o ABSOLUTE
    _printf_ll                               0x00000000   Number         0  stubs.o ABSOLUTE
    _printf_lld                              0x00000000   Number         0  stubs.o ABSOLUTE
    _printf_lli                              0x00000000   Number         0  stubs.o ABSOLUTE
    _printf_llo                              0x00000000   Number         0  stubs.o ABSOLUTE
    _printf_llu                              0x00000000   Number         0  stubs.o ABSOLUTE
    _printf_llx                              0x00000000   Number         0  stubs.o ABSOLUTE
    _printf_longlong_dec                     0x00000000   Number         0  stubs.o ABSOLUTE
    _printf_longlong_hex                     0x00000000   Number         0  stubs.o ABSOLUTE
    _printf_longlong_oct                     0x00000000   Number         0  stubs.o ABSOLUTE
    _printf_ls                               0x00000000   Number         0  stubs.o ABSOLUTE
    _printf_mbtowc                           0x00000000   Number         0  stubs.o ABSOLUTE
    _printf_n                                0x00000000   Number         0  stubs.o ABSOLUTE
    _printf_o                                0x00000000   Number         0  stubs.o ABSOLUTE
    _printf_p                                0x00000000   Number         0  stubs.o ABSOLUTE
    _printf_percent                          0x00000000   Number         0  stubs.o ABSOLUTE
    _printf_pre_padding                      0x00000000   Number         0  stubs.o ABSOLUTE
    _printf_return_value                     0x00000000   Number         0  stubs.o ABSOLUTE
    _printf_s                                0x00000000   Number         0  stubs.o ABSOLUTE
    _printf_sizespec                         0x00000000   Number         0  stubs.o ABSOLUTE
    _printf_str                              0x00000000   Number         0  stubs.o ABSOLUTE
    _printf_truncate_signed                  0x00000000   Number         0  stubs.o ABSOLUTE
    _printf_truncate_unsigned                0x00000000   Number         0  stubs.o ABSOLUTE
    _printf_u                                0x00000000   Number         0  stubs.o ABSOLUTE
    _printf_wc                               0x00000000   Number         0  stubs.o ABSOLUTE
    _printf_wctomb                           0x00000000   Number         0  stubs.o ABSOLUTE
    _printf_widthprec                        0x00000000   Number         0  stubs.o ABSOLUTE
    _printf_x                                0x00000000   Number         0  stubs.o ABSOLUTE
    __cpp_initialize__aeabi_                  - Undefined Weak Reference
    __cxa_finalize                            - Undefined Weak Reference
    __decompress                              - Undefined Weak Reference
    _clock_init                               - Undefined Weak Reference
    _microlib_exit                            - Undefined Weak Reference
    __Vectors_Size                           0x00000188   Number         0  startup_stm32f40xx.o ABSOLUTE
    __Vectors                                0x08000000   Data           4  startup_stm32f40xx.o(RESET)
    __Vectors_End                            0x08000188   Data           0  startup_stm32f40xx.o(RESET)
    __main                                   0x08000189   Thumb Code     0  entry.o(.ARM.Collect$$$$00000000)
    _main_stk                                0x08000189   Thumb Code     0  entry2.o(.ARM.Collect$$$$00000001)
    _main_scatterload                        0x0800018d   Thumb Code     0  entry5.o(.ARM.Collect$$$$00000004)
    __main_after_scatterload                 0x08000191   Thumb Code     0  entry5.o(.ARM.Collect$$$$00000004)
    _main_clock                              0x08000191   Thumb Code     0  entry7b.o(.ARM.Collect$$$$00000008)
    _main_cpp_init                           0x08000191   Thumb Code     0  entry8b.o(.ARM.Collect$$$$0000000A)
    _main_init                               0x08000191   Thumb Code     0  entry9a.o(.ARM.Collect$$$$0000000B)
    __rt_final_cpp                           0x08000199   Thumb Code     0  entry10a.o(.ARM.Collect$$$$0000000D)
    __rt_final_exit                          0x08000199   Thumb Code     0  entry11a.o(.ARM.Collect$$$$0000000F)
    Reset_Handler                            0x0800019d   Thumb Code     8  startup_stm32f40xx.o(.text)
    ADC_IRQHandler                           0x080001b7   Thumb Code     0  startup_stm32f40xx.o(.text)
    CAN1_RX0_IRQHandler                      0x080001b7   Thumb Code     0  startup_stm32f40xx.o(.text)
    CAN1_RX1_IRQHandler                      0x080001b7   Thumb Code     0  startup_stm32f40xx.o(.text)
    CAN1_SCE_IRQHandler                      0x080001b7   Thumb Code     0  startup_stm32f40xx.o(.text)
    CAN1_TX_IRQHandler                       0x080001b7   Thumb Code     0  startup_stm32f40xx.o(.text)
    CAN2_RX0_IRQHandler                      0x080001b7   Thumb Code     0  startup_stm32f40xx.o(.text)
    CAN2_RX1_IRQHandler                      0x080001b7   Thumb Code     0  startup_stm32f40xx.o(.text)
    CAN2_SCE_IRQHandler                      0x080001b7   Thumb Code     0  startup_stm32f40xx.o(.text)
    CAN2_TX_IRQHandler                       0x080001b7   Thumb Code     0  startup_stm32f40xx.o(.text)
    CRYP_IRQHandler                          0x080001b7   Thumb Code     0  startup_stm32f40xx.o(.text)
    DCMI_IRQHandler                          0x080001b7   Thumb Code     0  startup_stm32f40xx.o(.text)
    DMA1_Stream0_IRQHandler                  0x080001b7   Thumb Code     0  startup_stm32f40xx.o(.text)
    DMA1_Stream1_IRQHandler                  0x080001b7   Thumb Code     0  startup_stm32f40xx.o(.text)
    DMA1_Stream2_IRQHandler                  0x080001b7   Thumb Code     0  startup_stm32f40xx.o(.text)
    DMA1_Stream3_IRQHandler                  0x080001b7   Thumb Code     0  startup_stm32f40xx.o(.text)
    DMA1_Stream4_IRQHandler                  0x080001b7   Thumb Code     0  startup_stm32f40xx.o(.text)
    DMA1_Stream5_IRQHandler                  0x080001b7   Thumb Code     0  startup_stm32f40xx.o(.text)
    DMA1_Stream6_IRQHandler                  0x080001b7   Thumb Code     0  startup_stm32f40xx.o(.text)
    DMA1_Stream7_IRQHandler                  0x080001b7   Thumb Code     0  startup_stm32f40xx.o(.text)
    DMA2_Stream0_IRQHandler                  0x080001b7   Thumb Code     0  startup_stm32f40xx.o(.text)
    DMA2_Stream1_IRQHandler                  0x080001b7   Thumb Code     0  startup_stm32f40xx.o(.text)
    DMA2_Stream2_IRQHandler                  0x080001b7   Thumb Code     0  startup_stm32f40xx.o(.text)
    DMA2_Stream3_IRQHandler                  0x080001b7   Thumb Code     0  startup_stm32f40xx.o(.text)
    DMA2_Stream4_IRQHandler                  0x080001b7   Thumb Code     0  startup_stm32f40xx.o(.text)
    DMA2_Stream5_IRQHandler                  0x080001b7   Thumb Code     0  startup_stm32f40xx.o(.text)
    DMA2_Stream6_IRQHandler                  0x080001b7   Thumb Code     0  startup_stm32f40xx.o(.text)
    DMA2_Stream7_IRQHandler                  0x080001b7   Thumb Code     0  startup_stm32f40xx.o(.text)
    ETH_IRQHandler                           0x080001b7   Thumb Code     0  startup_stm32f40xx.o(.text)
    ETH_WKUP_IRQHandler                      0x080001b7   Thumb Code     0  startup_stm32f40xx.o(.text)
    EXTI0_IRQHandler                         0x080001b7   Thumb Code     0  startup_stm32f40xx.o(.text)
    EXTI15_10_IRQHandler                     0x080001b7   Thumb Code     0  startup_stm32f40xx.o(.text)
    EXTI1_IRQHandler                         0x080001b7   Thumb Code     0  startup_stm32f40xx.o(.text)
    EXTI2_IRQHandler                         0x080001b7   Thumb Code     0  startup_stm32f40xx.o(.text)
    EXTI3_IRQHandler                         0x080001b7   Thumb Code     0  startup_stm32f40xx.o(.text)
    EXTI4_IRQHandler                         0x080001b7   Thumb Code     0  startup_stm32f40xx.o(.text)
    EXTI9_5_IRQHandler                       0x080001b7   Thumb Code     0  startup_stm32f40xx.o(.text)
    FLASH_IRQHandler                         0x080001b7   Thumb Code     0  startup_stm32f40xx.o(.text)
    FPU_IRQHandler                           0x080001b7   Thumb Code     0  startup_stm32f40xx.o(.text)
    FSMC_IRQHandler                          0x080001b7   Thumb Code     0  startup_stm32f40xx.o(.text)
    HASH_RNG_IRQHandler                      0x080001b7   Thumb Code     0  startup_stm32f40xx.o(.text)
    I2C1_ER_IRQHandler                       0x080001b7   Thumb Code     0  startup_stm32f40xx.o(.text)
    I2C1_EV_IRQHandler                       0x080001b7   Thumb Code     0  startup_stm32f40xx.o(.text)
    I2C2_ER_IRQHandler                       0x080001b7   Thumb Code     0  startup_stm32f40xx.o(.text)
    I2C2_EV_IRQHandler                       0x080001b7   Thumb Code     0  startup_stm32f40xx.o(.text)
    I2C3_ER_IRQHandler                       0x080001b7   Thumb Code     0  startup_stm32f40xx.o(.text)
    I2C3_EV_IRQHandler                       0x080001b7   Thumb Code     0  startup_stm32f40xx.o(.text)
    OTG_FS_IRQHandler                        0x080001b7   Thumb Code     0  startup_stm32f40xx.o(.text)
    OTG_FS_WKUP_IRQHandler                   0x080001b7   Thumb Code     0  startup_stm32f40xx.o(.text)
    OTG_HS_EP1_IN_IRQHandler                 0x080001b7   Thumb Code     0  startup_stm32f40xx.o(.text)
    OTG_HS_EP1_OUT_IRQHandler                0x080001b7   Thumb Code     0  startup_stm32f40xx.o(.text)
    OTG_HS_IRQHandler                        0x080001b7   Thumb Code     0  startup_stm32f40xx.o(.text)
    OTG_HS_WKUP_IRQHandler                   0x080001b7   Thumb Code     0  startup_stm32f40xx.o(.text)
    PVD_IRQHandler                           0x080001b7   Thumb Code     0  startup_stm32f40xx.o(.text)
    RCC_IRQHandler                           0x080001b7   Thumb Code     0  startup_stm32f40xx.o(.text)
    RTC_Alarm_IRQHandler                     0x080001b7   Thumb Code     0  startup_stm32f40xx.o(.text)
    RTC_WKUP_IRQHandler                      0x080001b7   Thumb Code     0  startup_stm32f40xx.o(.text)
    SDIO_IRQHandler                          0x080001b7   Thumb Code     0  startup_stm32f40xx.o(.text)
    SPI1_IRQHandler                          0x080001b7   Thumb Code     0  startup_stm32f40xx.o(.text)
    SPI2_IRQHandler                          0x080001b7   Thumb Code     0  startup_stm32f40xx.o(.text)
    SPI3_IRQHandler                          0x080001b7   Thumb Code     0  startup_stm32f40xx.o(.text)
    TAMP_STAMP_IRQHandler                    0x080001b7   Thumb Code     0  startup_stm32f40xx.o(.text)
    TIM1_BRK_TIM9_IRQHandler                 0x080001b7   Thumb Code     0  startup_stm32f40xx.o(.text)
    TIM1_CC_IRQHandler                       0x080001b7   Thumb Code     0  startup_stm32f40xx.o(.text)
    TIM1_TRG_COM_TIM11_IRQHandler            0x080001b7   Thumb Code     0  startup_stm32f40xx.o(.text)
    TIM1_UP_TIM10_IRQHandler                 0x080001b7   Thumb Code     0  startup_stm32f40xx.o(.text)
    TIM3_IRQHandler                          0x080001b7   Thumb Code     0  startup_stm32f40xx.o(.text)
    TIM4_IRQHandler                          0x080001b7   Thumb Code     0  startup_stm32f40xx.o(.text)
    TIM5_IRQHandler                          0x080001b7   Thumb Code     0  startup_stm32f40xx.o(.text)
    TIM6_DAC_IRQHandler                      0x080001b7   Thumb Code     0  startup_stm32f40xx.o(.text)
    TIM7_IRQHandler                          0x080001b7   Thumb Code     0  startup_stm32f40xx.o(.text)
    TIM8_BRK_TIM12_IRQHandler                0x080001b7   Thumb Code     0  startup_stm32f40xx.o(.text)
    TIM8_CC_IRQHandler                       0x080001b7   Thumb Code     0  startup_stm32f40xx.o(.text)
    TIM8_TRG_COM_TIM14_IRQHandler            0x080001b7   Thumb Code     0  startup_stm32f40xx.o(.text)
    TIM8_UP_TIM13_IRQHandler                 0x080001b7   Thumb Code     0  startup_stm32f40xx.o(.text)
    UART4_IRQHandler                         0x080001b7   Thumb Code     0  startup_stm32f40xx.o(.text)
    UART5_IRQHandler                         0x080001b7   Thumb Code     0  startup_stm32f40xx.o(.text)
    USART1_IRQHandler                        0x080001b7   Thumb Code     0  startup_stm32f40xx.o(.text)
    USART2_IRQHandler                        0x080001b7   Thumb Code     0  startup_stm32f40xx.o(.text)
    USART3_IRQHandler                        0x080001b7   Thumb Code     0  startup_stm32f40xx.o(.text)
    USART6_IRQHandler                        0x080001b7   Thumb Code     0  startup_stm32f40xx.o(.text)
    WWDG_IRQHandler                          0x080001b7   Thumb Code     0  startup_stm32f40xx.o(.text)
    __aeabi_memset                           0x080001c1   Thumb Code    14  memseta.o(.text)
    __aeabi_memset4                          0x080001c1   Thumb Code     0  memseta.o(.text)
    __aeabi_memset8                          0x080001c1   Thumb Code     0  memseta.o(.text)
    __aeabi_memclr                           0x080001cf   Thumb Code     4  memseta.o(.text)
    __aeabi_memclr4                          0x080001cf   Thumb Code     0  memseta.o(.text)
    __aeabi_memclr8                          0x080001cf   Thumb Code     0  memseta.o(.text)
    _memset$wrapper                          0x080001d3   Thumb Code    18  memseta.o(.text)
    strlen                                   0x080001e5   Thumb Code    14  strlen.o(.text)
    memcmp                                   0x080001f3   Thumb Code    26  memcmp.o(.text)
    strcpy                                   0x0800020d   Thumb Code    18  strcpy.o(.text)
    __aeabi_uidiv                            0x0800021f   Thumb Code     0  uidiv.o(.text)
    __aeabi_uidivmod                         0x0800021f   Thumb Code    44  uidiv.o(.text)
    __aeabi_uldivmod                         0x0800024b   Thumb Code    98  uldiv.o(.text)
    __I$use$fp                               0x080002ad   Thumb Code     0  iusefp.o(.text)
    __aeabi_dadd                             0x080002ad   Thumb Code   322  dadd.o(.text)
    __aeabi_dsub                             0x080003ef   Thumb Code     6  dadd.o(.text)
    __aeabi_drsub                            0x080003f5   Thumb Code     6  dadd.o(.text)
    __aeabi_dmul                             0x080003fb   Thumb Code   228  dmul.o(.text)
    __aeabi_ddiv                             0x080004df   Thumb Code   222  ddiv.o(.text)
    __aeabi_d2ulz                            0x080005bd   Thumb Code    48  dfixul.o(.text)
    __aeabi_cdrcmple                         0x080005ed   Thumb Code    48  cdrcmple.o(.text)
    __scatterload                            0x0800061d   Thumb Code    28  init.o(.text)
    __scatterload_rt2                        0x0800061d   Thumb Code     0  init.o(.text)
    __aeabi_llsl                             0x08000641   Thumb Code    30  llshl.o(.text)
    _ll_shift_l                              0x08000641   Thumb Code     0  llshl.o(.text)
    __aeabi_llsr                             0x0800065f   Thumb Code    32  llushr.o(.text)
    _ll_ushift_r                             0x0800065f   Thumb Code     0  llushr.o(.text)
    __aeabi_lasr                             0x0800067f   Thumb Code    36  llsshr.o(.text)
    _ll_sshift_r                             0x0800067f   Thumb Code     0  llsshr.o(.text)
    _double_round                            0x080006a3   Thumb Code    30  depilogue.o(.text)
    _double_epilogue                         0x080006c1   Thumb Code   156  depilogue.o(.text)
    BusFault_Handler                         0x0800075d   Thumb Code     2  stm32f4xx_it.o(i.BusFault_Handler)
    DebugMon_Handler                         0x0800075f   Thumb Code     2  stm32f4xx_it.o(i.DebugMon_Handler)
    Debug_USART_Config                       0x08000761   Thumb Code   142  bsp_debug_usart.o(i.Debug_USART_Config)
    GPIO_Init                                0x080007f9   Thumb Code   124  stm32f4xx_gpio.o(i.GPIO_Init)
    GPIO_PinAFConfig                         0x08000875   Thumb Code    32  stm32f4xx_gpio.o(i.GPIO_PinAFConfig)
    GPIO_ReadInputDataBit                    0x08000895   Thumb Code    14  stm32f4xx_gpio.o(i.GPIO_ReadInputDataBit)
    GPIO_ResetBits                           0x080008a3   Thumb Code     4  stm32f4xx_gpio.o(i.GPIO_ResetBits)
    GPIO_SetBits                             0x080008a7   Thumb Code     4  stm32f4xx_gpio.o(i.GPIO_SetBits)
    HardFault_Handler                        0x080008ab   Thumb Code     2  stm32f4xx_it.o(i.HardFault_Handler)
    IINCHIP_READ                             0x080008ad   Thumb Code    48  w5500_conf.o(i.IINCHIP_READ)
    IINCHIP_SpiSendData                      0x080008dd   Thumb Code     4  w5500_conf.o(i.IINCHIP_SpiSendData)
    IINCHIP_WRITE                            0x080008e1   Thumb Code    52  w5500_conf.o(i.IINCHIP_WRITE)
    LED_GPIO_Config                          0x08000915   Thumb Code    84  bsp_led.o(i.LED_GPIO_Config)
    MemManage_Handler                        0x0800096d   Thumb Code     2  stm32f4xx_it.o(i.MemManage_Handler)
    NMI_Handler                              0x0800096f   Thumb Code     2  stm32f4xx_it.o(i.NMI_Handler)
    NVIC_Init                                0x08000971   Thumb Code    98  misc.o(i.NVIC_Init)
    NVIC_PriorityGroupConfig                 0x080009d9   Thumb Code    10  misc.o(i.NVIC_PriorityGroupConfig)
    PendSV_Handler                           0x080009ed   Thumb Code     2  stm32f4xx_it.o(i.PendSV_Handler)
    RCC_AHB1PeriphClockCmd                   0x080009f1   Thumb Code    22  stm32f4xx_rcc.o(i.RCC_AHB1PeriphClockCmd)
    RCC_APB1PeriphClockCmd                   0x08000a0d   Thumb Code    22  stm32f4xx_rcc.o(i.RCC_APB1PeriphClockCmd)
    RCC_APB2PeriphClockCmd                   0x08000a29   Thumb Code    22  stm32f4xx_rcc.o(i.RCC_APB2PeriphClockCmd)
    RCC_GetClocksFreq                        0x08000a45   Thumb Code   148  stm32f4xx_rcc.o(i.RCC_GetClocksFreq)
    SPI_Cmd                                  0x08000ae5   Thumb Code    24  stm32f4xx_spi.o(i.SPI_Cmd)
    SPI_I2S_GetFlagStatus                    0x08000afd   Thumb Code    14  stm32f4xx_spi.o(i.SPI_I2S_GetFlagStatus)
    SPI_I2S_ReceiveData                      0x08000b0b   Thumb Code     4  stm32f4xx_spi.o(i.SPI_I2S_ReceiveData)
    SPI_I2S_SendData                         0x08000b0f   Thumb Code     4  stm32f4xx_spi.o(i.SPI_I2S_SendData)
    SPI_Init                                 0x08000b13   Thumb Code    56  stm32f4xx_spi.o(i.SPI_Init)
    SPI_SendByte                             0x08000b4d   Thumb Code    48  w5500_conf.o(i.SPI_SendByte)
    SVC_Handler                              0x08000b81   Thumb Code     2  stm32f4xx_it.o(i.SVC_Handler)
    SysTick_Handler                          0x08000c3d   Thumb Code     2  stm32f4xx_it.o(i.SysTick_Handler)
    SystemInit                               0x08000c41   Thumb Code    74  system_stm32f4xx.o(i.SystemInit)
    TIM2_Configuration                       0x08000c9d   Thumb Code    80  bsp_timbase.o(i.TIM2_Configuration)
    TIM2_IRQHandler                          0x08000ced   Thumb Code    34  stm32f4xx_it.o(i.TIM2_IRQHandler)
    TIM2_NVIC_Configuration                  0x08000d0f   Thumb Code    42  bsp_timbase.o(i.TIM2_NVIC_Configuration)
    TIM_ClearFlag                            0x08000d39   Thumb Code     6  stm32f4xx_tim.o(i.TIM_ClearFlag)
    TIM_ClearITPendingBit                    0x08000d3f   Thumb Code     6  stm32f4xx_tim.o(i.TIM_ClearITPendingBit)
    TIM_Cmd                                  0x08000d45   Thumb Code    24  stm32f4xx_tim.o(i.TIM_Cmd)
    TIM_GetITStatus                          0x08000d5d   Thumb Code    24  stm32f4xx_tim.o(i.TIM_GetITStatus)
    TIM_ITConfig                             0x08000d75   Thumb Code    20  stm32f4xx_tim.o(i.TIM_ITConfig)
    TIM_TimeBaseInit                         0x08000d89   Thumb Code    96  stm32f4xx_tim.o(i.TIM_TimeBaseInit)
    USART_Cmd                                0x08000e05   Thumb Code    24  stm32f4xx_usart.o(i.USART_Cmd)
    USART_GetFlagStatus                      0x08000e1d   Thumb Code    14  stm32f4xx_usart.o(i.USART_GetFlagStatus)
    USART_Init                               0x08000e2d   Thumb Code   180  stm32f4xx_usart.o(i.USART_Init)
    USART_SendData                           0x08000ee9   Thumb Code     8  stm32f4xx_usart.o(i.USART_SendData)
    UsageFault_Handler                       0x08000ef1   Thumb Code     2  stm32f4xx_it.o(i.UsageFault_Handler)
    __0printf                                0x08000ef5   Thumb Code    22  printfa.o(i.__0printf)
    __1printf                                0x08000ef5   Thumb Code     0  printfa.o(i.__0printf)
    __2printf                                0x08000ef5   Thumb Code     0  printfa.o(i.__0printf)
    __c89printf                              0x08000ef5   Thumb Code     0  printfa.o(i.__0printf)
    printf                                   0x08000ef5   Thumb Code     0  printfa.o(i.__0printf)
    __0sprintf                               0x08000f15   Thumb Code    34  printfa.o(i.__0sprintf)
    __1sprintf                               0x08000f15   Thumb Code     0  printfa.o(i.__0sprintf)
    __2sprintf                               0x08000f15   Thumb Code     0  printfa.o(i.__0sprintf)
    __c89sprintf                             0x08000f15   Thumb Code     0  printfa.o(i.__0sprintf)
    sprintf                                  0x08000f15   Thumb Code     0  printfa.o(i.__0sprintf)
    __scatterload_copy                       0x08000f3d   Thumb Code    14  handlers.o(i.__scatterload_copy)
    __scatterload_null                       0x08000f4b   Thumb Code     2  handlers.o(i.__scatterload_null)
    __scatterload_zeroinit                   0x08000f4d   Thumb Code    14  handlers.o(i.__scatterload_zeroinit)
    check_DHCP_Timeout                       0x08001819   Thumb Code    86  dhcp.o(i.check_DHCP_Timeout)
    check_DHCP_state                         0x08001879   Thumb Code   274  dhcp.o(i.check_DHCP_state)
    check_leasedIP                           0x08001995   Thumb Code    38  dhcp.o(i.check_leasedIP)
    close                                    0x080019d5   Thumb Code    48  socket.o(i.close)
    delay_ms                                 0x08001a05   Thumb Code    36  utility.o(i.delay_ms)
    delay_us                                 0x08001a2d   Thumb Code    36  utility.o(i.delay_us)
    dhcp_timer_init                          0x08001a55   Thumb Code     4  w5500_conf.o(i.dhcp_timer_init)
    do_dhcp                                  0x08001a59   Thumb Code   106  dhcp.o(i.do_dhcp)
    ee_ReadBytes                             0x08001b19   Thumb Code   106  bsp_i2c_ee.o(i.ee_ReadBytes)
    ee_WriteBytes                            0x08001b83   Thumb Code   114  bsp_i2c_ee.o(i.ee_WriteBytes)
    fputc                                    0x08001bf5   Thumb Code    30  bsp_debug_usart.o(i.fputc)
    getGAR                                   0x08001c19   Thumb Code    10  w5500.o(i.getGAR)
    getIINCHIP_TxMAX                         0x08001c25   Thumb Code     8  w5500.o(i.getIINCHIP_TxMAX)
    getSIPR                                  0x08001c31   Thumb Code    12  w5500.o(i.getSIPR)
    getSUBR                                  0x08001c3d   Thumb Code    12  w5500.o(i.getSUBR)
    getSn_RX_RSR                             0x08001c49   Thumb Code    74  w5500.o(i.getSn_RX_RSR)
    getSn_SR                                 0x08001c93   Thumb Code    12  w5500.o(i.getSn_SR)
    gpio_for_w5500_config                    0x08001ca1   Thumb Code   268  w5500_conf.o(i.gpio_for_w5500_config)
    htonl                                    0x08001db5   Thumb Code     4  utility.o(i.htonl)
    htons                                    0x08001db9   Thumb Code     4  utility.o(i.htons)
    i2c_Ack                                  0x08001dbd   Thumb Code    58  bsp_i2c_gpio.o(i.i2c_Ack)
    i2c_CfgGpio                              0x08001dfd   Thumb Code    52  bsp_i2c_gpio.o(i.i2c_CfgGpio)
    i2c_Delay                                0x08001e35   Thumb Code    12  bsp_i2c_gpio.o(i.i2c_Delay)
    i2c_NAck                                 0x08001e41   Thumb Code    48  bsp_i2c_gpio.o(i.i2c_NAck)
    i2c_ReadByte                             0x08001e75   Thumb Code    74  bsp_i2c_gpio.o(i.i2c_ReadByte)
    i2c_SendByte                             0x08001ec5   Thumb Code    96  bsp_i2c_gpio.o(i.i2c_SendByte)
    i2c_Start                                0x08001f29   Thumb Code    58  bsp_i2c_gpio.o(i.i2c_Start)
    i2c_Stop                                 0x08001f69   Thumb Code    40  bsp_i2c_gpio.o(i.i2c_Stop)
    i2c_WaitAck                              0x08001f95   Thumb Code    66  bsp_i2c_gpio.o(i.i2c_WaitAck)
    iinchip_csoff                            0x08001fdd   Thumb Code     6  w5500_conf.o(i.iinchip_csoff)
    iinchip_cson                             0x08001fe3   Thumb Code     6  w5500_conf.o(i.iinchip_cson)
    iinchip_init                             0x08001fe9   Thumb Code     6  w5500.o(i.iinchip_init)
    init_dhcp_client                         0x08001ff1   Thumb Code    70  dhcp.o(i.init_dhcp_client)
    main                                     0x08002065   Thumb Code    80  main.o(i.main)
    ntohl                                    0x08002145   Thumb Code     4  utility.o(i.ntohl)
    parseDHCPMSG                             0x08002149   Thumb Code   288  dhcp.o(i.parseDHCPMSG)
    read_config_from_eeprom                  0x0800226d   Thumb Code    22  w5500_conf.o(i.read_config_from_eeprom)
    recvfrom                                 0x08002289   Thumb Code   418  socket.o(i.recvfrom)
    reset_DHCP_time                          0x08002445   Thumb Code    18  dhcp.o(i.reset_DHCP_time)
    reset_w5500                              0x08002461   Thumb Code    38  w5500_conf.o(i.reset_w5500)
    send_DHCP_DISCOVER                       0x0800248d   Thumb Code   366  dhcp.o(i.send_DHCP_DISCOVER)
    send_DHCP_RELEASE_DECLINE                0x08002621   Thumb Code   308  dhcp.o(i.send_DHCP_RELEASE_DECLINE)
    send_DHCP_REQUEST                        0x08002759   Thumb Code   504  dhcp.o(i.send_DHCP_REQUEST)
    send_data_processing                     0x08002971   Thumb Code   106  w5500.o(i.send_data_processing)
    sendto                                   0x080029fd   Thumb Code   232  socket.o(i.sendto)
    setGAR                                   0x08002ae5   Thumb Code    10  w5500.o(i.setGAR)
    setMR                                    0x08002aef   Thumb Code     8  w5500.o(i.setMR)
    setSHAR                                  0x08002af7   Thumb Code    12  w5500.o(i.setSHAR)
    setSIPR                                  0x08002b03   Thumb Code    12  w5500.o(i.setSIPR)
    setSUBR                                  0x08002b0f   Thumb Code    12  w5500.o(i.setSUBR)
    set_w5500_ip                             0x08002b1d   Thumb Code   290  w5500_conf.o(i.set_w5500_ip)
    set_w5500_mac                            0x08002d49   Thumb Code    30  w5500_conf.o(i.set_w5500_mac)
    socket                                   0x08002d75   Thumb Code   150  socket.o(i.socket)
    socket_buf_init                          0x08002e11   Thumb Code   124  w5500.o(i.socket_buf_init)
    swapl                                    0x08002e91   Thumb Code    24  utility.o(i.swapl)
    swaps                                    0x08002ea9   Thumb Code    10  utility.o(i.swaps)
    systick_init                             0x08002eb5   Thumb Code    38  utility.o(i.systick_init)
    timer2_init                              0x08002ee1   Thumb Code    22  w5500_conf.o(i.timer2_init)
    timer2_isr                               0x08002ef9   Thumb Code    32  w5500_conf.o(i.timer2_isr)
    wiz_cs                                   0x08002f1d   Thumb Code    28  w5500_conf.o(i.wiz_cs)
    wiz_read_buf                             0x08002f3d   Thumb Code    78  w5500_conf.o(i.wiz_read_buf)
    wiz_write_buf                            0x08002fa5   Thumb Code    80  w5500_conf.o(i.wiz_write_buf)
    write_config_to_eeprom                   0x0800300d   Thumb Code    22  w5500_conf.o(i.write_config_to_eeprom)
    Region$$Table$$Base                      0x08003028   Number         0  anon$$obj.o(Region$$Table)
    Region$$Table$$Limit                     0x08003048   Number         0  anon$$obj.o(Region$$Table)
    txsize                                   0x20000014   Data           8  w5500.o(.data)
    rxsize                                   0x2000001c   Data           8  w5500.o(.data)
    ip_from                                  0x20000024   Data           1  w5500_conf.o(.data)
    dhcp_ok                                  0x20000025   Data           1  w5500_conf.o(.data)
    ntptimer                                 0x20000026   Data           1  w5500_conf.o(.data)
    local_ip                                 0x20000027   Data           4  w5500_conf.o(.data)
    subnet                                   0x2000002b   Data           4  w5500_conf.o(.data)
    gateway                                  0x2000002f   Data           4  w5500_conf.o(.data)
    dns_server                               0x20000033   Data           4  w5500_conf.o(.data)
    ms                                       0x20000038   Data           4  w5500_conf.o(.data)
    dhcp_time                                0x2000003c   Data           4  w5500_conf.o(.data)
    mac                                      0x20000040   Data           6  w5500_conf.o(.data)
    local_port                               0x20000046   Data           2  w5500_conf.o(.data)
    dhcp_state                               0x20000048   Data           1  dhcp.o(.data)
    dhcp_retry_count                         0x20000049   Data           1  dhcp.o(.data)
    DHCP_timeout                             0x2000004a   Data           1  dhcp.o(.data)
    Conflict_flag                            0x2000004b   Data           1  dhcp.o(.data)
    DHCP_timer                               0x2000004c   Data           1  dhcp.o(.data)
    SRC_MAC_ADDR                             0x20000050   Data           4  dhcp.o(.data)
    GET_SN_MASK                              0x20000054   Data           4  dhcp.o(.data)
    GET_GW_IP                                0x20000058   Data           4  dhcp.o(.data)
    GET_DNS_IP                               0x2000005c   Data           4  dhcp.o(.data)
    GET_SIP                                  0x20000060   Data           4  dhcp.o(.data)
    DHCP_SIP                                 0x20000064   Data           4  dhcp.o(.data)
    DHCP_REAL_SIP                            0x20000068   Data           4  dhcp.o(.data)
    next_dhcp_time                           0x2000006c   Data           4  dhcp.o(.data)
    dhcp_tick_cnt                            0x20000070   Data           4  dhcp.o(.data)
    DHCP_XID                                 0x20000074   Data           4  dhcp.o(.data)
    pRIPMSG                                  0x20000078   Data           4  dhcp.o(.data)
    OLD_SIP                                  0x2000007c   Data           4  dhcp.o(.data)
    dhcp_lease_time                          0x20000080   Data           4  dhcp.o(.data)
    __stdout                                 0x20000084   Data           4  stdout.o(.data)
    SSIZE                                    0x20000088   Data          16  w5500.o(.bss)
    RSIZE                                    0x20000098   Data          16  w5500.o(.bss)
    ConfigMsg                                0x200000a8   Data          28  w5500_conf.o(.bss)
    EEPROM_MSG                               0x200000c4   Data          18  w5500_conf.o(.bss)
    DHCP_GET                                 0x200000d6   Data          22  dhcp.o(.bss)
    EXTERN_DHCPBUF                           0x200000ec   Data        1024  dhcp.o(.bss)
    __initial_sp                             0x200008f0   Data           0  startup_stm32f40xx.o(STACK)



==============================================================================

Memory Map of the image

  Image Entry point : 0x08000189

  Load Region LR_IROM1 (Base: 0x08000000, Size: 0x000030d0, Max: 0x00100000, ABSOLUTE)

    Execution Region ER_IROM1 (Exec base: 0x08000000, Load base: 0x08000000, Size: 0x00003048, Max: 0x00100000, ABSOLUTE)

    Exec Addr    Load Addr    Size         Type   Attr      Idx    E Section Name        Object

    0x08000000   0x08000000   0x00000188   Data   RO            3    RESET               startup_stm32f40xx.o
    0x08000188   0x08000188   0x00000000   Code   RO         5855  * .ARM.Collect$$$$00000000  mc_w.l(entry.o)
    0x08000188   0x08000188   0x00000004   Code   RO         6137    .ARM.Collect$$$$00000001  mc_w.l(entry2.o)
    0x0800018c   0x0800018c   0x00000004   Code   RO         6140    .ARM.Collect$$$$00000004  mc_w.l(entry5.o)
    0x08000190   0x08000190   0x00000000   Code   RO         6142    .ARM.Collect$$$$00000008  mc_w.l(entry7b.o)
    0x08000190   0x08000190   0x00000000   Code   RO         6144    .ARM.Collect$$$$0000000A  mc_w.l(entry8b.o)
    0x08000190   0x08000190   0x00000008   Code   RO         6145    .ARM.Collect$$$$0000000B  mc_w.l(entry9a.o)
    0x08000198   0x08000198   0x00000000   Code   RO         6147    .ARM.Collect$$$$0000000D  mc_w.l(entry10a.o)
    0x08000198   0x08000198   0x00000000   Code   RO         6149    .ARM.Collect$$$$0000000F  mc_w.l(entry11a.o)
    0x08000198   0x08000198   0x00000004   Code   RO         6138    .ARM.Collect$$$$00002712  mc_w.l(entry2.o)
    0x0800019c   0x0800019c   0x00000024   Code   RO            4    .text               startup_stm32f40xx.o
    0x080001c0   0x080001c0   0x00000024   Code   RO         5858    .text               mc_w.l(memseta.o)
    0x080001e4   0x080001e4   0x0000000e   Code   RO         5864    .text               mc_w.l(strlen.o)
    0x080001f2   0x080001f2   0x0000001a   Code   RO         5866    .text               mc_w.l(memcmp.o)
    0x0800020c   0x0800020c   0x00000012   Code   RO         5868    .text               mc_w.l(strcpy.o)
    0x0800021e   0x0800021e   0x0000002c   Code   RO         6152    .text               mc_w.l(uidiv.o)
    0x0800024a   0x0800024a   0x00000062   Code   RO         6154    .text               mc_w.l(uldiv.o)
    0x080002ac   0x080002ac   0x00000000   Code   RO         6156    .text               mc_w.l(iusefp.o)
    0x080002ac   0x080002ac   0x0000014e   Code   RO         6157    .text               mf_w.l(dadd.o)
    0x080003fa   0x080003fa   0x000000e4   Code   RO         6159    .text               mf_w.l(dmul.o)
    0x080004de   0x080004de   0x000000de   Code   RO         6161    .text               mf_w.l(ddiv.o)
    0x080005bc   0x080005bc   0x00000030   Code   RO         6163    .text               mf_w.l(dfixul.o)
    0x080005ec   0x080005ec   0x00000030   Code   RO         6165    .text               mf_w.l(cdrcmple.o)
    0x0800061c   0x0800061c   0x00000024   Code   RO         6167    .text               mc_w.l(init.o)
    0x08000640   0x08000640   0x0000001e   Code   RO         6169    .text               mc_w.l(llshl.o)
    0x0800065e   0x0800065e   0x00000020   Code   RO         6171    .text               mc_w.l(llushr.o)
    0x0800067e   0x0800067e   0x00000024   Code   RO         6173    .text               mc_w.l(llsshr.o)
    0x080006a2   0x080006a2   0x000000ba   Code   RO         6175    .text               mf_w.l(depilogue.o)
    0x0800075c   0x0800075c   0x00000002   Code   RO         4832    i.BusFault_Handler  stm32f4xx_it.o
    0x0800075e   0x0800075e   0x00000002   Code   RO         4833    i.DebugMon_Handler  stm32f4xx_it.o
    0x08000760   0x08000760   0x00000098   Code   RO         4920    i.Debug_USART_Config  bsp_debug_usart.o
    0x080007f8   0x080007f8   0x0000007c   Code   RO         1857    i.GPIO_Init         stm32f4xx_gpio.o
    0x08000874   0x08000874   0x00000020   Code   RO         1858    i.GPIO_PinAFConfig  stm32f4xx_gpio.o
    0x08000894   0x08000894   0x0000000e   Code   RO         1861    i.GPIO_ReadInputDataBit  stm32f4xx_gpio.o
    0x080008a2   0x080008a2   0x00000004   Code   RO         1864    i.GPIO_ResetBits    stm32f4xx_gpio.o
    0x080008a6   0x080008a6   0x00000004   Code   RO         1865    i.GPIO_SetBits      stm32f4xx_gpio.o
    0x080008aa   0x080008aa   0x00000002   Code   RO         4834    i.HardFault_Handler  stm32f4xx_it.o
    0x080008ac   0x080008ac   0x00000030   Code   RO         5599    i.IINCHIP_READ      w5500_conf.o
    0x080008dc   0x080008dc   0x00000004   Code   RO         5600    i.IINCHIP_SpiSendData  w5500_conf.o
    0x080008e0   0x080008e0   0x00000034   Code   RO         5601    i.IINCHIP_WRITE     w5500_conf.o
    0x08000914   0x08000914   0x00000058   Code   RO         4956    i.LED_GPIO_Config   bsp_led.o
    0x0800096c   0x0800096c   0x00000002   Code   RO         4835    i.MemManage_Handler  stm32f4xx_it.o
    0x0800096e   0x0800096e   0x00000002   Code   RO         4836    i.NMI_Handler       stm32f4xx_it.o
    0x08000970   0x08000970   0x00000068   Code   RO          155    i.NVIC_Init         misc.o
    0x080009d8   0x080009d8   0x00000014   Code   RO          156    i.NVIC_PriorityGroupConfig  misc.o
    0x080009ec   0x080009ec   0x00000002   Code   RO         4837    i.PendSV_Handler    stm32f4xx_it.o
    0x080009ee   0x080009ee   0x00000002   PAD
    0x080009f0   0x080009f0   0x0000001c   Code   RO         2561    i.RCC_AHB1PeriphClockCmd  stm32f4xx_rcc.o
    0x08000a0c   0x08000a0c   0x0000001c   Code   RO         2570    i.RCC_APB1PeriphClockCmd  stm32f4xx_rcc.o
    0x08000a28   0x08000a28   0x0000001c   Code   RO         2573    i.RCC_APB2PeriphClockCmd  stm32f4xx_rcc.o
    0x08000a44   0x08000a44   0x000000a0   Code   RO         2582    i.RCC_GetClocksFreq  stm32f4xx_rcc.o
    0x08000ae4   0x08000ae4   0x00000018   Code   RO         3719    i.SPI_Cmd           stm32f4xx_spi.o
    0x08000afc   0x08000afc   0x0000000e   Code   RO         3727    i.SPI_I2S_GetFlagStatus  stm32f4xx_spi.o
    0x08000b0a   0x08000b0a   0x00000004   Code   RO         3730    i.SPI_I2S_ReceiveData  stm32f4xx_spi.o
    0x08000b0e   0x08000b0e   0x00000004   Code   RO         3731    i.SPI_I2S_SendData  stm32f4xx_spi.o
    0x08000b12   0x08000b12   0x00000038   Code   RO         3732    i.SPI_Init          stm32f4xx_spi.o
    0x08000b4a   0x08000b4a   0x00000002   PAD
    0x08000b4c   0x08000b4c   0x00000034   Code   RO         5602    i.SPI_SendByte      w5500_conf.o
    0x08000b80   0x08000b80   0x00000002   Code   RO         4838    i.SVC_Handler       stm32f4xx_it.o
    0x08000b82   0x08000b82   0x00000002   PAD
    0x08000b84   0x08000b84   0x000000b8   Code   RO           13    i.SetSysClock       system_stm32f4xx.o
    0x08000c3c   0x08000c3c   0x00000002   Code   RO         4839    i.SysTick_Handler   stm32f4xx_it.o
    0x08000c3e   0x08000c3e   0x00000002   PAD
    0x08000c40   0x08000c40   0x0000005c   Code   RO           15    i.SystemInit        system_stm32f4xx.o
    0x08000c9c   0x08000c9c   0x00000050   Code   RO         5114    i.TIM2_Configuration  bsp_timbase.o
    0x08000cec   0x08000cec   0x00000022   Code   RO         4840    i.TIM2_IRQHandler   stm32f4xx_it.o
    0x08000d0e   0x08000d0e   0x0000002a   Code   RO         5115    i.TIM2_NVIC_Configuration  bsp_timbase.o
    0x08000d38   0x08000d38   0x00000006   Code   RO         3951    i.TIM_ClearFlag     stm32f4xx_tim.o
    0x08000d3e   0x08000d3e   0x00000006   Code   RO         3952    i.TIM_ClearITPendingBit  stm32f4xx_tim.o
    0x08000d44   0x08000d44   0x00000018   Code   RO         3957    i.TIM_Cmd           stm32f4xx_tim.o
    0x08000d5c   0x08000d5c   0x00000018   Code   RO         3978    i.TIM_GetITStatus   stm32f4xx_tim.o
    0x08000d74   0x08000d74   0x00000014   Code   RO         3982    i.TIM_ITConfig      stm32f4xx_tim.o
    0x08000d88   0x08000d88   0x0000007c   Code   RO         4029    i.TIM_TimeBaseInit  stm32f4xx_tim.o
    0x08000e04   0x08000e04   0x00000018   Code   RO         4511    i.USART_Cmd         stm32f4xx_usart.o
    0x08000e1c   0x08000e1c   0x0000000e   Code   RO         4514    i.USART_GetFlagStatus  stm32f4xx_usart.o
    0x08000e2a   0x08000e2a   0x00000002   PAD
    0x08000e2c   0x08000e2c   0x000000bc   Code   RO         4518    i.USART_Init        stm32f4xx_usart.o
    0x08000ee8   0x08000ee8   0x00000008   Code   RO         4528    i.USART_SendData    stm32f4xx_usart.o
    0x08000ef0   0x08000ef0   0x00000002   Code   RO         4841    i.UsageFault_Handler  stm32f4xx_it.o
    0x08000ef2   0x08000ef2   0x00000002   PAD
    0x08000ef4   0x08000ef4   0x00000020   Code   RO         6109    i.__0printf         mc_w.l(printfa.o)
    0x08000f14   0x08000f14   0x00000028   Code   RO         6111    i.__0sprintf        mc_w.l(printfa.o)
    0x08000f3c   0x08000f3c   0x0000000e   Code   RO         6179    i.__scatterload_copy  mc_w.l(handlers.o)
    0x08000f4a   0x08000f4a   0x00000002   Code   RO         6180    i.__scatterload_null  mc_w.l(handlers.o)
    0x08000f4c   0x08000f4c   0x0000000e   Code   RO         6181    i.__scatterload_zeroinit  mc_w.l(handlers.o)
    0x08000f5a   0x08000f5a   0x00000002   PAD
    0x08000f5c   0x08000f5c   0x00000184   Code   RO         6116    i._fp_digits        mc_w.l(printfa.o)
    0x080010e0   0x080010e0   0x000006dc   Code   RO         6117    i._printf_core      mc_w.l(printfa.o)
    0x080017bc   0x080017bc   0x00000024   Code   RO         6118    i._printf_post_padding  mc_w.l(printfa.o)
    0x080017e0   0x080017e0   0x0000002e   Code   RO         6119    i._printf_pre_padding  mc_w.l(printfa.o)
    0x0800180e   0x0800180e   0x0000000a   Code   RO         6121    i._sputc            mc_w.l(printfa.o)
    0x08001818   0x08001818   0x00000060   Code   RO         5760    i.check_DHCP_Timeout  dhcp.o
    0x08001878   0x08001878   0x0000011c   Code   RO         5761    i.check_DHCP_state  dhcp.o
    0x08001994   0x08001994   0x00000040   Code   RO         5762    i.check_leasedIP    dhcp.o
    0x080019d4   0x080019d4   0x00000030   Code   RO         5147    i.close             socket.o
    0x08001a04   0x08001a04   0x00000028   Code   RO         5235    i.delay_ms          utility.o
    0x08001a2c   0x08001a2c   0x00000028   Code   RO         5237    i.delay_us          utility.o
    0x08001a54   0x08001a54   0x00000004   Code   RO         5603    i.dhcp_timer_init   w5500_conf.o
    0x08001a58   0x08001a58   0x000000c0   Code   RO         5763    i.do_dhcp           dhcp.o
    0x08001b18   0x08001b18   0x0000006a   Code   RO         4983    i.ee_ReadBytes      bsp_i2c_ee.o
    0x08001b82   0x08001b82   0x00000072   Code   RO         4985    i.ee_WriteBytes     bsp_i2c_ee.o
    0x08001bf4   0x08001bf4   0x00000024   Code   RO         4922    i.fputc             bsp_debug_usart.o
    0x08001c18   0x08001c18   0x0000000a   Code   RO         5408    i.getGAR            w5500.o
    0x08001c22   0x08001c22   0x00000002   PAD
    0x08001c24   0x08001c24   0x0000000c   Code   RO         5410    i.getIINCHIP_TxMAX  w5500.o
    0x08001c30   0x08001c30   0x0000000c   Code   RO         5413    i.getSIPR           w5500.o
    0x08001c3c   0x08001c3c   0x0000000c   Code   RO         5414    i.getSUBR           w5500.o
    0x08001c48   0x08001c48   0x0000004a   Code   RO         5416    i.getSn_RX_RSR      w5500.o
    0x08001c92   0x08001c92   0x0000000c   Code   RO         5417    i.getSn_SR          w5500.o
    0x08001c9e   0x08001c9e   0x00000002   PAD
    0x08001ca0   0x08001ca0   0x00000114   Code   RO         5604    i.gpio_for_w5500_config  w5500_conf.o
    0x08001db4   0x08001db4   0x00000004   Code   RO         5238    i.htonl             utility.o
    0x08001db8   0x08001db8   0x00000004   Code   RO         5239    i.htons             utility.o
    0x08001dbc   0x08001dbc   0x00000040   Code   RO         5036    i.i2c_Ack           bsp_i2c_gpio.o
    0x08001dfc   0x08001dfc   0x00000038   Code   RO         5037    i.i2c_CfgGpio       bsp_i2c_gpio.o
    0x08001e34   0x08001e34   0x0000000c   Code   RO         5039    i.i2c_Delay         bsp_i2c_gpio.o
    0x08001e40   0x08001e40   0x00000034   Code   RO         5040    i.i2c_NAck          bsp_i2c_gpio.o
    0x08001e74   0x08001e74   0x00000050   Code   RO         5041    i.i2c_ReadByte      bsp_i2c_gpio.o
    0x08001ec4   0x08001ec4   0x00000064   Code   RO         5042    i.i2c_SendByte      bsp_i2c_gpio.o
    0x08001f28   0x08001f28   0x00000040   Code   RO         5043    i.i2c_Start         bsp_i2c_gpio.o
    0x08001f68   0x08001f68   0x0000002c   Code   RO         5044    i.i2c_Stop          bsp_i2c_gpio.o
    0x08001f94   0x08001f94   0x00000048   Code   RO         5045    i.i2c_WaitAck       bsp_i2c_gpio.o
    0x08001fdc   0x08001fdc   0x00000006   Code   RO         5605    i.iinchip_csoff     w5500_conf.o
    0x08001fe2   0x08001fe2   0x00000006   Code   RO         5606    i.iinchip_cson      w5500_conf.o
    0x08001fe8   0x08001fe8   0x00000006   Code   RO         5419    i.iinchip_init      w5500.o
    0x08001fee   0x08001fee   0x00000002   PAD
    0x08001ff0   0x08001ff0   0x00000074   Code   RO         5764    i.init_dhcp_client  dhcp.o
    0x08002064   0x08002064   0x000000e0   Code   RO         4765    i.main              main.o
    0x08002144   0x08002144   0x00000004   Code   RO         5245    i.ntohl             utility.o
    0x08002148   0x08002148   0x00000124   Code   RO         5765    i.parseDHCPMSG      dhcp.o
    0x0800226c   0x0800226c   0x0000001c   Code   RO         5608    i.read_config_from_eeprom  w5500_conf.o
    0x08002288   0x08002288   0x000001bc   Code   RO         5152    i.recvfrom          socket.o
    0x08002444   0x08002444   0x0000001c   Code   RO         5766    i.reset_DHCP_time   dhcp.o
    0x08002460   0x08002460   0x0000002c   Code   RO         5610    i.reset_w5500       w5500_conf.o
    0x0800248c   0x0800248c   0x00000194   Code   RO         5767    i.send_DHCP_DISCOVER  dhcp.o
    0x08002620   0x08002620   0x00000138   Code   RO         5768    i.send_DHCP_RELEASE_DECLINE  dhcp.o
    0x08002758   0x08002758   0x00000218   Code   RO         5769    i.send_DHCP_REQUEST  dhcp.o
    0x08002970   0x08002970   0x0000008c   Code   RO         5421    i.send_data_processing  w5500.o
    0x080029fc   0x080029fc   0x000000e8   Code   RO         5154    i.sendto            socket.o
    0x08002ae4   0x08002ae4   0x0000000a   Code   RO         5422    i.setGAR            w5500.o
    0x08002aee   0x08002aee   0x00000008   Code   RO         5423    i.setMR             w5500.o
    0x08002af6   0x08002af6   0x0000000c   Code   RO         5426    i.setSHAR           w5500.o
    0x08002b02   0x08002b02   0x0000000c   Code   RO         5427    i.setSIPR           w5500.o
    0x08002b0e   0x08002b0e   0x0000000c   Code   RO         5428    i.setSUBR           w5500.o
    0x08002b1a   0x08002b1a   0x00000002   PAD
    0x08002b1c   0x08002b1c   0x0000022c   Code   RO         5611    i.set_w5500_ip      w5500_conf.o
    0x08002d48   0x08002d48   0x0000002c   Code   RO         5612    i.set_w5500_mac     w5500_conf.o
    0x08002d74   0x08002d74   0x0000009c   Code   RO         5155    i.socket            socket.o
    0x08002e10   0x08002e10   0x00000080   Code   RO         5432    i.socket_buf_init   w5500.o
    0x08002e90   0x08002e90   0x00000018   Code   RO         5248    i.swapl             utility.o
    0x08002ea8   0x08002ea8   0x0000000a   Code   RO         5249    i.swaps             utility.o
    0x08002eb2   0x08002eb2   0x00000002   PAD
    0x08002eb4   0x08002eb4   0x0000002c   Code   RO         5250    i.systick_init      utility.o
    0x08002ee0   0x08002ee0   0x00000016   Code   RO         5613    i.timer2_init       w5500_conf.o
    0x08002ef6   0x08002ef6   0x00000002   PAD
    0x08002ef8   0x08002ef8   0x00000024   Code   RO         5614    i.timer2_isr        w5500_conf.o
    0x08002f1c   0x08002f1c   0x00000020   Code   RO         5615    i.wiz_cs            w5500_conf.o
    0x08002f3c   0x08002f3c   0x00000068   Code   RO         5616    i.wiz_read_buf      w5500_conf.o
    0x08002fa4   0x08002fa4   0x00000068   Code   RO         5617    i.wiz_write_buf     w5500_conf.o
    0x0800300c   0x0800300c   0x0000001c   Code   RO         5618    i.write_config_to_eeprom  w5500_conf.o
    0x08003028   0x08003028   0x00000020   Data   RO         6177    Region$$Table       anon$$obj.o


    Execution Region RW_IRAM1 (Exec base: 0x20000000, Load base: 0x08003048, Size: 0x000008f0, Max: 0x00020000, ABSOLUTE)

    Exec Addr    Load Addr    Size         Type   Attr      Idx    E Section Name        Object

    0x20000000   0x08003048   0x00000010   Data   RW         2614    .data               stm32f4xx_rcc.o
    0x20000010   0x08003058   0x00000004   Data   RW         5254    .data               utility.o
    0x20000014   0x0800305c   0x00000008   Data   RW         5434    .data               w5500.o
    0x2000001c   0x08003064   0x00000008   Data   RW         5435    .data               w5500.o
    0x20000024   0x0800306c   0x00000022   Data   RW         5620    .data               w5500_conf.o
    0x20000046   0x0800308e   0x00000002   Data   RW         5621    .data               w5500_conf.o
    0x20000048   0x08003090   0x0000003c   Data   RW         5773    .data               dhcp.o
    0x20000084   0x080030cc   0x00000004   Data   RW         6151    .data               mc_w.l(stdout.o)
    0x20000088        -       0x00000020   Zero   RW         5433    .bss                w5500.o
    0x200000a8        -       0x0000002e   Zero   RW         5619    .bss                w5500_conf.o
    0x200000d6        -       0x00000016   Zero   RW         5770    .bss                dhcp.o
    0x200000ec        -       0x00000400   Zero   RW         5771    .bss                dhcp.o
    0x200004ec   0x080030d0   0x00000004   PAD
    0x200004f0        -       0x00000400   Zero   RW            1    STACK               startup_stm32f40xx.o


==============================================================================

Image component sizes


      Code (inc. data)   RO Data    RW Data    ZI Data      Debug   Object Name

       188         16          0          0          0       1365   bsp_debug_usart.o
       220          0          0          0          0       2307   bsp_i2c_ee.o
       544         40          0          0          0       5258   bsp_i2c_gpio.o
        88          4          0          0          0        614   bsp_led.o
       122          0          0          0          0       1211   bsp_timbase.o
      2324        272          0         60       1046      12846   dhcp.o
       224        144          0          0          0       1795   main.o
       124         16          0          0          0       1883   misc.o
       880         32          0          0          0       4941   socket.o
        36          8        392          0       1024        980   startup_stm32f40xx.o
       178          0          0          0          0       4107   stm32f4xx_gpio.o
        52          0          0          0          0       4992   stm32f4xx_it.o
       244         30          0         16          0       5403   stm32f4xx_rcc.o
       102          0          0          0          0       4114   stm32f4xx_spi.o
       204         28          0          0          0       5034   stm32f4xx_tim.o
       234          8          0          0          0       3932   stm32f4xx_usart.o
       276         34          0          0          0     302085   system_stm32f4xx.o
       170         14          0          4          0       4897   utility.o
       460         42          0         16         32       9693   w5500.o
      1446        368          0         36         46      14599   w5500_conf.o

    ----------------------------------------------------------------------
      8140       1056        424        132       2152     392056   Object Totals
         0          0         32          0          0          0   (incl. Generated)
        24          0          0          0          4          0   (incl. Padding)

    ----------------------------------------------------------------------

      Code (inc. data)   RO Data    RW Data    ZI Data      Debug   Library Member Name

         0          0          0          0          0          0   entry.o
         0          0          0          0          0          0   entry10a.o
         0          0          0          0          0          0   entry11a.o
         8          4          0          0          0          0   entry2.o
         4          0          0          0          0          0   entry5.o
         0          0          0          0          0          0   entry7b.o
         0          0          0          0          0          0   entry8b.o
         8          4          0          0          0          0   entry9a.o
        30          0          0          0          0          0   handlers.o
        36          8          0          0          0         68   init.o
         0          0          0          0          0          0   iusefp.o
        30          0          0          0          0         68   llshl.o
        36          0          0          0          0         68   llsshr.o
        32          0          0          0          0         68   llushr.o
        26          0          0          0          0         80   memcmp.o
        36          0          0          0          0        108   memseta.o
      2308         96          0          0          0        604   printfa.o
         0          0          0          4          0          0   stdout.o
        18          0          0          0          0         68   strcpy.o
        14          0          0          0          0         68   strlen.o
        44          0          0          0          0         80   uidiv.o
        98          0          0          0          0         92   uldiv.o
        48          0          0          0          0         68   cdrcmple.o
       334          0          0          0          0        148   dadd.o
       222          0          0          0          0        100   ddiv.o
       186          0          0          0          0        176   depilogue.o
        48          0          0          0          0         68   dfixul.o
       228          0          0          0          0         96   dmul.o

    ----------------------------------------------------------------------
      3796        112          0          4          0       2028   Library Totals
         2          0          0          0          0          0   (incl. Padding)

    ----------------------------------------------------------------------

      Code (inc. data)   RO Data    RW Data    ZI Data      Debug   Library Name

      2728        112          0          4          0       1372   mc_w.l
      1066          0          0          0          0        656   mf_w.l

    ----------------------------------------------------------------------
      3796        112          0          4          0       2028   Library Totals

    ----------------------------------------------------------------------

==============================================================================


      Code (inc. data)   RO Data    RW Data    ZI Data      Debug   

     11936       1168        424        136       2152     382948   Grand Totals
     11936       1168        424        136       2152     382948   ELF Image Totals
     11936       1168        424        136          0          0   ROM Totals

==============================================================================

    Total RO  Size (Code + RO Data)                12360 (  12.07kB)
    Total RW  Size (RW Data + ZI Data)              2288 (   2.23kB)
    Total ROM Size (Code + RO Data + RW Data)      12496 (  12.20kB)

==============================================================================

